07-29 14:18:38.348 I/FILD    (  163): OBEX: File: HandleBodyEndOfBodyHeaders: write in /data/rfs/data/remotes/sim/sim0_enable
07-29 14:18:38.349 D/FILD    (  163): OBEX: Core: obex_CoreSendSimplePacket: 0xa0 0x3
07-29 14:18:38.349 I/ICEUTIL (  163): WakelockActuate: writing fildLock to /sys/power/wake_unlock
07-29 14:18:38.350 I/ICEUTIL (  163): WakelockActuate: writing fildLock to /sys/power/wake_lock
07-29 14:18:38.350 D/FILD    (  163): OBEX: Core: Received packet: 0x3 0x3e 0x3b 0x3b 0x1
07-29 14:18:38.351 I/FILD    (  163): OBEX: File: HandleFirstGetResponse: File /data/rfs/data/modem/transaction.log not found.
07-29 14:18:38.351 D/FILD    (  163): OBEX: Core: obex_CoreSendSimplePacket: 0xd0 0x3
07-29 14:18:38.351 I/ICEUTIL (  163): WakelockActuate: writing fildLock to /sys/power/wake_unlock
07-29 14:18:38.351 I/ICEUTIL (  163): WakelockActuate: writing fildLock to /sys/power/wake_lock
07-29 14:18:38.351 D/FILD    (  163): OBEX: Core: Received packet: 0x3 0x56 0x53 0x53 0x1
07-29 14:18:38.351 I/FILD    (  163): OBEX: File: HandleFirstGetResponse: File /data/rfs/data/persistent/personalisation.backup not found.
07-29 14:18:38.351 D/FILD    (  163): OBEX: Core: obex_CoreSendSimplePacket: 0xd0 0x3
07-29 14:18:38.351 I/ICEUTIL (  163): WakelockActuate: writing fildLock to /sys/power/wake_unlock
07-29 14:18:38.351 I/ICEUTIL (  163): WakelockActuate: writing fildLock to /sys/power/wake_lock
07-29 14:18:38.351 D/FILD    (  163): OBEX: Core: Received packet: 0x3 0x62 0x5f 0x5f 0x1
07-29 14:18:38.351 I/FILD    (  163): OBEX: File: HandleFirstGetResponse: File /data/rfs/data/persistent/NRAM2_ME_PERSONALISATION.bin not found.
07-29 14:18:38.351 D/FILD    (  163): OBEX: Core: obex_CoreSendSimplePacket: 0xd0 0x3
07-29 14:18:38.351 I/ICEUTIL (  163): WakelockActuate: writing fildLock to /sys/power/wake_unlock
07-29 14:18:38.352 I/PowerManagerService( 1921): setBrightness mButtonLight, screenBrightness=102
07-29 14:18:38.353 I/ICEUTIL (  163): WakelockActuate: writing fildLock to /sys/power/wake_lock
07-29 14:18:38.353 D/FILD    (  163): OBEX: Core: Received packet: 0x3 0x3e 0x3b 0x3b 0x1
07-29 14:18:38.353 I/FILD    (  163): OBEX: File: HandleFirstGetResponse: File /data/rfs/data/modem/transaction.log not found.
07-29 14:18:38.353 D/FILD    (  163): OBEX: Core: obex_CoreSendSimplePacket: 0xd0 0x3
07-29 14:18:38.354 I/ICEUTIL (  163): WakelockActuate: writing fildLock to /sys/power/wake_unlock
07-29 14:18:38.354 I/ICEUTIL (  163): WakelockActuate: writing fildLock to /sys/power/wake_lock
07-29 14:18:38.354 D/FILD    (  163): OBEX: Core: Received packet: 0x3 0x3e 0x3b 0x3b 0x1
07-29 14:18:38.354 I/FILD    (  163): OBEX: File: HandleFirstGetResponse: File /data/rfs/data/modem/transaction.log not found.
07-29 14:18:38.354 D/FILD    (  163): OBEX: Core: obex_CoreSendSimplePacket: 0xd0 0x3
07-29 14:18:38.354 I/ICEUTIL (  163): WakelockActuate: writing fildLock to /sys/power/wake_unlock
07-29 14:18:38.354 I/ICEUTIL (  163): WakelockActuate: writing fildLock to /sys/power/wake_lock
07-29 14:18:38.354 D/FILD    (  163): OBEX: Core: Received packet: 0x3 0x3e 0x3b 0x3b 0x1
07-29 14:18:38.354 I/FILD    (  163): OBEX: File: HandleFirstGetResponse: File /data/rfs/data/modem/transaction.log not found.
07-29 14:18:38.354 D/FILD    (  163): OBEX: Core: obex_CoreSendSimplePacket: 0xd0 0x3
07-29 14:18:38.354 I/ICEUTIL (  163): WakelockActuate: writing fildLock to /sys/power/wake_unlock
07-29 14:18:38.356 I/PowerManagerService( 1921): setBrightness mButtonLight, screenBrightness=102
07-29 14:18:38.361 I/PowerManagerService( 1921): setBrightness mButtonLight, screenBrightness=102
07-29 14:18:38.362 I/PowerManagerService( 1921): setBrightness mButtonLight, screenBrightness=102
07-29 14:18:38.362 I/PowerManagerService( 1921): setBrightness mButtonLight, screenBrightness=102
07-29 14:18:38.363 I/PowerManagerService( 1921): setBrightness mButtonLight, screenBrightness=102
07-29 14:18:38.364 I/PowerManagerService( 1921): setBrightness mButtonLight, screenBrightness=102
07-29 14:18:38.365 I/PowerManagerService( 1921): setBrightness mButtonLight, screenBrightness=102
07-29 14:18:38.366 D/PhoneStatusBar( 3515): disable: < expand* icons alerts ticker system_info back home recent clock search >
07-29 14:18:38.366 I/PowerManagerService( 1921): setBrightness mButtonLight, screenBrightness=102
07-29 14:18:38.366 I/PowerManagerService( 1921): setBrightness mButtonLight, screenBrightness=102
07-29 14:18:38.945 I/ICEUTIL (  163): WakelockActuate: writing fildLock to /sys/power/wake_lock
07-29 14:18:38.945 D/FILD    (  163): OBEX: Core: Received packet: 0x3 0x3e 0x3b 0x3b 0x1
07-29 14:18:38.945 I/FILD    (  163): OBEX: File: HandleFirstGetResponse: File /data/rfs/data/modem/transaction.log not found.
07-29 14:18:38.945 D/FILD    (  163): OBEX: Core: obex_CoreSendSimplePacket: 0xd0 0x3
07-29 14:18:38.945 I/ICEUTIL (  163): WakelockActuate: writing fildLock to /sys/power/wake_unlock
07-29 14:18:38.946 I/ICEUTIL (  163): WakelockActuate: writing fildLock to /sys/power/wake_lock
07-29 14:18:38.946 D/FILD    (  163): OBEX: Core: Received packet: 0x3 0x3e 0x3b 0x3b 0x1
07-29 14:18:38.946 I/FILD    (  163): OBEX: File: HandleFirstGetResponse: File /data/rfs/data/modem/transaction.log not found.
07-29 14:18:38.946 D/FILD    (  163): OBEX: Core: obex_CoreSendSimplePacket: 0xd0 0x3
07-29 14:18:38.946 I/ICEUTIL (  163): WakelockActuate: writing fildLock to /sys/power/wake_unlock
07-29 14:18:38.946 I/ICEUTIL (  163): WakelockActuate: writing fildLock to /sys/power/wake_lock
07-29 14:18:38.947 D/FILD    (  163): OBEX: Core: Received packet: 0x3 0x52 0x4f 0x4f 0x1
07-29 14:18:38.947 I/FILD    (  163): OBEX: File: HandleFirstGetResponse: File /data/rfs/data/modem/NRAM2_CB_PWS_MCC_LIST.bin not found.
07-29 14:18:38.947 D/FILD    (  163): OBEX: Core: obex_CoreSendSimplePacket: 0xd0 0x3
07-29 14:18:38.947 I/ICEUTIL (  163): WakelockActuate: writing fildLock to /sys/power/wake_unlock
07-29 14:18:38.947 I/ICEUTIL (  163): WakelockActuate: writing fildLock to /sys/power/wake_lock
07-29 14:18:38.947 D/FILD    (  163): OBEX: Core: Received packet: 0x3 0x3e 0x3b 0x3b 0x1
07-29 14:18:38.947 I/FILD    (  163): OBEX: File: HandleFirstGetResponse: File /data/rfs/data/modem/transaction.log not found.
07-29 14:18:38.947 D/FILD    (  163): OBEX: Core: obex_CoreSendSimplePacket: 0xd0 0x3
07-29 14:18:38.947 I/ICEUTIL (  163): WakelockActuate: writing fildLock to /sys/power/wake_unlock
07-29 14:18:38.947 I/ICEUTIL (  163): WakelockActuate: writing fildLock to /sys/power/wake_lock
07-29 14:18:38.947 D/FILD    (  163): OBEX: Core: Received packet: 0x3 0x70 0x6d 0x6d 0x1
07-29 14:18:38.947 I/FILD    (  163): OBEX: File: HandleFirstGetResponse: File /data/rfs/data/modem/NRAM2_CB_ETWS_PLMNS_WITHOUT_SECURITY.bin not found.
07-29 14:18:38.947 D/FILD    (  163): OBEX: Core: obex_CoreSendSimplePacket: 0xd0 0x3
07-29 14:18:38.947 I/ICEUTIL (  163): WakelockActuate: writing fildLock to /sys/power/wake_unlock
07-29 14:18:38.948 I/ICEUTIL (  163): WakelockActuate: writing fildLock to /sys/power/wake_lock
07-29 14:18:38.948 D/FILD    (  163): OBEX: Core: Received packet: 0x3 0x3e 0x3b 0x3b 0x1
07-29 14:18:38.948 I/FILD    (  163): OBEX: File: HandleFirstGetResponse: File /data/rfs/data/modem/transaction.log not found.
07-29 14:18:38.948 D/FILD    (  163): OBEX: Core: obex_CoreSendSimplePacket: 0xd0 0x3
07-29 14:18:38.948 I/ICEUTIL (  163): WakelockActuate: writing fildLock to /sys/power/wake_unlock
07-29 14:18:38.948 I/ICEUTIL (  163): WakelockActuate: writing fildLock to /sys/power/wake_lock
07-29 14:18:38.948 D/FILD    (  163): OBEX: Core: Received packet: 0x3 0x3e 0x3b 0x3b 0x1
07-29 14:18:38.948 I/FILD    (  163): OBEX: File: HandleFirstGetResponse: File /data/rfs/data/modem/transaction.log not found.
07-29 14:18:38.948 D/FILD    (  163): OBEX: Core: obex_CoreSendSimplePacket: 0xd0 0x3
07-29 14:18:38.948 I/ICEUTIL (  163): WakelockActuate: writing fildLock to /sys/power/wake_unlock
07-29 14:18:38.948 I/ICEUTIL (  163): WakelockActuate: writing fildLock to /sys/power/wake_lock
07-29 14:18:38.948 D/FILD    (  163): OBEX: Core: Received packet: 0x82 0x41 0x3e 0x3b 0x1
07-29 14:18:38.948 D/FILD    (  163): OBEX: Core: Received packet: 0x82 0x41 0x3e 0x3 0x49
07-29 14:18:38.948 D/FILD    (  163): OBEX: Core: obex_CoreSendSimplePacket: 0xa0 0x3
07-29 14:18:38.948 I/ICEUTIL (  163): WakelockActuate: writing fildLock to /sys/power/wake_unlock
07-29 14:18:38.948 I/ICEUTIL (  163): WakelockActuate: writing fildLock to /sys/power/wake_lock
07-29 14:18:38.948 D/FILD    (  163): OBEX: Core: Received packet: 0x2 0x3e 0x3b 0x3b 0x1
07-29 14:18:38.948 D/FILD    (  163): OBEX: Core: obex_CoreSendSimplePacket: 0x90 0x3
07-29 14:18:38.948 I/ICEUTIL (  163): WakelockActuate: writing fildLock to /sys/power/wake_unlock
07-29 14:18:38.948 I/ICEUTIL (  163): WakelockActuate: writing fildLock to /sys/power/wake_lock
07-29 14:18:38.948 D/FILD    (  163): OBEX: Core: Received packet: 0x82 0xe2 0xdf 0xdf 0x49
07-29 14:18:38.948 I/FILD    (  163): OBEX: File: HandleBodyEndOfBodyHeaders: write in /data/rfs/data/modem/transaction.log
07-29 14:18:38.948 D/FILD    (  163): OBEX: Core: obex_CoreSendSimplePacket: 0xa0 0x3
07-29 14:18:38.948 I/ICEUTIL (  163): WakelockActuate: writing fildLock to /sys/power/wake_unlock
07-29 14:18:38.949 I/ICEUTIL (  163): WakelockActuate: writing fildLock to /sys/power/wake_lock
07-29 14:18:38.949 D/FILD    (  163): OBEX: Core: Received packet: 0x2 0x4a 0x47 0x47 0x1
07-29 14:18:38.949 D/FILD    (  163): OBEX: Core: obex_CoreSendSimplePacket: 0x90 0x3
07-29 14:18:38.949 I/ICEUTIL (  163): WakelockActuate: writing fildLock to /sys/power/wake_unlock
07-29 14:18:38.949 I/ICEUTIL (  163): WakelockActuate: writing fildLock to /sys/power/wake_lock
07-29 14:18:38.949 D/FILD    (  163): OBEX: Core: Received packet: 0x82 0x60 0x5d 0x5d 0x49
07-29 14:18:38.949 I/FILD    (  163): OBEX: File: HandleBodyEndOfBodyHeaders: write in /data/rfs/data/modem/NRAM2_CB_SETTINGS.bin
07-29 14:18:38.949 D/FILD    (  163): OBEX: Core: obex_CoreSendSimplePacket: 0xa0 0x3
07-29 14:18:38.949 I/ICEUTIL (  163): WakelockActuate: writing fildLock to /sys/power/wake_unlock
07-29 14:18:38.949 I/ICEUTIL (  163): WakelockActuate: writing fildLock to /sys/power/wake_lock
07-29 14:18:38.949 D/FILD    (  163): OBEX: Core: Received packet: 0x82 0x3e 0x3b 0x3b 0x1
07-29 14:18:38.949 I/FILD    (  163): OBEX: File: HandlePutRequest: removing /data/rfs/data/modem/transaction.log
07-29 14:18:38.949 D/FILD    (  163): OBEX: Core: obex_CoreSendSimplePacket: 0xa0 0x3
07-29 14:18:38.949 I/ICEUTIL (  163): WakelockActuate: writing fildLock to /sys/power/wake_unlock
07-29 14:18:39.317 V/nvaudio_hw(  148): nvaudio_out_get_latency: latency 85
07-29 14:18:39.327 V/nvaudio_hw(  148): nvaudio_out_get_latency: latency 85
07-29 14:18:39.337 V/nvaudio_hw(  148): nvaudio_out_get_latency: latency 85
07-29 14:18:39.349 V/nvaudio_hw(  148): nvaudio_out_get_latency: latency 85
07-29 14:18:39.358 V/nvaudio_hw(  148): nvaudio_out_get_latency: latency 85
07-29 14:18:39.370 V/nvaudio_hw(  148): nvaudio_out_get_latency: latency 85
07-29 14:18:39.379 V/nvaudio_hw(  148): nvaudio_out_get_latency: latency 85
07-29 14:18:39.390 V/nvaudio_hw(  148): nvaudio_out_get_latency: latency 85
07-29 14:18:39.400 V/nvaudio_hw(  148): nvaudio_out_get_latency: latency 85
07-29 14:18:39.406 I/ICEUTIL (  163): WakelockActuate: writing fildLock to /sys/power/wake_lock
07-29 14:18:39.406 D/FILD    (  163): OBEX: Core: Received packet: 0x3 0x3e 0x3b 0x3b 0x1
07-29 14:18:39.407 I/FILD    (  163): OBEX: File: HandleFirstGetResponse: File /data/rfs/data/modem/transaction.log not found.
07-29 14:18:39.407 D/FILD    (  163): OBEX: Core: obex_CoreSendSimplePacket: 0xd0 0x3
07-29 14:18:39.407 I/ICEUTIL (  163): WakelockActuate: writing fildLock to /sys/power/wake_unlock
07-29 14:18:39.411 V/NvAudioPolicyManager(  148): stopOutput() output 2, stream 1, session 294
07-29 14:18:39.411 V/NvAudioPolicyManager(  148): getDeviceForStrategy() from cache strategy 0, device 2
07-29 14:18:39.411 V/AudioPolicyManagerBase(  148): changeRefCount() stream 1, count 0
07-29 14:18:39.411 V/AudioPolicyManagerBase(  148): getNewDevice() selected device 0
07-29 14:18:39.411 V/AudioPolicyManagerBase(  148): setOutputDevice() output 2 device 0000 delayMs 170
07-29 14:18:39.411 V/AudioPolicyManagerBase(  148): setOutputDevice() prevDevice 0002
07-29 14:18:39.411 V/NvAudioPolicyManager(  148): getDeviceForStrategy() strategy 0, device 2
07-29 14:18:39.411 V/NvAudioPolicyManager(  148): getDeviceForStrategy() strategy 1, device 1
07-29 14:18:39.411 V/NvAudioPolicyManager(  148): getDeviceForStrategy() strategy 2, device 2
07-29 14:18:39.411 V/NvAudioPolicyManager(  148): getDeviceForStrategy() strategy 2, device 2
07-29 14:18:39.411 V/NvAudioPolicyManager(  148): getDeviceForStrategy() strategy 3, device 2
07-29 14:18:39.411 V/NvAudioPolicyManager(  148): getDeviceForStrategy() strategy 0, device 2
07-29 14:18:39.411 V/NvAudioPolicyManager(  148): getDeviceForStrategy() strategy 4, device 2
07-29 14:18:39.411 V/NvAudioPolicyManager(  148): getDeviceForStrategy() strategy 5, device 2
07-29 14:18:39.411 V/NvAudioPolicyManager(  148): getDeviceForStrategy() strategy 6, device 1
07-29 14:18:39.411 V/AudioPolicyManagerBase(  148): setOutputDevice() setting same device 0000 or null device for output 2
07-29 14:18:39.411 V/NvAudioPolicyManager(  148): getDeviceForStrategy() from cache strategy 0, device 2
07-29 14:18:39.411 V/NvAudioPolicyManager(  148): getDeviceForStrategy() from cache strategy 0, device 2
07-29 14:18:39.411 V/nvaudio_hw(  148): nvaudio_dev_set_parameters : nv_param_media_routing=2
07-29 14:18:39.411 V/nvaudio_hw(  148): Media is routed to :2
07-29 14:18:39.411 V/nvaudio_hw(  148): ULP supported: dev 2
07-29 14:18:39.450 I/ICEUTIL (  163): WakelockActuate: writing fildLock to /sys/power/wake_lock
07-29 14:18:39.450 D/FILD    (  163): OBEX: Core: Received packet: 0x3 0x3e 0x3b 0x3b 0x1
07-29 14:18:39.450 I/FILD    (  163): OBEX: File: HandleFirstGetResponse: File /data/rfs/data/modem/transaction.log not found.
07-29 14:18:39.450 D/FILD    (  163): OBEX: Core: obex_CoreSendSimplePacket: 0xd0 0x3
07-29 14:18:39.450 I/ICEUTIL (  163): WakelockActuate: writing fildLock to /sys/power/wake_unlock
07-29 14:18:39.470 I/ICEUTIL (  163): WakelockActuate: writing fildLock to /sys/power/wake_lock
07-29 14:18:39.470 D/FILD    (  163): OBEX: Core: Received packet: 0x3 0x3e 0x3b 0x3b 0x1
07-29 14:18:39.470 I/FILD    (  163): OBEX: File: HandleFirstGetResponse: File /data/rfs/data/modem/transaction.log not found.
07-29 14:18:39.470 D/FILD    (  163): OBEX: Core: obex_CoreSendSimplePacket: 0xd0 0x3
07-29 14:18:39.470 I/ICEUTIL (  163): WakelockActuate: writing fildLock to /sys/power/wake_unlock
07-29 14:18:39.471 I/ICEUTIL (  163): WakelockActuate: writing fildLock to /sys/power/wake_lock
07-29 14:18:39.471 D/FILD    (  163): OBEX: Core: Received packet: 0x3 0x3e 0x3b 0x3b 0x1
07-29 14:18:39.471 I/FILD    (  163): OBEX: File: HandleFirstGetResponse: File /data/rfs/data/modem/transaction.log not found.
07-29 14:18:39.471 D/FILD    (  163): OBEX: Core: obex_CoreSendSimplePacket: 0xd0 0x3
07-29 14:18:39.471 I/ICEUTIL (  163): WakelockActuate: writing fildLock to /sys/power/wake_unlock
07-29 14:18:39.471 I/ICEUTIL (  163): WakelockActuate: writing fildLock to /sys/power/wake_lock
07-29 14:18:39.471 D/FILD    (  163): OBEX: Core: Received packet: 0x82 0x41 0x3e 0x3b 0x1
07-29 14:18:39.471 D/FILD    (  163): OBEX: Core: Received packet: 0x82 0x41 0x3e 0x3 0x49
07-29 14:18:39.472 D/FILD    (  163): OBEX: Core: obex_CoreSendSimplePacket: 0xa0 0x3
07-29 14:18:39.472 I/ICEUTIL (  163): WakelockActuate: writing fildLock to /sys/power/wake_unlock
07-29 14:18:39.472 I/ICEUTIL (  163): WakelockActuate: writing fildLock to /sys/power/wake_lock
07-29 14:18:39.472 D/FILD    (  163): OBEX: Core: Received packet: 0x2 0x3e 0x3b 0x3b 0x1
07-29 14:18:39.472 D/FILD    (  163): OBEX: Core: obex_CoreSendSimplePacket: 0x90 0x3
07-29 14:18:39.472 I/ICEUTIL (  163): WakelockActuate: writing fildLock to /sys/power/wake_unlock
07-29 14:18:39.472 I/ICEUTIL (  163): WakelockActuate: writing fildLock to /sys/power/wake_lock
07-29 14:18:39.472 D/FILD    (  163): OBEX: Core: Received packet: 0x82 0xc9 0xc6 0xc6 0x49
07-29 14:18:39.472 I/FILD    (  163): OBEX: File: HandleBodyEndOfBodyHeaders: write in /data/rfs/data/modem/transaction.log
07-29 14:18:39.472 D/FILD    (  163): OBEX: Core: obex_CoreSendSimplePacket: 0xa0 0x3
07-29 14:18:39.472 I/ICEUTIL (  163): WakelockActuate: writing fildLock to /sys/power/wake_unlock
07-29 14:18:39.472 I/ICEUTIL (  163): WakelockActuate: writing fildLock to /sys/power/wake_lock
07-29 14:18:39.472 D/FILD    (  163): OBEX: Core: Received packet: 0x2 0x50 0x4d 0x4d 0x1
07-29 14:18:39.472 D/FILD    (  163): OBEX: Core: obex_CoreSendSimplePacket: 0x90 0x3
07-29 14:18:39.472 I/ICEUTIL (  163): WakelockActuate: writing fildLock to /sys/power/wake_unlock
07-29 14:18:39.472 I/ICEUTIL (  163): WakelockActuate: writing fildLock to /sys/power/wake_lock
07-29 14:18:39.472 D/FILD    (  163): OBEX: Core: Received packet: 0x82 0x47 0x44 0x44 0x49
07-29 14:18:39.472 I/FILD    (  163): OBEX: File: HandleBodyEndOfBodyHeaders: write in /data/rfs/data/modem/NRAM2_KNOWN_SIM_DATA.bin
07-29 14:18:39.473 D/FILD    (  163): OBEX: Core: obex_CoreSendSimplePacket: 0xa0 0x3
07-29 14:18:39.473 I/ICEUTIL (  163): WakelockActuate: writing fildLock to /sys/power/wake_unlock
07-29 14:18:39.473 I/ICEUTIL (  163): WakelockActuate: writing fildLock to /sys/power/wake_lock
07-29 14:18:39.473 D/FILD    (  163): OBEX: Core: Received packet: 0x82 0x3e 0x3b 0x3b 0x1
07-29 14:18:39.473 I/FILD    (  163): OBEX: File: HandlePutRequest: removing /data/rfs/data/modem/transaction.log
07-29 14:18:39.473 D/FILD    (  163): OBEX: Core: obex_CoreSendSimplePacket: 0xa0 0x3
07-29 14:18:39.473 I/ICEUTIL (  163): WakelockActuate: writing fildLock to /sys/power/wake_unlock
07-29 14:18:39.473 I/ICEUTIL (  163): WakelockActuate: writing fildLock to /sys/power/wake_lock
07-29 14:18:39.473 D/FILD    (  163): OBEX: Core: Received packet: 0x3 0x3e 0x3b 0x3b 0x1
07-29 14:18:39.473 I/FILD    (  163): OBEX: File: HandleFirstGetResponse: File /data/rfs/data/modem/transaction.log not found.
07-29 14:18:39.473 D/FILD    (  163): OBEX: Core: obex_CoreSendSimplePacket: 0xd0 0x3
07-29 14:18:39.473 I/ICEUTIL (  163): WakelockActuate: writing fildLock to /sys/power/wake_unlock
07-29 14:18:39.473 I/ICEUTIL (  163): WakelockActuate: writing fildLock to /sys/power/wake_lock
07-29 14:18:39.473 D/FILD    (  163): OBEX: Core: Received packet: 0x3 0x52 0x4f 0x4f 0x1
07-29 14:18:39.473 I/FILD    (  163): OBEX: File: HandleFirstGetResponse: File /data/rfs/data/modem/NRAM2_SMS_ME_STORAGE1.bin not found.
07-29 14:18:39.473 D/FILD    (  163): OBEX: Core: obex_CoreSendSimplePacket: 0xd0 0x3
07-29 14:18:39.473 I/ICEUTIL (  163): WakelockActuate: writing fildLock to /sys/power/wake_unlock
07-29 14:18:39.474 I/ICEUTIL (  163): WakelockActuate: writing fildLock to /sys/power/wake_lock
07-29 14:18:39.474 D/FILD    (  163): OBEX: Core: Received packet: 0x3 0x3e 0x3b 0x3b 0x1
07-29 14:18:39.474 I/FILD    (  163): OBEX: File: HandleFirstGetResponse: File /data/rfs/data/modem/transaction.log not found.
07-29 14:18:39.474 D/FILD    (  163): OBEX: Core: obex_CoreSendSimplePacket: 0xd0 0x3
07-29 14:18:39.474 I/ICEUTIL (  163): WakelockActuate: writing fildLock to /sys/power/wake_unlock
07-29 14:18:39.474 I/ICEUTIL (  163): WakelockActuate: writing fildLock to /sys/power/wake_lock
07-29 14:18:39.474 D/FILD    (  163): OBEX: Core: Received packet: 0x3 0x3e 0x3b 0x3b 0x1
07-29 14:18:39.474 I/FILD    (  163): OBEX: File: HandleFirstGetResponse: File /data/rfs/data/modem/transaction.log not found.
07-29 14:18:39.474 D/FILD    (  163): OBEX: Core: obex_CoreSendSimplePacket: 0xd0 0x3
07-29 14:18:39.474 I/ICEUTIL (  163): WakelockActuate: writing fildLock to /sys/power/wake_unlock
07-29 14:18:39.474 I/ICEUTIL (  163): WakelockActuate: writing fildLock to /sys/power/wake_lock
07-29 14:18:39.474 D/FILD    (  163): OBEX: Core: Received packet: 0x3 0x3e 0x3b 0x3b 0x1
07-29 14:18:39.474 I/FILD    (  163): OBEX: File: HandleFirstGetResponse: File /data/rfs/data/modem/transaction.log not found.
07-29 14:18:39.474 D/FILD    (  163): OBEX: Core: obex_CoreSendSimplePacket: 0xd0 0x3
07-29 14:18:39.474 I/ICEUTIL (  163): WakelockActuate: writing fildLock to /sys/power/wake_unlock
07-29 14:18:39.559 I/ICEUTIL (  163): WakelockActuate: writing fildLock to /sys/power/wake_lock
07-29 14:18:39.559 D/FILD    (  163): OBEX: Core: Received packet: 0x3 0x3e 0x3b 0x3b 0x1
07-29 14:18:39.559 I/FILD    (  163): OBEX: File: HandleFirstGetResponse: File /data/rfs/data/modem/transaction.log not found.
07-29 14:18:39.559 D/FILD    (  163): OBEX: Core: obex_CoreSendSimplePacket: 0xd0 0x3
07-29 14:18:39.559 I/ICEUTIL (  163): WakelockActuate: writing fildLock to /sys/power/wake_unlock
07-29 14:18:39.563 I/PowerManagerService( 1921): setBrightness mButtonLight, screenBrightness=102
07-29 14:18:39.588 I/PowerManagerService( 1921): setBrightness mButtonLight, screenBrightness=102
07-29 14:18:39.589 I/PowerManagerService( 1921): setBrightness mButtonLight, screenBrightness=102
07-29 14:18:39.590 I/PowerManagerService( 1921): setBrightness mButtonLight, screenBrightness=102
07-29 14:18:39.590 I/PowerManagerService( 1921): setBrightness mButtonLight, screenBrightness=102
07-29 14:18:39.602 I/ICEUTIL (  163): WakelockActuate: writing fildLock to /sys/power/wake_lock
07-29 14:18:39.602 D/FILD    (  163): OBEX: Core: Received packet: 0x3 0x3e 0x3b 0x3b 0x1
07-29 14:18:39.602 I/FILD    (  163): OBEX: File: HandleFirstGetResponse: File /data/rfs/data/modem/transaction.log not found.
07-29 14:18:39.602 D/FILD    (  163): OBEX: Core: obex_CoreSendSimplePacket: 0xd0 0x3
07-29 14:18:39.602 I/ICEUTIL (  163): WakelockActuate: writing fildLock to /sys/power/wake_unlock
07-29 14:18:39.610 I/PowerManagerService( 1921): setBrightness mButtonLight, screenBrightness=102
07-29 14:18:39.611 I/PowerManagerService( 1921): setBrightness mButtonLight, screenBrightness=102
07-29 14:18:39.611 I/PowerManagerService( 1921): setBrightness mButtonLight, screenBrightness=102
07-29 14:18:39.612 I/PowerManagerService( 1921): setBrightness mButtonLight, screenBrightness=102
07-29 14:18:39.612 I/PowerManagerService( 1921): setBrightness mButtonLight, screenBrightness=102
07-29 14:18:39.613 I/PowerManagerService( 1921): setBrightness mButtonLight, screenBrightness=102
07-29 14:18:39.618 D/IccSmsInterfaceManager( 3704): [IccSmsInterfaceManager] Failed to add cell broadcast subscription for MID range 4352 to 4354 from client com.android.cellbroadcastreceiver
07-29 14:18:39.619 I/PowerManagerService( 1921): setBrightness mButtonLight, screenBrightness=102
07-29 14:18:39.619 I/PowerManagerService( 1921): setBrightness mButtonLight, screenBrightness=102
07-29 14:18:39.620 D/IccSmsInterfaceManager( 3704): [IccSmsInterfaceManager] enableGsmBroadcastRange
07-29 14:18:39.620 D/IccSmsInterfaceManager( 3704): [IccSmsInterfaceManager] Calling setGsmBroadcastConfig with 2 configurations
07-29 14:18:39.621 I/PowerManagerService( 1921): setBrightness mButtonLight, screenBrightness=102
07-29 14:18:39.622 I/PowerManagerService( 1921): setBrightness mButtonLight, screenBrightness=102
07-29 14:18:39.622 I/PowerManagerService( 1921): setBrightness mButtonLight, screenBrightness=102
07-29 14:18:39.623 I/PowerManagerService( 1921): setBrightness mButtonLight, screenBrightness=102
07-29 14:18:39.624 I/PowerManagerService( 1921): setBrightness mButtonLight, screenBrightness=102
07-29 14:18:39.624 I/PowerManagerService( 1921): setBrightness mButtonLight, screenBrightness=102
07-29 14:18:39.625 I/PowerManagerService( 1921): setBrightness mButtonLight, screenBrightness=102
07-29 14:18:39.626 I/PowerManagerService( 1921): setBrightness mButtonLight, screenBrightness=102
07-29 14:18:39.627 I/PowerManagerService( 1921): setBrightness mButtonLight, screenBrightness=102
07-29 14:18:39.629 I/PowerManagerService( 1921): setBrightness mButtonLight, screenBrightness=102
07-29 14:18:39.630 I/PowerManagerService( 1921): setBrightness mButtonLight, screenBrightness=102
07-29 14:18:39.631 I/PowerManagerService( 1921): setBrightness mButtonLight, screenBrightness=102
07-29 14:18:39.631 I/PowerManagerService( 1921): setBrightness mButtonLight, screenBrightness=102
07-29 14:18:39.632 I/PowerManagerService( 1921): setBrightness mButtonLight, screenBrightness=102
07-29 14:18:39.633 I/PowerManagerService( 1921): setBrightness mButtonLight, screenBrightness=102
07-29 14:18:39.633 I/PowerManagerService( 1921): setBrightness mButtonLight, screenBrightness=102
07-29 14:18:39.634 I/PowerManagerService( 1921): setBrightness mButtonLight, screenBrightness=102
07-29 14:18:39.635 I/PowerManagerService( 1921): setBrightness mButtonLight, screenBrightness=102
07-29 14:18:39.636 I/PowerManagerService( 1921): setBrightness mButtonLight, screenBrightness=102
07-29 14:18:39.639 I/PowerManagerService( 1921): setBrightness mButtonLight, screenBrightness=102
07-29 14:18:39.640 I/PowerManagerService( 1921): setBrightness mButtonLight, screenBrightness=102
07-29 14:18:39.640 I/PowerManagerService( 1921): setBrightness mButtonLight, screenBrightness=102
07-29 14:18:39.641 I/PowerManagerService( 1921): setBrightness mButtonLight, screenBrightness=102
07-29 14:18:39.642 I/ICEUTIL (  163): WakelockActuate: writing fildLock to /sys/power/wake_lock
07-29 14:18:39.642 D/FILD    (  163): OBEX: Core: Received packet: 0x3 0x3e 0x3b 0x3b 0x1
07-29 14:18:39.642 I/FILD    (  163): OBEX: File: HandleFirstGetResponse: File /data/rfs/data/modem/transaction.log not found.
07-29 14:18:39.642 D/FILD    (  163): OBEX: Core: obex_CoreSendSimplePacket: 0xd0 0x3
07-29 14:18:39.642 I/ICEUTIL (  163): WakelockActuate: writing fildLock to /sys/power/wake_unlock
07-29 14:18:39.642 I/PowerManagerService( 1921): setBrightness mButtonLight, screenBrightness=102
07-29 14:18:39.644 I/ICEUTIL (  163): WakelockActuate: writing fildLock to /sys/power/wake_lock
07-29 14:18:39.644 D/FILD    (  163): OBEX: Core: Received packet: 0x3 0x3e 0x3b 0x3b 0x1
07-29 14:18:39.644 I/FILD    (  163): OBEX: File: HandleFirstGetResponse: File /data/rfs/data/modem/transaction.log not found.
07-29 14:18:39.644 D/FILD    (  163): OBEX: Core: obex_CoreSendSimplePacket: 0xd0 0x3
07-29 14:18:39.644 I/ICEUTIL (  163): WakelockActuate: writing fildLock to /sys/power/wake_unlock
07-29 14:18:39.644 W/BroadcastQueue( 1921): Permission Denial: broadcasting Intent { act=android.intent.action.SIM_STATE_CHANGED flg=0x20000010 (has extras) } from null (pid=3704, uid=1001) is not exported from uid 10061 due to receiver com.kingroot.kinguser/.receiver.BootReceiver
07-29 14:18:39.645 I/ICEUTIL (  163): WakelockActuate: writing fildLock to /sys/power/wake_lock
07-29 14:18:39.645 D/FILD    (  163): OBEX: Core: Received packet: 0x82 0x41 0x3e 0x3b 0x1
07-29 14:18:39.645 D/FILD    (  163): OBEX: Core: Received packet: 0x82 0x41 0x3e 0x3 0x49
07-29 14:18:39.645 D/FILD    (  163): OBEX: Core: obex_CoreSendSimplePacket: 0xa0 0x3
07-29 14:18:39.645 I/ICEUTIL (  163): WakelockActuate: writing fildLock to /sys/power/wake_unlock
07-29 14:18:39.646 I/ICEUTIL (  163): WakelockActuate: writing fildLock to /sys/power/wake_lock
07-29 14:18:39.646 D/FILD    (  163): OBEX: Core: Received packet: 0x2 0x3e 0x3b 0x3b 0x1
07-29 14:18:39.646 D/FILD    (  163): OBEX: Core: obex_CoreSendSimplePacket: 0x90 0x3
07-29 14:18:39.646 I/ICEUTIL (  163): WakelockActuate: writing fildLock to /sys/power/wake_unlock
07-29 14:18:39.648 I/ICEUTIL (  163): WakelockActuate: writing fildLock to /sys/power/wake_lock
07-29 14:18:39.648 D/FILD    (  163): OBEX: Core: Received packet: 0x82 0x198 0x195 0x195 0x49
07-29 14:18:39.648 I/FILD    (  163): OBEX: File: HandleBodyEndOfBodyHeaders: write in /data/rfs/data/modem/transaction.log
07-29 14:18:39.648 D/FILD    (  163): OBEX: Core: obex_CoreSendSimplePacket: 0xa0 0x3
07-29 14:18:39.648 I/ICEUTIL (  163): WakelockActuate: writing fildLock to /sys/power/wake_unlock
07-29 14:18:39.650 I/ICEUTIL (  163): WakelockActuate: writing fildLock to /sys/power/wake_lock
07-29 14:18:39.650 D/FILD    (  163): OBEX: Core: Received packet: 0x2 0x5a 0x57 0x57 0x1
07-29 14:18:39.650 D/FILD    (  163): OBEX: Core: obex_CoreSendSimplePacket: 0x90 0x3
07-29 14:18:39.650 I/ICEUTIL (  163): WakelockActuate: writing fildLock to /sys/power/wake_unlock
07-29 14:18:39.651 I/PowerManagerService( 1921): setBrightness mButtonLight, screenBrightness=102
07-29 14:18:39.652 I/ICEUTIL (  163): WakelockActuate: writing fildLock to /sys/power/wake_lock
07-29 14:18:39.652 D/FILD    (  163): OBEX: Core: Received packet: 0x82 0x116 0x113 0x113 0x49
07-29 14:18:39.652 I/FILD    (  163): OBEX: File: HandleBodyEndOfBodyHeaders: write in /data/rfs/data/modem/NRAM2_ABMM_WRITEABLE_DATA.bin
07-29 14:18:39.652 D/FILD    (  163): OBEX: Core: obex_CoreSendSimplePacket: 0xa0 0x3
07-29 14:18:39.652 I/ICEUTIL (  163): WakelockActuate: writing fildLock to /sys/power/wake_unlock
07-29 14:18:39.654 I/ICEUTIL (  163): WakelockActuate: writing fildLock to /sys/power/wake_lock
07-29 14:18:39.654 D/FILD    (  163): OBEX: Core: Received packet: 0x82 0x3e 0x3b 0x3b 0x1
07-29 14:18:39.654 I/FILD    (  163): OBEX: File: HandlePutRequest: removing /data/rfs/data/modem/transaction.log
07-29 14:18:39.654 D/FILD    (  163): OBEX: Core: obex_CoreSendSimplePacket: 0xa0 0x3
07-29 14:18:39.654 I/ICEUTIL (  163): WakelockActuate: writing fildLock to /sys/power/wake_unlock
07-29 14:18:39.664 D/IccSmsInterfaceManager( 3704): [IccSmsInterfaceManager] Failed to add cell broadcast subscription for MID range 4356 to 4356 from client com.android.cellbroadcastreceiver
07-29 14:18:39.664 D/IccSmsInterfaceManager( 3704): [IccSmsInterfaceManager] enableGsmBroadcastRange
07-29 14:18:39.664 D/IccSmsInterfaceManager( 3704): [IccSmsInterfaceManager] Added cell broadcast subscription for MID range 4371 to 4372 from client com.android.cellbroadcastreceiver
07-29 14:18:39.664 D/IccSmsInterfaceManager( 3704): [IccSmsInterfaceManager] Calling setCellBroadcastActivation(true)
07-29 14:18:39.665 I/PowerManagerService( 1921): setBrightness mButtonLight, screenBrightness=102
07-29 14:18:39.667 D/MccTable( 3704): updateMccMncConfiguration: mcc=204, mnc=4
07-29 14:18:39.667 D/MccTable( 3704): getLocaleFromMcc to nl_nl mcc=204
07-29 14:18:39.667 D/MccTable( 3704): getLocaleForLanguageCountry: skipping already persisted
07-29 14:18:39.667 D/MccTable( 3704): getLocaleForLanguageCountry: X locale=null
07-29 14:18:39.667 D/MccTable( 3704): WIFI_COUNTRY_CODE set to nl
07-29 14:18:39.667 I/WifiService( 1921): WifiService trying to set country code to nl with persist set to true
07-29 14:18:39.668 D/MccTable( 3704): updateMccMncConfiguration updateConfig config={1.0 204mcc4mnc ?locale ?layoutDir ?swdp ?wdp ?hdp ?density ?lsize ?long ?orien ?uimode ?night ?touch ?keyb/?/? ?nav/?}
07-29 14:18:39.679 W/BroadcastQueue( 1921): Permission Denial: broadcasting Intent { act=android.intent.action.SIM_STATE_CHANGED flg=0x20000010 (has extras) } from null (pid=3704, uid=1001) is not exported from uid 10061 due to receiver com.kingroot.kinguser/.receiver.BootReceiver
07-29 14:18:39.760 I/ICEUTIL (  163): WakelockActuate: writing fildLock to /sys/power/wake_lock
07-29 14:18:39.760 D/FILD    (  163): OBEX: Core: Received packet: 0x3 0x3e 0x3b 0x3b 0x1
07-29 14:18:39.760 I/FILD    (  163): OBEX: File: HandleFirstGetResponse: File /data/rfs/data/modem/transaction.log not found.
07-29 14:18:39.760 D/FILD    (  163): OBEX: Core: obex_CoreSendSimplePacket: 0xd0 0x3
07-29 14:18:39.760 I/ICEUTIL (  163): WakelockActuate: writing fildLock to /sys/power/wake_unlock
07-29 14:18:39.761 I/ICEUTIL (  163): WakelockActuate: writing fildLock to /sys/power/wake_lock
07-29 14:18:39.761 D/FILD    (  163): OBEX: Core: Received packet: 0x3 0x3e 0x3b 0x3b 0x1
07-29 14:18:39.761 I/FILD    (  163): OBEX: File: HandleFirstGetResponse: File /data/rfs/data/modem/transaction.log not found.
07-29 14:18:39.761 D/FILD    (  163): OBEX: Core: obex_CoreSendSimplePacket: 0xd0 0x3
07-29 14:18:39.761 I/ICEUTIL (  163): WakelockActuate: writing fildLock to /sys/power/wake_unlock
07-29 14:18:39.761 I/ICEUTIL (  163): WakelockActuate: writing fildLock to /sys/power/wake_lock
07-29 14:18:39.761 D/FILD    (  163): OBEX: Core: Received packet: 0x82 0x41 0x3e 0x3b 0x1
07-29 14:18:39.761 D/FILD    (  163): OBEX: Core: Received packet: 0x82 0x41 0x3e 0x3 0x49
07-29 14:18:39.761 D/FILD    (  163): OBEX: Core: obex_CoreSendSimplePacket: 0xa0 0x3
07-29 14:18:39.761 I/ICEUTIL (  163): WakelockActuate: writing fildLock to /sys/power/wake_unlock
07-29 14:18:39.761 I/ICEUTIL (  163): WakelockActuate: writing fildLock to /sys/power/wake_lock
07-29 14:18:39.761 D/FILD    (  163): OBEX: Core: Received packet: 0x2 0x3e 0x3b 0x3b 0x1
07-29 14:18:39.761 D/FILD    (  163): OBEX: Core: obex_CoreSendSimplePacket: 0x90 0x3
07-29 14:18:39.761 I/ICEUTIL (  163): WakelockActuate: writing fildLock to /sys/power/wake_unlock
07-29 14:18:39.761 I/ICEUTIL (  163): WakelockActuate: writing fildLock to /sys/power/wake_lock
07-29 14:18:39.761 D/FILD    (  163): OBEX: Core: Received packet: 0x82 0xe2 0xdf 0xdf 0x49
07-29 14:18:39.761 I/FILD    (  163): OBEX: File: HandleBodyEndOfBodyHeaders: write in /data/rfs/data/modem/transaction.log
07-29 14:18:39.761 D/FILD    (  163): OBEX: Core: obex_CoreSendSimplePacket: 0xa0 0x3
07-29 14:18:39.761 I/ICEUTIL (  163): WakelockActuate: writing fildLock to /sys/power/wake_unlock
07-29 14:18:39.761 I/ICEUTIL (  163): WakelockActuate: writing fildLock to /sys/power/wake_lock
07-29 14:18:39.762 D/FILD    (  163): OBEX: Core: Received packet: 0x2 0x4a 0x47 0x47 0x1
07-29 14:18:39.762 D/FILD    (  163): OBEX: Core: obex_CoreSendSimplePacket: 0x90 0x3
07-29 14:18:39.762 I/ICEUTIL (  163): WakelockActuate: writing fildLock to /sys/power/wake_unlock
07-29 14:18:39.762 I/ICEUTIL (  163): WakelockActuate: writing fildLock to /sys/power/wake_lock
07-29 14:18:39.762 D/FILD    (  163): OBEX: Core: Received packet: 0x82 0x60 0x5d 0x5d 0x49
07-29 14:18:39.762 I/FILD    (  163): OBEX: File: HandleBodyEndOfBodyHeaders: write in /data/rfs/data/modem/NRAM2_CB_SETTINGS.bin
07-29 14:18:39.762 D/FILD    (  163): OBEX: Core: obex_CoreSendSimplePacket: 0xa0 0x3
07-29 14:18:39.762 I/ICEUTIL (  163): WakelockActuate: writing fildLock to /sys/power/wake_unlock
07-29 14:18:39.762 I/ICEUTIL (  163): WakelockActuate: writing fildLock to /sys/power/wake_lock
07-29 14:18:39.762 D/FILD    (  163): OBEX: Core: Received packet: 0x82 0x3e 0x3b 0x3b 0x1
07-29 14:18:39.762 I/FILD    (  163): OBEX: File: HandlePutRequest: removing /data/rfs/data/modem/transaction.log
07-29 14:18:39.762 D/FILD    (  163): OBEX: Core: obex_CoreSendSimplePacket: 0xa0 0x3
07-29 14:18:39.762 I/ICEUTIL (  163): WakelockActuate: writing fildLock to /sys/power/wake_unlock
07-29 14:18:39.769 D/IccSmsInterfaceManager( 3704): [IccSmsInterfaceManager] enableGsmBroadcastRange
07-29 14:18:39.772 D/IccSmsInterfaceManager( 3704): [IccSmsInterfaceManager] Added cell broadcast subscription for MID range 4373 to 4378 from client com.android.cellbroadcastreceiver
07-29 14:18:39.772 D/IccSmsInterfaceManager( 3704): [IccSmsInterfaceManager] Calling setCellBroadcastActivation(true)
07-29 14:18:39.772 I/PowerManagerService( 1921): setBrightness mButtonLight, screenBrightness=102
07-29 14:18:40.085 I/PowerManagerService( 1921): setBrightness mButtonLight, screenBrightness=102
07-29 14:18:40.087 D/IccSmsInterfaceManager( 3704): [IccSmsInterfaceManager] enableGsmBroadcastRange
07-29 14:18:40.088 D/IccSmsInterfaceManager( 3704): [IccSmsInterfaceManager] Added cell broadcast subscription for MID range 4379 to 4379 from client com.android.cellbroadcastreceiver
07-29 14:18:40.088 D/IccSmsInterfaceManager( 3704): [IccSmsInterfaceManager] Calling setCellBroadcastActivation(true)
07-29 14:18:40.088 I/PowerManagerService( 1921): setBrightness mButtonLight, screenBrightness=102
07-29 14:18:40.257 I/PowerManagerService( 1921): setBrightness mButtonLight, screenBrightness=102
07-29 14:18:40.258 D/IccSmsInterfaceManager( 3704): [IccSmsInterfaceManager] enableGsmBroadcastRange
07-29 14:18:40.259 D/IccSmsInterfaceManager( 3704): [IccSmsInterfaceManager] Added cell broadcast subscription for MID range 4370 to 4370 from client com.android.cellbroadcastreceiver
07-29 14:18:40.259 D/IccSmsInterfaceManager( 3704): [IccSmsInterfaceManager] Calling setCellBroadcastActivation(true)
07-29 14:18:40.259 I/PowerManagerService( 1921): setBrightness mButtonLight, screenBrightness=102
07-29 14:18:40.330 I/PowerManagerService( 1921): setBrightness mButtonLight, screenBrightness=102
07-29 14:18:40.332 D/CellBroadcastConfigService( 8419): enabled emergency cell broadcast channels
07-29 14:18:40.332 D/CellBroadcastConfigService( 8419): disabling cell broadcast channel 50
07-29 14:18:40.333 D/IccSmsInterfaceManager( 3704): [IccSmsInterfaceManager] disableGsmBroadcastRange
07-29 14:18:40.335 D/IccSmsInterfaceManager( 3704): [IccSmsInterfaceManager] Failed to remove cell broadcast subscription for MID range 50 to 50 from client com.android.cellbroadcastreceiver
07-29 14:18:40.335 D/CellBroadcastConfigService( 8419): disabling channels 919-928
07-29 14:18:40.336 D/IccSmsInterfaceManager( 3704): [IccSmsInterfaceManager] disableGsmBroadcastRange
07-29 14:18:40.337 D/IccSmsInterfaceManager( 3704): [IccSmsInterfaceManager] Failed to remove cell broadcast subscription for MID range 919 to 928 from client com.android.cellbroadcastreceiver
07-29 14:18:40.338 D/CellBroadcastConfigService( 8419): disabling cell broadcast ETWS test messages
07-29 14:18:40.339 D/IccSmsInterfaceManager( 3704): [IccSmsInterfaceManager] disableGsmBroadcastRange
07-29 14:18:40.341 D/IccSmsInterfaceManager( 3704): [IccSmsInterfaceManager] Failed to remove cell broadcast subscription for MID range 4355 to 4355 from client com.android.cellbroadcastreceiver
07-29 14:18:40.341 D/CellBroadcastConfigService( 8419): disabling cell broadcast CMAS test messages
07-29 14:18:40.341 D/IccSmsInterfaceManager( 3704): [IccSmsInterfaceManager] disableGsmBroadcastRange
07-29 14:18:40.343 D/IccSmsInterfaceManager( 3704): [IccSmsInterfaceManager] Failed to remove cell broadcast subscription for MID range 4380 to 4382 from client com.android.cellbroadcastreceiver
07-29 14:18:40.375 I/PowerManagerService( 1921): setBrightness mButtonLight, screenBrightness=102
07-29 14:18:40.470 I/ICEUTIL (  163): WakelockActuate: writing fildLock to /sys/power/wake_lock
07-29 14:18:40.470 D/FILD    (  163): OBEX: Core: Received packet: 0x3 0x3e 0x3b 0x3b 0x1
07-29 14:18:40.470 I/FILD    (  163): OBEX: File: HandleFirstGetResponse: File /data/rfs/data/modem/transaction.log not found.
07-29 14:18:40.470 D/FILD    (  163): OBEX: Core: obex_CoreSendSimplePacket: 0xd0 0x3
07-29 14:18:40.470 I/ICEUTIL (  163): WakelockActuate: writing fildLock to /sys/power/wake_unlock
07-29 14:18:40.481 I/PowerManagerService( 1921): setBrightness mButtonLight, screenBrightness=102
07-29 14:18:40.575 I/PowerManagerService( 1921): setBrightness mButtonLight, screenBrightness=102
07-29 14:18:40.736 I/ICEUTIL (  163): WakelockActuate: writing fildLock to /sys/power/wake_lock
07-29 14:18:40.736 D/FILD    (  163): OBEX: Core: Received packet: 0x3 0x44 0x41 0x41 0x1
07-29 14:18:40.736 I/FILD    (  163): OBEX: File: HandleFirstGetResponse: File /data/rfs/data/modem/NRAM2_ADR_FILE.bin not found.
07-29 14:18:40.736 D/FILD    (  163): OBEX: Core: obex_CoreSendSimplePacket: 0xd0 0x3
07-29 14:18:40.736 I/ICEUTIL (  163): WakelockActuate: writing fildLock to /sys/power/wake_unlock
07-29 14:18:40.736 I/ICEUTIL (  163): WakelockActuate: writing fildLock to /sys/power/wake_lock
07-29 14:18:40.737 D/FILD    (  163): OBEX: Core: Received packet: 0x3 0x44 0x41 0x41 0x1
07-29 14:18:40.737 I/FILD    (  163): OBEX: File: HandleFirstGetResponse: File /data/rfs/data/modem/NRAM2_ADR_FILE.bin not found.
07-29 14:18:40.737 D/FILD    (  163): OBEX: Core: obex_CoreSendSimplePacket: 0xd0 0x3
07-29 14:18:40.737 I/ICEUTIL (  163): WakelockActuate: writing fildLock to /sys/power/wake_unlock
07-29 14:18:40.751 I/PowerManagerService( 1921): setBrightness mButtonLight, screenBrightness=102
07-29 14:18:40.792 I/PowerManagerService( 1921): setBrightness mButtonLight, screenBrightness=102
07-29 14:18:40.794 I/ICEUTIL (  163): WakelockActuate: writing fildLock to /sys/power/wake_lock
07-29 14:18:40.794 D/FILD    (  163): OBEX: Core: Received packet: 0x3 0x3e 0x3b 0x3b 0x1
07-29 14:18:40.794 I/FILD    (  163): OBEX: File: HandleFirstGetResponse: File /data/rfs/data/modem/transaction.log not found.
07-29 14:18:40.794 D/FILD    (  163): OBEX: Core: obex_CoreSendSimplePacket: 0xd0 0x3
07-29 14:18:40.794 I/ICEUTIL (  163): WakelockActuate: writing fildLock to /sys/power/wake_unlock
07-29 14:18:40.795 I/ICEUTIL (  163): WakelockActuate: writing fildLock to /sys/power/wake_lock
07-29 14:18:40.795 D/FILD    (  163): OBEX: Core: Received packet: 0x3 0x3e 0x3b 0x3b 0x1
07-29 14:18:40.795 I/FILD    (  163): OBEX: File: HandleFirstGetResponse: File /data/rfs/data/modem/transaction.log not found.
07-29 14:18:40.795 D/FILD    (  163): OBEX: Core: obex_CoreSendSimplePacket: 0xd0 0x3
07-29 14:18:40.795 I/ICEUTIL (  163): WakelockActuate: writing fildLock to /sys/power/wake_unlock
07-29 14:18:40.796 I/ICEUTIL (  163): WakelockActuate: writing fildLock to /sys/power/wake_lock
07-29 14:18:40.796 D/FILD    (  163): OBEX: Core: Received packet: 0x82 0x41 0x3e 0x3b 0x1
07-29 14:18:40.796 D/FILD    (  163): OBEX: Core: Received packet: 0x82 0x41 0x3e 0x3 0x49
07-29 14:18:40.796 D/FILD    (  163): OBEX: Core: obex_CoreSendSimplePacket: 0xa0 0x3
07-29 14:18:40.796 I/ICEUTIL (  163): WakelockActuate: writing fildLock to /sys/power/wake_unlock
07-29 14:18:40.797 I/ICEUTIL (  163): WakelockActuate: writing fildLock to /sys/power/wake_lock
07-29 14:18:40.797 D/FILD    (  163): OBEX: Core: Received packet: 0x2 0x3e 0x3b 0x3b 0x1
07-29 14:18:40.797 D/FILD    (  163): OBEX: Core: obex_CoreSendSimplePacket: 0x90 0x3
07-29 14:18:40.797 I/ICEUTIL (  163): WakelockActuate: writing fildLock to /sys/power/wake_unlock
07-29 14:18:40.797 I/ICEUTIL (  163): WakelockActuate: writing fildLock to /sys/power/wake_lock
07-29 14:18:40.798 D/FILD    (  163): OBEX: Core: Received packet: 0x82 0xa9 0xa6 0xa6 0x49
07-29 14:18:40.798 I/FILD    (  163): OBEX: File: HandleBodyEndOfBodyHeaders: write in /data/rfs/data/modem/transaction.log
07-29 14:18:40.798 D/FILD    (  163): OBEX: Core: obex_CoreSendSimplePacket: 0xa0 0x3
07-29 14:18:40.798 I/ICEUTIL (  163): WakelockActuate: writing fildLock to /sys/power/wake_unlock
07-29 14:18:40.799 I/ICEUTIL (  163): WakelockActuate: writing fildLock to /sys/power/wake_lock
07-29 14:18:40.799 D/FILD    (  163): OBEX: Core: Received packet: 0x2 0x44 0x41 0x41 0x1
07-29 14:18:40.799 D/FILD    (  163): OBEX: Core: obex_CoreSendSimplePacket: 0x90 0x3
07-29 14:18:40.799 I/ICEUTIL (  163): WakelockActuate: writing fildLock to /sys/power/wake_unlock
07-29 14:18:40.800 I/ICEUTIL (  163): WakelockActuate: writing fildLock to /sys/power/wake_lock
07-29 14:18:40.800 D/FILD    (  163): OBEX: Core: Received packet: 0x82 0x27 0x24 0x24 0x49
07-29 14:18:40.800 I/FILD    (  163): OBEX: File: HandleBodyEndOfBodyHeaders: write in /data/rfs/data/modem/NRAM2_SMS_DATA.bin
07-29 14:18:40.800 D/FILD    (  163): OBEX: Core: obex_CoreSendSimplePacket: 0xa0 0x3
07-29 14:18:40.800 I/ICEUTIL (  163): WakelockActuate: writing fildLock to /sys/power/wake_unlock
07-29 14:18:40.802 I/ICEUTIL (  163): WakelockActuate: writing fildLock to /sys/power/wake_lock
07-29 14:18:40.802 D/FILD    (  163): OBEX: Core: Received packet: 0x82 0x3e 0x3b 0x3b 0x1
07-29 14:18:40.802 I/FILD    (  163): OBEX: File: HandlePutRequest: removing /data/rfs/data/modem/transaction.log
07-29 14:18:40.802 D/FILD    (  163): OBEX: Core: obex_CoreSendSimplePacket: 0xa0 0x3
07-29 14:18:40.802 I/ICEUTIL (  163): WakelockActuate: writing fildLock to /sys/power/wake_unlock
07-29 14:18:40.841 I/PowerManagerService( 1921): setBrightness mButtonLight, screenBrightness=102
07-29 14:18:40.890 D/MccTable( 3704): updateMccMncConfiguration: mcc=204, mnc=4
07-29 14:18:40.890 D/MccTable( 3704): getLocaleFromMcc to nl_nl mcc=204
07-29 14:18:40.890 D/MccTable( 3704): getLocaleForLanguageCountry: skipping already persisted
07-29 14:18:40.890 D/MccTable( 3704): getLocaleForLanguageCountry: X locale=null
07-29 14:18:40.890 D/MccTable( 3704): WIFI_COUNTRY_CODE set to nl
07-29 14:18:40.891 I/WifiService( 1921): WifiService trying to set country code to nl with persist set to true
07-29 14:18:40.892 D/MccTable( 3704): updateMccMncConfiguration updateConfig config={1.0 204mcc4mnc ?locale ?layoutDir ?swdp ?wdp ?hdp ?density ?lsize ?long ?orien ?uimode ?night ?touch ?keyb/?/? ?nav/?}
07-29 14:18:40.998 I/PowerManagerService( 1921): setBrightness mButtonLight, screenBrightness=102
07-29 14:18:41.002 D/MobileDataStateTracker( 1921): dun: Broadcast received: android.intent.action.ANY_DATA_STATE apnType=dun
07-29 14:18:41.004 D/MobileDataStateTracker( 1921): dun: Received state=DISCONNECTED, old=DISCONNECTED, reason=simLoaded
07-29 14:18:41.007 D/MobileDataStateTracker( 1921): supl: Broadcast received: android.intent.action.ANY_DATA_STATE apnType=supl
07-29 14:18:41.008 D/MobileDataStateTracker( 1921): supl: Received state=DISCONNECTED, old=DISCONNECTED, reason=simLoaded
07-29 14:18:41.010 D/MobileDataStateTracker( 1921): hipri: Broadcast received: android.intent.action.ANY_DATA_STATE apnType=hipri
07-29 14:18:41.010 D/MobileDataStateTracker( 1921): hipri: Received state=DISCONNECTED, old=DISCONNECTED, reason=simLoaded
07-29 14:18:41.015 D/MobileDataStateTracker( 1921): default: Broadcast received: android.intent.action.ANY_DATA_STATE apnType=default
07-29 14:18:41.015 D/MobileDataStateTracker( 1921): default: Received state=DISCONNECTED, old=DISCONNECTED, reason=simLoaded
07-29 14:18:41.020 D/MobileDataStateTracker( 1921): mms: Broadcast received: android.intent.action.ANY_DATA_STATE apnType=mms
07-29 14:18:41.021 D/MobileDataStateTracker( 1921): mms: Received state=DISCONNECTED, old=DISCONNECTED, reason=simLoaded
07-29 14:18:41.029 D/MobileDataStateTracker( 1921): dun: Broadcast received: android.intent.action.ANY_DATA_STATE apnType=dun
07-29 14:18:41.030 D/MobileDataStateTracker( 1921): dun: Received state=DISCONNECTED, old=DISCONNECTED, reason=simLoaded
07-29 14:18:41.031 D/dalvikvm( 3704): GC_CONCURRENT freed 875K, 20% free 5238K/6480K, paused 2ms+5ms, total 44ms
07-29 14:18:41.036 D/MobileDataStateTracker( 1921): supl: Broadcast received: android.intent.action.ANY_DATA_STATE apnType=supl
07-29 14:18:41.037 D/MobileDataStateTracker( 1921): supl: Received state=DISCONNECTED, old=DISCONNECTED, reason=simLoaded
07-29 14:18:41.038 D/MobileDataStateTracker( 1921): hipri: Broadcast received: android.intent.action.ANY_DATA_STATE apnType=hipri
07-29 14:18:41.041 D/MobileDataStateTracker( 1921): hipri: Received state=DISCONNECTED, old=DISCONNECTED, reason=simLoaded
07-29 14:18:41.041 D/MobileDataStateTracker( 1921): default: Broadcast received: android.intent.action.ANY_DATA_STATE apnType=default
07-29 14:18:41.045 D/MobileDataStateTracker( 1921): default: Received state=DISCONNECTED, old=DISCONNECTED, reason=simLoaded
07-29 14:18:41.046 D/MobileDataStateTracker( 1921): mms: Broadcast received: android.intent.action.ANY_DATA_STATE apnType=mms
07-29 14:18:41.047 D/MobileDataStateTracker( 1921): mms: Received state=DISCONNECTED, old=DISCONNECTED, reason=simLoaded
07-29 14:18:41.056 W/BroadcastQueue( 1921): Permission Denial: broadcasting Intent { act=android.intent.action.SIM_STATE_CHANGED flg=0x20000010 (has extras) } from null (pid=3704, uid=1001) is not exported from uid 10061 due to receiver com.kingroot.kinguser/.receiver.BootReceiver
07-29 14:18:41.095 D/dalvikvm( 1921): GC_CONCURRENT freed 1222K, 32% free 9201K/13436K, paused 1ms+4ms, total 38ms
07-29 14:18:42.303 V/nvaudio_hw(  148): nvaudio_out_standby: hw_dev->mode: 0
07-29 14:18:42.303 V/nvaudio_hw(  148): close_alsa_dev : active stream count 1
07-29 14:18:42.347 V/nvaudio_hw(  148): trigger_dma_callback dma address 0x00000000 on 0
07-29 14:18:42.349 I/PowerManagerService( 1921): setBrightness mButtonLight, screenBrightness=102
07-29 14:18:42.814 I/PowerManagerService( 1921): setBrightness mButtonLight, screenBrightness=102
07-29 14:18:42.817 D/        ( 3704): Setting time of day to sec=1438172323
07-29 14:18:43.034 I/PowerManagerService( 1921): setBrightness mButtonLight, screenBrightness=102
07-29 14:18:43.050 V/AlarmClock( 4644): AlarmInitReceiver android.intent.action.TIME_SET
07-29 14:18:43.052 I/PowerManagerService( 1921): setBrightness mButtonLight, screenBrightness=102
07-29 14:18:43.073 I/AlarmClock( 4644): Displaying next alarm time: ''
07-29 14:18:43.077 V/AlarmClock( 4644): AlarmInitReceiver finished
07-29 14:18:43.078 I/PowerManagerService( 1921): setBrightness mButtonLight, screenBrightness=102
07-29 14:18:43.237 I/ICEUTIL (  163): WakelockActuate: writing fildLock to /sys/power/wake_lock
07-29 14:18:43.238 D/FILD    (  163): OBEX: Core: Received packet: 0x3 0x3e 0x3b 0x3b 0x1
07-29 14:18:43.238 I/FILD    (  163): OBEX: File: HandleFirstGetResponse: File /data/rfs/data/modem/transaction.log not found.
07-29 14:18:43.238 D/FILD    (  163): OBEX: Core: obex_CoreSendSimplePacket: 0xd0 0x3
07-29 14:18:43.238 I/ICEUTIL (  163): WakelockActuate: writing fildLock to /sys/power/wake_unlock
07-29 14:18:43.238 I/ICEUTIL (  163): WakelockActuate: writing fildLock to /sys/power/wake_lock
07-29 14:18:43.238 D/FILD    (  163): OBEX: Core: Received packet: 0x3 0x3e 0x3b 0x3b 0x1
07-29 14:18:43.238 I/FILD    (  163): OBEX: File: HandleFirstGetResponse: File /data/rfs/data/modem/transaction.log not found.
07-29 14:18:43.238 D/FILD    (  163): OBEX: Core: obex_CoreSendSimplePacket: 0xd0 0x3
07-29 14:18:43.238 I/ICEUTIL (  163): WakelockActuate: writing fildLock to /sys/power/wake_unlock
