--------- beginning of /dev/log/system
07-29 12:39:26.206 D/WifiController( 1921): battery changed pluggedType: 2
07-29 12:45:28.895 D/WifiController( 1921): battery changed pluggedType: 2
07-29 12:48:37.254 D/ConnectivityService( 1921): Sampling interval elapsed, updating statistics ..
07-29 12:48:37.364 D/ConnectivityService( 1921): Done.
07-29 12:48:37.365 D/ConnectivityService( 1921): Setting timer for 720seconds
07-29 12:48:37.677 W/ContextImpl( 4486): Calling a method in the system process without a qualified user: android.app.ContextImpl.startService:1479 android.content.ContextWrapper.startService:494 android.content.ContextWrapper.startService:494 com.karumi.blackphone.wipe.service.receiver.AutoLaunchReceiver.onReceive:20 android.app.ActivityThread.handleReceiver:2419 
07-29 12:49:08.206 I/PowerManagerService( 1921): Waking up from sleep...
07-29 12:49:08.207 D/PowerManagerService( 1921): userActivityNoUpdateLocked: system_ready = false
07-29 12:49:08.261 I/WindowManager( 1921): No lock screen! windowToken=null
07-29 12:49:08.327 W/BroadcastQueue( 1921): Permission Denial: broadcasting Intent { act=android.intent.action.USER_PRESENT flg=0x24000010 } from com.android.keyguard (pid=3515, uid=10009) is not exported from uid 10061 due to receiver com.kingroot.kinguser/.receiver.ScreenEventReceiver
07-29 12:49:08.900 W/ContextImpl( 4486): Calling a method in the system process without a qualified user: android.app.ContextImpl.startService:1479 android.content.ContextWrapper.startService:494 com.karumi.blackphone.wipe.service.receiver.PhoneUnLockReceiver.onReceive:21 android.app.LoadedApk$ReceiverDispatcher$Args.run:768 android.os.Handler.handleCallback:733 
07-29 12:49:09.998 D/PowerManagerService( 1921): userActivityNoUpdateLocked: system_ready = false
07-29 12:49:12.013 D/PowerManagerService( 1921): userActivityNoUpdateLocked: system_ready = false
07-29 12:49:12.153 I/ActivityManager( 1921): START u0 {act=android.intent.action.MAIN cat=[android.intent.category.LAUNCHER] flg=0x10200000 cmp=com.android.dialer/.DialtactsActivity} from pid 3723
07-29 12:49:12.182 I/ActivityManager( 1921): Start proc com.android.dialer for activity com.android.dialer/.DialtactsActivity: pid=8934 uid=10006 gids={50006, 3003, 1028, 1015}
07-29 12:49:14.090 D/PowerManagerService( 1921): userActivityNoUpdateLocked: system_ready = false
07-29 12:49:17.398 D/PowerManagerService( 1921): userActivityNoUpdateLocked: system_ready = false
07-29 12:49:18.572 D/PowerManagerService( 1921): userActivityNoUpdateLocked: system_ready = false
07-29 12:49:19.331 D/PowerManagerService( 1921): userActivityNoUpdateLocked: system_ready = false
07-29 12:49:19.831 D/PowerManagerService( 1921): userActivityNoUpdateLocked: system_ready = false
07-29 12:49:20.342 D/PowerManagerService( 1921): userActivityNoUpdateLocked: system_ready = false
07-29 12:49:20.842 D/PowerManagerService( 1921): userActivityNoUpdateLocked: system_ready = false
07-29 12:49:23.054 D/PowerManagerService( 1921): userActivityNoUpdateLocked: system_ready = false
07-29 12:49:23.560 D/PowerManagerService( 1921): userActivityNoUpdateLocked: system_ready = false
07-29 12:49:24.739 D/PowerManagerService( 1921): userActivityNoUpdateLocked: system_ready = false
07-29 12:49:25.421 D/PowerManagerService( 1921): userActivityNoUpdateLocked: system_ready = false
07-29 12:49:26.158 D/PowerManagerService( 1921): userActivityNoUpdateLocked: system_ready = false
07-29 12:49:27.341 D/PowerManagerService( 1921): userActivityNoUpdateLocked: system_ready = false
07-29 12:49:27.419 I/ActivityManager( 1921): START u0 {act=android.intent.action.CALL_PRIVILEGED dat=tel:xxxxxxxxx flg=0x10000000 cmp=com.android.phone/.PrivilegedOutgoingCallBroadcaster (has extras)} from pid 8934
07-29 12:49:27.505 I/ActivityManager( 1921): Start proc ch.blackphone.android.securitycenter for broadcast ch.blackphone.android.securitycenter/.receivers.DisplayPrivacyNotificationsBroadcastReceiver: pid=9012 uid=10001 gids={50001}
07-29 12:49:27.601 I/ActivityManager( 1921): Start proc ch.blackphone.android.securitycenter:services for service ch.blackphone.android.securitycenter/.services.PrivacyNotificationsService: pid=9039 uid=10001 gids={50001}
07-29 12:49:27.610 I/ActivityManager( 1921): START u0 {act=com.android.phone.SIP_SELECT_PHONE dat=tel:xxxxxxxxx flg=0x10000000 cmp=com.android.phone/.SipCallOptionHandler (has extras)} from pid 3704
07-29 12:49:27.613 I/ActivityManager( 1921): Delay finish: ch.blackphone.android.securitycenter/.receivers.DisplayPrivacyNotificationsBroadcastReceiver
07-29 12:49:27.634 I/ActivityManager( 1921): START u0 {flg=0x10800000 cmp=com.android.phone/.MMIDialogActivity} from pid 3704
07-29 12:49:27.653 I/ActivityManager( 1921): Resuming delayed broadcast
07-29 12:49:27.797 I/ActivityManager( 1921): Killing 6044:com.gp.updater/1000 (adj 15): empty for 6875s
07-29 12:49:32.553 D/PowerManagerService( 1921): userActivityNoUpdateLocked: system_ready = false
07-29 12:49:33.035 D/PowerManagerService( 1921): userActivityNoUpdateLocked: system_ready = false
07-29 12:49:33.777 D/PowerManagerService( 1921): userActivityNoUpdateLocked: system_ready = false
07-29 12:49:41.215 I/ActivityManager( 1921): Config changes=480 {1.0 204mcc4mnc en ldltr sw360dp w640dp h335dp 320dpi nrml long land finger -keyb/v/h -nav/h s.7}
07-29 12:49:41.280 I/ActivityManager( 1921): Config changes=480 {1.0 204mcc4mnc en ldltr sw360dp w360dp h615dp 320dpi nrml long port finger -keyb/v/h -nav/h s.8}
07-29 12:49:41.641 I/WindowManager( 1921): Screen frozen for +482ms due to Window{41ccacd8 u0 com.android.dialer/com.android.dialer.DialtactsActivity}
07-29 12:49:43.473 W/NativeCrashListener( 1921): Couldn't find ProcessRecord for pid 2001
07-29 12:49:43.534 I/BootReceiver( 1921): Copying /data/tombstones/tombstone_03 to DropBox (SYSTEM_TOMBSTONE)
07-29 12:49:43.570 D/MobileDataStateTracker( 1921): dun: Broadcast received: android.intent.action.ANY_DATA_STATE apnType=dun
07-29 12:49:43.571 D/MobileDataStateTracker( 1921): dun: Received state=DISCONNECTED, old=DISCONNECTED, reason=radioTurnedOff
07-29 12:49:43.572 D/MobileDataStateTracker( 1921): supl: Broadcast received: android.intent.action.ANY_DATA_STATE apnType=supl
07-29 12:49:43.574 D/MobileDataStateTracker( 1921): supl: Received state=DISCONNECTED, old=DISCONNECTED, reason=radioTurnedOff
07-29 12:49:43.577 D/MobileDataStateTracker( 1921): hipri: Broadcast received: android.intent.action.ANY_DATA_STATE apnType=hipri
07-29 12:49:43.579 D/MobileDataStateTracker( 1921): hipri: Received state=DISCONNECTED, old=DISCONNECTED, reason=radioTurnedOff
07-29 12:49:43.581 D/MobileDataStateTracker( 1921): default: Broadcast received: android.intent.action.ANY_DATA_STATE apnType=default
07-29 12:49:43.582 D/MobileDataStateTracker( 1921): default: Received state=DISCONNECTED, old=DISCONNECTED, reason=radioTurnedOff
07-29 12:49:43.582 D/MobileDataStateTracker( 1921): mms: Broadcast received: android.intent.action.ANY_DATA_STATE apnType=mms
07-29 12:49:43.585 D/MobileDataStateTracker( 1921): mms: Received state=DISCONNECTED, old=DISCONNECTED, reason=radioTurnedOff
07-29 12:49:43.586 D/MobileDataStateTracker( 1921): dun: Broadcast received: android.intent.action.ANY_DATA_STATE apnType=dun
07-29 12:49:43.586 D/MobileDataStateTracker( 1921): dun: Received state=DISCONNECTED, old=DISCONNECTED, reason=radioTurnedOff
07-29 12:49:43.586 D/MobileDataStateTracker( 1921): supl: Broadcast received: android.intent.action.ANY_DATA_STATE apnType=supl
07-29 12:49:43.587 D/MobileDataStateTracker( 1921): supl: Received state=DISCONNECTED, old=DISCONNECTED, reason=radioTurnedOff
07-29 12:49:43.587 D/MobileDataStateTracker( 1921): hipri: Broadcast received: android.intent.action.ANY_DATA_STATE apnType=hipri
07-29 12:49:43.590 D/MobileDataStateTracker( 1921): hipri: Received state=DISCONNECTED, old=DISCONNECTED, reason=radioTurnedOff
07-29 12:49:43.590 D/MobileDataStateTracker( 1921): default: Broadcast received: android.intent.action.ANY_DATA_STATE apnType=default
07-29 12:49:43.593 D/MobileDataStateTracker( 1921): default: Received state=DISCONNECTED, old=DISCONNECTED, reason=radioTurnedOff
07-29 12:49:43.593 D/MobileDataStateTracker( 1921): mms: Broadcast received: android.intent.action.ANY_DATA_STATE apnType=mms
07-29 12:49:43.594 D/MobileDataStateTracker( 1921): mms: Received state=DISCONNECTED, old=DISCONNECTED, reason=radioTurnedOff
07-29 12:49:47.569 D/MobileDataStateTracker( 1921): dun: Broadcast received: android.intent.action.ANY_DATA_STATE apnType=dun
07-29 12:49:47.570 D/MobileDataStateTracker( 1921): dun: Received state=DISCONNECTED, old=DISCONNECTED, reason=radioTurnedOff
07-29 12:49:47.573 D/MobileDataStateTracker( 1921): supl: Broadcast received: android.intent.action.ANY_DATA_STATE apnType=supl
07-29 12:49:47.574 D/MobileDataStateTracker( 1921): supl: Received state=DISCONNECTED, old=DISCONNECTED, reason=radioTurnedOff
07-29 12:49:47.577 D/MobileDataStateTracker( 1921): hipri: Broadcast received: android.intent.action.ANY_DATA_STATE apnType=hipri
07-29 12:49:47.578 D/MobileDataStateTracker( 1921): hipri: Received state=DISCONNECTED, old=DISCONNECTED, reason=radioTurnedOff
07-29 12:49:47.580 D/MobileDataStateTracker( 1921): default: Broadcast received: android.intent.action.ANY_DATA_STATE apnType=default
07-29 12:49:47.581 D/MobileDataStateTracker( 1921): default: Received state=DISCONNECTED, old=DISCONNECTED, reason=radioTurnedOff
07-29 12:49:47.583 D/MobileDataStateTracker( 1921): mms: Broadcast received: android.intent.action.ANY_DATA_STATE apnType=mms
07-29 12:49:47.584 D/MobileDataStateTracker( 1921): mms: Received state=DISCONNECTED, old=DISCONNECTED, reason=radioTurnedOff
07-29 12:49:55.469 D/MccTable( 3704): updateMccMncConfiguration: mcc=204, mnc=4
07-29 12:49:55.469 D/MccTable( 3704): getLocaleFromMcc to nl_nl mcc=204
07-29 12:49:55.469 D/MccTable( 3704): getLocaleForLanguageCountry: skipping already persisted
07-29 12:49:55.469 D/MccTable( 3704): getLocaleForLanguageCountry: X locale=null
07-29 12:49:55.469 D/MccTable( 3704): WIFI_COUNTRY_CODE set to nl
07-29 12:49:55.470 I/WifiService( 1921): WifiService trying to set country code to nl with persist set to true
07-29 12:49:55.473 D/MccTable( 3704): updateMccMncConfiguration updateConfig config={1.0 204mcc4mnc ?locale ?layoutDir ?swdp ?wdp ?hdp ?density ?lsize ?long ?orien ?uimode ?night ?touch ?keyb/?/? ?nav/?}
07-29 12:49:55.511 W/BroadcastQueue( 1921): Permission Denial: broadcasting Intent { act=android.intent.action.SIM_STATE_CHANGED flg=0x20000010 (has extras) } from null (pid=3704, uid=1001) is not exported from uid 10061 due to receiver com.kingroot.kinguser/.receiver.BootReceiver
07-29 12:49:56.545 D/MccTable( 3704): updateMccMncConfiguration: mcc=204, mnc=4
07-29 12:49:56.545 D/MccTable( 3704): getLocaleFromMcc to nl_nl mcc=204
07-29 12:49:56.545 D/MccTable( 3704): getLocaleForLanguageCountry: skipping already persisted
07-29 12:49:56.545 D/MccTable( 3704): getLocaleForLanguageCountry: X locale=null
07-29 12:49:56.545 D/MccTable( 3704): WIFI_COUNTRY_CODE set to nl
07-29 12:49:56.546 I/WifiService( 1921): WifiService trying to set country code to nl with persist set to true
07-29 12:49:56.549 D/MccTable( 3704): updateMccMncConfiguration updateConfig config={1.0 204mcc4mnc ?locale ?layoutDir ?swdp ?wdp ?hdp ?density ?lsize ?long ?orien ?uimode ?night ?touch ?keyb/?/? ?nav/?}
07-29 12:49:56.650 D/MobileDataStateTracker( 1921): dun: Broadcast received: android.intent.action.ANY_DATA_STATE apnType=dun
07-29 12:49:56.654 D/MobileDataStateTracker( 1921): dun: Received state=DISCONNECTED, old=DISCONNECTED, reason=simLoaded
07-29 12:49:56.656 D/MobileDataStateTracker( 1921): supl: Broadcast received: android.intent.action.ANY_DATA_STATE apnType=supl
07-29 12:49:56.659 D/MobileDataStateTracker( 1921): supl: Received state=DISCONNECTED, old=DISCONNECTED, reason=simLoaded
07-29 12:49:56.661 D/MobileDataStateTracker( 1921): hipri: Broadcast received: android.intent.action.ANY_DATA_STATE apnType=hipri
07-29 12:49:56.662 D/MobileDataStateTracker( 1921): hipri: Received state=DISCONNECTED, old=DISCONNECTED, reason=simLoaded
07-29 12:49:56.664 D/MobileDataStateTracker( 1921): default: Broadcast received: android.intent.action.ANY_DATA_STATE apnType=default
07-29 12:49:56.665 D/MobileDataStateTracker( 1921): default: Received state=DISCONNECTED, old=DISCONNECTED, reason=simLoaded
07-29 12:49:56.667 D/MobileDataStateTracker( 1921): mms: Broadcast received: android.intent.action.ANY_DATA_STATE apnType=mms
07-29 12:49:56.668 D/MobileDataStateTracker( 1921): mms: Received state=DISCONNECTED, old=DISCONNECTED, reason=simLoaded
07-29 12:49:56.670 D/MobileDataStateTracker( 1921): dun: Broadcast received: android.intent.action.ANY_DATA_STATE apnType=dun
07-29 12:49:56.671 D/MobileDataStateTracker( 1921): dun: Received state=DISCONNECTED, old=DISCONNECTED, reason=simLoaded
07-29 12:49:56.674 D/MobileDataStateTracker( 1921): supl: Broadcast received: android.intent.action.ANY_DATA_STATE apnType=supl
07-29 12:49:56.675 D/MobileDataStateTracker( 1921): supl: Received state=DISCONNECTED, old=DISCONNECTED, reason=simLoaded
07-29 12:49:56.678 D/MobileDataStateTracker( 1921): hipri: Broadcast received: android.intent.action.ANY_DATA_STATE apnType=hipri
07-29 12:49:56.678 D/MobileDataStateTracker( 1921): hipri: Received state=DISCONNECTED, old=DISCONNECTED, reason=simLoaded
07-29 12:49:56.681 D/MobileDataStateTracker( 1921): default: Broadcast received: android.intent.action.ANY_DATA_STATE apnType=default
07-29 12:49:56.681 D/MobileDataStateTracker( 1921): default: Received state=DISCONNECTED, old=DISCONNECTED, reason=simLoaded
07-29 12:49:56.683 D/MobileDataStateTracker( 1921): mms: Broadcast received: android.intent.action.ANY_DATA_STATE apnType=mms
07-29 12:49:56.684 D/MobileDataStateTracker( 1921): mms: Received state=DISCONNECTED, old=DISCONNECTED, reason=simLoaded
07-29 12:49:56.708 W/BroadcastQueue( 1921): Permission Denial: broadcasting Intent { act=android.intent.action.SIM_STATE_CHANGED flg=0x20000010 (has extras) } from null (pid=3704, uid=1001) is not exported from uid 10061 due to receiver com.kingroot.kinguser/.receiver.BootReceiver
07-29 12:50:23.942 D/PowerManagerService( 1921): userActivityNoUpdateLocked: system_ready = false
07-29 12:50:24.499 D/PowerManagerService( 1921): userActivityNoUpdateLocked: system_ready = false
07-29 12:50:25.511 D/PowerManagerService( 1921): userActivityNoUpdateLocked: system_ready = false
07-29 12:50:26.778 D/PowerManagerService( 1921): userActivityNoUpdateLocked: system_ready = false
07-29 12:50:27.682 D/PowerManagerService( 1921): userActivityNoUpdateLocked: system_ready = false
07-29 12:50:28.368 D/PowerManagerService( 1921): userActivityNoUpdateLocked: system_ready = false
07-29 12:50:31.013 D/PowerManagerService( 1921): userActivityNoUpdateLocked: system_ready = false
07-29 12:50:31.581 D/PowerManagerService( 1921): userActivityNoUpdateLocked: system_ready = false
07-29 12:50:31.693 I/ActivityManager( 1921): START u0 {act=android.intent.action.CALL_PRIVILEGED dat=tel:xxxxxx flg=0x10000000 cmp=com.android.phone/.PrivilegedOutgoingCallBroadcaster (has extras)} from pid 8934
07-29 12:50:31.777 I/ActivityManager( 1921): Delay finish: ch.blackphone.android.securitycenter/.receivers.DisplayPrivacyNotificationsBroadcastReceiver
07-29 12:50:31.780 I/ActivityManager( 1921): Resuming delayed broadcast
07-29 12:50:31.846 I/ActivityManager( 1921): START u0 {act=com.android.phone.SIP_SELECT_PHONE dat=tel:xxxxxx flg=0x10000000 cmp=com.android.phone/.SipCallOptionHandler (has extras)} from pid 3704
07-29 12:50:31.866 W/InputMethodManagerService( 1921): Starting input on non-focused client com.android.internal.view.IInputMethodClient$Stub$Proxy@41cda050 (uid=10006 pid=8934)
07-29 12:50:31.873 I/ActivityManager( 1921): START u0 {flg=0x10800000 cmp=com.android.phone/.ErrorDialogActivity (has extras)} from pid 3704
07-29 12:50:33.390 D/PowerManagerService( 1921): userActivityNoUpdateLocked: system_ready = false
07-29 12:50:33.500 W/InputMethodManagerService( 1921): Window already focused, ignoring focus gain of: com.android.internal.view.IInputMethodClient$Stub$Proxy@41ce1768 attribute=null, token = android.os.BinderProxy@41e84558
07-29 12:50:38.024 D/PowerManagerService( 1921): userActivityNoUpdateLocked: system_ready = false
07-29 12:50:38.633 D/PowerManagerService( 1921): userActivityNoUpdateLocked: system_ready = false
07-29 12:50:45.929 D/PowerManagerService( 1921): userActivityNoUpdateLocked: system_ready = false
07-29 12:50:46.027 I/ActivityManager( 1921): START u0 {flg=0x14000000 cmp=com.android.settings/.Settings$DataUsageSummaryActivity} from pid 3515
07-29 12:50:46.092 I/ActivityManager( 1921): Start proc com.android.settings for activity com.android.settings/.Settings$DataUsageSummaryActivity: pid=9251 uid=1000 gids={41000, 3003, 1028, 1015, 3002, 3001, 2001, 3005, 1010, 1014}
07-29 12:50:48.348 W/SocketClient(  143): write error (Broken pipe)
07-29 12:50:48.368 D/MobileDataStateTracker( 1921): default: setPolicyDataEnable(enabled=true)
07-29 12:50:49.300 D/PowerManagerService( 1921): userActivityNoUpdateLocked: system_ready = false
07-29 12:50:49.303 I/PowerManagerService( 1921): setBrightness mButtonLight, screenBrightness=102
07-29 12:50:49.307 I/PowerManagerService( 1921): setBrightness mButtonLight, screenBrightness=102
07-29 12:50:49.387 W/ViewRootImpl( 1921): Dropping event due to no window focus: KeyEvent { action=ACTION_DOWN, keyCode=KEYCODE_POWER, scanCode=116, metaState=0, flags=0x8, repeatCount=2, eventTime=8581148, downTime=8580596, deviceId=6, source=0x101 }
07-29 12:50:49.393 I/PowerManagerService( 1921): setBrightness mButtonLight, screenBrightness=102
07-29 12:50:49.807 D/PowerManagerService( 1921): userActivityNoUpdateLocked: system_ready = false
07-29 12:50:49.807 I/PowerManagerService( 1921): setBrightness mButtonLight, screenBrightness=102
07-29 12:50:50.086 I/PowerManagerService( 1921): setBrightness mButtonLight, screenBrightness=102
07-29 12:50:50.801 D/PowerManagerService( 1921): userActivityNoUpdateLocked: system_ready = false
07-29 12:50:50.801 I/PowerManagerService( 1921): setBrightness mButtonLight, screenBrightness=102
07-29 12:50:50.982 I/PowerManagerService( 1921): setBrightness mButtonLight, screenBrightness=102
07-29 12:50:50.991 W/InputMethodManagerService( 1921): Window already focused, ignoring focus gain of: com.android.internal.view.IInputMethodClient$Stub$Proxy@4204da60 attribute=null, token = android.os.BinderProxy@41cdaca0
07-29 12:50:51.013 I/PowerManagerService( 1921): setBrightness mButtonLight, screenBrightness=102
07-29 12:50:55.039 I/PowerManagerService( 1921): setBrightness mButtonLight, screenBrightness=102
07-29 12:50:55.664 I/PowerManagerService( 1921): setBrightness mButtonLight, screenBrightness=102
07-29 12:50:55.677 I/PowerManagerService( 1921): setBrightness mButtonLight, screenBrightness=102
07-29 12:50:55.693 D/MobileDataStateTracker( 1921): dun: Broadcast received: android.intent.action.ANY_DATA_STATE apnType=dun
07-29 12:50:55.694 D/MobileDataStateTracker( 1921): dun: Received state=DISCONNECTED, old=DISCONNECTED, reason=radioTurnedOff
07-29 12:50:55.700 D/MobileDataStateTracker( 1921): supl: Broadcast received: android.intent.action.ANY_DATA_STATE apnType=supl
07-29 12:50:55.702 D/MobileDataStateTracker( 1921): supl: Received state=DISCONNECTED, old=DISCONNECTED, reason=radioTurnedOff
07-29 12:50:55.706 D/MobileDataStateTracker( 1921): hipri: Broadcast received: android.intent.action.ANY_DATA_STATE apnType=hipri
07-29 12:50:55.711 D/MobileDataStateTracker( 1921): hipri: Received state=DISCONNECTED, old=DISCONNECTED, reason=radioTurnedOff
07-29 12:50:55.712 D/MobileDataStateTracker( 1921): default: Broadcast received: android.intent.action.ANY_DATA_STATE apnType=default
07-29 12:50:55.713 D/MobileDataStateTracker( 1921): default: Received state=DISCONNECTED, old=DISCONNECTED, reason=radioTurnedOff
07-29 12:50:55.714 D/MobileDataStateTracker( 1921): mms: Broadcast received: android.intent.action.ANY_DATA_STATE apnType=mms
07-29 12:50:55.718 D/MobileDataStateTracker( 1921): mms: Received state=DISCONNECTED, old=DISCONNECTED, reason=radioTurnedOff
07-29 12:50:55.718 D/MobileDataStateTracker( 1921): dun: Broadcast received: android.intent.action.ANY_DATA_STATE apnType=dun
07-29 12:50:55.721 D/MobileDataStateTracker( 1921): dun: Received state=DISCONNECTED, old=DISCONNECTED, reason=radioTurnedOff
07-29 12:50:55.721 D/MobileDataStateTracker( 1921): supl: Broadcast received: android.intent.action.ANY_DATA_STATE apnType=supl
07-29 12:50:55.722 D/MobileDataStateTracker( 1921): supl: Received state=DISCONNECTED, old=DISCONNECTED, reason=radioTurnedOff
07-29 12:50:55.723 D/MobileDataStateTracker( 1921): hipri: Broadcast received: android.intent.action.ANY_DATA_STATE apnType=hipri
07-29 12:50:55.725 I/PowerManagerService( 1921): setBrightness mButtonLight, screenBrightness=102
07-29 12:50:55.726 D/MobileDataStateTracker( 1921): hipri: Received state=DISCONNECTED, old=DISCONNECTED, reason=radioTurnedOff
07-29 12:50:55.727 I/PowerManagerService( 1921): setBrightness mButtonLight, screenBrightness=102
07-29 12:50:55.727 D/MobileDataStateTracker( 1921): default: Broadcast received: android.intent.action.ANY_DATA_STATE apnType=default
07-29 12:50:55.727 I/PowerManagerService( 1921): setBrightness mButtonLight, screenBrightness=102
07-29 12:50:55.729 D/MobileDataStateTracker( 1921): default: Received state=DISCONNECTED, old=DISCONNECTED, reason=radioTurnedOff
07-29 12:50:55.729 I/PowerManagerService( 1921): setBrightness mButtonLight, screenBrightness=102
07-29 12:50:55.730 D/MobileDataStateTracker( 1921): mms: Broadcast received: android.intent.action.ANY_DATA_STATE apnType=mms
07-29 12:50:55.733 D/MobileDataStateTracker( 1921): mms: Received state=DISCONNECTED, old=DISCONNECTED, reason=radioTurnedOff
07-29 12:50:55.746 W/BroadcastQueue( 1921): Permission Denial: broadcasting Intent { act=android.intent.action.SIM_STATE_CHANGED flg=0x20000010 (has extras) } from null (pid=3704, uid=1001) is not exported from uid 10061 due to receiver com.kingroot.kinguser/.receiver.BootReceiver
07-29 12:50:55.748 I/PowerManagerService( 1921): setBrightness mButtonLight, screenBrightness=102
07-29 12:51:07.895 D/PowerManagerService( 1921): userActivityNoUpdateLocked: system_ready = false
07-29 12:51:07.898 I/PowerManagerService( 1921): setBrightness mButtonLight, screenBrightness=102
07-29 12:51:07.910 I/PowerManagerService( 1921): setBrightness mButtonLight, screenBrightness=102
07-29 12:51:07.946 W/ViewRootImpl( 1921): Dropping event due to no window focus: KeyEvent { action=ACTION_DOWN, keyCode=KEYCODE_POWER, scanCode=116, metaState=0, flags=0x8, repeatCount=2, eventTime=8599743, downTime=8599192, deviceId=6, source=0x101 }
07-29 12:51:07.981 I/PowerManagerService( 1921): setBrightness mButtonLight, screenBrightness=102
07-29 12:51:08.971 D/PowerManagerService( 1921): userActivityNoUpdateLocked: system_ready = false
07-29 12:51:08.971 I/PowerManagerService( 1921): setBrightness mButtonLight, screenBrightness=102
07-29 12:51:09.121 I/PowerManagerService( 1921): setBrightness mButtonLight, screenBrightness=102
07-29 12:51:09.128 W/InputMethodManagerService( 1921): Window already focused, ignoring focus gain of: com.android.internal.view.IInputMethodClient$Stub$Proxy@41a15de0 attribute=null, token = android.os.BinderProxy@41cdaca0
07-29 12:51:09.143 I/PowerManagerService( 1921): setBrightness mButtonLight, screenBrightness=102
07-29 12:51:09.152 I/PowerManagerService( 1921): setBrightness mButtonLight, screenBrightness=102
07-29 12:51:09.161 I/PowerManagerService( 1921): setBrightness mButtonLight, screenBrightness=102
07-29 12:51:09.161 I/PowerManagerService( 1921): setBrightness mButtonLight, screenBrightness=102
07-29 12:51:09.162 I/PowerManagerService( 1921): setBrightness mButtonLight, screenBrightness=102
07-29 12:51:09.162 I/PowerManagerService( 1921): setBrightness mButtonLight, screenBrightness=102
07-29 12:51:09.163 I/PowerManagerService( 1921): setBrightness mButtonLight, screenBrightness=102
07-29 12:51:09.164 I/PowerManagerService( 1921): setBrightness mButtonLight, screenBrightness=102
07-29 12:51:09.167 I/PowerManagerService( 1921): setBrightness mButtonLight, screenBrightness=102
07-29 12:51:09.168 I/PowerManagerService( 1921): setBrightness mButtonLight, screenBrightness=102
07-29 12:51:09.168 I/PowerManagerService( 1921): setBrightness mButtonLight, screenBrightness=102
07-29 12:51:09.169 I/PowerManagerService( 1921): setBrightness mButtonLight, screenBrightness=102
07-29 12:51:10.371 I/PowerManagerService( 1921): setBrightness mButtonLight, screenBrightness=102
07-29 12:51:10.397 I/PowerManagerService( 1921): setBrightness mButtonLight, screenBrightness=102
07-29 12:51:10.398 I/PowerManagerService( 1921): setBrightness mButtonLight, screenBrightness=102
07-29 12:51:10.399 I/PowerManagerService( 1921): setBrightness mButtonLight, screenBrightness=102
07-29 12:51:10.399 I/PowerManagerService( 1921): setBrightness mButtonLight, screenBrightness=102
07-29 12:51:10.419 I/PowerManagerService( 1921): setBrightness mButtonLight, screenBrightness=102
07-29 12:51:10.420 I/PowerManagerService( 1921): setBrightness mButtonLight, screenBrightness=102
07-29 12:51:10.420 I/PowerManagerService( 1921): setBrightness mButtonLight, screenBrightness=102
07-29 12:51:10.421 I/PowerManagerService( 1921): setBrightness mButtonLight, screenBrightness=102
07-29 12:51:10.421 I/PowerManagerService( 1921): setBrightness mButtonLight, screenBrightness=102
07-29 12:51:10.422 I/PowerManagerService( 1921): setBrightness mButtonLight, screenBrightness=102
07-29 12:51:10.426 I/PowerManagerService( 1921): setBrightness mButtonLight, screenBrightness=102
07-29 12:51:10.428 I/PowerManagerService( 1921): setBrightness mButtonLight, screenBrightness=102
07-29 12:51:10.428 I/PowerManagerService( 1921): setBrightness mButtonLight, screenBrightness=102
07-29 12:51:10.429 I/PowerManagerService( 1921): setBrightness mButtonLight, screenBrightness=102
07-29 12:51:10.431 I/PowerManagerService( 1921): setBrightness mButtonLight, screenBrightness=102
07-29 12:51:10.432 I/PowerManagerService( 1921): setBrightness mButtonLight, screenBrightness=102
07-29 12:51:10.433 I/PowerManagerService( 1921): setBrightness mButtonLight, screenBrightness=102
07-29 12:51:10.434 I/PowerManagerService( 1921): setBrightness mButtonLight, screenBrightness=102
07-29 12:51:10.434 I/PowerManagerService( 1921): setBrightness mButtonLight, screenBrightness=102
07-29 12:51:10.435 I/PowerManagerService( 1921): setBrightness mButtonLight, screenBrightness=102
07-29 12:51:10.436 I/PowerManagerService( 1921): setBrightness mButtonLight, screenBrightness=102
07-29 12:51:10.437 I/PowerManagerService( 1921): setBrightness mButtonLight, screenBrightness=102
07-29 12:51:10.438 I/PowerManagerService( 1921): setBrightness mButtonLight, screenBrightness=102
07-29 12:51:10.438 I/PowerManagerService( 1921): setBrightness mButtonLight, screenBrightness=102
07-29 12:51:10.441 I/PowerManagerService( 1921): setBrightness mButtonLight, screenBrightness=102
07-29 12:51:10.442 I/PowerManagerService( 1921): setBrightness mButtonLight, screenBrightness=102
07-29 12:51:10.442 I/PowerManagerService( 1921): setBrightness mButtonLight, screenBrightness=102
07-29 12:51:10.443 I/PowerManagerService( 1921): setBrightness mButtonLight, screenBrightness=102
07-29 12:51:10.444 I/PowerManagerService( 1921): setBrightness mButtonLight, screenBrightness=102
07-29 12:51:10.445 I/PowerManagerService( 1921): setBrightness mButtonLight, screenBrightness=102
07-29 12:51:10.446 I/PowerManagerService( 1921): setBrightness mButtonLight, screenBrightness=102
07-29 12:51:10.446 I/PowerManagerService( 1921): setBrightness mButtonLight, screenBrightness=102
07-29 12:51:10.447 I/PowerManagerService( 1921): setBrightness mButtonLight, screenBrightness=102
07-29 12:51:10.447 I/PowerManagerService( 1921): setBrightness mButtonLight, screenBrightness=102
07-29 12:51:10.448 I/PowerManagerService( 1921): setBrightness mButtonLight, screenBrightness=102
07-29 12:51:10.455 I/PowerManagerService( 1921): setBrightness mButtonLight, screenBrightness=102
07-29 12:51:10.456 W/BroadcastQueue( 1921): Permission Denial: broadcasting Intent { act=android.intent.action.SIM_STATE_CHANGED flg=0x20000010 (has extras) } from null (pid=3704, uid=1001) is not exported from uid 10061 due to receiver com.kingroot.kinguser/.receiver.BootReceiver
07-29 12:51:10.461 I/PowerManagerService( 1921): setBrightness mButtonLight, screenBrightness=102
07-29 12:51:10.474 D/MccTable( 3704): updateMccMncConfiguration: mcc=204, mnc=4
07-29 12:51:10.474 D/MccTable( 3704): getLocaleFromMcc to nl_nl mcc=204
07-29 12:51:10.474 D/MccTable( 3704): getLocaleForLanguageCountry: skipping already persisted
07-29 12:51:10.474 D/MccTable( 3704): getLocaleForLanguageCountry: X locale=null
07-29 12:51:10.475 D/MccTable( 3704): WIFI_COUNTRY_CODE set to nl
07-29 12:51:10.475 I/PowerManagerService( 1921): setBrightness mButtonLight, screenBrightness=102
07-29 12:51:10.475 I/WifiService( 1921): WifiService trying to set country code to nl with persist set to true
07-29 12:51:10.476 D/MccTable( 3704): updateMccMncConfiguration updateConfig config={1.0 204mcc4mnc ?locale ?layoutDir ?swdp ?wdp ?hdp ?density ?lsize ?long ?orien ?uimode ?night ?touch ?keyb/?/? ?nav/?}
07-29 12:51:10.490 W/BroadcastQueue( 1921): Permission Denial: broadcasting Intent { act=android.intent.action.SIM_STATE_CHANGED flg=0x20000010 (has extras) } from null (pid=3704, uid=1001) is not exported from uid 10061 due to receiver com.kingroot.kinguser/.receiver.BootReceiver
07-29 12:51:10.573 I/PowerManagerService( 1921): setBrightness mButtonLight, screenBrightness=102
07-29 12:51:10.899 I/PowerManagerService( 1921): setBrightness mButtonLight, screenBrightness=102
07-29 12:51:10.901 I/PowerManagerService( 1921): setBrightness mButtonLight, screenBrightness=102
07-29 12:51:11.074 I/PowerManagerService( 1921): setBrightness mButtonLight, screenBrightness=102
07-29 12:51:11.078 I/PowerManagerService( 1921): setBrightness mButtonLight, screenBrightness=102
07-29 12:51:11.139 I/PowerManagerService( 1921): setBrightness mButtonLight, screenBrightness=102
07-29 12:51:11.190 I/PowerManagerService( 1921): setBrightness mButtonLight, screenBrightness=102
07-29 12:51:11.297 I/PowerManagerService( 1921): setBrightness mButtonLight, screenBrightness=102
07-29 12:51:11.389 I/PowerManagerService( 1921): setBrightness mButtonLight, screenBrightness=102
07-29 12:51:11.562 I/PowerManagerService( 1921): setBrightness mButtonLight, screenBrightness=102
07-29 12:51:11.603 I/PowerManagerService( 1921): setBrightness mButtonLight, screenBrightness=102
07-29 12:51:11.653 I/PowerManagerService( 1921): setBrightness mButtonLight, screenBrightness=102
07-29 12:51:11.705 D/MccTable( 3704): updateMccMncConfiguration: mcc=204, mnc=4
07-29 12:51:11.706 D/MccTable( 3704): getLocaleFromMcc to nl_nl mcc=204
07-29 12:51:11.706 D/MccTable( 3704): getLocaleForLanguageCountry: skipping already persisted
07-29 12:51:11.706 D/MccTable( 3704): getLocaleForLanguageCountry: X locale=null
07-29 12:51:11.706 D/MccTable( 3704): WIFI_COUNTRY_CODE set to nl
07-29 12:51:11.708 I/WifiService( 1921): WifiService trying to set country code to nl with persist set to true
07-29 12:51:11.710 D/MccTable( 3704): updateMccMncConfiguration updateConfig config={1.0 204mcc4mnc ?locale ?layoutDir ?swdp ?wdp ?hdp ?density ?lsize ?long ?orien ?uimode ?night ?touch ?keyb/?/? ?nav/?}
07-29 12:51:11.794 I/PowerManagerService( 1921): setBrightness mButtonLight, screenBrightness=102
07-29 12:51:11.798 D/MobileDataStateTracker( 1921): dun: Broadcast received: android.intent.action.ANY_DATA_STATE apnType=dun
07-29 12:51:11.800 D/MobileDataStateTracker( 1921): dun: Received state=DISCONNECTED, old=DISCONNECTED, reason=simLoaded
07-29 12:51:11.806 D/MobileDataStateTracker( 1921): supl: Broadcast received: android.intent.action.ANY_DATA_STATE apnType=supl
07-29 12:51:11.809 D/MobileDataStateTracker( 1921): supl: Received state=DISCONNECTED, old=DISCONNECTED, reason=simLoaded
07-29 12:51:11.812 D/MobileDataStateTracker( 1921): hipri: Broadcast received: android.intent.action.ANY_DATA_STATE apnType=hipri
07-29 12:51:11.812 D/MobileDataStateTracker( 1921): hipri: Received state=DISCONNECTED, old=DISCONNECTED, reason=simLoaded
07-29 12:51:11.815 D/MobileDataStateTracker( 1921): default: Broadcast received: android.intent.action.ANY_DATA_STATE apnType=default
07-29 12:51:11.815 D/MobileDataStateTracker( 1921): default: Received state=DISCONNECTED, old=DISCONNECTED, reason=simLoaded
07-29 12:51:11.818 D/MobileDataStateTracker( 1921): mms: Broadcast received: android.intent.action.ANY_DATA_STATE apnType=mms
07-29 12:51:11.819 D/MobileDataStateTracker( 1921): mms: Received state=DISCONNECTED, old=DISCONNECTED, reason=simLoaded
07-29 12:51:11.822 D/MobileDataStateTracker( 1921): dun: Broadcast received: android.intent.action.ANY_DATA_STATE apnType=dun
07-29 12:51:11.823 D/MobileDataStateTracker( 1921): dun: Received state=DISCONNECTED, old=DISCONNECTED, reason=simLoaded
07-29 12:51:11.825 D/MobileDataStateTracker( 1921): supl: Broadcast received: android.intent.action.ANY_DATA_STATE apnType=supl
07-29 12:51:11.826 D/MobileDataStateTracker( 1921): supl: Received state=DISCONNECTED, old=DISCONNECTED, reason=simLoaded
07-29 12:51:11.828 D/MobileDataStateTracker( 1921): hipri: Broadcast received: android.intent.action.ANY_DATA_STATE apnType=hipri
07-29 12:51:11.829 D/MobileDataStateTracker( 1921): hipri: Received state=DISCONNECTED, old=DISCONNECTED, reason=simLoaded
07-29 12:51:11.832 D/MobileDataStateTracker( 1921): default: Broadcast received: android.intent.action.ANY_DATA_STATE apnType=default
07-29 12:51:11.832 D/MobileDataStateTracker( 1921): default: Received state=DISCONNECTED, old=DISCONNECTED, reason=simLoaded
07-29 12:51:11.835 D/MobileDataStateTracker( 1921): mms: Broadcast received: android.intent.action.ANY_DATA_STATE apnType=mms
07-29 12:51:11.836 D/MobileDataStateTracker( 1921): mms: Received state=DISCONNECTED, old=DISCONNECTED, reason=simLoaded
07-29 12:51:11.864 W/BroadcastQueue( 1921): Permission Denial: broadcasting Intent { act=android.intent.action.SIM_STATE_CHANGED flg=0x20000010 (has extras) } from null (pid=3704, uid=1001) is not exported from uid 10061 due to receiver com.kingroot.kinguser/.receiver.BootReceiver
07-29 12:51:13.177 I/PowerManagerService( 1921): setBrightness mButtonLight, screenBrightness=102
07-29 12:51:33.957 I/ActivityManager( 1921): Config changes=480 {1.0 204mcc4mnc en ldltr sw360dp w640dp h335dp 320dpi nrml long land finger -keyb/v/h -nav/h s.9}
07-29 12:51:34.180 I/WindowManager( 1921): Screen frozen for +285ms due to Window{42088aa0 u0 com.android.settings/com.android.settings.Settings$DataUsageSummaryActivity}
07-29 12:51:34.484 D/PowerManagerService( 1921): userActivityNoUpdateLocked: system_ready = false
07-29 12:51:35.443 D/PowerManagerService( 1921): userActivityNoUpdateLocked: system_ready = false
07-29 12:51:35.871 I/ActivityManager( 1921): Config changes=480 {1.0 204mcc4mnc en ldltr sw360dp w360dp h615dp 320dpi nrml long port finger -keyb/v/h -nav/h s.10}
07-29 12:51:36.097 I/WindowManager( 1921): Screen frozen for +246ms due to Window{42126f88 u0 com.android.settings/com.android.settings.Settings$DataUsageSummaryActivity}
07-29 12:51:36.114 D/MobileDataStateTracker( 1921): default: setPolicyDataEnable(enabled=true)
07-29 12:51:37.572 D/PowerManagerService( 1921): userActivityNoUpdateLocked: system_ready = false
07-29 12:51:38.021 D/MobileDataStateTracker( 1921): default: setPolicyDataEnable(enabled=true)
07-29 12:51:40.887 D/PowerManagerService( 1921): userActivityNoUpdateLocked: system_ready = false
07-29 12:51:41.005 I/ActivityManager( 1921): START u0 {flg=0x10008000 cmp=ch.blackphone.android.securitycenter/.AppPermissionsDetailsActivity bnds=[0,242][720,370] (has extras)} from pid -1
07-29 12:51:41.083 W/KeyguardTouchDelegate( 3515): dismiss(): NO SERVICE!
07-29 12:51:41.087 V/KeyguardTouchDelegate( 3515): Connected to keyguard
07-29 12:51:42.875 D/PowerManagerService( 1921): userActivityNoUpdateLocked: system_ready = false
07-29 12:51:45.134 D/PowerManagerService( 1921): userActivityNoUpdateLocked: system_ready = false
07-29 12:51:46.115 D/PowerManagerService( 1921): userActivityNoUpdateLocked: system_ready = false
07-29 12:51:46.745 D/PowerManagerService( 1921): userActivityNoUpdateLocked: system_ready = false
07-29 12:51:46.868 I/ActivityManager( 1921): START u0 {act=android.intent.action.MAIN flg=0x10200000 cmp=com.android.phone/.NetworkSetting bnds=[0,102][720,230]} from pid -1
07-29 12:51:47.290 D/MobileDataStateTracker( 1921): default: setPolicyDataEnable(enabled=true)
07-29 12:52:01.582 D/PowerManagerService( 1921): userActivityNoUpdateLocked: system_ready = false
07-29 12:52:02.091 D/PowerManagerService( 1921): userActivityNoUpdateLocked: system_ready = false
07-29 12:52:03.188 D/PowerManagerService( 1921): userActivityNoUpdateLocked: system_ready = false
07-29 12:52:03.797 D/PowerManagerService( 1921): userActivityNoUpdateLocked: system_ready = false
07-29 12:52:04.386 D/PowerManagerService( 1921): userActivityNoUpdateLocked: system_ready = false
07-29 12:52:05.158 D/PowerManagerService( 1921): userActivityNoUpdateLocked: system_ready = false
07-29 12:52:06.709 D/PowerManagerService( 1921): userActivityNoUpdateLocked: system_ready = false
07-29 12:52:07.860 D/PowerManagerService( 1921): userActivityNoUpdateLocked: system_ready = false
07-29 12:52:08.365 D/PowerManagerService( 1921): userActivityNoUpdateLocked: system_ready = false
07-29 12:52:08.870 D/PowerManagerService( 1921): userActivityNoUpdateLocked: system_ready = false
07-29 12:52:09.376 D/PowerManagerService( 1921): userActivityNoUpdateLocked: system_ready = false
07-29 12:52:10.459 D/PowerManagerService( 1921): userActivityNoUpdateLocked: system_ready = false
07-29 12:52:12.304 D/PowerManagerService( 1921): userActivityNoUpdateLocked: system_ready = false
07-29 12:52:12.892 D/PowerManagerService( 1921): userActivityNoUpdateLocked: system_ready = false
07-29 12:52:13.439 D/PowerManagerService( 1921): userActivityNoUpdateLocked: system_ready = false
07-29 12:52:14.541 D/PowerManagerService( 1921): userActivityNoUpdateLocked: system_ready = false
07-29 12:52:16.027 I/ActivityManager( 1921): Delay finish: com.android.providers.calendar/.CalendarProviderBroadcastReceiver
07-29 12:52:16.029 I/ActivityManager( 1921): Resuming delayed broadcast
07-29 12:52:30.735 W/InputMethodManagerService( 1921): Window already focused, ignoring focus gain of: com.android.internal.view.IInputMethodClient$Stub$Proxy@41fd6188 attribute=null, token = android.os.BinderProxy@42026188
07-29 12:52:48.092 D/PowerManagerService( 1921): userActivityNoUpdateLocked: system_ready = false
07-29 12:52:48.093 I/PowerManagerService( 1921): setBrightness mButtonLight, screenBrightness=102
07-29 12:52:48.154 D/PowerManagerService( 1921): userActivityNoUpdateLocked: system_ready = false
07-29 12:52:48.154 I/PowerManagerService( 1921): setBrightness mButtonLight, screenBrightness=102
07-29 12:52:48.155 I/ActivityManager( 1921): START u0 {act=android.intent.action.MAIN cat=[android.intent.category.HOME] flg=0x10200000 cmp=com.android.launcher/com.android.launcher2.Launcher} from pid 1921
07-29 12:52:48.157 I/PowerManagerService( 1921): setBrightness mButtonLight, screenBrightness=102
07-29 12:52:48.177 I/ActivityManager( 1921): Killing 6962:com.android.printspooler/u0a47 (adj 15): empty for 5645s
07-29 12:52:48.205 I/PowerManagerService( 1921): setBrightness mButtonLight, screenBrightness=102
07-29 12:52:48.230 I/PowerManagerService( 1921): setBrightness mButtonLight, screenBrightness=102
07-29 12:52:49.277 D/PowerManagerService( 1921): userActivityNoUpdateLocked: system_ready = false
07-29 12:52:49.277 I/PowerManagerService( 1921): setBrightness mButtonLight, screenBrightness=102
07-29 12:52:49.949 D/PowerManagerService( 1921): userActivityNoUpdateLocked: system_ready = false
07-29 12:52:49.949 I/PowerManagerService( 1921): setBrightness mButtonLight, screenBrightness=102
07-29 12:52:49.982 I/PowerManagerService( 1921): setBrightness mButtonLight, screenBrightness=102
07-29 12:52:50.672 D/PowerManagerService( 1921): userActivityNoUpdateLocked: system_ready = false
07-29 12:52:50.673 I/PowerManagerService( 1921): setBrightness mButtonLight, screenBrightness=102
07-29 12:52:51.024 W/InputMethodManagerService( 1921): Window already focused, ignoring focus gain of: com.android.internal.view.IInputMethodClient$Stub$Proxy@41e6dd48 attribute=null, token = android.os.BinderProxy@41deb578
07-29 12:52:51.731 D/PowerManagerService( 1921): userActivityNoUpdateLocked: system_ready = false
07-29 12:52:51.731 I/PowerManagerService( 1921): setBrightness mButtonLight, screenBrightness=102
07-29 12:52:51.734 I/PowerManagerService( 1921): setBrightness mButtonLight, screenBrightness=102
07-29 12:52:51.835 I/PowerManagerService( 1921): setBrightness mButtonLight, screenBrightness=102
07-29 12:52:53.069 D/PowerManagerService( 1921): userActivityNoUpdateLocked: system_ready = false
07-29 12:52:53.069 I/PowerManagerService( 1921): setBrightness mButtonLight, screenBrightness=102
07-29 12:52:53.162 I/ActivityManager( 1921): START u0 {act=android.intent.action.MAIN cat=[android.intent.category.LAUNCHER] flg=0x10200000 cmp=com.android.dialer/.DialtactsActivity} from pid 3723
07-29 12:52:53.167 I/PowerManagerService( 1921): setBrightness mButtonLight, screenBrightness=102
07-29 12:52:53.252 I/PowerManagerService( 1921): setBrightness mButtonLight, screenBrightness=102
07-29 12:52:54.381 D/PowerManagerService( 1921): userActivityNoUpdateLocked: system_ready = false
07-29 12:52:54.381 I/PowerManagerService( 1921): setBrightness mButtonLight, screenBrightness=102
07-29 12:52:55.912 D/PowerManagerService( 1921): userActivityNoUpdateLocked: system_ready = false
07-29 12:52:55.912 I/PowerManagerService( 1921): setBrightness mButtonLight, screenBrightness=102
07-29 12:52:58.982 D/PowerManagerService( 1921): userActivityNoUpdateLocked: system_ready = false
07-29 12:52:59.910 D/PowerManagerService( 1921): userActivityNoUpdateLocked: system_ready = false
07-29 12:53:00.457 D/PowerManagerService( 1921): userActivityNoUpdateLocked: system_ready = false
07-29 12:53:02.245 D/PowerManagerService( 1921): userActivityNoUpdateLocked: system_ready = false
07-29 12:53:03.672 D/PowerManagerService( 1921): userActivityNoUpdateLocked: system_ready = false
07-29 12:53:03.795 W/InputMethodManagerService( 1921): Window already focused, ignoring focus gain of: com.android.internal.view.IInputMethodClient$Stub$Proxy@41ce45c8 attribute=null, token = android.os.BinderProxy@41d2df80
07-29 12:53:04.493 D/PowerManagerService( 1921): userActivityNoUpdateLocked: system_ready = false
07-29 12:53:15.400 D/PowerManagerService( 1921): userActivityNoUpdateLocked: system_ready = false
07-29 12:53:16.689 D/PowerManagerService( 1921): userActivityNoUpdateLocked: system_ready = false
07-29 12:53:17.364 D/PowerManagerService( 1921): userActivityNoUpdateLocked: system_ready = false
07-29 12:53:17.952 D/PowerManagerService( 1921): userActivityNoUpdateLocked: system_ready = false
07-29 12:53:21.883 D/PowerManagerService( 1921): userActivityNoUpdateLocked: system_ready = false
07-29 12:53:22.387 D/PowerManagerService( 1921): userActivityNoUpdateLocked: system_ready = false
07-29 12:53:22.892 D/PowerManagerService( 1921): userActivityNoUpdateLocked: system_ready = false
07-29 12:53:23.751 D/PowerManagerService( 1921): userActivityNoUpdateLocked: system_ready = false
07-29 12:53:24.287 D/PowerManagerService( 1921): userActivityNoUpdateLocked: system_ready = false
07-29 12:53:25.201 D/PowerManagerService( 1921): userActivityNoUpdateLocked: system_ready = false
07-29 12:53:30.544 D/PowerManagerService( 1921): userActivityNoUpdateLocked: system_ready = false
07-29 12:53:31.177 D/PowerManagerService( 1921): userActivityNoUpdateLocked: system_ready = false
07-29 12:53:31.738 D/PowerManagerService( 1921): userActivityNoUpdateLocked: system_ready = false
07-29 12:53:32.358 D/PowerManagerService( 1921): userActivityNoUpdateLocked: system_ready = false
07-29 12:53:38.374 D/PowerManagerService( 1921): userActivityNoUpdateLocked: system_ready = false
07-29 12:53:39.593 D/PowerManagerService( 1921): userActivityNoUpdateLocked: system_ready = false
07-29 12:53:40.672 D/PowerManagerService( 1921): userActivityNoUpdateLocked: system_ready = false
07-29 12:53:40.678 I/ActivityManager( 1921): START u0 {act=android.settings.SHOW_REGULATORY_INFO cmp=com.android.settings/.RegulatoryInfoDisplayActivity} from pid 8934
07-29 12:53:40.710 W/ActivityManager( 1921): Duplicate finish request for ActivityRecord{41dcf3a8 u0 com.android.settings/.RegulatoryInfoDisplayActivity t4 f}
07-29 12:53:40.755 W/InputMethodManagerService( 1921): Window already focused, ignoring focus gain of: com.android.internal.view.IInputMethodClient$Stub$Proxy@41cb23b8 attribute=null, token = android.os.BinderProxy@41d2df80
07-29 12:53:44.994 D/PowerManagerService( 1921): userActivityNoUpdateLocked: system_ready = false
07-29 12:53:45.503 D/PowerManagerService( 1921): userActivityNoUpdateLocked: system_ready = false
07-29 12:53:46.205 W/InputMethodManagerService( 1921): Window already focused, ignoring focus gain of: com.android.internal.view.IInputMethodClient$Stub$Proxy@41e71ca0 attribute=null, token = android.os.BinderProxy@41d2df80
07-29 12:53:46.424 D/PowerManagerService( 1921): userActivityNoUpdateLocked: system_ready = false
07-29 12:53:46.933 D/PowerManagerService( 1921): userActivityNoUpdateLocked: system_ready = false
07-29 12:53:47.814 D/PowerManagerService( 1921): userActivityNoUpdateLocked: system_ready = false
07-29 12:53:55.998 D/PowerManagerService( 1921): userActivityNoUpdateLocked: system_ready = false
07-29 12:53:57.745 D/PowerManagerService( 1921): userActivityNoUpdateLocked: system_ready = false
07-29 12:53:58.777 D/PowerManagerService( 1921): userActivityNoUpdateLocked: system_ready = false
07-29 12:53:59.283 D/PowerManagerService( 1921): userActivityNoUpdateLocked: system_ready = false
07-29 12:54:01.716 D/PowerManagerService( 1921): userActivityNoUpdateLocked: system_ready = false
07-29 12:54:04.713 D/PowerManagerService( 1921): userActivityNoUpdateLocked: system_ready = false
07-29 12:54:05.263 D/PowerManagerService( 1921): userActivityNoUpdateLocked: system_ready = false
07-29 12:54:10.991 D/PowerManagerService( 1921): userActivityNoUpdateLocked: system_ready = false
07-29 12:54:11.809 D/WifiController( 1921): battery changed pluggedType: 2
07-29 12:54:11.828 D/PowerManagerService( 1921): userActivityNoUpdateLocked: system_ready = false
07-29 12:54:12.525 D/PowerManagerService( 1921): userActivityNoUpdateLocked: system_ready = false
07-29 12:54:13.149 D/PowerManagerService( 1921): userActivityNoUpdateLocked: system_ready = false
07-29 12:54:20.387 D/PowerManagerService( 1921): userActivityNoUpdateLocked: system_ready = false
07-29 12:54:20.958 D/PowerManagerService( 1921): userActivityNoUpdateLocked: system_ready = false
07-29 12:54:21.796 D/PowerManagerService( 1921): userActivityNoUpdateLocked: system_ready = false
07-29 12:54:22.593 D/PowerManagerService( 1921): userActivityNoUpdateLocked: system_ready = false
07-29 12:54:23.357 D/PowerManagerService( 1921): userActivityNoUpdateLocked: system_ready = false
07-29 12:54:26.635 D/PowerManagerService( 1921): userActivityNoUpdateLocked: system_ready = false
07-29 12:54:27.195 D/PowerManagerService( 1921): userActivityNoUpdateLocked: system_ready = false
07-29 12:54:27.717 D/PowerManagerService( 1921): userActivityNoUpdateLocked: system_ready = false
07-29 12:54:28.299 D/PowerManagerService( 1921): userActivityNoUpdateLocked: system_ready = false
07-29 12:54:30.558 D/PowerManagerService( 1921): userActivityNoUpdateLocked: system_ready = false
07-29 12:54:31.164 D/PowerManagerService( 1921): userActivityNoUpdateLocked: system_ready = false
07-29 12:54:31.731 D/PowerManagerService( 1921): userActivityNoUpdateLocked: system_ready = false
07-29 12:54:32.503 D/PowerManagerService( 1921): userActivityNoUpdateLocked: system_ready = false
07-29 12:54:33.095 D/PowerManagerService( 1921): userActivityNoUpdateLocked: system_ready = false
07-29 12:54:33.666 D/PowerManagerService( 1921): userActivityNoUpdateLocked: system_ready = false
07-29 12:54:34.248 D/PowerManagerService( 1921): userActivityNoUpdateLocked: system_ready = false
07-29 12:54:48.517 D/PowerManagerService( 1921): userActivityNoUpdateLocked: system_ready = false
07-29 12:54:49.264 D/PowerManagerService( 1921): userActivityNoUpdateLocked: system_ready = false
07-29 12:54:50.142 D/PowerManagerService( 1921): userActivityNoUpdateLocked: system_ready = false
07-29 12:54:51.127 D/PowerManagerService( 1921): userActivityNoUpdateLocked: system_ready = false
07-29 12:54:51.944 D/PowerManagerService( 1921): userActivityNoUpdateLocked: system_ready = false
07-29 12:54:52.511 D/PowerManagerService( 1921): userActivityNoUpdateLocked: system_ready = false
07-29 12:54:53.100 D/PowerManagerService( 1921): userActivityNoUpdateLocked: system_ready = false
07-29 12:54:53.775 D/PowerManagerService( 1921): userActivityNoUpdateLocked: system_ready = false
07-29 12:54:54.342 D/PowerManagerService( 1921): userActivityNoUpdateLocked: system_ready = false
07-29 12:54:55.294 D/PowerManagerService( 1921): userActivityNoUpdateLocked: system_ready = false
07-29 12:54:55.803 D/PowerManagerService( 1921): userActivityNoUpdateLocked: system_ready = false
07-29 12:54:57.963 D/PowerManagerService( 1921): userActivityNoUpdateLocked: system_ready = false
07-29 12:54:58.033 W/InputMethodManagerService( 1921): Window already focused, ignoring focus gain of: com.android.internal.view.IInputMethodClient$Stub$Proxy@41d63a10 attribute=null, token = android.os.BinderProxy@41d2df80
