07-29 14:18:43.239 I/ICEUTIL (  163): WakelockActuate: writing fildLock to /sys/power/wake_lock
07-29 14:18:43.239 D/FILD    (  163): OBEX: Core: Received packet: 0x82 0x41 0x3e 0x3b 0x1
07-29 14:18:43.239 D/FILD    (  163): OBEX: Core: Received packet: 0x82 0x41 0x3e 0x3 0x49
07-29 14:18:43.239 D/FILD    (  163): OBEX: Core: obex_CoreSendSimplePacket: 0xa0 0x3
07-29 14:18:43.239 I/ICEUTIL (  163): WakelockActuate: writing fildLock to /sys/power/wake_unlock
07-29 14:18:43.240 I/ICEUTIL (  163): WakelockActuate: writing fildLock to /sys/power/wake_lock
07-29 14:18:43.240 D/FILD    (  163): OBEX: Core: Received packet: 0x2 0x3e 0x3b 0x3b 0x1
07-29 14:18:43.240 D/FILD    (  163): OBEX: Core: obex_CoreSendSimplePacket: 0x90 0x3
07-29 14:18:43.240 I/ICEUTIL (  163): WakelockActuate: writing fildLock to /sys/power/wake_unlock
07-29 14:18:43.240 I/ICEUTIL (  163): WakelockActuate: writing fildLock to /sys/power/wake_lock
07-29 14:18:43.240 D/FILD    (  163): OBEX: Core: Received packet: 0x82 0x198 0x195 0x195 0x49
07-29 14:18:43.240 I/FILD    (  163): OBEX: File: HandleBodyEndOfBodyHeaders: write in /data/rfs/data/modem/transaction.log
07-29 14:18:43.240 D/FILD    (  163): OBEX: Core: obex_CoreSendSimplePacket: 0xa0 0x3
07-29 14:18:43.241 I/ICEUTIL (  163): WakelockActuate: writing fildLock to /sys/power/wake_unlock
07-29 14:18:43.241 I/ICEUTIL (  163): WakelockActuate: writing fildLock to /sys/power/wake_lock
07-29 14:18:43.241 D/FILD    (  163): OBEX: Core: Received packet: 0x2 0x5a 0x57 0x57 0x1
07-29 14:18:43.241 D/FILD    (  163): OBEX: Core: obex_CoreSendSimplePacket: 0x90 0x3
07-29 14:18:43.241 I/ICEUTIL (  163): WakelockActuate: writing fildLock to /sys/power/wake_unlock
07-29 14:18:43.241 I/ICEUTIL (  163): WakelockActuate: writing fildLock to /sys/power/wake_lock
07-29 14:18:43.241 D/FILD    (  163): OBEX: Core: Received packet: 0x82 0x116 0x113 0x113 0x49
07-29 14:18:43.241 I/FILD    (  163): OBEX: File: HandleBodyEndOfBodyHeaders: write in /data/rfs/data/modem/NRAM2_ABMM_WRITEABLE_DATA.bin
07-29 14:18:43.241 D/FILD    (  163): OBEX: Core: obex_CoreSendSimplePacket: 0xa0 0x3
07-29 14:18:43.241 I/ICEUTIL (  163): WakelockActuate: writing fildLock to /sys/power/wake_unlock
07-29 14:18:43.242 I/ICEUTIL (  163): WakelockActuate: writing fildLock to /sys/power/wake_lock
07-29 14:18:43.242 D/FILD    (  163): OBEX: Core: Received packet: 0x82 0x3e 0x3b 0x3b 0x1
07-29 14:18:43.242 I/FILD    (  163): OBEX: File: HandlePutRequest: removing /data/rfs/data/modem/transaction.log
07-29 14:18:43.242 D/FILD    (  163): OBEX: Core: obex_CoreSendSimplePacket: 0xa0 0x3
07-29 14:18:43.242 I/ICEUTIL (  163): WakelockActuate: writing fildLock to /sys/power/wake_unlock
07-29 14:18:43.243 I/ICEUTIL (  163): WakelockActuate: writing fildLock to /sys/power/wake_lock
07-29 14:18:43.243 D/FILD    (  163): OBEX: Core: Received packet: 0x3 0x3e 0x3b 0x3b 0x1
07-29 14:18:43.243 I/FILD    (  163): OBEX: File: HandleFirstGetResponse: File /data/rfs/data/modem/transaction.log not found.
07-29 14:18:43.243 D/FILD    (  163): OBEX: Core: obex_CoreSendSimplePacket: 0xd0 0x3
07-29 14:18:43.243 I/ICEUTIL (  163): WakelockActuate: writing fildLock to /sys/power/wake_unlock
07-29 14:18:43.243 I/ICEUTIL (  163): WakelockActuate: writing fildLock to /sys/power/wake_lock
07-29 14:18:43.244 D/FILD    (  163): OBEX: Core: Received packet: 0x3 0x3e 0x3b 0x3b 0x1
07-29 14:18:43.244 I/FILD    (  163): OBEX: File: HandleFirstGetResponse: File /data/rfs/data/modem/transaction.log not found.
07-29 14:18:43.244 D/FILD    (  163): OBEX: Core: obex_CoreSendSimplePacket: 0xd0 0x3
07-29 14:18:43.244 I/ICEUTIL (  163): WakelockActuate: writing fildLock to /sys/power/wake_unlock
07-29 14:18:43.244 I/ICEUTIL (  163): WakelockActuate: writing fildLock to /sys/power/wake_lock
07-29 14:18:43.244 D/FILD    (  163): OBEX: Core: Received packet: 0x82 0x41 0x3e 0x3b 0x1
07-29 14:18:43.244 D/FILD    (  163): OBEX: Core: Received packet: 0x82 0x41 0x3e 0x3 0x49
07-29 14:18:43.244 D/FILD    (  163): OBEX: Core: obex_CoreSendSimplePacket: 0xa0 0x3
07-29 14:18:43.244 I/ICEUTIL (  163): WakelockActuate: writing fildLock to /sys/power/wake_unlock
07-29 14:18:43.245 I/ICEUTIL (  163): WakelockActuate: writing fildLock to /sys/power/wake_lock
07-29 14:18:43.245 D/FILD    (  163): OBEX: Core: Received packet: 0x2 0x3e 0x3b 0x3b 0x1
07-29 14:18:43.245 D/FILD    (  163): OBEX: Core: obex_CoreSendSimplePacket: 0x90 0x3
07-29 14:18:43.245 I/ICEUTIL (  163): WakelockActuate: writing fildLock to /sys/power/wake_unlock
07-29 14:18:43.245 I/ICEUTIL (  163): WakelockActuate: writing fildLock to /sys/power/wake_lock
07-29 14:18:43.245 D/FILD    (  163): OBEX: Core: Received packet: 0x82 0x198 0x195 0x195 0x49
07-29 14:18:43.245 I/FILD    (  163): OBEX: File: HandleBodyEndOfBodyHeaders: write in /data/rfs/data/modem/transaction.log
07-29 14:18:43.245 D/FILD    (  163): OBEX: Core: obex_CoreSendSimplePacket: 0xa0 0x3
07-29 14:18:43.245 I/ICEUTIL (  163): WakelockActuate: writing fildLock to /sys/power/wake_unlock
07-29 14:18:43.246 I/ICEUTIL (  163): WakelockActuate: writing fildLock to /sys/power/wake_lock
07-29 14:18:43.246 D/FILD    (  163): OBEX: Core: Received packet: 0x2 0x5a 0x57 0x57 0x1
07-29 14:18:43.246 D/FILD    (  163): OBEX: Core: obex_CoreSendSimplePacket: 0x90 0x3
07-29 14:18:43.246 I/ICEUTIL (  163): WakelockActuate: writing fildLock to /sys/power/wake_unlock
07-29 14:18:43.246 I/ICEUTIL (  163): WakelockActuate: writing fildLock to /sys/power/wake_lock
07-29 14:18:43.246 D/FILD    (  163): OBEX: Core: Received packet: 0x82 0x116 0x113 0x113 0x49
07-29 14:18:43.246 I/FILD    (  163): OBEX: File: HandleBodyEndOfBodyHeaders: write in /data/rfs/data/modem/NRAM2_ABMM_WRITEABLE_DATA.bin
07-29 14:18:43.246 D/FILD    (  163): OBEX: Core: obex_CoreSendSimplePacket: 0xa0 0x3
07-29 14:18:43.246 I/ICEUTIL (  163): WakelockActuate: writing fildLock to /sys/power/wake_unlock
07-29 14:18:43.247 I/ICEUTIL (  163): WakelockActuate: writing fildLock to /sys/power/wake_lock
07-29 14:18:43.247 D/FILD    (  163): OBEX: Core: Received packet: 0x82 0x3e 0x3b 0x3b 0x1
07-29 14:18:43.247 I/FILD    (  163): OBEX: File: HandlePutRequest: removing /data/rfs/data/modem/transaction.log
07-29 14:18:43.247 D/FILD    (  163): OBEX: Core: obex_CoreSendSimplePacket: 0xa0 0x3
07-29 14:18:43.247 I/ICEUTIL (  163): WakelockActuate: writing fildLock to /sys/power/wake_unlock
07-29 14:18:43.250 I/PowerManagerService( 1921): setBrightness mButtonLight, screenBrightness=102
07-29 14:18:43.252 I/PowerManagerService( 1921): setBrightness mButtonLight, screenBrightness=102
07-29 14:18:43.253 I/PowerManagerService( 1921): setBrightness mButtonLight, screenBrightness=102
07-29 14:18:43.254 I/PowerManagerService( 1921): setBrightness mButtonLight, screenBrightness=102
07-29 14:18:43.256 I/PowerManagerService( 1921): setBrightness mButtonLight, screenBrightness=102
07-29 14:18:43.257 I/PowerManagerService( 1921): setBrightness mButtonLight, screenBrightness=102
07-29 14:18:43.258 I/PowerManagerService( 1921): setBrightness mButtonLight, screenBrightness=102
07-29 14:18:43.260 I/PowerManagerService( 1921): setBrightness mButtonLight, screenBrightness=102
07-29 14:18:43.261 I/PowerManagerService( 1921): setBrightness mButtonLight, screenBrightness=102
07-29 14:18:43.262 I/PowerManagerService( 1921): setBrightness mButtonLight, screenBrightness=102
07-29 14:18:43.263 I/PowerManagerService( 1921): setBrightness mButtonLight, screenBrightness=102
07-29 14:18:43.265 I/PowerManagerService( 1921): setBrightness mButtonLight, screenBrightness=102
07-29 14:18:43.268 I/PowerManagerService( 1921): setBrightness mButtonLight, screenBrightness=102
07-29 14:18:43.269 I/PowerManagerService( 1921): setBrightness mButtonLight, screenBrightness=102
07-29 14:18:43.275 I/PowerManagerService( 1921): setBrightness mButtonLight, screenBrightness=102
07-29 14:18:48.056 I/ActivityManager( 1921): Delay finish: com.android.providers.calendar/.CalendarProviderBroadcastReceiver
07-29 14:18:48.061 I/ActivityManager( 1921): Resuming delayed broadcast
07-29 14:18:49.659 D/WifiController( 1921): battery changed pluggedType: 2
07-29 14:19:09.745 D/WifiController( 1921): battery changed pluggedType: 2
07-29 14:19:29.849 D/WifiController( 1921): battery changed pluggedType: 2
07-29 14:19:38.349 I/PowerManagerService( 1921): Going to sleep due to screen timeout...
07-29 14:19:38.928 D/SurfaceFlinger(  145): Screen released, type=0 flinger=0xb764f450
07-29 14:19:38.928 D/hwcomposer(  145): hwc_blank: display 0: blank
07-29 14:19:38.928 D/hwcomposer(  145): hwc_blank_display: display 0: [0 -> 1]
07-29 14:19:38.939 D/hwcomposer(  145): hwc_blank_display: releasing buffer 0x35
07-29 14:19:38.939 D/hwcomposer(  145): dc_blank: display 0, [0 -> 1]
07-29 14:19:38.939 D/Sensors ( 1921): AccSensor: Control set 0
07-29 14:19:38.939 D/Sensors ( 1921): AccSensor: mEnabled = 0
07-29 14:19:38.959 E/        ( 1921): Vibrator sendit ms = 0
07-29 14:19:38.966 V/nvaudio_hw(  148): nvaudio_dev_set_parameters : screen_state=off
07-29 14:19:39.017 I/powerHAL::common( 1921): Disabling input device:0
07-29 14:19:39.020 I/powerHAL::common( 1921): Disabling input device:1
07-29 14:19:39.026 D/dalvikvm( 3655): GC_CONCURRENT freed 515K, 40% free 3528K/5788K, paused 2ms+1ms, total 16ms
07-29 14:19:39.026 D/dalvikvm( 3655): WAIT_FOR_CONCURRENT_GC blocked 5ms
07-29 14:19:39.039 D/dalvikvm( 3655): GC_FOR_ALLOC freed 514K, 40% free 3519K/5788K, paused 8ms, total 8ms
07-29 14:19:39.052 D/dalvikvm( 3655): GC_CONCURRENT freed 497K, 40% free 3528K/5788K, paused 2ms+1ms, total 10ms
07-29 14:19:39.052 D/dalvikvm( 3655): WAIT_FOR_CONCURRENT_GC blocked 6ms
07-29 14:19:39.064 D/dalvikvm( 3655): GC_CONCURRENT freed 394K, 40% free 3526K/5788K, paused 1ms+2ms, total 9ms
07-29 14:19:39.076 D/dalvikvm( 3655): GC_CONCURRENT freed 514K, 40% free 3520K/5788K, paused 1ms+1ms, total 9ms
07-29 14:19:39.076 D/dalvikvm( 3655): WAIT_FOR_CONCURRENT_GC blocked 7ms
07-29 14:19:39.099 D/dalvikvm( 3655): GC_CONCURRENT freed 1551K, 39% free 3543K/5788K, paused 2ms+1ms, total 9ms
07-29 14:19:39.099 D/dalvikvm( 3655): WAIT_FOR_CONCURRENT_GC blocked 5ms
07-29 14:19:50.020 D/WifiController( 1921): battery changed pluggedType: 2
07-29 14:20:10.407 D/WifiController( 1921): battery changed pluggedType: 2
07-29 14:20:30.521 D/WifiController( 1921): battery changed pluggedType: 2
07-29 14:21:10.643 D/WifiController( 1921): battery changed pluggedType: 2
07-29 14:21:30.731 D/WifiController( 1921): battery changed pluggedType: 2
07-29 14:21:47.710 D/dalvikvm( 4880): GC_CONCURRENT freed 376K, 28% free 3348K/4628K, paused 4ms+6ms, total 50ms
07-29 14:21:50.814 D/WifiController( 1921): battery changed pluggedType: 2
07-29 14:22:11.120 D/WifiController( 1921): battery changed pluggedType: 2
07-29 14:22:31.370 D/WifiController( 1921): battery changed pluggedType: 2
07-29 14:22:51.614 D/WifiController( 1921): battery changed pluggedType: 2
07-29 14:23:11.774 D/WifiController( 1921): battery changed pluggedType: 2
07-29 14:23:31.933 D/WifiController( 1921): battery changed pluggedType: 2
07-29 14:23:52.072 D/WifiController( 1921): battery changed pluggedType: 2
07-29 14:24:12.097 D/WifiController( 1921): battery changed pluggedType: 2
07-29 14:24:32.363 D/WifiController( 1921): battery changed pluggedType: 2
07-29 14:24:52.463 D/WifiController( 1921): battery changed pluggedType: 2
07-29 14:25:12.647 D/WifiController( 1921): battery changed pluggedType: 2
07-29 14:25:32.781 D/WifiController( 1921): battery changed pluggedType: 2
07-29 14:25:52.777 D/WifiController( 1921): battery changed pluggedType: 2
07-29 14:26:33.127 D/WifiController( 1921): battery changed pluggedType: 2
07-29 14:26:53.217 D/WifiController( 1921): battery changed pluggedType: 2
07-29 14:27:13.316 D/WifiController( 1921): battery changed pluggedType: 2
07-29 14:27:53.747 D/WifiController( 1921): battery changed pluggedType: 2
07-29 14:28:13.213 D/dalvikvm( 3921): GC_CONCURRENT freed 378K, 35% free 3444K/5256K, paused 5ms+5ms, total 53ms
07-29 14:28:17.474 D/dalvikvm( 4880): GC_CONCURRENT freed 391K, 28% free 3348K/4628K, paused 5ms+7ms, total 83ms
07-29 14:28:34.067 D/WifiController( 1921): battery changed pluggedType: 2
07-29 14:29:14.176 D/WifiController( 1921): battery changed pluggedType: 2
07-29 14:29:34.408 D/WifiController( 1921): battery changed pluggedType: 2
07-29 14:29:54.543 D/WifiController( 1921): battery changed pluggedType: 2
07-29 14:30:01.062 I/ProcessStatsService( 1921): Prepared write state in 36ms
07-29 14:30:14.585 D/WifiController( 1921): battery changed pluggedType: 2
07-29 14:30:34.815 D/WifiController( 1921): battery changed pluggedType: 2
07-29 14:30:54.948 D/WifiController( 1921): battery changed pluggedType: 2
07-29 14:31:15.355 D/WifiController( 1921): battery changed pluggedType: 2
07-29 14:31:35.562 D/WifiController( 1921): battery changed pluggedType: 2
07-29 14:31:55.682 D/WifiController( 1921): battery changed pluggedType: 2
07-29 14:32:15.772 D/WifiController( 1921): battery changed pluggedType: 2
07-29 14:32:35.952 D/WifiController( 1921): battery changed pluggedType: 2
07-29 14:32:56.014 D/WifiController( 1921): battery changed pluggedType: 2
07-29 14:33:16.088 D/WifiController( 1921): battery changed pluggedType: 2
07-29 14:33:24.999 D/ConnectivityService( 1921): Sampling interval elapsed, updating statistics ..
07-29 14:33:25.076 D/ConnectivityService( 1921): Done.
07-29 14:33:25.076 D/ConnectivityService( 1921): Setting timer for 720seconds
07-29 14:33:25.102 D/MobileDataStateTracker( 1921): default: setPolicyDataEnable(enabled=true)
07-29 14:33:25.290 W/ContextImpl( 4486): Calling a method in the system process without a qualified user: android.app.ContextImpl.startService:1479 android.content.ContextWrapper.startService:494 android.content.ContextWrapper.startService:494 com.karumi.blackphone.wipe.service.receiver.AutoLaunchReceiver.onReceive:20 android.app.ActivityThread.handleReceiver:2419 
07-29 14:33:36.185 D/WifiController( 1921): battery changed pluggedType: 2
07-29 14:33:56.253 D/WifiController( 1921): battery changed pluggedType: 2
07-29 14:34:16.539 D/WifiController( 1921): battery changed pluggedType: 2
07-29 14:34:17.856 D/dalvikvm( 4880): GC_CONCURRENT freed 405K, 28% free 3333K/4628K, paused 4ms+4ms, total 54ms
07-29 14:34:36.818 D/WifiController( 1921): battery changed pluggedType: 2
07-29 14:35:17.351 D/WifiController( 1921): battery changed pluggedType: 2
07-29 14:35:37.529 D/WifiController( 1921): battery changed pluggedType: 2
07-29 14:35:57.748 D/WifiController( 1921): battery changed pluggedType: 2
07-29 14:36:38.168 D/WifiController( 1921): battery changed pluggedType: 2
07-29 14:36:58.293 D/WifiController( 1921): battery changed pluggedType: 2
07-29 14:37:18.440 D/WifiController( 1921): battery changed pluggedType: 2
07-29 14:37:58.929 D/WifiController( 1921): battery changed pluggedType: 2
07-29 14:38:00.251 I/PowerManagerService( 1921): Waking up from sleep...
07-29 14:38:00.251 D/PowerManagerService( 1921): userActivityNoUpdateLocked: system_ready = false
07-29 14:38:00.276 D/Sensors ( 1921): AccSensor: Control set 1
07-29 14:38:00.276 D/Sensors ( 1921): AccSensor: mEnabled = 1
07-29 14:38:00.284 V/KeyguardServiceDelegate( 1921): onScreenTurnedOn(showListener = com.android.internal.policy.impl.PhoneWindowManager$17@41a134a0)
07-29 14:38:00.287 V/KeyguardServiceDelegate( 1921): **** SHOWN CALLED ****
07-29 14:38:00.287 I/WindowManager( 1921): No lock screen! windowToken=null
07-29 14:38:00.348 W/BroadcastQueue( 1921): Permission Denial: broadcasting Intent { act=android.intent.action.USER_PRESENT flg=0x24000010 } from com.android.keyguard (pid=3515, uid=10009) is not exported from uid 10061 due to receiver com.kingroot.kinguser/.receiver.ScreenEventReceiver
07-29 14:38:00.351 I/powerHAL::common( 1921): Enabling input device:0
07-29 14:38:00.359 I/powerHAL::common( 1921): Enabling input device:1
07-29 14:38:00.360 D/SurfaceFlinger(  145): Screen acquired, type=0 flinger=0xb764f450
07-29 14:38:00.360 D/hwcomposer(  145): hwc_blank: display 0: unblank
07-29 14:38:00.360 D/hwcomposer(  145): hwc_blank_display: display 0: [1 -> 0]
07-29 14:38:00.360 D/hwcomposer(  145): Display 0 layer clip is 720 x 1280
07-29 14:38:00.360 D/hwcomposer(  145): Display 0 device clip is 720 x 1280
07-29 14:38:00.360 D/hwcomposer(  145): dc_blank: display 0, [1 -> 0]
07-29 14:38:00.368 W/System.err( 3655): com.kingroot.kinguser.jr: no connecition!
07-29 14:38:00.373 V/nvaudio_hw(  148): nvaudio_dev_set_parameters : screen_state=on
07-29 14:38:00.373 W/System.err( 3655): 	at com.kingroot.kinguser.ja.n(SourceFile:84)
07-29 14:38:00.380 W/System.err( 3655): 	at com.kingroot.kinguser.jr: no connecition!
07-29 14:38:00.380 W/System.err( 3655): 	at com.kingroot.kinguser.ja.n(SourceFile:84)
07-29 14:38:00.380 W/System.err( 3655): 	at com.kingroot.kinguser.jv.a(SourceFile:333)
07-29 14:38:00.380 W/System.err( 3655): 	at com.kingroot.kinguser.jv.a(SourceFile:488)
07-29 14:38:00.380 W/System.err( 3655): 	at com.kingroot.kinguser.kh.is(SourceFile:116)
07-29 14:38:00.380 W/System.err( 3655): 	at com.kingroot.kinguser.kh.a(SourceFile:39)
07-29 14:38:00.381 W/System.err( 3655): 	at com.kingroot.kinguser.kj.f(SourceFile:100)
07-29 14:38:00.381 W/System.err( 3655): 	at com.kingroot.kinguser.fc.a(SourceFile:89)
07-29 14:38:00.381 W/System.err( 3655): 	at com.kingroot.kinguser.ki.run(SourceFile:97)
07-29 14:38:00.381 W/System.err( 3655): 	at com.kingroot.kinguser.st.a(SourceFile:137)
07-29 14:38:00.381 W/System.err( 3655): 	at com.kingroot.kinguser.su.b(SourceFile:99)
07-29 14:38:00.381 W/System.err( 3655): 	at com.kingroot.kinguser.sw.run(SourceFile:242)
07-29 14:38:00.390 W/System.err( 3655): com.kingroot.kinguser.jr: no connecition!
07-29 14:38:00.391 W/System.err( 3655): 	at com.kingroot.kinguser.ja.n(SourceFile:84)
07-29 14:38:00.391 W/System.err( 3655): 	at com.kingroot.kinguser.jv.a(SourceFile:333)
07-29 14:38:00.391 W/System.err( 3655): 	at com.kingroot.kinguser.jv.a(SourceFile:768)
07-29 14:38:00.391 W/System.err( 3655): 	at com.kingroot.kinguser.ps.ki(SourceFile:144)
07-29 14:38:00.392 W/System.err( 3655): 	at com.kingroot.kinguser.ps.cd(SourceFile:21)
07-29 14:38:00.392 W/System.err( 3655): 	at com.kingroot.kinguser.pv.run(SourceFile:127)
07-29 14:38:00.392 W/System.err( 3655): 	at com.kingroot.kinguser.st.a(SourceFile:137)
07-29 14:38:00.392 W/System.err( 3655): 	at com.kingroot.kinguser.su.b(SourceFile:99)
07-29 14:38:00.392 W/System.err( 3655): 	at com.kingroot.kinguser.sw.run(SourceFile:242)
07-29 14:38:00.435 W/System.err( 3655): com.kingroot.kinguser.jv.a(SourceFile:333)
07-29 14:38:00.435 W/System.err( 3655): 	at com.kingroot.kinguser.jv.X(SourceFile:718)
07-29 14:38:00.435 W/System.err( 3655): 	at com.kingroot.kinguser.cv.run(SourceFile:58)
07-29 14:38:00.435 W/System.err( 3655): 	at com.kingroot.kinguser.st.a(SourceFile:137)
07-29 14:38:00.435 W/System.err( 3655): 	at com.kingroot.kinguser.su.b(SourceFile:99)
07-29 14:38:00.435 W/System.err( 3655): 	at com.kingroot.kinguser.sw.run(SourceFile:242)
07-29 14:38:00.438 W/System.err( 3655): com.kingroot.kinguser.jr: no connecition!
07-29 14:38:00.438 W/System.err( 3655): 	at com.kingroot.kinguser.ja.n(SourceFile:84)
07-29 14:38:00.438 W/System.err( 3655): 	at com.kingroot.kinguser.jv.a(SourceFile:333)
07-29 14:38:00.439 W/System.err( 3655): 	at com.kingroot.kinguser.jv.a(SourceFile:768)
07-29 14:38:00.439 W/System.err( 3655): 	at com.kingroot.kinguser.ps.kk(SourceFile:178)
07-29 14:38:00.439 W/System.err( 3655): 	at com.kingroot.kinguser.ps.km(SourceFile:21)
07-29 14:38:00.439 W/System.err( 3655): 	at com.kingroot.kinguser.pw.run(SourceFile:164)
07-29 14:38:00.439 W/System.err( 3655): 	at com.kingroot.kinguser.st.a(SourceFile:137)
07-29 14:38:00.439 W/System.err( 3655): 	at com.kingroot.kinguser.su.b(SourceFile:99)
07-29 14:38:00.439 W/System.err( 3655): 	at com.kingroot.kinguser.sw.run(SourceFile:242)
07-29 14:38:00.452 W/System.err( 3655): com.kingroot.kinguser.jr: no connecition!
07-29 14:38:00.452 W/System.err( 3655): 	at com.kingroot.kinguser.ja.n(SourceFile:84)
07-29 14:38:00.452 W/System.err( 3655): 	at com.kingroot.kinguser.jv.a(SourceFile:333)
07-29 14:38:00.452 W/System.err( 3655): 	at com.kingroot.kinguser.jv.a(SourceFile:768)
07-29 14:38:00.452 W/System.err( 3655): 	at com.kingroot.kinguser.ps.kg(SourceFile:99)
07-29 14:38:00.453 W/System.err( 3655): 	at com.kingroot.kinguser.ps.kl(SourceFile:21)
07-29 14:38:00.453 W/System.err( 3655): 	at com.kingroot.kinguser.pu.run(SourceFile:82)
07-29 14:38:00.453 W/System.err( 3655): 	at com.kingroot.kinguser.st.a(SourceFile:137)
07-29 14:38:00.453 W/System.err( 3655): 	at com.kingroot.kinguser.su.b(SourceFile:99)
07-29 14:38:00.453 W/System.err( 3655): 	at com.kingroot.kinguser.sw.run(SourceFile:242)
07-29 14:38:00.631 D/AndroidRuntime(13246): 
07-29 14:38:00.631 D/AndroidRuntime(13246): >>>>>> AndroidRuntime START com.android.internal.os.RuntimeInit <<<<<<
07-29 14:38:00.632 D/AndroidRuntime(13246): CheckJNI is OFF
07-29 14:38:00.647 D/dalvikvm(13246): Trying to load lib libjavacore.so 0x0
07-29 14:38:00.649 D/dalvikvm(13246): Added shared lib libjavacore.so 0x0
07-29 14:38:00.651 D/dalvikvm(13246): Trying to load lib libnativehelper.so 0x0
07-29 14:38:00.651 D/dalvikvm(13246): Added shared lib libnativehelper.so 0x0
07-29 14:38:00.651 D/dalvikvm(13246): No JNI_OnLoad found in libnativehelper.so 0x0, skipping init
07-29 14:38:00.672 D/dalvikvm(13246): Note: class Landroid/app/ActivityManagerNative; has 179 unimplemented (abstract) methods
07-29 14:38:00.797 E/memtrack(13246): Couldn't load memtrack module (No such file or directory)
07-29 14:38:00.797 E/android.os.Debug(13246): failed to load memtrack module: -2
07-29 14:38:00.874 D/AndroidRuntime(13246): Calling main entry com.kingroot.kinguser.TellMe
07-29 14:38:00.879 I/dalvikvm(13246): Total arena pages for JIT: 11
07-29 14:38:00.960 D/AndroidRuntime(13246): Shutting down VM
07-29 14:38:01.065 D/SurfaceControl( 1921): Excessive delay in unblankDisplay() while turning screen on: 705ms
07-29 14:38:01.080 W/ContextImpl( 4486): Calling a method in the system process without a qualified user: android.app.ContextImpl.startService:1479 android.content.ContextWrapper.startService:494 com.karumi.blackphone.wipe.service.receiver.PhoneUnLockReceiver.onReceive:21 android.app.LoadedApk$ReceiverDispatcher$Args.run:768 android.os.Handler.handleCallback:733 
07-29 14:38:01.664 E/cutils-trace(13246): Error opening trace file: No such file or directory (2)
07-29 14:38:01.686 D/dalvikvm(13246): GC_CONCURRENT freed 577K, 37% free 1030K/1612K, paused 1ms+2ms, total 22ms
07-29 14:38:11.110 D/PowerManagerService( 1921): userActivityNoUpdateLocked: system_ready = false
07-29 14:38:11.137 E/        ( 1921): Vibrator sendit ms = 0
07-29 14:38:11.402 V/PanelView( 3515): animationTick called with dtms=0; nothing to do (h=660.484 v=3440.647)
07-29 14:38:11.403 V/PanelView( 3515): animationTick called with dtms=-2; nothing to do (h=660.484 v=3440.647)
07-29 14:38:11.929 D/PowerManagerService( 1921): userActivityNoUpdateLocked: system_ready = false
07-29 14:38:12.002 V/legacy_audio_policy_hal(  148): audio_io_handle_t android_audio_legacy::ap_get_output(audio_policy*, audio_stream_type_t, uint32_t, audio_format_t, audio_channel_mask_t, audio_output_flags_t, const audio_offload_info_t*): tid 5510
07-29 14:38:12.002 V/NvAudioPolicyManager(  148): getDeviceForStrategy() strategy 0, device 2
07-29 14:38:12.002 V/NvAudioPolicyManager(  148): getOutput() stream 1, samplingRate 0, format 0, channelMask 3, flags 0
07-29 14:38:12.002 V/NvAudioPolicyManager(  148): getOutput() returns output 2
07-29 14:38:12.003 V/legacy_audio_policy_hal(  148): audio_io_handle_t android_audio_legacy::ap_get_output(audio_policy*, audio_stream_type_t, uint32_t, audio_format_t, audio_channel_mask_t, audio_output_flags_t, const audio_offload_info_t*): tid 3297
07-29 14:38:12.003 V/NvAudioPolicyManager(  148): getDeviceForStrategy() strategy 0, device 2
07-29 14:38:12.003 V/NvAudioPolicyManager(  148): getOutput() stream 1, samplingRate 0, format 0, channelMask 3, flags 0
07-29 14:38:12.003 V/NvAudioPolicyManager(  148): getOutput() returns output 2
07-29 14:38:12.003 V/legacy_audio_policy_hal(  148): audio_io_handle_t android_audio_legacy::ap_get_output(audio_policy*, audio_stream_type_t, uint32_t, audio_format_t, audio_channel_mask_t, audio_output_flags_t, const audio_offload_info_t*): tid 148
07-29 14:38:12.003 V/NvAudioPolicyManager(  148): getDeviceForStrategy() strategy 0, device 2
07-29 14:38:12.003 V/NvAudioPolicyManager(  148): getOutput() stream 1, samplingRate 44100, format 1, channelMask 3, flags 4
07-29 14:38:12.003 V/NvAudioPolicyManager(  148): getOutput() returns output 2
07-29 14:38:12.003 V/nvaudio_hw(  148): nvaudio_out_get_latency: latency 85
07-29 14:38:12.004 V/NvAudioPolicyManager(  148): startOutput() output 2, stream 1, session 295
07-29 14:38:12.004 V/NvAudioPolicyManager(  148): getDeviceForStrategy() from cache strategy 0, device 2
07-29 14:38:12.004 V/AudioPolicyManagerBase(  148): changeRefCount() stream 1, count 1
07-29 14:38:12.004 V/NvAudioPolicyManager(  148): getDeviceForStrategy() strategy 0, device 2
07-29 14:38:12.004 V/AudioPolicyManagerBase(  148): getNewDevice() selected device 2
07-29 14:38:12.004 V/AudioPolicyManagerBase(  148): setOutputDevice() output 2 device 0002 delayMs 0
07-29 14:38:12.004 V/AudioPolicyManagerBase(  148): setOutputDevice() prevDevice 0002
07-29 14:38:12.004 V/NvAudioPolicyManager(  148): getDeviceForStrategy() strategy 0, device 2
07-29 14:38:12.004 V/NvAudioPolicyManager(  148): getDeviceForStrategy() strategy 1, device 1
07-29 14:38:12.004 V/NvAudioPolicyManager(  148): getDeviceForStrategy() strategy 2, device 2
07-29 14:38:12.004 V/NvAudioPolicyManager(  148): getDeviceForStrategy() strategy 2, device 2
07-29 14:38:12.004 V/NvAudioPolicyManager(  148): getDeviceForStrategy() strategy 3, device 2
07-29 14:38:12.004 V/NvAudioPolicyManager(  148): getDeviceForStrategy() strategy 0, device 2
07-29 14:38:12.004 V/NvAudioPolicyManager(  148): getDeviceForStrategy() strategy 4, device 2
07-29 14:38:12.004 V/NvAudioPolicyManager(  148): getDeviceForStrategy() strategy 5, device 2
07-29 14:38:12.004 V/NvAudioPolicyManager(  148): getDeviceForStrategy() strategy 6, device 1
07-29 14:38:12.004 V/AudioPolicyManagerBase(  148): setOutputDevice() setting same device 0002 or null device for output 2
07-29 14:38:12.004 V/NvAudioPolicyManager(  148): getDeviceForStrategy() from cache strategy 0, device 2
07-29 14:38:12.004 V/NvAudioPolicyManager(  148): getDeviceForStrategy() from cache strategy 0, device 2
07-29 14:38:12.004 V/nvaudio_hw(  148): nvaudio_dev_set_parameters : nv_param_media_routing=2
07-29 14:38:12.004 V/nvaudio_hw(  148): Media is routed to :2
07-29 14:38:12.004 V/nvaudio_hw(  148): ULP supported: dev 2
07-29 14:38:12.005 V/nvaudio_hw(  148): open_out_alsa_dev
07-29 14:38:12.005 V/nvaudio_hw(  148): get_active_dev_rate : card 1 device 0
07-29 14:38:12.005 V/nvaudio_hw(  148): set_route : dev id 0 ref 1 devices 0x2 -> 0x2
07-29 14:38:12.005 V/nvaudio_hw(  148): Opened Alsa OUT device music with pcm_config
07-29 14:38:12.005 V/nvaudio_hw(  148):  channels 2
07-29 14:38:12.005 V/nvaudio_hw(  148):  rate 48000
07-29 14:38:12.005 V/nvaudio_hw(  148):  format 0
07-29 14:38:12.005 V/nvaudio_hw(  148):  period_size 1024
07-29 14:38:12.005 V/nvaudio_hw(  148):  period_count 1
07-29 14:38:12.005 V/nvaudio_hw(  148):  start_threshold 1
07-29 14:38:12.005 V/nvaudio_hw(  148):  stop_threshold 2049 
07-29 14:38:12.005 V/nvaudio_hw(  148): silence_threshold 0
07-29 14:38:12.005 V/nvaudio_hw(  148):  avail_min 1
07-29 14:38:12.005 V/nvaudio_hw(  148): set_avp_render_path
07-29 14:38:12.005 V/nvaudio_hw(  148): set_out_resampler : quality 4
07-29 14:38:12.005 V/nvaudio_hw(  148): No resampler required
07-29 14:38:12.005 V/nvaudio_hw(  148): set_current_route : dev id 0
07-29 14:38:12.005 V/nvaudio_hw(  148): set_route_by_array
07-29 14:38:12.005 V/nvaudio_hw(  148): set_route_by_array
07-29 14:38:12.005 V/nvaudio_hw(  148): Set 'Right Speaker Mixer Left DAC Switch' to '1' mode = 0 r->mode = -2 srate = 48000 r->srate = 0 
07-29 14:38:12.005 V/nvaudio_hw(  148): Set 'Right Speaker Mixer Right DAC Switch' to '1' mode = 0 r->mode = -2 srate = 48000 r->srate = 0 
07-29 14:38:12.005 V/nvaudio_hw(  148): Set 'Speaker Left Switch' to '1' mode = 0 r->mode = -2 srate = 48000 r->srate = 0 
07-29 14:38:12.005 V/nvaudio_hw(  148): Set 'Speaker Right Switch' to '1' mode = 0 r->mode = -2 srate = 48000 r->srate = 0 
07-29 14:38:12.005 V/nvaudio_hw(  148): Set 'Speaker Left Volume' to '58' mode = 0 r->mode = -2 srate = 48000 r->srate = 0 
07-29 14:38:12.005 V/nvaudio_hw(  148): Set 'Speaker Right Volume' to '58' mode = 0 r->mode = -2 srate = 48000 r->srate = 0 
07-29 14:38:12.005 V/nvaudio_hw(  148): Set 'Digital Gain Volume' to '0' mode = 0 r->mode = -2 srate = 48000 r->srate = 0 
07-29 14:38:12.005 V/nvaudio_hw(  148): Set 'Digital Level Volume' to '10' mode = 0 r->mode = -2 srate = 48000 r->srate = 0 
07-29 14:38:12.006 V/AudioPolicyManagerBase(  148): releaseOutput() 2
07-29 14:38:12.006 V/nvaudio_hw(  148): Set 'Int Spk Switch' to '1' mode = 0 r->mode = -2 srate = 48000 r->srate = 0 
07-29 14:38:12.006 V/nvaudio_hw(  148): Set 'ALC Make Up Gain Volume' to '8' mode = 0 r->mode = -2 srate = 48000 r->srate = 0 
07-29 14:38:12.006 V/nvaudio_hw(  148): Set 'ALC Compression Ratio' to '3' mode = 0 r->mode = -2 srate = 48000 r->srate = 0 
07-29 14:38:12.006 V/nvaudio_hw(  148): Set 'ALC Compression Threshold Volume' to '14' mode = 0 r->mode = -2 srate = 48000 r->srate = 0 
07-29 14:38:12.006 V/nvaudio_hw(  148): Set 'ALC Expansion Ratio' to '2' mode = 0 r->mode = -2 srate = 48000 r->srate = 0 
07-29 14:38:12.006 V/nvaudio_hw(  148): Set 'ALC Expansion Threshold Volume' to '26' mode = 0 r->mode = -2 srate = 48000 r->srate = 0 
07-29 14:38:12.006 V/nvaudio_hw(  148): Set 'ALC Enable' to '1' mode = 0 r->mode = -2 srate = 48000 r->srate = 0 
07-29 14:38:12.006 V/nvaudio_hw(  148): Set 'Speaker Left Mixer Gain Volume' to '2' mode = 0 r->mode = -2 srate = 48000 r->srate = 0 
07-29 14:38:12.006 V/nvaudio_hw(  148): Set 'Speaker Right Mixer Gain Volume' to '2' mode = 0 r->mode = -2 srate = 48000 r->srate = 0 
07-29 14:38:12.019 V/nvaudio_hw(  148): Set 'EQ Mode' to '3' mode = 0 r->mode = -2 srate = 48000 r->srate = 0 
07-29 14:38:12.019 V/nvaudio_hw(  148): Set 'Digital EQ 7 Band Enable' to '1' mode = 0 r->mode = -2 srate = 48000 r->srate = 0 
07-29 14:38:12.019 V/nvaudio_hw(  148): send_at_cmd_by_list: type 0
07-29 14:38:12.020 V/nvaudio_hw(  148): trigger_dma_callback dma address 0x4002C000 on 1
07-29 14:38:12.797 D/PowerManagerService( 1921): userActivityNoUpdateLocked: system_ready = false
07-29 14:38:12.963 V/PanelView( 3515): animationTick called with dtms=0; nothing to do (h=739.42236 v=-4620.1904)
07-29 14:38:13.008 V/nvaudio_hw(  148): nvaudio_out_get_latency: latency 85
07-29 14:38:13.019 V/nvaudio_hw(  148): nvaudio_out_get_latency: latency 85
07-29 14:38:13.024 V/nvaudio_hw(  148): nvaudio_out_get_latency: latency 85
07-29 14:38:13.035 V/nvaudio_hw(  148): nvaudio_out_get_latency: latency 85
07-29 14:38:13.050 V/nvaudio_hw(  148): nvaudio_out_get_latency: latency 85
07-29 14:38:13.061 V/nvaudio_hw(  148): nvaudio_out_get_latency: latency 85
07-29 14:38:13.071 V/nvaudio_hw(  148): nvaudio_out_get_latency: latency 85
07-29 14:38:13.082 V/nvaudio_hw(  148): nvaudio_out_get_latency: latency 85
07-29 14:38:13.092 V/nvaudio_hw(  148): nvaudio_out_get_latency: latency 85
07-29 14:38:13.103 V/NvAudioPolicyManager(  148): stopOutput() output 2, stream 1, session 295
07-29 14:38:13.103 V/NvAudioPolicyManager(  148): getDeviceForStrategy() from cache strategy 0, device 2
07-29 14:38:13.103 V/AudioPolicyManagerBase(  148): changeRefCount() stream 1, count 0
07-29 14:38:13.103 V/AudioPolicyManagerBase(  148): getNewDevice() selected device 0
07-29 14:38:13.103 V/AudioPolicyManagerBase(  148): setOutputDevice() output 2 device 0000 delayMs 170
07-29 14:38:13.103 V/AudioPolicyManagerBase(  148): setOutputDevice() prevDevice 0002
07-29 14:38:13.103 V/NvAudioPolicyManager(  148): getDeviceForStrategy() strategy 0, device 2
07-29 14:38:13.103 V/NvAudioPolicyManager(  148): getDeviceForStrategy() strategy 1, device 1
07-29 14:38:13.103 V/NvAudioPolicyManager(  148): getDeviceForStrategy() strategy 2, device 2
07-29 14:38:13.103 V/NvAudioPolicyManager(  148): getDeviceForStrategy() strategy 2, device 2
07-29 14:38:13.103 V/NvAudioPolicyManager(  148): getDeviceForStrategy() strategy 3, device 2
07-29 14:38:13.103 V/NvAudioPolicyManager(  148): getDeviceForStrategy() strategy 0, device 2
07-29 14:38:13.103 V/NvAudioPolicyManager(  148): getDeviceForStrategy() strategy 4, device 2
07-29 14:38:13.103 V/NvAudioPolicyManager(  148): getDeviceForStrategy() strategy 5, device 2
07-29 14:38:13.103 V/NvAudioPolicyManager(  148): getDeviceForStrategy() strategy 6, device 1
07-29 14:38:13.103 V/AudioPolicyManagerBase(  148): setOutputDevice() setting same device 0000 or null device for output 2
07-29 14:38:13.103 V/NvAudioPolicyManager(  148): getDeviceForStrategy() from cache strategy 0, device 2
07-29 14:38:13.103 V/NvAudioPolicyManager(  148): getDeviceForStrategy() from cache strategy 0, device 2
07-29 14:38:13.103 V/nvaudio_hw(  148): nvaudio_dev_set_parameters : nv_param_media_routing=2
07-29 14:38:13.103 V/nvaudio_hw(  148): Media is routed to :2
07-29 14:38:13.103 V/nvaudio_hw(  148): ULP supported: dev 2
07-29 14:38:13.169 E/        ( 1921): Vibrator sendit ms = 0
07-29 14:38:13.191 W/InputMethodManagerService( 1921): Window already focused, ignoring focus gain of: com.android.internal.view.IInputMethodClient$Stub$Proxy@41ea0800 attribute=android.view.inputmethod.EditorInfo@419f5130, token = android.os.BinderProxy@41deb578
07-29 14:38:15.983 V/nvaudio_hw(  148): nvaudio_out_standby: hw_dev->mode: 0
07-29 14:38:15.983 V/nvaudio_hw(  148): close_alsa_dev : active stream count 1
07-29 14:38:16.017 V/nvaudio_hw(  148): trigger_dma_callback dma address 0x00000000 on 0
