07-29 15:00:29.402 D/use-Rlog/RLOG-RIL{0}( 9096): b89adee8 onHandleRequest:[-1639824901] SIM_IO
07-29 15:00:29.402 D/use-Rlog/RLOG-RIL AT{0}( 9096): AT(18)> AT+CRSM=176,28478,0,0,1,,"3F007FFF"
07-29 15:00:29.403 D/RILJ    ( 3704): [8745]< SIM_IO IccIoResponse sw1:0x90 sw2:0x0
07-29 15:00:29.403 D/SIMRecords( 3704): [SIMRecords] SST: UsimServiceTable[64]={ FDN, FDN_EXTENSION, SDN, OUTGOING_CALL_INFO, INCOMING_CALL_INFO, SM_STORAGE, SM_STATUS_REPORTS, SM_SERVICE_PARAMS, CAP_CONFIG_PARAMS_2, CB_MESSAGE_ID, CB_MESSAGE_ID_RANGES, GROUP_ID_LEVEL_1, SPN, USER_PLMN_SELECT, MSISDN, GSM_ACCESS, DATA_DL_VIA_SMS_PP, IGNORED_1, ENABLED_SERVICES_TABLE, GSM_SECURITY_CONTEXT, CPBCCH_INFO, OPERATOR_PLMN_SELECT, HPLMN_SELECT, EXTENSION_5, MMS_NOTIFICATION, MMS_NOTIFICATION_EXTENSION, MMS_CONNECTIVITY_PARAMS }
07-29 15:00:29.403 D/SIMRecords( 3704): [SIMRecords] onRecordLoaded 1 requested: true
07-29 15:00:29.416 D/use-Rlog/RLOG-RIL AT{0}( 9096): AT(18)< +CRSM: 144,0,"02"
07-29 15:00:29.416 D/use-Rlog/RLOG-RIL AT{0}( 9096): AT(18)< OK
07-29 15:00:29.417 D/RILJ    ( 3704): [8747]< SIM_IO IccIoResponse sw1:0x90 sw2:0x0
07-29 15:00:29.417 D/SIMRecords( 3704): [SIMRecords] GID1: 02
07-29 15:00:29.417 D/SIMRecords( 3704): [SIMRecords] onRecordLoaded 0 requested: true
07-29 15:00:29.417 D/SIMRecords( 3704): [SIMRecords] record load complete
07-29 15:00:29.417 D/SIMRecords( 3704): [SIMRecords] onAllRecordsLoaded set 'gsm.sim.operator.numeric' to operator='20404'
07-29 15:00:29.418 D/SIMRecords( 3704): [SIMRecords] onAllRecordsLoaded set mcc imsi=204045220670380
07-29 15:00:29.440 D/GsmSST  ( 3704): [GsmSST] EVENT_SIM_RECORDS_LOADED: what=16
07-29 15:00:29.440 D/PhoneProxy( 3704): [PhoneProxy] updatePhoneObject: radioTechnology=0
07-29 15:00:29.441 D/GsmSST  ( 3704): [GsmSST] updateSpnDisplay: radio is on but out of service, set plmn='No service.'
07-29 15:00:29.441 D/GsmSST  ( 3704): [GsmSST] updateSpnDisplay: changed sending intent rule=2 showPlmn='true' plmn='No service.' showSpn='false' spn=''
07-29 15:00:29.448 D/DCT     ( 3704): handleMessage msg={ when=-30ms what=270338 obj=android.os.AsyncResult@419da980 target=com.android.internal.telephony.dataconnection.DcTracker }
07-29 15:00:29.448 D/DCT     ( 3704): onRecordsLoaded: createAllApnList
07-29 15:00:29.448 D/DCT     ( 3704): createAllApnList: selection=numeric = '20404' and carrier_enabled = 1
07-29 15:00:29.459 D/DCT     ( 3704): createApnList: X result=[[ApnSettingV2] LTE - VZW Roaming Internet, 16, 20404, VZWINTERNET, null, null, null, null, null, -1, default | dun, IPV4V6, IPV4V6, true, 14, [ApnSettingV2] LTE - VZW Roaming FOTA, 17, 20404, VZWADMIN, null, null, null, null, null, -1, fota, IPV4V6, IPV4V6, true, 14, [ApnSettingV2] LTE - VZW Roaming IMS, 18, 20404, VZWIMS, null, null, null, null, null, -1, ims, IPV4V6, IPV4V6, true, 14, [ApnSettingV2] LTE - VZW Roaming CBS, 19, 20404, VZWAPP, null, http://mms.vtext.com/servlets/mms, null, null, null, -1, cbs | mms, IPV4V6, IPV4V6, true, 14, [ApnSettingV2] EHRPD - VZW Roaming Internet, 20, 20404, VZWINTERNET, null, null, null, null, null, -1, default | dun, IPV4V6, IPV4V6, true, 13, [ApnSettingV2] EHRPD - VZW Roaming FOTA, 21, 20404, VZWADMIN, null, null, null, null, null, -1, fota, IPV4V6, IPV4V6, true, 13, [ApnSettingV2] EHRPD - VZW Roaming IMS, 22, 20404, VZWIMS, null, null, null, null, null, -1, ims, IPV4V6, IPV4V6, true, 13, [ApnSettingV2] EHRPD - VZW Roaming CBS, 23, 20404, VZWAPP, null, http://mms.vtext.com/servlets/mms, null, null, null, -1, cbs | mms, IPV4V6, IPV4V6, true, 13, [ApnSettingV2] Vodafone NL, 24, 20404, live.vodafone.com, null, http://mmsc.mms.vodafone.nl, 192.168.251.150, 8799, null, -1, default | supl | mms, IP, IP, true, 0, [ApnSettingV2] hollandsnieuwe int., 25, 20404, data.dataxs.mobi, null, null, null, null, null, -1, default, IP, IP, true, 0, [ApnSettingV2] Vodafone MMS Business, 26, 20404, office.vodafone.nl, null, http://mmsc.mms.vodafone.nl, 192.168.251.150, 8799, null, -1, mms, IP, IP, true, 0]
07-29 15:00:29.464 D/DCT     ( 3704): getPreferredApn: mRequestedApnType=default cursor=android.content.ContentResolver$CursorWrapperInner@41a21358 cursor.count=0
07-29 15:00:29.465 D/DCT     ( 3704): getPreferredApn: X not found
07-29 15:00:29.465 D/DCT     ( 3704): createAllApnList: mPreferredApn=null
07-29 15:00:29.467 D/DCT     ( 3704): createAllApnList: X mAllApnSettings=[[ApnSettingV2] LTE - VZW Roaming Internet, 16, 20404, VZWINTERNET, null, null, null, null, null, -1, default | dun, IPV4V6, IPV4V6, true, 14, [ApnSettingV2] LTE - VZW Roaming FOTA, 17, 20404, VZWADMIN, null, null, null, null, null, -1, fota, IPV4V6, IPV4V6, true, 14, [ApnSettingV2] LTE - VZW Roaming IMS, 18, 20404, VZWIMS, null, null, null, null, null, -1, ims, IPV4V6, IPV4V6, true, 14, [ApnSettingV2] LTE - VZW Roaming CBS, 19, 20404, VZWAPP, null, http://mms.vtext.com/servlets/mms, null, null, null, -1, cbs | mms, IPV4V6, IPV4V6, true, 14, [ApnSettingV2] EHRPD - VZW Roaming Internet, 20, 20404, VZWINTERNET, null, null, null, null, null, -1, default | dun, IPV4V6, IPV4V6, true, 13, [ApnSettingV2] EHRPD - VZW Roaming FOTA, 21, 20404, VZWADMIN, null, null, null, null, null, -1, fota, IPV4V6, IPV4V6, true, 13, [ApnSettingV2] EHRPD - VZW Roaming IMS, 22, 20404, VZWIMS, null, null, null, null, null, -1, ims, IPV4V6, IPV4V6, true, 13, [ApnSettingV2] EHRPD - VZW Roaming CBS, 23, 20404, VZWAPP, null, http://mms.vtext.com/servlets/mms, null, null, null, -1, cbs | mms, IPV4V6, IPV4V6, true, 13, [ApnSettingV2] Vodafone NL, 24, 20404, live.vodafone.com, null, http://mmsc.mms.vodafone.nl, 192.168.251.150, 8799, null, -1, default | supl | mms, IP, IP, true, 0, [ApnSettingV2] hollandsnieuwe int., 25, 20404, data.dataxs.mobi, null, null, null, null, null, -1, default, IP, IP, true, 0, [ApnSettingV2] Vodafone MMS Business, 26, 20404, office.vodafone.nl, null, http://mmsc.mms.vodafone.nl, 192.168.251.150, 8799, null, -1, mms, IP, IP, true, 0]
07-29 15:00:29.467 D/DCT     ( 3704): setInitialApn: E mPreferredApn=null
07-29 15:00:29.467 D/DCT     ( 3704): setInitialApn: firstApnSetting=[ApnSettingV2] LTE - VZW Roaming Internet, 16, 20404, VZWINTERNET, null, null, null, null, null, -1, default | dun, IPV4V6, IPV4V6, true, 14
07-29 15:00:29.467 D/DCT     ( 3704): setInitialApn: defaultApnSetting=[ApnSettingV2] LTE - VZW Roaming Internet, 16, 20404, VZWINTERNET, null, null, null, null, null, -1, default | dun, IPV4V6, IPV4V6, true, 14
07-29 15:00:29.467 D/DCT     ( 3704): setInitialAttachApn: using defaultApnSetting
07-29 15:00:29.467 D/DCT     ( 3704): setInitialAttachApn: X selected Apn=[ApnSettingV2] LTE - VZW Roaming Internet, 16, 20404, VZWINTERNET, null, null, null, null, null, -1, default | dun, IPV4V6, IPV4V6, true, 14
07-29 15:00:29.467 D/RILJ    ( 3704): Set RIL_REQUEST_SET_INITIAL_ATTACH_APN
07-29 15:00:29.467 D/RILJ    ( 3704): [8748]> RIL_REQUEST_SET_INITIAL_ATTACH_APN, apn:VZWINTERNET, protocol:IPV4V6, authType:-1, username:null, password:null
07-29 15:00:29.469 D/use-Rlog/RLOG-RIL{0}( 9096): b89ad420 onRequest:[-1639824900] RIL_REQUEST_SET_INITIAL_ATTACH_APN
07-29 15:00:29.469 I/use-Rlog/RLOG-RIL{0}( 9096): sending request RIL_REQUEST_SET_INITIAL_ATTACH_APN on channel 0
07-29 15:00:29.469 D/use-Rlog/RLOG-RIL{0}( 9096): b89adee8 onHandleRequest:[-1639824900] RIL_REQUEST_SET_INITIAL_ATTACH_APN
07-29 15:00:29.469 D/RIL{0}  ( 9096): Same APN in cache - ignore
07-29 15:00:29.469 I/RIL{0}  ( 9096): Read cached IA: apn (VZWINTERNET) protocol (IPV4V6) authtype (0) username () password ()
07-29 15:00:29.469 D/RILJ    ( 3704): [8748]< RIL_REQUEST_SET_INITIAL_ATTACH_APN 
07-29 15:00:29.470 D/DCT     ( 3704): onRecordsLoaded: notifying data availability
07-29 15:00:29.470 D/DCT     ( 3704): [ApnContext:dun] getApnSetting: apnSetting=null
07-29 15:00:29.476 D/DCT     ( 3704): [ApnContext:supl] getApnSetting: apnSetting=null
07-29 15:00:29.481 D/DCT     ( 3704): [ApnContext:hipri] getApnSetting: apnSetting=null
07-29 15:00:29.486 D/DCT     ( 3704): [ApnContext:default] getApnSetting: apnSetting=null
07-29 15:00:29.490 D/DCT     ( 3704): [ApnContext:mms] getApnSetting: apnSetting=null
07-29 15:00:29.493 D/DCT     ( 3704): setupDataOnConnectableApns: simLoaded
07-29 15:00:29.493 D/DCT     ( 3704): setupDataOnConnectableApns: apnContext {mApnType=hipri mState=IDLE mWaitingApns={null} mWaitingApnsPermanentFailureCountDown=0 mApnSetting={null} mReason=radioTurnedOff mDataEnabled=false mDependencyMet=true}
07-29 15:00:29.493 D/DCT     ( 3704): setupDataOnConnectableApns: apnContext {mApnType=mms mState=IDLE mWaitingApns={null} mWaitingApnsPermanentFailureCountDown=0 mApnSetting={null} mReason=radioTurnedOff mDataEnabled=false mDependencyMet=true}
07-29 15:00:29.493 D/DCT     ( 3704): setupDataOnConnectableApns: apnContext {mApnType=supl mState=IDLE mWaitingApns={null} mWaitingApnsPermanentFailureCountDown=0 mApnSetting={null} mReason=radioTurnedOff mDataEnabled=false mDependencyMet=true}
07-29 15:00:29.493 D/DCT     ( 3704): setupDataOnConnectableApns: apnContext {mApnType=default mState=IDLE mWaitingApns={null} mWaitingApnsPermanentFailureCountDown=0 mApnSetting={null} mReason=radioTurnedOff mDataEnabled=true mDependencyMet=true}
07-29 15:00:29.493 D/DCT     ( 3704): setupDataOnConnectableApns: isConnectable() call trySetupData
07-29 15:00:29.493 D/DCT     ( 3704): trySetupData for type:default due to simLoaded apnContext={mApnType=default mState=IDLE mWaitingApns={null} mWaitingApnsPermanentFailureCountDown=0 mApnSetting={null} mReason=simLoaded mDataEnabled=true mDependencyMet=true}
07-29 15:00:29.493 D/DCT     ( 3704): trySetupData with mIsPsRestricted=false
07-29 15:00:29.493 D/DCT     ( 3704): [ApnContext:dun] getApnSetting: apnSetting=null
07-29 15:00:29.497 D/DCT     ( 3704): [ApnContext:supl] getApnSetting: apnSetting=null
07-29 15:00:29.500 D/DCT     ( 3704): [ApnContext:hipri] getApnSetting: apnSetting=null
07-29 15:00:29.503 D/DCT     ( 3704): [ApnContext:default] getApnSetting: apnSetting=null
07-29 15:00:29.505 D/DCT     ( 3704): [ApnContext:mms] getApnSetting: apnSetting=null
07-29 15:00:29.507 D/DCT     ( 3704): trySetupData: X apnContext not 'ready' retValue=false
07-29 15:00:29.507 D/DCT     ( 3704): setupDataOnConnectableApns: apnContext {mApnType=dun mState=IDLE mWaitingApns={null} mWaitingApnsPermanentFailureCountDown=0 mApnSetting={null} mReason=radioTurnedOff mDataEnabled=false mDependencyMet=true}
07-29 15:00:29.507 D/IccCardProxy( 3704): Broadcasting intent ACTION_SIM_STATE_CHANGED LOADED reason null
07-29 15:00:29.508 D/PhoneProxy( 3704): [PhoneProxy] phoneObjectUpdater: newVoiceRadioTech=0
07-29 15:00:29.508 D/TelephonyManager( 3704): getLteOnCdmaMode=0 curVal=-1 product_type='' lteOnCdmaProductType=''
07-29 15:00:29.508 D/PhoneProxy( 3704): [PhoneProxy] phoneObjectUpdater: Unknown rat ignore,  newVoiceRadioTech=Unknown. mActivePhone=GSM
07-29 15:00:29.822 D/use-Rlog/RLOG-RIL AT{0}( 9096): AT(18)< %IPSRB: 0
07-29 15:00:29.822 D/use-Rlog/RLOG-RIL{0}( 9096): Kernel time: [16362.203949]
07-29 15:00:29.822 D/use-Rlog/RLOG-RIL{0}( 9096): b89ae710 onUnsolicited: %IPSRB: 0 null
07-29 15:00:29.824 D/use-Rlog/RLOG-RIL{0}( 9096): b89adee8 onHandleUnsolicited: %IPSRB: 0 null
07-29 15:00:31.561 D/use-Rlog/RLOG-RIL AT{0}( 9096): AT(18)< *TLTS: "15/07/29,13:00:32-28,00"
07-29 15:00:31.561 D/use-Rlog/RLOG-RIL{0}( 9096): Kernel time: [16363.941273]
07-29 15:00:31.561 D/use-Rlog/RLOG-RIL{0}( 9096): b89ae710 onUnsolicited: *TLTS: "15/07/29,13:00:32-28,00" null
07-29 15:00:31.561 D/use-Rlog/RLOG-RIL{0}( 9096): b89adee8 onHandleUnsolicited: *TLTS: "15/07/29,13:00:32-28,00" null
07-29 15:00:31.561 D/use-Rlog/RLOG-RIL AT{0}( 9096): AT(18)< %NWSTATE: 0,00000,0,-,0
07-29 15:00:31.561 D/use-Rlog/RLOG-RIL{0}( 9096): Kernel time: [16363.941859]
07-29 15:00:31.561 D/use-Rlog/RLOG-RIL{0}( 9096): b89ae710 onUnsolicited: %NWSTATE: 0,00000,0,-,0 null
07-29 15:00:31.561 D/use-Rlog/RLOG-RIL{0}( 9096): b89adee8 onHandleUnsolicited: %NWSTATE: 0,00000,0,-,0 null
07-29 15:00:31.562 D/RILJ    ( 3704): [UNSL]< UNSOL_NITZ_TIME_RECEIVED 15/07/29,13:00:32-28,00
07-29 15:00:31.563 D/GsmSST  ( 3704): [GsmSST] NITZ: 15/07/29,13:00:32-28,00,19653707 start=19653708 delay=1
07-29 15:00:31.570 D/GsmSST  ( 3704): [GsmSST] NITZ: Setting time of day to Wed Jul 29 15:00:32 CEST 2015 NITZ receive delay(ms): 8 gained(ms): 438 from 15/07/29,13:00:32-28,00
07-29 15:00:31.570 D/GsmSST  ( 3704): [GsmSST] setAndBroadcastNetworkSetTime: time=1438174832008ms
07-29 15:00:32.019 I/GsmSST  ( 3704): NITZ: after Setting time of day
07-29 15:00:32.233 D/use-Rlog/RLOG-RIL AT{0}( 9096): AT(18)< +CREG: 1,"03E8","0000000A",0
07-29 15:00:32.233 D/use-Rlog/RLOG-RIL{0}( 9096): Kernel time: [16364.176791]
07-29 15:00:32.233 D/use-Rlog/RLOG-RIL{0}( 9096): b89ae710 onUnsolicited: +CREG: 1,"03E8","0000000A",0 null
07-29 15:00:32.233 D/use-Rlog/RLOG-RIL{0}( 9096): b89adee8 onHandleUnsolicited: +CREG: 1,"03E8","0000000A",0 null
07-29 15:00:32.234 D/use-Rlog/RLOG-RIL AT{0}( 9096): AT(18)< %NWSTATE: 0,00101,2g,-,0
07-29 15:00:32.234 D/use-Rlog/RLOG-RIL{0}( 9096): Kernel time: [16364.177060]
07-29 15:00:32.234 D/use-Rlog/RLOG-RIL{0}( 9096): b89ae710 onUnsolicited: %NWSTATE: 0,00101,2g,-,0 null
07-29 15:00:32.234 D/use-Rlog/RLOG-RIL{0}( 9096): b89adee8 onHandleUnsolicited: %NWSTATE: 0,00101,2g,-,0 null
07-29 15:00:32.234 D/use-Rlog/RLOG-RIL AT{0}( 9096): AT(18)< +CGREG: 0
07-29 15:00:32.234 D/use-Rlog/RLOG-RIL{0}( 9096): Kernel time: [16364.177218]
07-29 15:00:32.234 D/use-Rlog/RLOG-RIL{0}( 9096): b89ae710 onUnsolicited: +CGREG: 0 null
07-29 15:00:32.234 D/use-Rlog/RLOG-RIL{0}( 9096): b89adee8 onHandleUnsolicited: +CGREG: 0 null
07-29 15:00:32.234 D/use-Rlog/RLOG-RIL AT{0}( 9096): AT(18)< %NWSTATE: 4,00101,2g,-,0
07-29 15:00:32.234 D/use-Rlog/RLOG-RIL{0}( 9096): Kernel time: [16364.177391]
07-29 15:00:32.234 D/use-Rlog/RLOG-RIL{0}( 9096): b89ae710 onUnsolicited: %NWSTATE: 4,00101,2g,-,0 null
07-29 15:00:32.234 D/use-Rlog/RLOG-RIL{0}( 9096): b89adee8 onHandleUnsolicited: %NWSTATE: 4,00101,2g,-,0 null
07-29 15:00:32.234 D/use-Rlog/RLOG-RIL AT{0}( 9096): AT(18)< %ICESQU: 89,0,255,255,255,255
07-29 15:00:32.234 D/use-Rlog/RLOG-RIL{0}( 9096): Kernel time: [16364.177590]
07-29 15:00:32.234 D/use-Rlog/RLOG-RIL{0}( 9096): b89ae710 onUnsolicited: %ICESQU: 89,0,255,255,255,255 null
07-29 15:00:32.234 D/use-Rlog/RLOG-RIL{0}( 9096): b89adee8 onHandleUnsolicited: %ICESQU: 89,0,255,255,255,255 null
07-29 15:00:32.234 D/RILJ    ( 3704): [UNSL]< UNSOL_RESPONSE_VOICE_NETWORK_STATE_CHANGED
07-29 15:00:32.234 D/use-Rlog/RLOG-RIL AT{0}( 9096): AT(17)< OK
07-29 15:00:32.234 D/RILJ    ( 3704): [UNSL]< UNSOL_RESPONSE_VOICE_NETWORK_STATE_CHANGED
07-29 15:00:32.235 D/RILJ    ( 3704): [UNSL]< UNSOL_RESPONSE_VOICE_NETWORK_STATE_CHANGED
07-29 15:00:32.235 D/RILJ    ( 3704): [8749]> OPERATOR
07-29 15:00:32.238 D/RILJ    ( 3704): [8750]> DATA_REGISTRATION_STATE
07-29 15:00:32.238 D/use-Rlog/RLOG-RIL{0}( 9096): b89ad420 onRequest:[-1639824899] OPERATOR
07-29 15:00:32.238 I/use-Rlog/RLOG-RIL{0}( 9096): sending request OPERATOR on channel 0
07-29 15:00:32.238 D/use-Rlog/RLOG-RIL{0}( 9096): b89adee8 onHandleRequest:[-1639824899] OPERATOR
07-29 15:00:32.238 D/use-Rlog/RLOG-RIL AT{0}( 9096): AT(18)> AT+COPS=3,0;+COPS?;+COPS=3,1;+COPS?;+COPS=3,2;+COPS?
07-29 15:00:32.239 D/RILJ    ( 3704): [8751]> VOICE_REGISTRATION_STATE
07-29 15:00:32.239 D/use-Rlog/RLOG-RIL{0}( 9096): b89ad420 onRequest:[-1639824898] DATA_REGISTRATION_STATE
07-29 15:00:32.239 I/use-Rlog/RLOG-RIL{0}( 9096): sending request DATA_REGISTRATION_STATE on channel 0
07-29 15:00:32.239 D/use-Rlog/RLOG-RIL AT{0}( 9096): AT(18)< +COPS: 1,0,"00101",0
07-29 15:00:32.240 D/use-Rlog/RLOG-RIL AT{0}( 9096): AT(18)< +COPS: 1,1,"00101",0
07-29 15:00:32.240 D/RILJ    ( 3704): [8752]> QUERY_NETWORK_SELECTION_MODE
07-29 15:00:32.240 D/RILJ    ( 3704): [8729]< SET_NETWORK_SELECTION_MANUAL 
07-29 15:00:32.240 D/use-Rlog/RLOG-RIL{0}( 9096): b89ad420 onRequest:[-1639824897] VOICE_REGISTRATION_STATE
07-29 15:00:32.240 I/use-Rlog/RLOG-RIL{0}( 9096): sending request VOICE_REGISTRATION_STATE on channel 0
07-29 15:00:32.241 D/use-Rlog/RLOG-RIL AT{0}( 9096): AT(18)< +COPS: 1,2,"00101",0
07-29 15:00:32.241 D/use-Rlog/RLOG-RIL AT{0}( 9096): AT(18)< OK
07-29 15:00:32.241 D/use-Rlog/RLOG-RIL{0}( 9096): b89adee8 onHandleRequest:[-1639824898] DATA_REGISTRATION_STATE
07-29 15:00:32.241 D/use-Rlog/RLOG-RIL{0}( 9096): b89adee8 onHandleRequest:[-1639824897] VOICE_REGISTRATION_STATE
07-29 15:00:32.243 D/RILJ    ( 3704): [8753]> OPERATOR
07-29 15:00:32.244 D/use-Rlog/RLOG-RIL{0}( 9096): b89ad420 onRequest:[-1639824896] QUERY_NETWORK_SELECTION_MODE
07-29 15:00:32.244 I/use-Rlog/RLOG-RIL{0}( 9096): sending request QUERY_NETWORK_SELECTION_MODE on channel 0
07-29 15:00:32.244 D/use-Rlog/RLOG-RIL{0}( 9096): b89adee8 onHandleRequest:[-1639824896] QUERY_NETWORK_SELECTION_MODE
07-29 15:00:32.244 D/use-Rlog/RLOG-RIL{0}( 9096): Providing cached network selection details
07-29 15:00:32.244 D/RILJ    ( 3704): [8754]> DATA_REGISTRATION_STATE
07-29 15:00:32.245 D/use-Rlog/RLOG-RIL{0}( 9096): b89ad420 onRequest:[-1639824895] OPERATOR
07-29 15:00:32.245 I/use-Rlog/RLOG-RIL{0}( 9096): sending request OPERATOR on channel 0
07-29 15:00:32.245 D/use-Rlog/RLOG-RIL{0}( 9096): b89adee8 onHandleRequest:[-1639824895] OPERATOR
07-29 15:00:32.245 D/use-Rlog/RLOG-RIL{0}( 9096): Providing cached Operator details
07-29 15:00:32.245 D/RILJ    ( 3704): [8755]> VOICE_REGISTRATION_STATE
07-29 15:00:32.246 D/use-Rlog/RLOG-RIL{0}( 9096): b89ad420 onRequest:[-1639824894] DATA_REGISTRATION_STATE
07-29 15:00:32.246 I/use-Rlog/RLOG-RIL{0}( 9096): sending request DATA_REGISTRATION_STATE on channel 0
07-29 15:00:32.246 D/use-Rlog/RLOG-RIL{0}( 9096): b89adee8 onHandleRequest:[-1639824894] DATA_REGISTRATION_STATE
07-29 15:00:32.246 D/RILJ    ( 3704): [8756]> QUERY_NETWORK_SELECTION_MODE
07-29 15:00:32.247 D/use-Rlog/RLOG-RIL{0}( 9096): b89ad420 onRequest:[-1639824893] VOICE_REGISTRATION_STATE
07-29 15:00:32.247 I/use-Rlog/RLOG-RIL{0}( 9096): sending request VOICE_REGISTRATION_STATE on channel 0
07-29 15:00:32.247 D/use-Rlog/RLOG-RIL{0}( 9096): b89adee8 onHandleRequest:[-1639824893] VOICE_REGISTRATION_STATE
07-29 15:00:32.247 D/RILJ    ( 3704): [8757]> OPERATOR
07-29 15:00:32.248 D/use-Rlog/RLOG-RIL{0}( 9096): b89ad420 onRequest:[-1639824892] QUERY_NETWORK_SELECTION_MODE
07-29 15:00:32.248 I/use-Rlog/RLOG-RIL{0}( 9096): sending request QUERY_NETWORK_SELECTION_MODE on channel 0
07-29 15:00:32.248 D/use-Rlog/RLOG-RIL{0}( 9096): b89adee8 onHandleRequest:[-1639824892] QUERY_NETWORK_SELECTION_MODE
07-29 15:00:32.248 D/use-Rlog/RLOG-RIL{0}( 9096): Providing cached network selection details
07-29 15:00:32.248 D/RILJ    ( 3704): [8758]> DATA_REGISTRATION_STATE
07-29 15:00:32.248 D/use-Rlog/RLOG-RIL{0}( 9096): b89ad420 onRequest:[-1639824891] OPERATOR
07-29 15:00:32.248 I/use-Rlog/RLOG-RIL{0}( 9096): sending request OPERATOR on channel 0
07-29 15:00:32.248 D/use-Rlog/RLOG-RIL{0}( 9096): b89adee8 onHandleRequest:[-1639824891] OPERATOR
07-29 15:00:32.248 D/use-Rlog/RLOG-RIL{0}( 9096): Providing cached Operator details
07-29 15:00:32.249 D/RILJ    ( 3704): [8759]> VOICE_REGISTRATION_STATE
07-29 15:00:32.250 D/use-Rlog/RLOG-RIL{0}( 9096): b89ad420 onRequest:[-1639824890] DATA_REGISTRATION_STATE
07-29 15:00:32.250 I/use-Rlog/RLOG-RIL{0}( 9096): sending request DATA_REGISTRATION_STATE on channel 0
07-29 15:00:32.250 D/use-Rlog/RLOG-RIL{0}( 9096): b89adee8 onHandleRequest:[-1639824890] DATA_REGISTRATION_STATE
07-29 15:00:32.251 D/RILJ    ( 3704): [8760]> QUERY_NETWORK_SELECTION_MODE
07-29 15:00:32.251 D/use-Rlog/RLOG-RIL{0}( 9096): b89ad420 onRequest:[-1639824889] VOICE_REGISTRATION_STATE
07-29 15:00:32.251 I/use-Rlog/RLOG-RIL{0}( 9096): sending request VOICE_REGISTRATION_STATE on channel 0
07-29 15:00:32.251 D/use-Rlog/RLOG-RIL{0}( 9096): b89adee8 onHandleRequest:[-1639824889] VOICE_REGISTRATION_STATE
07-29 15:00:32.252 D/RILJ    ( 3704): [8749]< OPERATOR {00101, 00101, 00101}
07-29 15:00:32.252 D/RILJ    ( 3704): [8750]< DATA_REGISTRATION_STATE {0, null, null, 0, null, 2}
07-29 15:00:32.252 D/RILJ    ( 3704): [8751]< VOICE_REGISTRATION_STATE {1, 3e8, a, 16}
07-29 15:00:32.252 D/RILJ    ( 3704): [8752]< QUERY_NETWORK_SELECTION_MODE {1}
07-29 15:00:32.252 D/RILJ    ( 3704): [8753]< OPERATOR {00101, 00101, 00101}
07-29 15:00:32.253 D/RILJ    ( 3704): [8754]< DATA_REGISTRATION_STATE {0, null, null, 0, null, 2}
07-29 15:00:32.253 D/RILJ    ( 3704): [8755]< VOICE_REGISTRATION_STATE {1, 3e8, a, 16}
07-29 15:00:32.253 D/RILJ    ( 3704): [8756]< QUERY_NETWORK_SELECTION_MODE {1}
07-29 15:00:32.253 D/RILJ    ( 3704): [8757]< OPERATOR {00101, 00101, 00101}
07-29 15:00:32.254 D/RILJ    ( 3704): [8758]< DATA_REGISTRATION_STATE {0, null, null, 0, null, 2}
07-29 15:00:32.254 D/RILJ    ( 3704): [8759]< VOICE_REGISTRATION_STATE {1, 3e8, a, 16}
07-29 15:00:32.254 D/use-Rlog/RLOG-RIL{0}( 9096): b89ad420 onRequest:[-1639824888] QUERY_NETWORK_SELECTION_MODE
07-29 15:00:32.254 I/use-Rlog/RLOG-RIL{0}( 9096): sending request QUERY_NETWORK_SELECTION_MODE on channel 0
07-29 15:00:32.254 D/use-Rlog/RLOG-RIL{0}( 9096): b89adee8 onHandleRequest:[-1639824888] QUERY_NETWORK_SELECTION_MODE
07-29 15:00:32.254 D/use-Rlog/RLOG-RIL{0}( 9096): Providing cached network selection details
07-29 15:00:32.254 D/RILJ    ( 3704): [8760]< QUERY_NETWORK_SELECTION_MODE {1}
07-29 15:00:32.258 D/PHONE   ( 3704): [ServiceState] setDataRegState=1
07-29 15:00:32.258 D/PHONE   ( 3704): [ServiceState] setDataRadioTechnology=0
07-29 15:00:32.258 D/GsmSST  ( 3704): [GsmSST] handlPollStateResultMessage: GsmSST setDataRegState=1 regState=0 dataRadioTechnology=0
07-29 15:00:32.258 D/PHONE   ( 3704): [ServiceState] setVoiceRegState=0
07-29 15:00:32.258 E/PHONE   ( 3704): [ServiceState] setState deprecated use setVoiceRegState()
07-29 15:00:32.258 D/GsmSST  ( 3704): [GsmSST] Poll ServiceState done:  oldSS=[1 1 home null null null (manual) Unknown Unknown CSS not supported -1 -1 RoamInd=-1 DefRoamInd=-1 EmergOnly=false] newSS=[0 1 home 00101 00101 00101 (manual) GSM Unknown CSS not supported -1 -1 RoamInd=-1 DefRoamInd=-1 EmergOnly=false] oldMaxDataCalls=2 mNewMaxDataCalls=2 oldReasonDataDenied=-1 mNewReasonDataDenied=-1
07-29 15:00:32.258 D/GsmSST  ( 3704): [GsmSST] RAT switched Unknown -> GSM at cell 10
07-29 15:00:32.258 D/PHONE   ( 3704): [ServiceState] setNullState=1
07-29 15:00:32.258 D/PhoneProxy( 3704): [PhoneProxy] updatePhoneObject: radioTechnology=16
07-29 15:00:32.258 D/GsmSST  ( 3704): [GsmSST] pollStateDone: registering current mNitzUpdatedTime=true changing to false
07-29 15:00:32.259 D/GsmSST  ( 3704): [GsmSST] updateSpnDisplay: changed sending intent rule=2 showPlmn='true' plmn='00101' showSpn='false' spn=''
07-29 15:00:32.263 D/GsmSST  ( 3704): [GsmSST] shouldFixTimeZoneNow: retVal=true iccCardExist=true operatorNumeric=00101 mcc=1 prevOperatorNumeric= prevMcc=2 needToFixTimeZone=true ltod=07-29 15:00:32.262
07-29 15:00:32.263 D/GsmSST  ( 3704): [GsmSST] pollStateDone: fix time zone zoneName='Europe/Amsterdam' mZoneOffset=-25200000 mZoneDst=false iso-cc='' iso-cc-idx=-1
07-29 15:00:32.263 D/GsmSST  ( 3704): [GsmSST] getNitzTimeZone returning America/Creston
07-29 15:00:32.263 D/GsmSST  ( 3704): [GsmSST] pollStateDone: using NITZ TimeZone
07-29 15:00:32.263 D/GsmSST  ( 3704): [GsmSST] pollStateDone: zone != null zone.getID=America/Creston
07-29 15:00:32.270 D/GsmSST  ( 3704): [GsmSST] getCellLocation(): X good mCellLoc=[1000,10,-1]
07-29 15:00:32.272 D/PhoneProxy( 3704): [PhoneProxy] phoneObjectUpdater: newVoiceRadioTech=16
07-29 15:00:32.272 D/TelephonyManager( 3704): getLteOnCdmaMode=0 curVal=-1 product_type='' lteOnCdmaProductType=''
07-29 15:00:32.272 D/PhoneProxy( 3704): [PhoneProxy] phoneObjectUpdater: No change ignore, newVoiceRadioTech=16 mActivePhone=GSM
07-29 15:00:32.998 D/use-Rlog/RLOG-RIL{0}( 9096): b89adee8 onHandleRequest:[-1] <unknown request>
