07-29 15:00:13.536 D/PowerManagerService( 1921): userActivityNoUpdateLocked: system_ready = false
07-29 15:00:13.536 I/PowerManagerService( 1921): setBrightness mButtonLight, screenBrightness=102
07-29 15:00:13.693 V/legacy_audio_policy_hal(  148): audio_io_handle_t android_audio_legacy::ap_get_output(audio_policy*, audio_stream_type_t, uint32_t, audio_format_t, audio_channel_mask_t, audio_output_flags_t, const audio_offload_info_t*): tid 148
07-29 15:00:13.693 V/NvAudioPolicyManager(  148): getDeviceForStrategy() strategy 0, device 2
07-29 15:00:13.693 V/NvAudioPolicyManager(  148): getOutput() stream 1, samplingRate 0, format 0, channelMask 3, flags 0
07-29 15:00:13.693 V/NvAudioPolicyManager(  148): getOutput() returns output 2
07-29 15:00:13.693 V/legacy_audio_policy_hal(  148): audio_io_handle_t android_audio_legacy::ap_get_output(audio_policy*, audio_stream_type_t, uint32_t, audio_format_t, audio_channel_mask_t, audio_output_flags_t, const audio_offload_info_t*): tid 3296
07-29 15:00:13.693 V/NvAudioPolicyManager(  148): getDeviceForStrategy() strategy 0, device 2
07-29 15:00:13.693 V/NvAudioPolicyManager(  148): getOutput() stream 1, samplingRate 0, format 0, channelMask 3, flags 0
07-29 15:00:13.693 V/NvAudioPolicyManager(  148): getOutput() returns output 2
07-29 15:00:13.693 V/legacy_audio_policy_hal(  148): audio_io_handle_t android_audio_legacy::ap_get_output(audio_policy*, audio_stream_type_t, uint32_t, audio_format_t, audio_channel_mask_t, audio_output_flags_t, const audio_offload_info_t*): tid 5510
07-29 15:00:13.693 V/NvAudioPolicyManager(  148): getDeviceForStrategy() strategy 0, device 2
07-29 15:00:13.693 V/NvAudioPolicyManager(  148): getOutput() stream 1, samplingRate 44100, format 1, channelMask 3, flags 4
07-29 15:00:13.693 V/NvAudioPolicyManager(  148): getOutput() returns output 2
07-29 15:00:13.695 V/nvaudio_hw(  148): nvaudio_out_get_latency: latency 85
07-29 15:00:13.695 V/NvAudioPolicyManager(  148): startOutput() output 2, stream 1, session 296
07-29 15:00:13.695 V/NvAudioPolicyManager(  148): getDeviceForStrategy() from cache strategy 0, device 2
07-29 15:00:13.695 V/AudioPolicyManagerBase(  148): changeRefCount() stream 1, count 1
07-29 15:00:13.695 V/NvAudioPolicyManager(  148): getDeviceForStrategy() strategy 0, device 2
07-29 15:00:13.695 V/AudioPolicyManagerBase(  148): getNewDevice() selected device 2
07-29 15:00:13.695 V/AudioPolicyManagerBase(  148): setOutputDevice() output 2 device 0002 delayMs 0
07-29 15:00:13.695 V/AudioPolicyManagerBase(  148): setOutputDevice() prevDevice 0002
07-29 15:00:13.695 V/NvAudioPolicyManager(  148): getDeviceForStrategy() strategy 0, device 2
07-29 15:00:13.695 V/NvAudioPolicyManager(  148): getDeviceForStrategy() strategy 1, device 1
07-29 15:00:13.695 V/NvAudioPolicyManager(  148): getDeviceForStrategy() strategy 2, device 2
07-29 15:00:13.695 V/NvAudioPolicyManager(  148): getDeviceForStrategy() strategy 2, device 2
07-29 15:00:13.695 V/NvAudioPolicyManager(  148): getDeviceForStrategy() strategy 3, device 2
07-29 15:00:13.695 V/NvAudioPolicyManager(  148): getDeviceForStrategy() strategy 0, device 2
07-29 15:00:13.695 V/NvAudioPolicyManager(  148): getDeviceForStrategy() strategy 4, device 2
07-29 15:00:13.695 V/NvAudioPolicyManager(  148): getDeviceForStrategy() strategy 5, device 2
07-29 15:00:13.695 V/NvAudioPolicyManager(  148): getDeviceForStrategy() strategy 6, device 1
07-29 15:00:13.695 V/AudioPolicyManagerBase(  148): setOutputDevice() setting same device 0002 or null device for output 2
07-29 15:00:13.695 V/NvAudioPolicyManager(  148): getDeviceForStrategy() from cache strategy 0, device 2
07-29 15:00:13.695 V/NvAudioPolicyManager(  148): getDeviceForStrategy() from cache strategy 0, device 2
07-29 15:00:13.695 V/nvaudio_hw(  148): nvaudio_dev_set_parameters : nv_param_media_routing=2
07-29 15:00:13.696 V/nvaudio_hw(  148): Media is routed to :2
07-29 15:00:13.696 V/nvaudio_hw(  148): ULP supported: dev 2
07-29 15:00:13.696 I/PowerManagerService( 1921): setBrightness mButtonLight, screenBrightness=102
07-29 15:00:13.697 V/nvaudio_hw(  148): open_out_alsa_dev
07-29 15:00:13.697 V/nvaudio_hw(  148): get_active_dev_rate : card 1 device 0
07-29 15:00:13.697 V/nvaudio_hw(  148): set_route : dev id 0 ref 1 devices 0x2 -> 0x2
07-29 15:00:13.697 V/nvaudio_hw(  148): Opened Alsa OUT device music with pcm_config
07-29 15:00:13.697 V/nvaudio_hw(  148):  channels 2
07-29 15:00:13.697 V/nvaudio_hw(  148):  rate 48000
07-29 15:00:13.697 V/nvaudio_hw(  148):  format 0
07-29 15:00:13.697 V/nvaudio_hw(  148):  period_size 1024
07-29 15:00:13.697 V/nvaudio_hw(  148):  period_count 1
07-29 15:00:13.697 V/nvaudio_hw(  148):  start_threshold 1
07-29 15:00:13.697 V/nvaudio_hw(  148):  stop_threshold 2049 
07-29 15:00:13.697 V/nvaudio_hw(  148): silence_threshold 0
07-29 15:00:13.697 V/nvaudio_hw(  148):  avail_min 1
07-29 15:00:13.697 V/nvaudio_hw(  148): set_avp_render_path
07-29 15:00:13.697 V/nvaudio_hw(  148): set_out_resampler : quality 4
07-29 15:00:13.697 V/nvaudio_hw(  148): No resampler required
07-29 15:00:13.697 V/nvaudio_hw(  148): set_current_route : dev id 0
07-29 15:00:13.697 V/nvaudio_hw(  148): set_route_by_array
07-29 15:00:13.697 V/nvaudio_hw(  148): set_route_by_array
07-29 15:00:13.697 V/nvaudio_hw(  148): Set 'Right Speaker Mixer Left DAC Switch' to '1' mode = 0 r->mode = -2 srate = 48000 r->srate = 0 
07-29 15:00:13.697 V/nvaudio_hw(  148): Set 'Right Speaker Mixer Right DAC Switch' to '1' mode = 0 r->mode = -2 srate = 48000 r->srate = 0 
07-29 15:00:13.697 V/nvaudio_hw(  148): Set 'Speaker Left Switch' to '1' mode = 0 r->mode = -2 srate = 48000 r->srate = 0 
07-29 15:00:13.697 V/nvaudio_hw(  148): Set 'Speaker Right Switch' to '1' mode = 0 r->mode = -2 srate = 48000 r->srate = 0 
07-29 15:00:13.697 V/nvaudio_hw(  148): Set 'Speaker Left Volume' to '58' mode = 0 r->mode = -2 srate = 48000 r->srate = 0 
07-29 15:00:13.697 V/nvaudio_hw(  148): Set 'Speaker Right Volume' to '58' mode = 0 r->mode = -2 srate = 48000 r->srate = 0 
07-29 15:00:13.697 V/nvaudio_hw(  148): Set 'Digital Gain Volume' to '0' mode = 0 r->mode = -2 srate = 48000 r->srate = 0 
07-29 15:00:13.697 V/nvaudio_hw(  148): Set 'Digital Level Volume' to '10' mode = 0 r->mode = -2 srate = 48000 r->srate = 0 
07-29 15:00:13.697 V/AudioPolicyManagerBase(  148): releaseOutput() 2
07-29 15:00:13.698 V/nvaudio_hw(  148): Set 'Int Spk Switch' to '1' mode = 0 r->mode = -2 srate = 48000 r->srate = 0 
07-29 15:00:13.698 V/nvaudio_hw(  148): Set 'ALC Make Up Gain Volume' to '8' mode = 0 r->mode = -2 srate = 48000 r->srate = 0 
07-29 15:00:13.698 V/nvaudio_hw(  148): Set 'ALC Compression Ratio' to '3' mode = 0 r->mode = -2 srate = 48000 r->srate = 0 
07-29 15:00:13.698 V/nvaudio_hw(  148): Set 'ALC Compression Threshold Volume' to '14' mode = 0 r->mode = -2 srate = 48000 r->srate = 0 
07-29 15:00:13.698 V/nvaudio_hw(  148): Set 'ALC Expansion Ratio' to '2' mode = 0 r->mode = -2 srate = 48000 r->srate = 0 
07-29 15:00:13.698 V/nvaudio_hw(  148): Set 'ALC Expansion Threshold Volume' to '26' mode = 0 r->mode = -2 srate = 48000 r->srate = 0 
07-29 15:00:13.698 V/nvaudio_hw(  148): Set 'ALC Enable' to '1' mode = 0 r->mode = -2 srate = 48000 r->srate = 0 
07-29 15:00:13.698 V/nvaudio_hw(  148): Set 'Speaker Left Mixer Gain Volume' to '2' mode = 0 r->mode = -2 srate = 48000 r->srate = 0 
07-29 15:00:13.698 V/nvaudio_hw(  148): Set 'Speaker Right Mixer Gain Volume' to '2' mode = 0 r->mode = -2 srate = 48000 r->srate = 0 
07-29 15:00:13.703 W/InputMethodManagerService( 1921): Window already focused, ignoring focus gain of: com.android.internal.view.IInputMethodClient$Stub$Proxy@41d1bbd0 attribute=android.view.inputmethod.EditorInfo@42174dd0, token = android.os.BinderProxy@41deb578
07-29 15:00:13.713 V/nvaudio_hw(  148): Set 'EQ Mode' to '3' mode = 0 r->mode = -2 srate = 48000 r->srate = 0 
07-29 15:00:13.713 V/nvaudio_hw(  148): Set 'Digital EQ 7 Band Enable' to '1' mode = 0 r->mode = -2 srate = 48000 r->srate = 0 
07-29 15:00:13.713 V/nvaudio_hw(  148): send_at_cmd_by_list: type 0
07-29 15:00:13.713 V/nvaudio_hw(  148): trigger_dma_callback dma address 0x4002C000 on 1
07-29 15:00:13.721 W/Settings( 3704): Setting airplane_mode_on has moved from android.provider.Settings.System to android.provider.Settings.Global, returning read-only value.
07-29 15:00:13.722 I/PowerManagerService( 1921): setBrightness mButtonLight, screenBrightness=102
07-29 15:00:13.723 D/BluetoothManagerService( 1921): Message: 2
07-29 15:00:13.726 D/CellBroadcastReceiver( 8419): onReceive Intent { act=android.intent.action.AIRPLANE_MODE flg=0x20000010 cmp=com.android.cellbroadcastreceiver/.CellBroadcastReceiver (has extras) }
07-29 15:00:13.726 D/CellBroadcastReceiver( 8419): airplaneModeOn: true
07-29 15:00:13.735 D/PhoneStatusBar( 3515): disable: < expand* icons alerts ticker system_info back home recent clock search >
07-29 15:00:13.736 I/ICEUTIL (  163): WakelockActuate: writing fildLock to /sys/power/wake_lock
07-29 15:00:13.736 D/FILD    (  163): OBEX: Core: Received packet: 0x2 0x2c 0x29 0x29 0x1
07-29 15:00:13.736 D/FILD    (  163): OBEX: Core: obex_CoreSendSimplePacket: 0x90 0x3
07-29 15:00:13.736 I/ICEUTIL (  163): WakelockActuate: writing fildLock to /sys/power/wake_unlock
07-29 15:00:13.737 I/ICEUTIL (  163): WakelockActuate: writing fildLock to /sys/power/wake_lock
07-29 15:00:13.737 D/FILD    (  163): OBEX: Core: Received packet: 0x82 0x34a 0x347 0x347 0x49
07-29 15:00:13.737 I/FILD    (  163): OBEX: File: HandleBodyEndOfBodyHeaders: write in /data/rfs/data/nvram-rw.bin
07-29 15:00:13.737 D/FILD    (  163): OBEX: Core: obex_CoreSendSimplePacket: 0xa0 0x3
07-29 15:00:13.737 I/ICEUTIL (  163): WakelockActuate: writing fildLock to /sys/power/wake_unlock
07-29 15:00:14.700 V/nvaudio_hw(  148): nvaudio_out_get_latency: latency 85
07-29 15:00:14.710 V/nvaudio_hw(  148): nvaudio_out_get_latency: latency 85
07-29 15:00:14.721 V/nvaudio_hw(  148): nvaudio_out_get_latency: latency 85
07-29 15:00:14.731 V/nvaudio_hw(  148): nvaudio_out_get_latency: latency 85
07-29 15:00:14.742 V/nvaudio_hw(  148): nvaudio_out_get_latency: latency 85
07-29 15:00:14.752 V/nvaudio_hw(  148): nvaudio_out_get_latency: latency 85
07-29 15:00:14.762 V/nvaudio_hw(  148): nvaudio_out_get_latency: latency 85
07-29 15:00:14.773 V/nvaudio_hw(  148): nvaudio_out_get_latency: latency 85
07-29 15:00:14.783 V/nvaudio_hw(  148): nvaudio_out_get_latency: latency 85
07-29 15:00:14.794 V/NvAudioPolicyManager(  148): stopOutput() output 2, stream 1, session 296
07-29 15:00:14.794 V/NvAudioPolicyManager(  148): getDeviceForStrategy() from cache strategy 0, device 2
07-29 15:00:14.794 V/AudioPolicyManagerBase(  148): changeRefCount() stream 1, count 0
07-29 15:00:14.794 V/AudioPolicyManagerBase(  148): getNewDevice() selected device 0
07-29 15:00:14.794 V/AudioPolicyManagerBase(  148): setOutputDevice() output 2 device 0000 delayMs 170
07-29 15:00:14.794 V/AudioPolicyManagerBase(  148): setOutputDevice() prevDevice 0002
07-29 15:00:14.794 V/NvAudioPolicyManager(  148): getDeviceForStrategy() strategy 0, device 2
07-29 15:00:14.794 V/NvAudioPolicyManager(  148): getDeviceForStrategy() strategy 1, device 1
07-29 15:00:14.794 V/NvAudioPolicyManager(  148): getDeviceForStrategy() strategy 2, device 2
07-29 15:00:14.794 V/NvAudioPolicyManager(  148): getDeviceForStrategy() strategy 2, device 2
07-29 15:00:14.794 V/NvAudioPolicyManager(  148): getDeviceForStrategy() strategy 3, device 2
07-29 15:00:14.794 V/NvAudioPolicyManager(  148): getDeviceForStrategy() strategy 0, device 2
07-29 15:00:14.794 V/NvAudioPolicyManager(  148): getDeviceForStrategy() strategy 4, device 2
07-29 15:00:14.794 V/NvAudioPolicyManager(  148): getDeviceForStrategy() strategy 5, device 2
07-29 15:00:14.794 V/NvAudioPolicyManager(  148): getDeviceForStrategy() strategy 6, device 1
07-29 15:00:14.794 V/AudioPolicyManagerBase(  148): setOutputDevice() setting same device 0000 or null device for output 2
07-29 15:00:14.794 V/NvAudioPolicyManager(  148): getDeviceForStrategy() from cache strategy 0, device 2
07-29 15:00:14.794 V/NvAudioPolicyManager(  148): getDeviceForStrategy() from cache strategy 0, device 2
07-29 15:00:14.794 V/nvaudio_hw(  148): nvaudio_dev_set_parameters : nv_param_media_routing=2
07-29 15:00:14.794 V/nvaudio_hw(  148): Media is routed to :2
07-29 15:00:14.794 V/nvaudio_hw(  148): ULP supported: dev 2
07-29 15:00:15.253 I/ICEUTIL (  163): WakelockActuate: writing fildLock to /sys/power/wake_lock
07-29 15:00:15.253 D/FILD    (  163): OBEX: Core: Received packet: 0x3 0x3e 0x3b 0x3b 0x1
07-29 15:00:15.253 I/FILD    (  163): OBEX: File: HandleFirstGetResponse: File /data/rfs/data/modem/transaction.log not found.
07-29 15:00:15.253 D/FILD    (  163): OBEX: Core: obex_CoreSendSimplePacket: 0xd0 0x3
07-29 15:00:15.253 I/ICEUTIL (  163): WakelockActuate: writing fildLock to /sys/power/wake_unlock
07-29 15:00:15.253 I/ICEUTIL (  163): WakelockActuate: writing fildLock to /sys/power/wake_lock
07-29 15:00:15.253 D/FILD    (  163): OBEX: Core: Received packet: 0x3 0x3e 0x3b 0x3b 0x1
07-29 15:00:15.253 I/FILD    (  163): OBEX: File: HandleFirstGetResponse: File /data/rfs/data/modem/transaction.log not found.
07-29 15:00:15.253 D/FILD    (  163): OBEX: Core: obex_CoreSendSimplePacket: 0xd0 0x3
07-29 15:00:15.253 I/ICEUTIL (  163): WakelockActuate: writing fildLock to /sys/power/wake_unlock
07-29 15:00:15.253 I/ICEUTIL (  163): WakelockActuate: writing fildLock to /sys/power/wake_lock
07-29 15:00:15.253 D/FILD    (  163): OBEX: Core: Received packet: 0x82 0x41 0x3e 0x3b 0x1
07-29 15:00:15.253 D/FILD    (  163): OBEX: Core: Received packet: 0x82 0x41 0x3e 0x3 0x49
07-29 15:00:15.254 D/FILD    (  163): OBEX: Core: obex_CoreSendSimplePacket: 0xa0 0x3
07-29 15:00:15.254 I/ICEUTIL (  163): WakelockActuate: writing fildLock to /sys/power/wake_unlock
07-29 15:00:15.254 I/ICEUTIL (  163): WakelockActuate: writing fildLock to /sys/power/wake_lock
07-29 15:00:15.254 D/FILD    (  163): OBEX: Core: Received packet: 0x2 0x3e 0x3b 0x3b 0x1
07-29 15:00:15.254 D/FILD    (  163): OBEX: Core: obex_CoreSendSimplePacket: 0x90 0x3
07-29 15:00:15.254 I/ICEUTIL (  163): WakelockActuate: writing fildLock to /sys/power/wake_unlock
07-29 15:00:15.254 I/ICEUTIL (  163): WakelockActuate: writing fildLock to /sys/power/wake_lock
07-29 15:00:15.254 D/FILD    (  163): OBEX: Core: Received packet: 0x82 0x94 0x91 0x91 0x49
07-29 15:00:15.254 I/FILD    (  163): OBEX: File: HandleBodyEndOfBodyHeaders: write in /data/rfs/data/modem/transaction.log
07-29 15:00:15.254 D/FILD    (  163): OBEX: Core: obex_CoreSendSimplePacket: 0xa0 0x3
07-29 15:00:15.254 I/ICEUTIL (  163): WakelockActuate: writing fildLock to /sys/power/wake_unlock
07-29 15:00:15.254 I/ICEUTIL (  163): WakelockActuate: writing fildLock to /sys/power/wake_lock
07-29 15:00:15.254 D/FILD    (  163): OBEX: Core: Received packet: 0x2 0x42 0x3f 0x3f 0x1
07-29 15:00:15.254 D/FILD    (  163): OBEX: Core: obex_CoreSendSimplePacket: 0x90 0x3
07-29 15:00:15.254 I/ICEUTIL (  163): WakelockActuate: writing fildLock to /sys/power/wake_unlock
07-29 15:00:15.255 I/ICEUTIL (  163): WakelockActuate: writing fildLock to /sys/power/wake_lock
07-29 15:00:15.255 D/FILD    (  163): OBEX: Core: Received packet: 0x82 0x12 0xf 0xf 0x49
07-29 15:00:15.255 I/FILD    (  163): OBEX: File: HandleBodyEndOfBodyHeaders: write in /data/rfs/data/modem/NRAM2_MM_DATA.bin
07-29 15:00:15.255 D/FILD    (  163): OBEX: Core: obex_CoreSendSimplePacket: 0xa0 0x3
07-29 15:00:15.255 I/ICEUTIL (  163): WakelockActuate: writing fildLock to /sys/power/wake_unlock
07-29 15:00:15.255 I/ICEUTIL (  163): WakelockActuate: writing fildLock to /sys/power/wake_lock
07-29 15:00:15.255 D/FILD    (  163): OBEX: Core: Received packet: 0x82 0x3e 0x3b 0x3b 0x1
07-29 15:00:15.255 I/FILD    (  163): OBEX: File: HandlePutRequest: removing /data/rfs/data/modem/transaction.log
07-29 15:00:15.255 D/FILD    (  163): OBEX: Core: obex_CoreSendSimplePacket: 0xa0 0x3
07-29 15:00:15.255 I/ICEUTIL (  163): WakelockActuate: writing fildLock to /sys/power/wake_unlock
07-29 15:00:15.255 I/ICEUTIL (  163): WakelockActuate: writing fildLock to /sys/power/wake_lock
07-29 15:00:15.255 D/FILD    (  163): OBEX: Core: Received packet: 0x3 0x3e 0x3b 0x3b 0x1
07-29 15:00:15.256 I/FILD    (  163): OBEX: File: HandleFirstGetResponse: File /data/rfs/data/modem/transaction.log not found.
07-29 15:00:15.256 D/FILD    (  163): OBEX: Core: obex_CoreSendSimplePacket: 0xd0 0x3
07-29 15:00:15.256 I/ICEUTIL (  163): WakelockActuate: writing fildLock to /sys/power/wake_unlock
07-29 15:00:15.256 I/ICEUTIL (  163): WakelockActuate: writing fildLock to /sys/power/wake_lock
07-29 15:00:15.256 D/FILD    (  163): OBEX: Core: Received packet: 0x3 0x3e 0x3b 0x3b 0x1
07-29 15:00:15.256 I/FILD    (  163): OBEX: File: HandleFirstGetResponse: File /data/rfs/data/modem/transaction.log not found.
07-29 15:00:15.256 D/FILD    (  163): OBEX: Core: obex_CoreSendSimplePacket: 0xd0 0x3
07-29 15:00:15.256 I/ICEUTIL (  163): WakelockActuate: writing fildLock to /sys/power/wake_unlock
07-29 15:00:15.256 I/ICEUTIL (  163): WakelockActuate: writing fildLock to /sys/power/wake_lock
07-29 15:00:15.256 D/FILD    (  163): OBEX: Core: Received packet: 0x82 0x41 0x3e 0x3b 0x1
07-29 15:00:15.256 D/FILD    (  163): OBEX: Core: Received packet: 0x82 0x41 0x3e 0x3 0x49
07-29 15:00:15.256 D/FILD    (  163): OBEX: Core: obex_CoreSendSimplePacket: 0xa0 0x3
07-29 15:00:15.256 I/ICEUTIL (  163): WakelockActuate: writing fildLock to /sys/power/wake_unlock
07-29 15:00:15.256 I/ICEUTIL (  163): WakelockActuate: writing fildLock to /sys/power/wake_lock
07-29 15:00:15.256 D/FILD    (  163): OBEX: Core: Received packet: 0x2 0x3e 0x3b 0x3b 0x1
07-29 15:00:15.256 D/FILD    (  163): OBEX: Core: obex_CoreSendSimplePacket: 0x90 0x3
07-29 15:00:15.256 I/ICEUTIL (  163): WakelockActuate: writing fildLock to /sys/power/wake_unlock
07-29 15:00:15.256 I/ICEUTIL (  163): WakelockActuate: writing fildLock to /sys/power/wake_lock
07-29 15:00:15.256 D/FILD    (  163): OBEX: Core: Received packet: 0x82 0x4c4 0x4c1 0x4c1 0x49
07-29 15:00:15.256 I/FILD    (  163): OBEX: File: HandleBodyEndOfBodyHeaders: write in /data/rfs/data/modem/transaction.log
07-29 15:00:15.257 D/FILD    (  163): OBEX: Core: obex_CoreSendSimplePacket: 0xa0 0x3
07-29 15:00:15.257 I/ICEUTIL (  163): WakelockActuate: writing fildLock to /sys/power/wake_unlock
07-29 15:00:15.257 I/ICEUTIL (  163): WakelockActuate: writing fildLock to /sys/power/wake_lock
07-29 15:00:15.257 D/FILD    (  163): OBEX: Core: Received packet: 0x2 0x60 0x5d 0x5d 0x1
07-29 15:00:15.257 D/FILD    (  163): OBEX: Core: obex_CoreSendSimplePacket: 0x90 0x3
07-29 15:00:15.257 I/ICEUTIL (  163): WakelockActuate: writing fildLock to /sys/power/wake_unlock
07-29 15:00:15.257 I/ICEUTIL (  163): WakelockActuate: writing fildLock to /sys/power/wake_lock
07-29 15:00:15.257 D/FILD    (  163): OBEX: Core: Received packet: 0x82 0x442 0x43f 0x43f 0x49
07-29 15:00:15.257 I/FILD    (  163): OBEX: File: HandleBodyEndOfBodyHeaders: write in /data/rfs/data/modem/NRAM2_PLMN_CARRIER_LIST_DATA.bin
07-29 15:00:15.257 D/FILD    (  163): OBEX: Core: obex_CoreSendSimplePacket: 0xa0 0x3
07-29 15:00:15.257 I/ICEUTIL (  163): WakelockActuate: writing fildLock to /sys/power/wake_unlock
07-29 15:00:15.257 I/ICEUTIL (  163): WakelockActuate: writing fildLock to /sys/power/wake_lock
07-29 15:00:15.257 D/FILD    (  163): OBEX: Core: Received packet: 0x82 0x3e 0x3b 0x3b 0x1
07-29 15:00:15.257 I/FILD    (  163): OBEX: File: HandlePutRequest: removing /data/rfs/data/modem/transaction.log
07-29 15:00:15.257 D/FILD    (  163): OBEX: Core: obex_CoreSendSimplePacket: 0xa0 0x3
07-29 15:00:15.257 I/ICEUTIL (  163): WakelockActuate: writing fildLock to /sys/power/wake_unlock
07-29 15:00:15.257 I/ICEUTIL (  163): WakelockActuate: writing fildLock to /sys/power/wake_lock
07-29 15:00:15.257 D/FILD    (  163): OBEX: Core: Received packet: 0x3 0x3e 0x3b 0x3b 0x1
07-29 15:00:15.257 I/FILD    (  163): OBEX: File: HandleFirstGetResponse: File /data/rfs/data/modem/transaction.log not found.
07-29 15:00:15.257 D/FILD    (  163): OBEX: Core: obex_CoreSendSimplePacket: 0xd0 0x3
07-29 15:00:15.257 I/ICEUTIL (  163): WakelockActuate: writing fildLock to /sys/power/wake_unlock
07-29 15:00:15.257 I/ICEUTIL (  163): WakelockActuate: writing fildLock to /sys/power/wake_lock
07-29 15:00:15.257 D/FILD    (  163): OBEX: Core: Received packet: 0x3 0x3e 0x3b 0x3b 0x1
07-29 15:00:15.258 I/FILD    (  163): OBEX: File: HandleFirstGetResponse: File /data/rfs/data/modem/transaction.log not found.
07-29 15:00:15.258 D/FILD    (  163): OBEX: Core: obex_CoreSendSimplePacket: 0xd0 0x3
07-29 15:00:15.258 I/ICEUTIL (  163): WakelockActuate: writing fildLock to /sys/power/wake_unlock
07-29 15:00:15.258 I/ICEUTIL (  163): WakelockActuate: writing fildLock to /sys/power/wake_lock
07-29 15:00:15.258 D/FILD    (  163): OBEX: Core: Received packet: 0x82 0x41 0x3e 0x3b 0x1
07-29 15:00:15.258 D/FILD    (  163): OBEX: Core: Received packet: 0x82 0x41 0x3e 0x3 0x49
07-29 15:00:15.258 D/FILD    (  163): OBEX: Core: obex_CoreSendSimplePacket: 0xa0 0x3
07-29 15:00:15.258 I/ICEUTIL (  163): WakelockActuate: writing fildLock to /sys/power/wake_unlock
07-29 15:00:15.258 I/ICEUTIL (  163): WakelockActuate: writing fildLock to /sys/power/wake_lock
07-29 15:00:15.258 D/FILD    (  163): OBEX: Core: Received packet: 0x2 0x3e 0x3b 0x3b 0x1
07-29 15:00:15.258 D/FILD    (  163): OBEX: Core: obex_CoreSendSimplePacket: 0x90 0x3
07-29 15:00:15.258 I/ICEUTIL (  163): WakelockActuate: writing fildLock to /sys/power/wake_unlock
07-29 15:00:15.258 I/ICEUTIL (  163): WakelockActuate: writing fildLock to /sys/power/wake_lock
07-29 15:00:15.258 D/FILD    (  163): OBEX: Core: Received packet: 0x82 0x19c 0x199 0x199 0x49
07-29 15:00:15.258 I/FILD    (  163): OBEX: File: HandleBodyEndOfBodyHeaders: write in /data/rfs/data/modem/transaction.log
07-29 15:00:15.258 D/FILD    (  163): OBEX: Core: obex_CoreSendSimplePacket: 0xa0 0x3
07-29 15:00:15.258 I/ICEUTIL (  163): WakelockActuate: writing fildLock to /sys/power/wake_unlock
07-29 15:00:15.258 I/ICEUTIL (  163): WakelockActuate: writing fildLock to /sys/power/wake_lock
07-29 15:00:15.258 D/FILD    (  163): OBEX: Core: Received packet: 0x2 0x5e 0x5b 0x5b 0x1
07-29 15:00:15.258 D/FILD    (  163): OBEX: Core: obex_CoreSendSimplePacket: 0x90 0x3
07-29 15:00:15.258 I/ICEUTIL (  163): WakelockActuate: writing fildLock to /sys/power/wake_unlock
07-29 15:00:15.258 I/ICEUTIL (  163): WakelockActuate: writing fildLock to /sys/power/wake_lock
07-29 15:00:15.258 D/FILD    (  163): OBEX: Core: Received packet: 0x82 0x11a 0x117 0x117 0x49
07-29 15:00:15.258 I/FILD    (  163): OBEX: File: HandleBodyEndOfBodyHeaders: write in /data/rfs/data/modem/NRAM2_MCC_CARRIER_LIST_DATA.bin
07-29 15:00:15.258 D/FILD    (  163): OBEX: Core: obex_CoreSendSimplePacket: 0xa0 0x3
07-29 15:00:15.258 I/ICEUTIL (  163): WakelockActuate: writing fildLock to /sys/power/wake_unlock
07-29 15:00:15.259 I/ICEUTIL (  163): WakelockActuate: writing fildLock to /sys/power/wake_lock
07-29 15:00:15.259 D/FILD    (  163): OBEX: Core: Received packet: 0x82 0x3e 0x3b 0x3b 0x1
07-29 15:00:15.259 I/FILD    (  163): OBEX: File: HandlePutRequest: removing /data/rfs/data/modem/transaction.log
07-29 15:00:15.259 D/FILD    (  163): OBEX: Core: obex_CoreSendSimplePacket: 0xa0 0x3
07-29 15:00:15.259 I/ICEUTIL (  163): WakelockActuate: writing fildLock to /sys/power/wake_unlock
07-29 15:00:15.312 I/ICEUTIL (  163): WakelockActuate: writing fildLock to /sys/power/wake_lock
07-29 15:00:15.312 D/FILD    (  163): OBEX: Core: Received packet: 0x3 0x3e 0x3b 0x3b 0x1
07-29 15:00:15.312 I/FILD    (  163): OBEX: File: HandleFirstGetResponse: File /data/rfs/data/modem/transaction.log not found.
07-29 15:00:15.312 D/FILD    (  163): OBEX: Core: obex_CoreSendSimplePacket: 0xd0 0x3
07-29 15:00:15.312 I/ICEUTIL (  163): WakelockActuate: writing fildLock to /sys/power/wake_unlock
07-29 15:00:15.312 I/ICEUTIL (  163): WakelockActuate: writing fildLock to /sys/power/wake_lock
07-29 15:00:15.312 D/FILD    (  163): OBEX: Core: Received packet: 0x3 0x3e 0x3b 0x3b 0x1
07-29 15:00:15.312 I/FILD    (  163): OBEX: File: HandleFirstGetResponse: File /data/rfs/data/modem/transaction.log not found.
07-29 15:00:15.312 D/FILD    (  163): OBEX: Core: obex_CoreSendSimplePacket: 0xd0 0x3
07-29 15:00:15.312 I/ICEUTIL (  163): WakelockActuate: writing fildLock to /sys/power/wake_unlock
07-29 15:00:15.312 I/ICEUTIL (  163): WakelockActuate: writing fildLock to /sys/power/wake_lock
07-29 15:00:15.312 D/FILD    (  163): OBEX: Core: Received packet: 0x3 0x3e 0x3b 0x3b 0x1
07-29 15:00:15.312 I/FILD    (  163): OBEX: File: HandleFirstGetResponse: File /data/rfs/data/modem/transaction.log not found.
07-29 15:00:15.312 D/FILD    (  163): OBEX: Core: obex_CoreSendSimplePacket: 0xd0 0x3
07-29 15:00:15.312 I/ICEUTIL (  163): WakelockActuate: writing fildLock to /sys/power/wake_unlock
07-29 15:00:15.313 I/ICEUTIL (  163): WakelockActuate: writing fildLock to /sys/power/wake_lock
07-29 15:00:15.313 D/FILD    (  163): OBEX: Core: Received packet: 0x82 0x41 0x3e 0x3b 0x1
07-29 15:00:15.313 D/FILD    (  163): OBEX: Core: Received packet: 0x82 0x41 0x3e 0x3 0x49
07-29 15:00:15.313 D/FILD    (  163): OBEX: Core: obex_CoreSendSimplePacket: 0xa0 0x3
07-29 15:00:15.313 I/ICEUTIL (  163): WakelockActuate: writing fildLock to /sys/power/wake_unlock
07-29 15:00:15.313 I/ICEUTIL (  163): WakelockActuate: writing fildLock to /sys/power/wake_lock
07-29 15:00:15.313 D/FILD    (  163): OBEX: Core: Received packet: 0x2 0x3e 0x3b 0x3b 0x1
07-29 15:00:15.313 D/FILD    (  163): OBEX: Core: obex_CoreSendSimplePacket: 0x90 0x3
07-29 15:00:15.313 I/ICEUTIL (  163): WakelockActuate: writing fildLock to /sys/power/wake_unlock
07-29 15:00:15.313 I/ICEUTIL (  163): WakelockActuate: writing fildLock to /sys/power/wake_lock
07-29 15:00:15.313 D/FILD    (  163): OBEX: Core: Received packet: 0x82 0xfa 0xf7 0xf7 0x49
07-29 15:00:15.313 I/FILD    (  163): OBEX: File: HandleBodyEndOfBodyHeaders: write in /data/rfs/data/modem/transaction.log
07-29 15:00:15.313 D/FILD    (  163): OBEX: Core: obex_CoreSendSimplePacket: 0xa0 0x3
07-29 15:00:15.313 I/ICEUTIL (  163): WakelockActuate: writing fildLock to /sys/power/wake_unlock
07-29 15:00:15.313 I/ICEUTIL (  163): WakelockActuate: writing fildLock to /sys/power/wake_lock
07-29 15:00:15.313 D/FILD    (  163): OBEX: Core: Received packet: 0x2 0x4c 0x49 0x49 0x1
07-29 15:00:15.313 D/FILD    (  163): OBEX: Core: obex_CoreSendSimplePacket: 0x90 0x3
07-29 15:00:15.313 I/ICEUTIL (  163): WakelockActuate: writing fildLock to /sys/power/wake_unlock
07-29 15:00:15.313 I/ICEUTIL (  163): WakelockActuate: writing fildLock to /sys/power/wake_lock
07-29 15:00:15.313 D/FILD    (  163): OBEX: Core: Received packet: 0x82 0x78 0x75 0x75 0x49
07-29 15:00:15.313 I/FILD    (  163): OBEX: File: HandleBodyEndOfBodyHeaders: write in /data/rfs/data/modem/NRAM2_USIM_MM_DATA.bin
07-29 15:00:15.314 D/FILD    (  163): OBEX: Core: obex_CoreSendSimplePacket: 0xa0 0x3
07-29 15:00:15.314 I/ICEUTIL (  163): WakelockActuate: writing fildLock to /sys/power/wake_unlock
07-29 15:00:15.314 I/ICEUTIL (  163): WakelockActuate: writing fildLock to /sys/power/wake_lock
07-29 15:00:15.314 D/FILD    (  163): OBEX: Core: Received packet: 0x82 0x3e 0x3b 0x3b 0x1
07-29 15:00:15.314 I/FILD    (  163): OBEX: File: HandlePutRequest: removing /data/rfs/data/modem/transaction.log
07-29 15:00:15.314 D/FILD    (  163): OBEX: Core: obex_CoreSendSimplePacket: 0xa0 0x3
07-29 15:00:15.314 I/ICEUTIL (  163): WakelockActuate: writing fildLock to /sys/power/wake_unlock
07-29 15:00:15.314 I/ICEUTIL (  163): WakelockActuate: writing fildLock to /sys/power/wake_lock
07-29 15:00:15.314 D/FILD    (  163): OBEX: Core: Received packet: 0x3 0x3e 0x3b 0x3b 0x1
07-29 15:00:15.314 I/FILD    (  163): OBEX: File: HandleFirstGetResponse: File /data/rfs/data/modem/transaction.log not found.
07-29 15:00:15.314 D/FILD    (  163): OBEX: Core: obex_CoreSendSimplePacket: 0xd0 0x3
07-29 15:00:15.314 I/ICEUTIL (  163): WakelockActuate: writing fildLock to /sys/power/wake_unlock
07-29 15:00:15.314 I/ICEUTIL (  163): WakelockActuate: writing fildLock to /sys/power/wake_lock
07-29 15:00:15.314 D/FILD    (  163): OBEX: Core: Received packet: 0x3 0x3e 0x3b 0x3b 0x1
07-29 15:00:15.314 I/FILD    (  163): OBEX: File: HandleFirstGetResponse: File /data/rfs/data/modem/transaction.log not found.
07-29 15:00:15.314 D/FILD    (  163): OBEX: Core: obex_CoreSendSimplePacket: 0xd0 0x3
07-29 15:00:15.314 I/ICEUTIL (  163): WakelockActuate: writing fildLock to /sys/power/wake_unlock
07-29 15:00:15.315 I/ICEUTIL (  163): WakelockActuate: writing fildLock to /sys/power/wake_lock
07-29 15:00:15.315 D/FILD    (  163): OBEX: Core: Received packet: 0x3 0x3e 0x3b 0x3b 0x1
07-29 15:00:15.315 I/FILD    (  163): OBEX: File: HandleFirstGetResponse: File /data/rfs/data/modem/transaction.log not found.
07-29 15:00:15.315 D/FILD    (  163): OBEX: Core: obex_CoreSendSimplePacket: 0xd0 0x3
07-29 15:00:15.315 I/ICEUTIL (  163): WakelockActuate: writing fildLock to /sys/power/wake_unlock
07-29 15:00:15.315 I/ICEUTIL (  163): WakelockActuate: writing fildLock to /sys/power/wake_lock
07-29 15:00:15.315 D/FILD    (  163): OBEX: Core: Received packet: 0x82 0x41 0x3e 0x3b 0x1
07-29 15:00:15.315 D/FILD    (  163): OBEX: Core: Received packet: 0x82 0x41 0x3e 0x3 0x49
07-29 15:00:15.315 D/FILD    (  163): OBEX: Core: obex_CoreSendSimplePacket: 0xa0 0x3
07-29 15:00:15.315 I/ICEUTIL (  163): WakelockActuate: writing fildLock to /sys/power/wake_unlock
07-29 15:00:15.316 I/ICEUTIL (  163): WakelockActuate: writing fildLock to /sys/power/wake_lock
07-29 15:00:15.316 D/FILD    (  163): OBEX: Core: Received packet: 0x2 0x3e 0x3b 0x3b 0x1
07-29 15:00:15.316 D/FILD    (  163): OBEX: Core: obex_CoreSendSimplePacket: 0x90 0x3
07-29 15:00:15.316 I/ICEUTIL (  163): WakelockActuate: writing fildLock to /sys/power/wake_unlock
07-29 15:00:15.316 I/ICEUTIL (  163): WakelockActuate: writing fildLock to /sys/power/wake_lock
07-29 15:00:15.316 D/FILD    (  163): OBEX: Core: Received packet: 0x82 0xfa 0xf7 0xf7 0x49
07-29 15:00:15.316 I/FILD    (  163): OBEX: File: HandleBodyEndOfBodyHeaders: write in /data/rfs/data/modem/transaction.log
07-29 15:00:15.316 D/FILD    (  163): OBEX: Core: obex_CoreSendSimplePacket: 0xa0 0x3
07-29 15:00:15.316 I/ICEUTIL (  163): WakelockActuate: writing fildLock to /sys/power/wake_unlock
07-29 15:00:15.316 I/ICEUTIL (  163): WakelockActuate: writing fildLock to /sys/power/wake_lock
07-29 15:00:15.316 D/FILD    (  163): OBEX: Core: Received packet: 0x2 0x4c 0x49 0x49 0x1
07-29 15:00:15.316 D/FILD    (  163): OBEX: Core: obex_CoreSendSimplePacket: 0x90 0x3
07-29 15:00:15.316 I/ICEUTIL (  163): WakelockActuate: writing fildLock to /sys/power/wake_unlock
07-29 15:00:15.316 I/ICEUTIL (  163): WakelockActuate: writing fildLock to /sys/power/wake_lock
07-29 15:00:15.316 D/FILD    (  163): OBEX: Core: Received packet: 0x82 0x78 0x75 0x75 0x49
07-29 15:00:15.317 I/FILD    (  163): OBEX: File: HandleBodyEndOfBodyHeaders: write in /data/rfs/data/modem/NRAM2_USIM_MM_DATA.bin
07-29 15:00:15.317 D/FILD    (  163): OBEX: Core: obex_CoreSendSimplePacket: 0xa0 0x3
07-29 15:00:15.317 I/ICEUTIL (  163): WakelockActuate: writing fildLock to /sys/power/wake_unlock
07-29 15:00:15.317 I/ICEUTIL (  163): WakelockActuate: writing fildLock to /sys/power/wake_lock
07-29 15:00:15.317 D/FILD    (  163): OBEX: Core: Received packet: 0x82 0x3e 0x3b 0x3b 0x1
07-29 15:00:15.317 I/FILD    (  163): OBEX: File: HandlePutRequest: removing /data/rfs/data/modem/transaction.log
07-29 15:00:15.317 D/FILD    (  163): OBEX: Core: obex_CoreSendSimplePacket: 0xa0 0x3
07-29 15:00:15.317 I/ICEUTIL (  163): WakelockActuate: writing fildLock to /sys/power/wake_unlock
07-29 15:00:15.377 I/ICEUTIL (  163): WakelockActuate: writing fildLock to /sys/power/wake_lock
07-29 15:00:15.377 D/FILD    (  163): OBEX: Core: Received packet: 0x2 0x42 0x3f 0x3f 0x1
07-29 15:00:15.377 D/FILD    (  163): OBEX: Core: obex_CoreSendSimplePacket: 0x90 0x3
07-29 15:00:15.377 I/ICEUTIL (  163): WakelockActuate: writing fildLock to /sys/power/wake_unlock
07-29 15:00:15.378 I/ICEUTIL (  163): WakelockActuate: writing fildLock to /sys/power/wake_lock
07-29 15:00:15.378 D/FILD    (  163): OBEX: Core: Received packet: 0x82 0xe 0xb 0xb 0x49
07-29 15:00:15.378 I/FILD    (  163): OBEX: File: HandleBodyEndOfBodyHeaders: write in /data/rfs/data/remotes/sim/sim0_enable
07-29 15:00:15.378 D/FILD    (  163): OBEX: Core: obex_CoreSendSimplePacket: 0xa0 0x3
07-29 15:00:15.378 I/ICEUTIL (  163): WakelockActuate: writing fildLock to /sys/power/wake_unlock
07-29 15:00:15.387 I/ICEUTIL (  163): WakelockActuate: writing fildLock to /sys/power/wake_lock
07-29 15:00:15.387 D/FILD    (  163): OBEX: Core: Received packet: 0x3 0x3e 0x3b 0x3b 0x1
07-29 15:00:15.387 I/FILD    (  163): OBEX: File: HandleFirstGetResponse: File /data/rfs/data/modem/transaction.log not found.
07-29 15:00:15.387 D/FILD    (  163): OBEX: Core: obex_CoreSendSimplePacket: 0xd0 0x3
07-29 15:00:15.387 I/ICEUTIL (  163): WakelockActuate: writing fildLock to /sys/power/wake_unlock
07-29 15:00:15.388 I/ICEUTIL (  163): WakelockActuate: writing fildLock to /sys/power/wake_lock
07-29 15:00:15.388 D/FILD    (  163): OBEX: Core: Received packet: 0x3 0x3e 0x3b 0x3b 0x1
07-29 15:00:15.388 I/FILD    (  163): OBEX: File: HandleFirstGetResponse: File /data/rfs/data/modem/transaction.log not found.
07-29 15:00:15.388 D/FILD    (  163): OBEX: Core: obex_CoreSendSimplePacket: 0xd0 0x3
07-29 15:00:15.388 I/ICEUTIL (  163): WakelockActuate: writing fildLock to /sys/power/wake_unlock
07-29 15:00:15.388 I/ICEUTIL (  163): WakelockActuate: writing fildLock to /sys/power/wake_lock
07-29 15:00:15.388 D/FILD    (  163): OBEX: Core: Received packet: 0x82 0x41 0x3e 0x3b 0x1
07-29 15:00:15.388 D/FILD    (  163): OBEX: Core: Received packet: 0x82 0x41 0x3e 0x3 0x49
07-29 15:00:15.388 D/FILD    (  163): OBEX: Core: obex_CoreSendSimplePacket: 0xa0 0x3
07-29 15:00:15.388 I/ICEUTIL (  163): WakelockActuate: writing fildLock to /sys/power/wake_unlock
07-29 15:00:15.388 I/ICEUTIL (  163): WakelockActuate: writing fildLock to /sys/power/wake_lock
07-29 15:00:15.388 D/FILD    (  163): OBEX: Core: Received packet: 0x2 0x3e 0x3b 0x3b 0x1
07-29 15:00:15.388 D/FILD    (  163): OBEX: Core: obex_CoreSendSimplePacket: 0x90 0x3
07-29 15:00:15.388 I/ICEUTIL (  163): WakelockActuate: writing fildLock to /sys/power/wake_unlock
07-29 15:00:15.388 I/ICEUTIL (  163): WakelockActuate: writing fildLock to /sys/power/wake_lock
07-29 15:00:15.388 D/FILD    (  163): OBEX: Core: Received packet: 0x82 0x8c 0x89 0x89 0x49
07-29 15:00:15.388 I/FILD    (  163): OBEX: File: HandleBodyEndOfBodyHeaders: write in /data/rfs/data/modem/transaction.log
07-29 15:00:15.388 D/FILD    (  163): OBEX: Core: obex_CoreSendSimplePacket: 0xa0 0x3
07-29 15:00:15.388 I/ICEUTIL (  163): WakelockActuate: writing fildLock to /sys/power/wake_unlock
07-29 15:00:15.389 I/ICEUTIL (  163): WakelockActuate: writing fildLock to /sys/power/wake_lock
07-29 15:00:15.389 D/FILD    (  163): OBEX: Core: Received packet: 0x2 0x52 0x4f 0x4f 0x1
07-29 15:00:15.389 D/FILD    (  163): OBEX: Core: obex_CoreSendSimplePacket: 0x90 0x3
07-29 15:00:15.389 I/ICEUTIL (  163): WakelockActuate: writing fildLock to /sys/power/wake_unlock
07-29 15:00:15.389 I/ICEUTIL (  163): WakelockActuate: writing fildLock to /sys/power/wake_lock
07-29 15:00:15.389 D/FILD    (  163): OBEX: Core: Received packet: 0x82 0xa 0x7 0x7 0x49
07-29 15:00:15.389 I/FILD    (  163): OBEX: File: HandleBodyEndOfBodyHeaders: write in /data/rfs/data/modem/NRAM2_SHELL_MISC_DATA.bin
07-29 15:00:15.389 D/FILD    (  163): OBEX: Core: obex_CoreSendSimplePacket: 0xa0 0x3
07-29 15:00:15.389 I/ICEUTIL (  163): WakelockActuate: writing fildLock to /sys/power/wake_unlock
07-29 15:00:15.389 I/ICEUTIL (  163): WakelockActuate: writing fildLock to /sys/power/wake_lock
07-29 15:00:15.389 D/FILD    (  163): OBEX: Core: Received packet: 0x82 0x3e 0x3b 0x3b 0x1
07-29 15:00:15.389 I/FILD    (  163): OBEX: File: HandlePutRequest: removing /data/rfs/data/modem/transaction.log
07-29 15:00:15.389 D/FILD    (  163): OBEX: Core: obex_CoreSendSimplePacket: 0xa0 0x3
07-29 15:00:15.389 I/ICEUTIL (  163): WakelockActuate: writing fildLock to /sys/power/wake_unlock
07-29 15:00:15.392 I/PowerManagerService( 1921): setBrightness mButtonLight, screenBrightness=102
07-29 15:00:15.393 I/PowerManagerService( 1921): setBrightness mButtonLight, screenBrightness=102
07-29 15:00:15.407 I/PowerManagerService( 1921): setBrightness mButtonLight, screenBrightness=102
07-29 15:00:15.413 D/MobileDataStateTracker( 1921): default: Broadcast received: android.intent.action.ANY_DATA_STATE apnType=default
07-29 15:00:15.415 D/MobileDataStateTracker( 1921): default: Received state=DISCONNECTED, old=DISCONNECTED, reason=(unspecified)
07-29 15:00:15.416 D/MobileDataStateTracker( 1921): dun: Broadcast received: android.intent.action.ANY_DATA_STATE apnType=dun
07-29 15:00:15.419 D/MobileDataStateTracker( 1921): dun: Received state=DISCONNECTED, old=DISCONNECTED, reason=radioTurnedOff
07-29 15:00:15.420 D/MobileDataStateTracker( 1921): supl: Broadcast received: android.intent.action.ANY_DATA_STATE apnType=supl
07-29 15:00:15.421 D/MobileDataStateTracker( 1921): supl: Received state=DISCONNECTED, old=DISCONNECTED, reason=radioTurnedOff
07-29 15:00:15.421 D/MobileDataStateTracker( 1921): hipri: Broadcast received: android.intent.action.ANY_DATA_STATE apnType=hipri
07-29 15:00:15.423 D/MobileDataStateTracker( 1921): hipri: Received state=DISCONNECTED, old=DISCONNECTED, reason=radioTurnedOff
07-29 15:00:15.424 D/MobileDataStateTracker( 1921): default: Broadcast received: android.intent.action.ANY_DATA_STATE apnType=default
07-29 15:00:15.425 D/MobileDataStateTracker( 1921): default: Received state=DISCONNECTED, old=DISCONNECTED, reason=radioTurnedOff
07-29 15:00:15.425 D/MobileDataStateTracker( 1921): mms: Broadcast received: android.intent.action.ANY_DATA_STATE apnType=mms
07-29 15:00:15.426 D/MobileDataStateTracker( 1921): mms: Received state=DISCONNECTED, old=DISCONNECTED, reason=radioTurnedOff
07-29 15:00:15.427 D/MobileDataStateTracker( 1921): dun: Broadcast received: android.intent.action.ANY_DATA_STATE apnType=dun
07-29 15:00:15.429 D/MobileDataStateTracker( 1921): dun: Received state=DISCONNECTED, old=DISCONNECTED, reason=radioTurnedOff
07-29 15:00:15.429 D/MobileDataStateTracker( 1921): supl: Broadcast received: android.intent.action.ANY_DATA_STATE apnType=supl
07-29 15:00:15.431 D/MobileDataStateTracker( 1921): supl: Received state=DISCONNECTED, old=DISCONNECTED, reason=radioTurnedOff
07-29 15:00:15.431 D/MobileDataStateTracker( 1921): hipri: Broadcast received: android.intent.action.ANY_DATA_STATE apnType=hipri
07-29 15:00:15.433 D/MobileDataStateTracker( 1921): hipri: Received state=DISCONNECTED, old=DISCONNECTED, reason=radioTurnedOff
07-29 15:00:15.433 D/MobileDataStateTracker( 1921): mms: Broadcast received: android.intent.action.ANY_DATA_STATE apnType=mms
07-29 15:00:15.433 I/PowerManagerService( 1921): setBrightness mButtonLight, screenBrightness=102
07-29 15:00:15.435 I/PowerManagerService( 1921): setBrightness mButtonLight, screenBrightness=102
07-29 15:00:15.435 D/MobileDataStateTracker( 1921): mms: Received state=DISCONNECTED, old=DISCONNECTED, reason=radioTurnedOff
07-29 15:00:15.436 I/PowerManagerService( 1921): setBrightness mButtonLight, screenBrightness=102
07-29 15:00:15.436 I/PowerManagerService( 1921): setBrightness mButtonLight, screenBrightness=102
07-29 15:00:15.439 D/MobileDataStateTracker( 1921): default: Broadcast received: android.intent.action.ANY_DATA_STATE apnType=default
07-29 15:00:15.440 D/MobileDataStateTracker( 1921): default: Received state=DISCONNECTED, old=DISCONNECTED, reason=dataDetached
07-29 15:00:15.441 D/MobileDataStateTracker( 1921): dun: Broadcast received: android.intent.action.ANY_DATA_STATE apnType=dun
07-29 15:00:15.443 D/MobileDataStateTracker( 1921): dun: Received state=DISCONNECTED, old=DISCONNECTED, reason=dataDetached
07-29 15:00:15.443 D/MobileDataStateTracker( 1921): supl: Broadcast received: android.intent.action.ANY_DATA_STATE apnType=supl
07-29 15:00:15.445 D/MobileDataStateTracker( 1921): supl: Received state=DISCONNECTED, old=DISCONNECTED, reason=dataDetached
07-29 15:00:15.445 D/MobileDataStateTracker( 1921): hipri: Broadcast received: android.intent.action.ANY_DATA_STATE apnType=hipri
07-29 15:00:15.445 D/MobileDataStateTracker( 1921): hipri: Received state=DISCONNECTED, old=DISCONNECTED, reason=dataDetached
07-29 15:00:15.446 D/MobileDataStateTracker( 1921): mms: Broadcast received: android.intent.action.ANY_DATA_STATE apnType=mms
07-29 15:00:15.449 D/MobileDataStateTracker( 1921): mms: Received state=DISCONNECTED, old=DISCONNECTED, reason=dataDetached
07-29 15:00:15.455 I/PowerManagerService( 1921): setBrightness mButtonLight, screenBrightness=102
07-29 15:00:15.459 W/BroadcastQueue( 1921): Permission Denial: broadcasting Intent { act=android.intent.action.SIM_STATE_CHANGED flg=0x20000010 (has extras) } from null (pid=3704, uid=1001) is not exported from uid 10061 due to receiver com.kingroot.kinguser/.receiver.BootReceiver
07-29 15:00:15.469 D/dalvikvm( 3921): GC_CONCURRENT freed 389K, 35% free 3437K/5256K, paused 0ms+1ms, total 9ms
07-29 15:00:17.683 V/nvaudio_hw(  148): nvaudio_out_standby: hw_dev->mode: 0
07-29 15:00:17.683 V/nvaudio_hw(  148): close_alsa_dev : active stream count 1
07-29 15:00:17.697 V/nvaudio_hw(  148): trigger_dma_callback dma address 0x00000000 on 0
07-29 15:00:17.701 I/PowerManagerService( 1921): setBrightness mButtonLight, screenBrightness=102
07-29 15:00:24.391 D/ConnectivityService( 1921): Sampling interval elapsed, updating statistics ..
07-29 15:00:24.404 D/ConnectivityService( 1921): Done.
07-29 15:00:24.404 D/ConnectivityService( 1921): Setting timer for 720seconds
07-29 15:00:24.886 D/PowerManagerService( 1921): userActivityNoUpdateLocked: system_ready = false
07-29 15:00:24.888 I/PowerManagerService( 1921): setBrightness mButtonLight, screenBrightness=102
07-29 15:00:24.897 E/        ( 1921): Vibrator sendit ms = 0
07-29 15:00:24.902 I/PowerManagerService( 1921): setBrightness mButtonLight, screenBrightness=102
07-29 15:00:24.904 E/        ( 1921): Vibrator sendit ms = 1
07-29 15:00:24.929 E/        ( 1921): Vibrator sendit ms = 21
07-29 15:00:24.968 D/dalvikvm( 1921): GC_CONCURRENT freed 1312K, 32% free 9203K/13436K, paused 2ms+5ms, total 48ms
07-29 15:00:24.971 I/PowerManagerService( 1921): setBrightness mButtonLight, screenBrightness=102
07-29 15:00:24.996 W/ViewRootImpl( 1921): Dropping event due to no window focus: KeyEvent { action=ACTION_DOWN, keyCode=KEYCODE_POWER, scanCode=116, metaState=0, flags=0x8, repeatCount=3, eventTime=16357366, downTime=16356764, deviceId=6, source=0x101 }
07-29 15:00:25.022 D/PhoneStatusBar( 3515): disable: < EXPAND* icons alerts ticker system_info back home recent clock search >
07-29 15:00:26.617 D/PowerManagerService( 1921): userActivityNoUpdateLocked: system_ready = false
07-29 15:00:26.617 I/PowerManagerService( 1921): setBrightness mButtonLight, screenBrightness=102
07-29 15:00:26.786 V/legacy_audio_policy_hal(  148): audio_io_handle_t android_audio_legacy::ap_get_output(audio_policy*, audio_stream_type_t, uint32_t, audio_format_t, audio_channel_mask_t, audio_output_flags_t, const audio_offload_info_t*): tid 11907
07-29 15:00:26.786 V/NvAudioPolicyManager(  148): getDeviceForStrategy() strategy 0, device 2
07-29 15:00:26.786 V/NvAudioPolicyManager(  148): getOutput() stream 1, samplingRate 0, format 0, channelMask 3, flags 0
07-29 15:00:26.786 V/NvAudioPolicyManager(  148): getOutput() returns output 2
07-29 15:00:26.786 V/legacy_audio_policy_hal(  148): audio_io_handle_t android_audio_legacy::ap_get_output(audio_policy*, audio_stream_type_t, uint32_t, audio_format_t, audio_channel_mask_t, audio_output_flags_t, const audio_offload_info_t*): tid 3296
07-29 15:00:26.786 V/NvAudioPolicyManager(  148): getDeviceForStrategy() strategy 0, device 2
07-29 15:00:26.786 V/NvAudioPolicyManager(  148): getOutput() stream 1, samplingRate 0, format 0, channelMask 3, flags 0
07-29 15:00:26.786 V/NvAudioPolicyManager(  148): getOutput() returns output 2
07-29 15:00:26.786 V/legacy_audio_policy_hal(  148): audio_io_handle_t android_audio_legacy::ap_get_output(audio_policy*, audio_stream_type_t, uint32_t, audio_format_t, audio_channel_mask_t, audio_output_flags_t, const audio_offload_info_t*): tid 148
07-29 15:00:26.786 V/NvAudioPolicyManager(  148): getDeviceForStrategy() strategy 0, device 2
07-29 15:00:26.786 V/NvAudioPolicyManager(  148): getOutput() stream 1, samplingRate 44100, format 1, channelMask 3, flags 4
07-29 15:00:26.786 V/NvAudioPolicyManager(  148): getOutput() returns output 2
07-29 15:00:26.786 V/nvaudio_hw(  148): nvaudio_out_get_latency: latency 85
07-29 15:00:26.787 V/NvAudioPolicyManager(  148): startOutput() output 2, stream 1, session 297
07-29 15:00:26.787 V/NvAudioPolicyManager(  148): getDeviceForStrategy() from cache strategy 0, device 2
07-29 15:00:26.787 V/AudioPolicyManagerBase(  148): changeRefCount() stream 1, count 1
07-29 15:00:26.787 V/NvAudioPolicyManager(  148): getDeviceForStrategy() strategy 0, device 2
07-29 15:00:26.787 V/AudioPolicyManagerBase(  148): getNewDevice() selected device 2
07-29 15:00:26.787 V/AudioPolicyManagerBase(  148): setOutputDevice() output 2 device 0002 delayMs 0
07-29 15:00:26.787 V/AudioPolicyManagerBase(  148): setOutputDevice() prevDevice 0002
07-29 15:00:26.787 V/NvAudioPolicyManager(  148): getDeviceForStrategy() strategy 0, device 2
07-29 15:00:26.787 V/NvAudioPolicyManager(  148): getDeviceForStrategy() strategy 1, device 1
07-29 15:00:26.787 V/NvAudioPolicyManager(  148): getDeviceForStrategy() strategy 2, device 2
07-29 15:00:26.787 V/NvAudioPolicyManager(  148): getDeviceForStrategy() strategy 2, device 2
07-29 15:00:26.787 V/NvAudioPolicyManager(  148): getDeviceForStrategy() strategy 3, device 2
07-29 15:00:26.787 V/NvAudioPolicyManager(  148): getDeviceForStrategy() strategy 0, device 2
07-29 15:00:26.787 V/NvAudioPolicyManager(  148): getDeviceForStrategy() strategy 4, device 2
07-29 15:00:26.787 V/NvAudioPolicyManager(  148): getDeviceForStrategy() strategy 5, device 2
07-29 15:00:26.787 V/NvAudioPolicyManager(  148): getDeviceForStrategy() strategy 6, device 1
07-29 15:00:26.787 V/AudioPolicyManagerBase(  148): setOutputDevice() setting same device 0002 or null device for output 2
07-29 15:00:26.787 V/NvAudioPolicyManager(  148): getDeviceForStrategy() from cache strategy 0, device 2
07-29 15:00:26.787 V/NvAudioPolicyManager(  148): getDeviceForStrategy() from cache strategy 0, device 2
07-29 15:00:26.787 V/nvaudio_hw(  148): nvaudio_dev_set_parameters : nv_param_media_routing=2
07-29 15:00:26.787 V/nvaudio_hw(  148): Media is routed to :2
07-29 15:00:26.787 V/nvaudio_hw(  148): ULP supported: dev 2
07-29 15:00:26.788 V/nvaudio_hw(  148): open_out_alsa_dev
07-29 15:00:26.788 V/nvaudio_hw(  148): get_active_dev_rate : card 1 device 0
07-29 15:00:26.788 V/nvaudio_hw(  148): set_route : dev id 0 ref 1 devices 0x2 -> 0x2
07-29 15:00:26.788 V/nvaudio_hw(  148): Opened Alsa OUT device music with pcm_config
07-29 15:00:26.788 V/nvaudio_hw(  148):  channels 2
07-29 15:00:26.788 V/nvaudio_hw(  148):  rate 48000
07-29 15:00:26.788 V/nvaudio_hw(  148):  format 0
07-29 15:00:26.788 V/nvaudio_hw(  148):  period_size 1024
07-29 15:00:26.788 V/nvaudio_hw(  148):  period_count 1
07-29 15:00:26.788 V/nvaudio_hw(  148):  start_threshold 1
07-29 15:00:26.788 V/nvaudio_hw(  148):  stop_threshold 2049 
07-29 15:00:26.788 V/nvaudio_hw(  148): silence_threshold 0
07-29 15:00:26.788 V/nvaudio_hw(  148):  avail_min 1
07-29 15:00:26.788 V/nvaudio_hw(  148): set_avp_render_path
07-29 15:00:26.788 V/nvaudio_hw(  148): set_out_resampler : quality 4
07-29 15:00:26.788 V/nvaudio_hw(  148): No resampler required
07-29 15:00:26.788 V/nvaudio_hw(  148): set_current_route : dev id 0
07-29 15:00:26.788 V/nvaudio_hw(  148): set_route_by_array
07-29 15:00:26.788 V/nvaudio_hw(  148): set_route_by_array
07-29 15:00:26.788 V/nvaudio_hw(  148): Set 'Right Speaker Mixer Left DAC Switch' to '1' mode = 0 r->mode = -2 srate = 48000 r->srate = 0 
07-29 15:00:26.788 V/nvaudio_hw(  148): Set 'Right Speaker Mixer Right DAC Switch' to '1' mode = 0 r->mode = -2 srate = 48000 r->srate = 0 
07-29 15:00:26.788 V/nvaudio_hw(  148): Set 'Speaker Left Switch' to '1' mode = 0 r->mode = -2 srate = 48000 r->srate = 0 
07-29 15:00:26.788 V/nvaudio_hw(  148): Set 'Speaker Right Switch' to '1' mode = 0 r->mode = -2 srate = 48000 r->srate = 0 
07-29 15:00:26.788 V/nvaudio_hw(  148): Set 'Speaker Left Volume' to '58' mode = 0 r->mode = -2 srate = 48000 r->srate = 0 
07-29 15:00:26.788 V/nvaudio_hw(  148): Set 'Speaker Right Volume' to '58' mode = 0 r->mode = -2 srate = 48000 r->srate = 0 
07-29 15:00:26.788 I/PowerManagerService( 1921): setBrightness mButtonLight, screenBrightness=102
07-29 15:00:26.789 V/nvaudio_hw(  148): Set 'Digital Gain Volume' to '0' mode = 0 r->mode = -2 srate = 48000 r->srate = 0 
07-29 15:00:26.789 V/nvaudio_hw(  148): Set 'Digital Level Volume' to '10' mode = 0 r->mode = -2 srate = 48000 r->srate = 0 
07-29 15:00:26.789 V/AudioPolicyManagerBase(  148): releaseOutput() 2
07-29 15:00:26.789 V/nvaudio_hw(  148): Set 'Int Spk Switch' to '1' mode = 0 r->mode = -2 srate = 48000 r->srate = 0 
07-29 15:00:26.789 V/nvaudio_hw(  148): Set 'ALC Make Up Gain Volume' to '8' mode = 0 r->mode = -2 srate = 48000 r->srate = 0 
07-29 15:00:26.789 V/nvaudio_hw(  148): Set 'ALC Compression Ratio' to '3' mode = 0 r->mode = -2 srate = 48000 r->srate = 0 
07-29 15:00:26.789 V/nvaudio_hw(  148): Set 'ALC Compression Threshold Volume' to '14' mode = 0 r->mode = -2 srate = 48000 r->srate = 0 
07-29 15:00:26.789 V/nvaudio_hw(  148): Set 'ALC Expansion Ratio' to '2' mode = 0 r->mode = -2 srate = 48000 r->srate = 0 
