07-29 14:18:39.652 D/use-Rlog/RLOG-RIL AT{0}( 9096): AT(18)< OK
07-29 14:18:39.652 D/use-Rlog/RLOG-RIL AT{0}( 9096): AT(18)> AT%PINNUM?
07-29 14:18:39.654 D/use-Rlog/RLOG-RIL AT{0}( 9096): AT(18)< %PINNUM: 3, 10, 3, 10
07-29 14:18:39.654 D/use-Rlog/RLOG-RIL AT{0}( 9096): AT(18)< OK
07-29 14:18:39.654 D/use-Rlog/RLOG-RIL{0}( 9096): b89adee8 onHandleRequest:[-1639825063] GET_SIM_STATUS
07-29 14:18:39.654 D/use-Rlog/RLOG-RIL AT{0}( 9096): AT(18)> AT+CPIN?
07-29 14:18:39.655 D/RILJ    ( 3704): [8584]< GET_SIM_STATUS IccCardState {CARDSTATE_PRESENT,PINSTATE_UNKNOWN,num_apps=1,gsm_id=0{APPTYPE_USIM,APPSTATE_READY,pin1=PINSTATE_UNKNOWN,pin2=PINSTATE_UNKNOWN},cdma_id=8,ims_id=8}
07-29 14:18:39.655 D/CAT     ( 3704): CatService: Return current sInstance
07-29 14:18:39.656 D/use-Rlog/RLOG-RIL AT{0}( 9096): AT(18)< +CPIN: READY
07-29 14:18:39.656 D/use-Rlog/RLOG-RIL AT{0}( 9096): AT(18)< OK
07-29 14:18:39.656 D/use-Rlog/RLOG-RIL AT{0}( 9096): AT(18)> AT*TSIMINS?
07-29 14:18:39.656 D/UiccController( 3704): Received EVENT_GET_ICC_STATUS_DONE
07-29 14:18:39.656 D/UiccCard( 3704): 1 applications
07-29 14:18:39.656 D/UiccCardApplication( 3704): APPTYPE_USIM update. New {APPTYPE_USIM,APPSTATE_READY,pin1=PINSTATE_UNKNOWN,pin2=PINSTATE_UNKNOWN}
07-29 14:18:39.656 D/CAT     ( 3704): CatService: Return current sInstance
07-29 14:18:39.656 E/UiccCard( 3704): App index 8 is invalid since there are no applications
07-29 14:18:39.656 E/UiccCard( 3704): App index 8 is invalid since there are no applications
07-29 14:18:39.656 D/UiccCard( 3704): update: radioState=RADIO_ON mLastRadioState=RADIO_ON
07-29 14:18:39.656 D/UiccController( 3704): Notifying IccChangedRegistrants
07-29 14:18:39.657 D/DCT     ( 3704): handleMessage msg={ when=0 what=270369 obj=android.os.AsyncResult@41c9bad8 target=com.android.internal.telephony.dataconnection.DcTracker }
07-29 14:18:39.657 D/CAT     ( 3704): StkAppService: SET_UP_MENU
07-29 14:18:39.657 D/CAT     ( 3704): StkAppService: Install App
07-29 14:18:39.658 D/use-Rlog/RLOG-RIL AT{0}( 9096): AT(18)< *TSIMINS: 1,1,1
07-29 14:18:39.658 D/use-Rlog/RLOG-RIL AT{0}( 9096): AT(18)< OK
07-29 14:18:39.658 D/use-Rlog/RLOG-RIL AT{0}( 9096): AT(18)> AT%PINNUM?
07-29 14:18:39.660 D/use-Rlog/RLOG-RIL AT{0}( 9096): AT(18)< %PINNUM: 3, 10, 3, 10
07-29 14:18:39.660 D/use-Rlog/RLOG-RIL AT{0}( 9096): AT(18)< OK
07-29 14:18:39.660 D/use-Rlog/RLOG-RIL{0}( 9096): b89adee8 onHandleRequest:[-1639825062] OPERATOR
07-29 14:18:39.660 D/use-Rlog/RLOG-RIL{0}( 9096): Providing cached Operator details
07-29 14:18:39.660 D/use-Rlog/RLOG-RIL{0}( 9096): b89adee8 onHandleRequest:[-1639825061] DATA_REGISTRATION_STATE
07-29 14:18:39.660 D/use-Rlog/RLOG-RIL{0}( 9096): b89adee8 onHandleRequest:[-1639825060] VOICE_REGISTRATION_STATE
07-29 14:18:39.660 D/use-Rlog/RLOG-RIL{0}( 9096): b89adee8 onHandleRequest:[-1639825059] QUERY_NETWORK_SELECTION_MODE
07-29 14:18:39.660 D/use-Rlog/RLOG-RIL{0}( 9096): Providing cached network selection details
07-29 14:18:39.660 D/use-Rlog/RLOG-RIL{0}( 9096): b89adee8 onHandleRequest:[-1639825058] QUERY_FACILITY_LOCK
07-29 14:18:39.660 D/use-Rlog/RLOG-RIL{0}( 9096): FACILITY
07-29 14:18:39.660 D/use-Rlog/RLOG-RIL AT{0}( 9096): AT(18)> AT+CLCK="FD",2,,7
07-29 14:18:39.661 D/RILJ    ( 3704): [8585]< GET_SIM_STATUS IccCardState {CARDSTATE_PRESENT,PINSTATE_UNKNOWN,num_apps=1,gsm_id=0{APPTYPE_USIM,APPSTATE_READY,pin1=PINSTATE_UNKNOWN,pin2=PINSTATE_UNKNOWN},cdma_id=8,ims_id=8}
07-29 14:18:39.661 D/UiccController( 3704): Received EVENT_GET_ICC_STATUS_DONE
07-29 14:18:39.661 D/UiccCard( 3704): 1 applications
07-29 14:18:39.661 D/RILJ    ( 3704): [8586]< OPERATOR {null, null, null}
07-29 14:18:39.661 D/UiccCardApplication( 3704): APPTYPE_USIM update. New {APPTYPE_USIM,APPSTATE_READY,pin1=PINSTATE_UNKNOWN,pin2=PINSTATE_UNKNOWN}
07-29 14:18:39.661 D/CAT     ( 3704): CatService: Return current sInstance
07-29 14:18:39.661 E/UiccCard( 3704): App index 8 is invalid since there are no applications
07-29 14:18:39.661 E/UiccCard( 3704): App index 8 is invalid since there are no applications
07-29 14:18:39.661 D/UiccCard( 3704): update: radioState=RADIO_ON mLastRadioState=RADIO_ON
07-29 14:18:39.661 D/UiccController( 3704): Notifying IccChangedRegistrants
07-29 14:18:39.661 D/RILJ    ( 3704): [8587]< DATA_REGISTRATION_STATE {0, null, null, 0, null, 2}
07-29 14:18:39.661 D/RILJ    ( 3704): [8588]< VOICE_REGISTRATION_STATE {2, null, null, 0}
07-29 14:18:39.661 D/DCT     ( 3704): handleMessage msg={ when=0 what=270369 obj=android.os.AsyncResult@41c9e000 target=com.android.internal.telephony.dataconnection.DcTracker }
07-29 14:18:39.661 D/RILJ    ( 3704): [8589]< QUERY_NETWORK_SELECTION_MODE {1}
07-29 14:18:39.662 D/use-Rlog/RLOG-RIL AT{0}( 9096): AT(18)< +CLCK: 0
07-29 14:18:39.662 D/use-Rlog/RLOG-RIL AT{0}( 9096): AT(18)< OK
07-29 14:18:39.662 D/use-Rlog/RLOG-RIL{0}( 9096): b89adee8 onHandleRequest:[-1639825056] GSM_SET_BROADCAST_SMS_CONFIG
07-29 14:18:39.662 D/use-Rlog/RLOG-RIL{0}( 9096): requestGSMSetBroadcastSMSConfig param 0 - 4370, 4379, 0, 255, 1
07-29 14:18:39.662 D/use-Rlog/RLOG-RIL AT{0}( 9096): AT(18)> AT+CSCB=0,"4370-4379","0-15"
07-29 14:18:39.662 D/RILJ    ( 3704): [8590]< QUERY_FACILITY_LOCK {0}
07-29 14:18:39.662 D/UiccCardApplication( 3704): Query facility FDN : FDN service available: true enabled: false
07-29 14:18:39.663 D/use-Rlog/RLOG-RIL AT{0}( 9096): AT(18)< +CMS ERROR: 521
07-29 14:18:39.663 D/use-Rlog/RLOG-RIL{0}( 9096): b89adee8 onHandleRequest:[-1639825057] QUERY_FACILITY_LOCK
07-29 14:18:39.663 D/use-Rlog/RLOG-RIL{0}( 9096): FACILITY
07-29 14:18:39.663 D/use-Rlog/RLOG-RIL AT{0}( 9096): AT(18)> AT+CLCK="SC",2,,7
07-29 14:18:39.663 D/RilRequest( 3704): [8592]< RIL_REQUEST_GSM_SET_BROADCAST_CONFIG error: com.android.internal.telephony.CommandException: GENERIC_FAILURE ret=
07-29 14:18:39.665 D/RILJ    ( 3704): [8617]> RIL_REQUEST_GSM_BROADCAST_ACTIVATION
07-29 14:18:39.665 D/use-Rlog/RLOG-RIL AT{0}( 9096): AT(18)< +CLCK: 1
07-29 14:18:39.665 D/use-Rlog/RLOG-RIL AT{0}( 9096): AT(18)< OK
07-29 14:18:39.665 D/use-Rlog/RLOG-RIL{0}( 9096): b89adee8 onHandleRequest:[-1639825055] GET_IMSI
07-29 14:18:39.665 D/use-Rlog/RLOG-RIL{0}( 9096): b89ad420 onRequest:[-1639825031] <unknown request>
07-29 14:18:39.665 D/use-Rlog/RLOG-RIL AT{0}( 9096): AT(18)> AT+CIMI
07-29 14:18:39.665 I/use-Rlog/RLOG-RIL{0}( 9096): sending request <unknown request> on channel 0
07-29 14:18:39.665 D/RILJ    ( 3704): [8591]< QUERY_FACILITY_LOCK {1}
07-29 14:18:39.665 D/UiccCardApplication( 3704): Query facility lock : 1
07-29 14:18:39.665 D/UiccCardApplication( 3704): Ignoring: pin1state=PINSTATE_UNKNOWN
07-29 14:18:39.666 D/use-Rlog/RLOG-RIL AT{0}( 9096): AT(18)< 204045220670380
07-29 14:18:39.666 D/use-Rlog/RLOG-RIL AT{0}( 9096): AT(18)< OK
07-29 14:18:39.666 D/use-Rlog/RLOG-RIL{0}( 9096): b89adee8 onHandleRequest:[-1639825039] REPORT_STK_SERVICE_IS_RUNNING
07-29 14:18:39.666 D/use-Rlog/RLOG-RIL{0}( 9096): b89adee8 onHandleRequest:[-1639825038] SET_PREFERRED_NETWORK_TYPE
07-29 14:18:39.666 D/use-Rlog/RLOG-RIL AT{0}( 9096): AT(18)> AT%INWMODE?
07-29 14:18:39.666 D/RILJ    ( 3704): [8593]< GET_IMSI 
07-29 14:18:39.667 D/RILJ    ( 3704): [8609]< RIL_REQUEST_REPORT_STK_SERVICE_IS_RUNNING 
07-29 14:18:39.667 D/SIMRecords( 3704): [SIMRecords] IMSI: xxxxxxx
07-29 14:18:39.668 D/use-Rlog/RLOG-RIL AT{0}( 9096): AT(18)< %INWMODE: 0,G,0
07-29 14:18:39.668 D/use-Rlog/RLOG-RIL AT{0}( 9096): AT(18)< %INWMODE: 1,G2G3G4G1U1U8U2U5E7E3E20
07-29 14:18:39.668 D/use-Rlog/RLOG-RIL AT{0}( 9096): AT(18)< %INWMODE: 2,2
07-29 14:18:39.668 D/use-Rlog/RLOG-RIL AT{0}( 9096): AT(18)< OK
07-29 14:18:39.668 D/use-Rlog/RLOG-RIL{0}( 9096): Already in requested mode: No change
07-29 14:18:39.668 D/use-Rlog/RLOG-RIL{0}( 9096): b89adee8 onHandleRequest:[-1639825036] OPERATOR
07-29 14:18:39.668 D/use-Rlog/RLOG-RIL{0}( 9096): Providing cached Operator details
07-29 14:18:39.668 D/use-Rlog/RLOG-RIL{0}( 9096): b89adee8 onHandleRequest:[-1639825035] DATA_REGISTRATION_STATE
07-29 14:18:39.668 D/use-Rlog/RLOG-RIL{0}( 9096): b89adee8 onHandleRequest:[-1639825034] VOICE_REGISTRATION_STATE
07-29 14:18:39.668 D/use-Rlog/RLOG-RIL{0}( 9096): b89adee8 onHandleRequest:[-1639825033] QUERY_NETWORK_SELECTION_MODE
07-29 14:18:39.668 D/use-Rlog/RLOG-RIL{0}( 9096): Providing cached network selection details
07-29 14:18:39.668 D/use-Rlog/RLOG-RIL{0}( 9096): b89adee8 onHandleRequest:[-1639825032] STK_SEND_TERMINAL_RESPONSE
07-29 14:18:39.668 D/use-Rlog/RLOG-RIL AT{0}( 9096): AT(18)> AT+CUSATT="810301250002028281830100"
07-29 14:18:39.668 D/RILJ    ( 3704): [8610]< REQUEST_SET_PREFERRED_NETWORK_TYPE 
07-29 14:18:39.668 D/RILJ    ( 3704): [8612]< OPERATOR {null, null, null}
07-29 14:18:39.668 D/RILJ    ( 3704): [8613]< DATA_REGISTRATION_STATE {0, null, null, 0, null, 2}
07-29 14:18:39.668 D/RILJ    ( 3704): [8614]< VOICE_REGISTRATION_STATE {2, null, null, 0}
07-29 14:18:39.668 D/RILJ    ( 3704): [8615]< QUERY_NETWORK_SELECTION_MODE {1}
07-29 14:18:39.670 D/SIMRecords( 3704): [SIMRecords] onRecordLoaded 15 requested: true
07-29 14:18:39.671 D/PHONE   ( 3704): [ServiceState] setDataRegState=1
07-29 14:18:39.671 D/PHONE   ( 3704): [ServiceState] setDataRadioTechnology=0
07-29 14:18:39.671 D/GsmSST  ( 3704): [GsmSST] handlPollStateResultMessage: GsmSST setDataRegState=1 regState=0 dataRadioTechnology=0
07-29 14:18:39.671 D/PHONE   ( 3704): [ServiceState] setVoiceRegState=1
07-29 14:18:39.671 E/PHONE   ( 3704): [ServiceState] setState deprecated use setVoiceRegState()
07-29 14:18:39.671 D/GsmSST  ( 3704): [GsmSST] Poll ServiceState done:  oldSS=[3 3 home null null null  Unknown Unknown CSS not supported -1 -1 RoamInd=-1 DefRoamInd=-1 EmergOnly=false] newSS=[1 1 home null null null (manual) Unknown Unknown CSS not supported -1 -1 RoamInd=-1 DefRoamInd=-1 EmergOnly=false] oldMaxDataCalls=2 mNewMaxDataCalls=2 oldReasonDataDenied=-1 mNewReasonDataDenied=-1
07-29 14:18:39.671 D/PHONE   ( 3704): [ServiceState] setNullState=1
07-29 14:18:39.671 D/GsmSST  ( 3704): [GsmSST] updateSpnDisplay: radio is on but out of service, set plmn='No service.'
07-29 14:18:39.671 D/GsmSST  ( 3704): [GsmSST] updateSpnDisplay: changed sending intent rule=2 showPlmn='true' plmn='No service.' showSpn='false' spn='null'
07-29 14:18:39.672 D/GsmSST  ( 3704): [GsmSST] operatorNumeric is null
07-29 14:18:39.677 D/GsmSST  ( 3704): [GsmSST] notifyDataRegStateRilRadioTechnologyChanged: drs=1 rat=0
07-29 14:18:39.677 D/DCT     ( 3704): get all active apn types
07-29 14:18:39.677 D/IccCardProxy( 3704): Broadcasting intent ACTION_SIM_STATE_CHANGED IMSI reason null
07-29 14:18:39.765 D/use-Rlog/RLOG-RIL AT{0}( 9096): AT(18)< %IUSATT: "9000"
07-29 14:18:39.765 D/use-Rlog/RLOG-RIL{0}( 9096): Kernel time: [13851.615725]
07-29 14:18:39.765 D/use-Rlog/RLOG-RIL{0}( 9096): b89ae710 onUnsolicited: %IUSATT: "9000" null
07-29 14:18:39.765 D/use-Rlog/RLOG-RIL AT{0}( 9096): AT(17)< %IUSATT: "9000"
07-29 14:18:39.765 D/use-Rlog/RLOG-RIL AT{0}( 9096): AT(16)< %IUSATT: "9000"
07-29 14:18:39.766 D/use-Rlog/RLOG-RIL AT{0}( 9096): AT(18)< OK
07-29 14:18:39.766 D/use-Rlog/RLOG-RIL{0}( 9096): b89adee8 onHandleUnsolicited: %IUSATT: "9000" null
07-29 14:18:39.766 D/use-Rlog/RLOG-RIL{0}( 9096): Unsol not processed: %IUSATT: "9000"
07-29 14:18:39.766 D/use-Rlog/RLOG-RIL{0}( 9096): b89adee8 onHandleRequest:[-1639825031] <unknown request>
07-29 14:18:39.766 D/use-Rlog/RLOG-RIL AT{0}( 9096): AT(18)> AT*TCBMS=0,0
07-29 14:18:39.767 D/RILJ    ( 3704): [8616]< REQUEST_STK_SEND_TERMINAL_RESPONSE 
07-29 14:18:39.767 V/RILJ    ( 3704): [UNSL]< UNSOL_OEM_HOOK_RAW 254955534154543a20223930303022
07-29 14:18:39.767 D/use-Rlog/RLOG-RIL AT{0}( 9096): AT(18)< +CUSATEND
07-29 14:18:39.767 D/use-Rlog/RLOG-RIL{0}( 9096): Kernel time: [13851.617884]
07-29 14:18:39.767 D/use-Rlog/RLOG-RIL{0}( 9096): b89ae710 onUnsolicited: +CUSATEND null
07-29 14:18:39.768 D/use-Rlog/RLOG-RIL AT{0}( 9096): AT(18)< OK
07-29 14:18:39.768 D/use-Rlog/RLOG-RIL{0}( 9096): b89adee8 onHandleUnsolicited: +CUSATEND null
07-29 14:18:39.768 D/use-Rlog/RLOG-RIL{0}( 9096): b89adee8 onHandleRequest:[-1639825054] SIM_IO
07-29 14:18:39.768 D/use-Rlog/RLOG-RIL AT{0}( 9096): AT(18)> AT+CRSM=192,12258,0,0,15,,"3F00"
07-29 14:18:39.768 D/RILJ    ( 3704): [8617]< RIL_REQUEST_GSM_BROADCAST_ACTIVATION 
07-29 14:18:39.768 D/RILJ    ( 3704): [UNSL]< UNSOL_STK_SESSION_END
07-29 14:18:39.769 D/CAT     ( 3704): CatService: ril message arrived
07-29 14:18:39.769 D/CAT     ( 3704): CatService: SESSION END
07-29 14:18:39.771 D/CAT     ( 3704): CatService: Return current sInstance
07-29 14:18:39.772 D/RILJ    ( 3704): [8618]> RIL_REQUEST_GSM_BROADCAST_ACTIVATION
07-29 14:18:39.773 D/use-Rlog/RLOG-RIL{0}( 9096): b89ad420 onRequest:[-1639825030] <unknown request>
07-29 14:18:39.773 I/use-Rlog/RLOG-RIL{0}( 9096): sending request <unknown request> on channel 0
07-29 14:18:40.084 D/use-Rlog/RLOG-RIL AT{0}( 9096): AT(18)< +CRSM: 144,0,"62178202412183022FE28A01058B032F06078002000A880110"
07-29 14:18:40.084 D/use-Rlog/RLOG-RIL AT{0}( 9096): AT(18)< OK
07-29 14:18:40.084 D/use-Rlog/RLOG-RIL{0}( 9096): b89adee8 onHandleRequest:[-1639825030] <unknown request>
07-29 14:18:40.084 D/use-Rlog/RLOG-RIL AT{0}( 9096): AT(18)> AT*TCBMS=0,0
07-29 14:18:40.084 D/RILJ    ( 3704): [8594]< SIM_IO IccIoResponse sw1:0x90 sw2:0x0
07-29 14:18:40.084 D/RILJ    ( 3704): [8619]> iccIO: SIM_IO 0xb0 0x2fe2  path: 3F00,0,0,10 aid: null
07-29 14:18:40.085 D/use-Rlog/RLOG-RIL{0}( 9096): b89ad420 onRequest:[-1639825029] SIM_IO
07-29 14:18:40.085 I/use-Rlog/RLOG-RIL{0}( 9096): sending request SIM_IO on channel 0
07-29 14:18:40.085 D/use-Rlog/RLOG-RIL AT{0}( 9096): AT(18)< OK
07-29 14:18:40.085 D/use-Rlog/RLOG-RIL{0}( 9096): b89adee8 onHandleRequest:[-1639825053] SIM_IO
07-29 14:18:40.085 D/use-Rlog/RLOG-RIL AT{0}( 9096): AT(18)> AT+CRSM=192,28480,0,0,15,,"3F007FFF"
07-29 14:18:40.085 D/RILJ    ( 3704): [8618]< RIL_REQUEST_GSM_BROADCAST_ACTIVATION 
07-29 14:18:40.088 D/RILJ    ( 3704): [8620]> RIL_REQUEST_GSM_BROADCAST_ACTIVATION
07-29 14:18:40.088 D/use-Rlog/RLOG-RIL{0}( 9096): b89ad420 onRequest:[-1639825028] <unknown request>
07-29 14:18:40.088 I/use-Rlog/RLOG-RIL{0}( 9096): sending request <unknown request> on channel 0
07-29 14:18:40.256 D/use-Rlog/RLOG-RIL AT{0}( 9096): AT(18)< +CRSM: 144,0,"621E8205422100220383026F40A5039201808A01058B036F0604800200668800"
07-29 14:18:40.256 D/use-Rlog/RLOG-RIL AT{0}( 9096): AT(18)< OK
07-29 14:18:40.256 D/use-Rlog/RLOG-RIL{0}( 9096): b89adee8 onHandleRequest:[-1639825028] <unknown request>
07-29 14:18:40.256 D/use-Rlog/RLOG-RIL AT{0}( 9096): AT(18)> AT*TCBMS=0,0
07-29 14:18:40.256 D/RILJ    ( 3704): [8595]< SIM_IO IccIoResponse sw1:0x90 sw2:0x0
07-29 14:18:40.257 D/RILJ    ( 3704): [8621]> iccIO: SIM_IO 0xb2 0x6f40  path: 3F007FFF,1,4,34 aid: null
07-29 14:18:40.257 D/use-Rlog/RLOG-RIL AT{0}( 9096): AT(18)< OK
07-29 14:18:40.257 D/use-Rlog/RLOG-RIL{0}( 9096): b89adee8 onHandleRequest:[-1639825052] SIM_IO
07-29 14:18:40.257 D/use-Rlog/RLOG-RIL AT{0}( 9096): AT(18)> AT+CRSM=192,28617,0,0,15,,"3F007FFF"
07-29 14:18:40.258 D/use-Rlog/RLOG-RIL{0}( 9096): b89ad420 onRequest:[-1639825027] SIM_IO
07-29 14:18:40.258 I/use-Rlog/RLOG-RIL{0}( 9096): sending request SIM_IO on channel 0
07-29 14:18:40.258 D/RILJ    ( 3704): [8620]< RIL_REQUEST_GSM_BROADCAST_ACTIVATION 
07-29 14:18:40.259 D/RILJ    ( 3704): [8622]> RIL_REQUEST_GSM_BROADCAST_ACTIVATION
07-29 14:18:40.260 D/use-Rlog/RLOG-RIL{0}( 9096): b89ad420 onRequest:[-1639825026] <unknown request>
07-29 14:18:40.260 I/use-Rlog/RLOG-RIL{0}( 9096): sending request <unknown request> on channel 0
07-29 14:18:40.324 D/use-Rlog/RLOG-RIL AT{0}( 9096): AT(18)< +CRSM: 106,130
07-29 14:18:40.324 D/use-Rlog/RLOG-RIL AT{0}( 9096): AT(18)< OK
07-29 14:18:40.324 D/use-Rlog/RLOG-RIL{0}( 9096): b89adee8 onHandleRequest:[-1639825026] <unknown request>
07-29 14:18:40.324 D/use-Rlog/RLOG-RIL AT{0}( 9096): AT(18)> AT*TCBMS=0,0
07-29 14:18:40.326 D/use-Rlog/RLOG-RIL AT{0}( 9096): AT(18)< OK
07-29 14:18:40.326 D/use-Rlog/RLOG-RIL{0}( 9096): b89adee8 onHandleRequest:[-1639825051] SIM_IO
07-29 14:18:40.326 D/use-Rlog/RLOG-RIL AT{0}( 9096): AT(18)> AT+CRSM=192,28589,0,0,15,,"3F007FFF"
07-29 14:18:40.327 D/RILJ    ( 3704): [8596]< SIM_IO IccIoResponse sw1:0x6a sw2:0x82
07-29 14:18:40.327 D/RILJ    ( 3704): [8622]< RIL_REQUEST_GSM_BROADCAST_ACTIVATION 
07-29 14:18:40.328 D/RILJ    ( 3704): [8623]> iccIO: SIM_IO 0xc0 0x6f17  path: 3F007FFF,0,0,15 aid: null
07-29 14:18:40.331 D/SIMRecords( 3704): [SIMRecords] onRecordLoaded 15 requested: true
07-29 14:18:40.332 D/use-Rlog/RLOG-RIL{0}( 9096): b89ad420 onRequest:[-1639825025] SIM_IO
07-29 14:18:40.332 I/use-Rlog/RLOG-RIL{0}( 9096): sending request SIM_IO on channel 0
07-29 14:18:40.374 D/use-Rlog/RLOG-RIL AT{0}( 9096): AT(18)< +CRSM: 144,0,"621F8202412183026FADA50691047F206FAD8A01058B036F060880020004880118"
07-29 14:18:40.374 D/use-Rlog/RLOG-RIL AT{0}( 9096): AT(18)< OK
07-29 14:18:40.374 D/use-Rlog/RLOG-RIL{0}( 9096): b89adee8 onHandleRequest:[-1639825050] SIM_IO
07-29 14:18:40.374 D/use-Rlog/RLOG-RIL AT{0}( 9096): AT(18)> AT+CRSM=192,28618,0,0,15,,"3F007FFF"
07-29 14:18:40.374 D/RILJ    ( 3704): [8597]< SIM_IO IccIoResponse sw1:0x90 sw2:0x0
07-29 14:18:40.374 D/RILJ    ( 3704): [8624]> iccIO: SIM_IO 0xb0 0x6fad  path: 3F007FFF,0,0,4 aid: null
07-29 14:18:40.375 D/use-Rlog/RLOG-RIL{0}( 9096): b89ad420 onRequest:[-1639825024] SIM_IO
07-29 14:18:40.375 I/use-Rlog/RLOG-RIL{0}( 9096): sending request SIM_IO on channel 0
07-29 14:18:40.410 D/use-Rlog/RLOG-RIL AT{0}( 9096): AT(18)< +CRSM: 106,130
07-29 14:18:40.410 D/use-Rlog/RLOG-RIL AT{0}( 9096): AT(18)< OK
07-29 14:18:40.410 D/use-Rlog/RLOG-RIL{0}( 9096): b89adee8 onHandleRequest:[-1639825049] SIM_IO
07-29 14:18:40.410 D/use-Rlog/RLOG-RIL AT{0}( 9096): AT(18)> AT+CRSM=192,28433,0,0,15,,"3F007FFF"
07-29 14:18:40.413 D/RILJ    ( 3704): [8598]< SIM_IO IccIoResponse sw1:0x6a sw2:0x82
07-29 14:18:40.414 D/SIMRecords( 3704): [SIMRecords] onRecordLoaded 14 requested: true
07-29 14:18:40.470 D/use-Rlog/RLOG-RIL AT{0}( 9096): AT(18)< *TSMSINFO: 513
07-29 14:18:40.470 D/use-Rlog/RLOG-RIL{0}( 9096): Kernel time: [13852.321118]
07-29 14:18:40.470 D/use-Rlog/RLOG-RIL{0}( 9096): b89ae710 onUnsolicited: *TSMSINFO: 513 null
07-29 14:18:40.472 D/use-Rlog/RLOG-RIL AT{0}( 9096): AT(18)< %ISIMINIT: 1,0,1
07-29 14:18:40.472 D/use-Rlog/RLOG-RIL{0}( 9096): Kernel time: [13852.322776]
07-29 14:18:40.472 D/use-Rlog/RLOG-RIL{0}( 9096): b89ae710 onUnsolicited: %ISIMINIT: 1,0,1 null
07-29 14:18:40.478 D/use-Rlog/RLOG-RIL AT{0}( 9096): AT(18)< +CRSM: 106,130
07-29 14:18:40.478 D/use-Rlog/RLOG-RIL AT{0}( 9096): AT(18)< OK
07-29 14:18:40.478 D/use-Rlog/RLOG-RIL{0}( 9096): b89adee8 onHandleUnsolicited: *TSMSINFO: 513 null
07-29 14:18:40.478 D/use-Rlog/RLOG-RIL{0}( 9096): Unsol not processed: *TSMSINFO: 513
07-29 14:18:40.478 D/use-Rlog/RLOG-RIL{0}( 9096): b89adee8 onHandleUnsolicited: %ISIMINIT: 1,0,1 null
07-29 14:18:40.478 D/use-Rlog/RLOG-RIL{0}( 9096): b89adee8 onHandleRequest:[-1] [INTERNAL]SIM_POLL
07-29 14:18:40.478 D/use-Rlog/RLOG-RIL AT{0}( 9096): AT(18)> AT+CPIN?
07-29 14:18:40.478 D/RILJ    ( 3704): [8599]< SIM_IO IccIoResponse sw1:0x6a sw2:0x82
07-29 14:18:40.478 V/RILJ    ( 3704): [UNSL]< UNSOL_OEM_HOOK_RAW 2a54534d53494e464f3a20353133
07-29 14:18:40.478 D/RILJ    ( 3704): [UNSL]< UNSOL_RESPONSE_SIM_STATUS_CHANGED
07-29 14:18:40.480 D/UiccController( 3704): Received EVENT_ICC_STATUS_CHANGED, calling getIccCardStatus
07-29 14:18:40.480 D/RILJ    ( 3704): [8625]> GET_SIM_STATUS
07-29 14:18:40.481 D/SIMRecords( 3704): [SIMRecords] onRecordLoaded 13 requested: true
07-29 14:18:40.481 D/use-Rlog/RLOG-RIL AT{0}( 9096): AT(18)< +CPIN: READY
07-29 14:18:40.481 D/use-Rlog/RLOG-RIL AT{0}( 9096): AT(18)< OK
07-29 14:18:40.481 D/use-Rlog/RLOG-RIL{0}( 9096): b89adee8 onHandleRequest:[-1639825048] SIM_IO
07-29 14:18:40.481 D/use-Rlog/RLOG-RIL AT{0}( 9096): AT(18)> AT+CRSM=192,28619,0,0,15,,"3F007FFF"
07-29 14:18:40.482 D/use-Rlog/RLOG-RIL{0}( 9096): b89ad420 onRequest:[-1639825023] GET_SIM_STATUS
07-29 14:18:40.482 I/use-Rlog/RLOG-RIL{0}( 9096): sending request GET_SIM_STATUS on channel 0
07-29 14:18:40.506 D/use-Rlog/RLOG-RIL AT{0}( 9096): AT(18)< +CRSM: 106,130
07-29 14:18:40.506 D/use-Rlog/RLOG-RIL AT{0}( 9096): AT(18)< OK
07-29 14:18:40.506 D/use-Rlog/RLOG-RIL{0}( 9096): b89adee8 onHandleRequest:[-1639825023] GET_SIM_STATUS
07-29 14:18:40.506 D/use-Rlog/RLOG-RIL AT{0}( 9096): AT(18)> AT+CPIN?
07-29 14:18:40.506 D/RILJ    ( 3704): [8600]< SIM_IO IccIoResponse sw1:0x6a sw2:0x82
07-29 14:18:40.506 D/SIMRecords( 3704): [SIMRecords] onRecordLoaded 12 requested: true
07-29 14:18:40.507 D/use-Rlog/RLOG-RIL AT{0}( 9096): AT(18)< +CPIN: READY
07-29 14:18:40.507 D/use-Rlog/RLOG-RIL AT{0}( 9096): AT(18)< OK
07-29 14:18:40.507 D/use-Rlog/RLOG-RIL AT{0}( 9096): AT(18)> AT*TSIMINS?
07-29 14:18:40.510 D/use-Rlog/RLOG-RIL AT{0}( 9096): AT(18)< *TSIMINS: 1,1,1
07-29 14:18:40.510 D/use-Rlog/RLOG-RIL AT{0}( 9096): AT(18)< OK
07-29 14:18:40.510 D/use-Rlog/RLOG-RIL AT{0}( 9096): AT(18)> AT%PINNUM?
07-29 14:18:40.512 D/use-Rlog/RLOG-RIL AT{0}( 9096): AT(18)< %PINNUM: 3, 10, 3, 10
07-29 14:18:40.512 D/use-Rlog/RLOG-RIL AT{0}( 9096): AT(18)< OK
07-29 14:18:40.512 D/use-Rlog/RLOG-RIL{0}( 9096): b89adee8 onHandleRequest:[-1639825047] SIM_IO
07-29 14:18:40.512 D/use-Rlog/RLOG-RIL AT{0}( 9096): AT(18)> AT+CRSM=192,28435,0,0,15,,"3F007FFF"
07-29 14:18:40.513 D/RILJ    ( 3704): [8625]< GET_SIM_STATUS IccCardState {CARDSTATE_PRESENT,PINSTATE_UNKNOWN,num_apps=1,gsm_id=0{APPTYPE_USIM,APPSTATE_READY,pin1=PINSTATE_UNKNOWN,pin2=PINSTATE_UNKNOWN},cdma_id=8,ims_id=8}
07-29 14:18:40.513 D/UiccController( 3704): Received EVENT_GET_ICC_STATUS_DONE
07-29 14:18:40.513 D/UiccCard( 3704): 1 applications
07-29 14:18:40.513 D/UiccCardApplication( 3704): APPTYPE_USIM update. New {APPTYPE_USIM,APPSTATE_READY,pin1=PINSTATE_UNKNOWN,pin2=PINSTATE_UNKNOWN}
07-29 14:18:40.513 D/CAT     ( 3704): CatService: Return current sInstance
07-29 14:18:40.513 E/UiccCard( 3704): App index 8 is invalid since there are no applications
07-29 14:18:40.513 E/UiccCard( 3704): App index 8 is invalid since there are no applications
07-29 14:18:40.513 D/UiccCard( 3704): update: radioState=RADIO_ON mLastRadioState=RADIO_ON
07-29 14:18:40.513 D/UiccController( 3704): Notifying IccChangedRegistrants
07-29 14:18:40.513 D/DCT     ( 3704): handleMessage msg={ when=0 what=270369 obj=android.os.AsyncResult@41cb2bb8 target=com.android.internal.telephony.dataconnection.DcTracker }
07-29 14:18:40.534 D/use-Rlog/RLOG-RIL AT{0}( 9096): AT(18)< +CRSM: 106,130
07-29 14:18:40.534 D/use-Rlog/RLOG-RIL AT{0}( 9096): AT(18)< OK
07-29 14:18:40.534 D/use-Rlog/RLOG-RIL{0}( 9096): b89adee8 onHandleRequest:[-1639825046] SIM_IO
07-29 14:18:40.534 D/use-Rlog/RLOG-RIL AT{0}( 9096): AT(18)> AT+CRSM=192,28486,0,0,15,,"3F007FFF"
07-29 14:18:40.535 D/RILJ    ( 3704): [8601]< SIM_IO IccIoResponse sw1:0x6a sw2:0x82
07-29 14:18:40.535 D/SIMRecords( 3704): [SIMRecords] onRecordLoaded 11 requested: true
07-29 14:18:40.573 D/use-Rlog/RLOG-RIL AT{0}( 9096): AT(18)< +CRSM: 144,0,"621E8202412183026F46A50691047F206F468A01058B036F060B800200118800"
07-29 14:18:40.573 D/use-Rlog/RLOG-RIL AT{0}( 9096): AT(18)< OK
07-29 14:18:40.573 D/use-Rlog/RLOG-RIL{0}( 9096): b89adee8 onHandleRequest:[-1639825045] SIM_IO
07-29 14:18:40.573 D/use-Rlog/RLOG-RIL AT{0}( 9096): AT(18)> AT+CRSM=192,28621,0,0,15,,"3F007FFF"
07-29 14:18:40.574 D/RILJ    ( 3704): [8602]< SIM_IO IccIoResponse sw1:0x90 sw2:0x0
07-29 14:18:40.574 D/RILJ    ( 3704): [8626]> iccIO: SIM_IO 0xb0 0x6f46  path: 3F007FFF,0,0,17 aid: null
07-29 14:18:40.577 D/use-Rlog/RLOG-RIL{0}( 9096): b89ad420 onRequest:[-1639825022] SIM_IO
07-29 14:18:40.577 I/use-Rlog/RLOG-RIL{0}( 9096): sending request SIM_IO on channel 0
07-29 14:18:40.599 D/use-Rlog/RLOG-RIL AT{0}( 9096): AT(18)< +CRSM: 106,130
07-29 14:18:40.599 D/use-Rlog/RLOG-RIL AT{0}( 9096): AT(18)< OK
07-29 14:18:40.599 D/use-Rlog/RLOG-RIL{0}( 9096): b89adee8 onHandleRequest:[-1639825044] SIM_IO
07-29 14:18:40.599 D/use-Rlog/RLOG-RIL AT{0}( 9096): AT(18)> AT+CRSM=192,28613,0,0,15,,"3F007FFF"
07-29 14:18:40.600 D/RILJ    ( 3704): [8603]< SIM_IO IccIoResponse sw1:0x6a sw2:0x82
07-29 14:18:40.601 D/SIMRecords( 3704): [SIMRecords] onRecordLoaded 10 requested: true
07-29 14:18:40.670 D/use-Rlog/RLOG-RIL AT{0}( 9096): AT(18)< +CRSM: 106,130
07-29 14:18:40.670 D/use-Rlog/RLOG-RIL AT{0}( 9096): AT(18)< OK
07-29 14:18:40.670 D/use-Rlog/RLOG-RIL{0}( 9096): b89adee8 onHandleRequest:[-1639825043] SIM_IO
07-29 14:18:40.670 D/use-Rlog/RLOG-RIL AT{0}( 9096): AT(18)> AT+CRSM=192,28472,0,0,15,,"3F007FFF"
07-29 14:18:40.671 D/RILJ    ( 3704): [8604]< SIM_IO IccIoResponse sw1:0x6a sw2:0x82
07-29 14:18:40.671 D/SIMRecords( 3704): [SIMRecords] onRecordLoaded 9 requested: true
07-29 14:18:40.748 D/use-Rlog/RLOG-RIL AT{0}( 9096): AT(18)< +CRSM: 144,0,"62178202412183026F388A01058B036F060580020008880120"
07-29 14:18:40.748 D/use-Rlog/RLOG-RIL AT{0}( 9096): AT(18)< OK
07-29 14:18:40.748 D/use-Rlog/RLOG-RIL{0}( 9096): b89adee8 onHandleRequest:[-1639825042] SIM_IO
07-29 14:18:40.748 D/use-Rlog/RLOG-RIL AT{0}( 9096): AT(18)> AT+CRSM=192,28438,0,0,15,,"3F007FFF"
07-29 14:18:40.749 D/RILJ    ( 3704): [8605]< SIM_IO IccIoResponse sw1:0x90 sw2:0x0
07-29 14:18:40.749 D/RILJ    ( 3704): [8627]> iccIO: SIM_IO 0xb0 0x6f38  path: 3F007FFF,0,0,8 aid: null
07-29 14:18:40.756 D/use-Rlog/RLOG-RIL{0}( 9096): b89ad420 onRequest:[-1639825021] SIM_IO
07-29 14:18:40.757 I/use-Rlog/RLOG-RIL{0}( 9096): sending request SIM_IO on channel 0
07-29 14:18:40.782 D/use-Rlog/RLOG-RIL AT{0}( 9096): AT(18)< %ISIMINIT: 1,1,1
07-29 14:18:40.782 D/use-Rlog/RLOG-RIL{0}( 9096): Kernel time: [13852.632744]
07-29 14:18:40.782 D/use-Rlog/RLOG-RIL{0}( 9096): b89ae710 onUnsolicited: %ISIMINIT: 1,1,1 null
07-29 14:18:40.791 D/use-Rlog/RLOG-RIL AT{0}( 9096): AT(18)< +CRSM: 106,130
07-29 14:18:40.791 D/use-Rlog/RLOG-RIL AT{0}( 9096): AT(18)< OK
07-29 14:18:40.791 D/use-Rlog/RLOG-RIL{0}( 9096): b89adee8 onHandleUnsolicited: %ISIMINIT: 1,1,1 null
07-29 14:18:40.791 D/use-Rlog/RLOG-RIL{0}( 9096): b89adee8 onHandleRequest:[-1] [INTERNAL]SIM_POLL
07-29 14:18:40.791 D/use-Rlog/RLOG-RIL AT{0}( 9096): AT(18)> AT+CPIN?
07-29 14:18:40.791 D/RILJ    ( 3704): [8606]< SIM_IO IccIoResponse sw1:0x6a sw2:0x82
07-29 14:18:40.791 D/RILJ    ( 3704): [UNSL]< UNSOL_RESPONSE_SIM_STATUS_CHANGED
07-29 14:18:40.791 D/UiccController( 3704): Received EVENT_ICC_STATUS_CHANGED, calling getIccCardStatus
07-29 14:18:40.791 D/RILJ    ( 3704): [8628]> GET_SIM_STATUS
07-29 14:18:40.793 D/use-Rlog/RLOG-RIL AT{0}( 9096): AT(18)< +CPIN: READY
07-29 14:18:40.793 D/use-Rlog/RLOG-RIL AT{0}( 9096): AT(18)< OK
07-29 14:18:40.793 D/use-Rlog/RLOG-RIL{0}( 9096): b89adee8 onHandleRequest:[-1] [INTERNAL]UPDATE_SIM_LOADED
07-29 14:18:40.793 D/use-Rlog/RLOG-RIL AT{0}( 9096): AT(18)> AT+CGSMS=1
07-29 14:18:40.793 D/use-Rlog/RLOG-RIL{0}( 9096): b89ad420 onRequest:[-1639825020] GET_SIM_STATUS
07-29 14:18:40.793 I/use-Rlog/RLOG-RIL{0}( 9096): sending request GET_SIM_STATUS on channel 0
07-29 14:18:40.794 D/SIMRecords( 3704): [SIMRecords] onRecordLoaded 8 requested: true
07-29 14:18:40.794 D/use-Rlog/RLOG-RIL AT{0}( 9096): AT(18)< OK
07-29 14:18:40.795 I/use-Rlog/RLOG-RIL{0}( 9096): checkAndAmendEmergencyNumbers
07-29 14:18:40.795 D/use-Rlog/RLOG-RIL AT{0}( 9096): AT(18)> AT+CPBS="EN"
07-29 14:18:40.796 D/use-Rlog/RLOG-RIL AT{0}( 9096): AT(18)< OK
07-29 14:18:40.796 D/use-Rlog/RLOG-RIL AT{0}( 9096): AT(18)> AT+CPBR=?
07-29 14:18:40.797 D/use-Rlog/RLOG-RIL AT{0}( 9096): AT(18)< +CPBR: (1-2)
07-29 14:18:40.797 D/use-Rlog/RLOG-RIL AT{0}( 9096): AT(18)< OK
07-29 14:18:40.797 D/use-Rlog/RLOG-RIL AT{0}( 9096): AT(18)> AT+CPBR=1,2
07-29 14:18:40.799 D/use-Rlog/RLOG-RIL AT{0}( 9096): AT(18)< +CPBR: 1,"112",129,,
07-29 14:18:40.799 D/use-Rlog/RLOG-RIL AT{0}( 9096): AT(18)< +CPBR: 2,"911",129,,
07-29 14:18:40.799 D/use-Rlog/RLOG-RIL AT{0}( 9096): AT(18)< OK
07-29 14:18:40.800 D/use-Rlog/RLOG-RIL{0}( 9096): Emergency call list updated
07-29 14:18:40.800 D/use-Rlog/RLOG-RIL AT{0}( 9096): AT(18)> AT+CNAP=1
07-29 14:18:40.802 D/use-Rlog/RLOG-RIL AT{0}( 9096): AT(18)< OK
07-29 14:18:40.802 D/use-Rlog/RLOG-RIL AT{0}( 9096): AT(18)> AT+CUSATD=1,0
07-29 14:18:40.803 D/use-Rlog/RLOG-RIL AT{0}( 9096): AT(18)< OK
07-29 14:18:40.803 D/use-Rlog/RLOG-RIL{0}( 9096): b89adee8 onHandleRequest:[-1639825020] GET_SIM_STATUS
07-29 14:18:40.803 D/use-Rlog/RLOG-RIL AT{0}( 9096): AT(18)> AT+CPIN?
07-29 14:18:40.805 D/use-Rlog/RLOG-RIL AT{0}( 9096): AT(18)< +CPIN: READY
07-29 14:18:40.805 D/use-Rlog/RLOG-RIL AT{0}( 9096): AT(18)< OK
07-29 14:18:40.805 D/use-Rlog/RLOG-RIL AT{0}( 9096): AT(18)> AT*TSIMINS?
07-29 14:18:40.808 D/use-Rlog/RLOG-RIL AT{0}( 9096): AT(18)< *TSIMINS: 1,1,1
07-29 14:18:40.808 D/use-Rlog/RLOG-RIL AT{0}( 9096): AT(18)< OK
07-29 14:18:40.808 D/use-Rlog/RLOG-RIL AT{0}( 9096): AT(18)> AT%PINNUM?
07-29 14:18:40.809 D/use-Rlog/RLOG-RIL AT{0}( 9096): AT(18)< %PINNUM: 3, 10, 3, 10
07-29 14:18:40.809 D/use-Rlog/RLOG-RIL AT{0}( 9096): AT(18)< OK
07-29 14:18:40.810 D/use-Rlog/RLOG-RIL{0}( 9096): b89adee8 onHandleRequest:[-1639825041] SIM_IO
07-29 14:18:40.810 D/use-Rlog/RLOG-RIL AT{0}( 9096): AT(18)> AT+CRSM=192,28437,0,0,15,,"3F007FFF"
07-29 14:18:40.811 D/RILJ    ( 3704): [8628]< GET_SIM_STATUS IccCardState {CARDSTATE_PRESENT,PINSTATE_UNKNOWN,num_apps=1,gsm_id=0{APPTYPE_USIM,APPSTATE_READY,pin1=PINSTATE_UNKNOWN,pin2=PINSTATE_UNKNOWN},cdma_id=8,ims_id=8}
07-29 14:18:40.811 D/UiccController( 3704): Received EVENT_GET_ICC_STATUS_DONE
07-29 14:18:40.812 D/UiccCard( 3704): 1 applications
07-29 14:18:40.812 D/UiccCardApplication( 3704): APPTYPE_USIM update. New {APPTYPE_USIM,APPSTATE_READY,pin1=PINSTATE_UNKNOWN,pin2=PINSTATE_UNKNOWN}
07-29 14:18:40.812 D/CAT     ( 3704): CatService: Return current sInstance
07-29 14:18:40.812 E/UiccCard( 3704): App index 8 is invalid since there are no applications
07-29 14:18:40.812 E/UiccCard( 3704): App index 8 is invalid since there are no applications
07-29 14:18:40.812 D/UiccCard( 3704): update: radioState=RADIO_ON mLastRadioState=RADIO_ON
07-29 14:18:40.812 D/UiccController( 3704): Notifying IccChangedRegistrants
07-29 14:18:40.813 D/DCT     ( 3704): handleMessage msg={ when=-1ms what=270369 obj=android.os.AsyncResult@41cb7408 target=com.android.internal.telephony.dataconnection.DcTracker }
07-29 14:18:40.822 D/use-Rlog/RLOG-RIL AT{0}( 9096): AT(18)< +CRSM: 106,130
07-29 14:18:40.822 D/use-Rlog/RLOG-RIL AT{0}( 9096): AT(18)< OK
07-29 14:18:40.822 D/use-Rlog/RLOG-RIL{0}( 9096): b89adee8 onHandleRequest:[-1639825040] SIM_IO
07-29 14:18:40.822 D/use-Rlog/RLOG-RIL AT{0}( 9096): AT(18)> AT+CRSM=192,28478,0,0,15,,"3F007FFF"
07-29 14:18:40.822 D/RILJ    ( 3704): [8607]< SIM_IO IccIoResponse sw1:0x6a sw2:0x82
07-29 14:18:40.823 E/SIMRecords( 3704): [SIMRecords] Exception in fetching EF_CSP data com.android.internal.telephony.uicc.IccFileNotFound
07-29 14:18:40.823 D/SIMRecords( 3704): [SIMRecords] onRecordLoaded 7 requested: true
07-29 14:18:40.838 D/use-Rlog/RLOG-RIL AT{0}( 9096): AT(18)< +CRSM: 144,0,"621E8202412183026F3EA50691047F206F3E8A01058B036F0605800200018800"
07-29 14:18:40.838 D/use-Rlog/RLOG-RIL AT{0}( 9096): AT(18)< OK
07-29 14:18:40.838 D/use-Rlog/RLOG-RIL{0}( 9096): b89adee8 onHandleRequest:[-1639825029] SIM_IO
07-29 14:18:40.838 D/use-Rlog/RLOG-RIL AT{0}( 9096): AT(18)> AT+CRSM=176,12258,0,0,10,,"3F00"
07-29 14:18:40.838 D/RILJ    ( 3704): [8608]< SIM_IO IccIoResponse sw1:0x90 sw2:0x0
07-29 14:18:40.840 D/RILJ    ( 3704): [8629]> iccIO: SIM_IO 0xb0 0x6f3e  path: 3F007FFF,0,0,1 aid: null
07-29 14:18:40.843 D/use-Rlog/RLOG-RIL{0}( 9096): b89ad420 onRequest:[-1639825019] SIM_IO
07-29 14:18:40.843 I/use-Rlog/RLOG-RIL{0}( 9096): sending request SIM_IO on channel 0
07-29 14:18:40.851 D/use-Rlog/RLOG-RIL AT{0}( 9096): AT(18)< +CRSM: 144,0,"981344301024420373F9"
07-29 14:18:40.851 D/use-Rlog/RLOG-RIL AT{0}( 9096): AT(18)< OK
07-29 14:18:40.851 D/use-Rlog/RLOG-RIL{0}( 9096): b89adee8 onHandleRequest:[-1639825027] SIM_IO
07-29 14:18:40.851 D/use-Rlog/RLOG-RIL AT{0}( 9096): AT(18)> AT+CRSM=178,28480,1,4,34,,"3F007FFF"
07-29 14:18:40.852 D/RILJ    ( 3704): [8619]< SIM_IO IccIoResponse sw1:0x90 sw2:0x0
07-29 14:18:40.853 D/SIMRecords( 3704): [SIMRecords] iccid: 8931440301422430379
07-29 14:18:40.853 D/SIMRecords( 3704): [SIMRecords] onRecordLoaded 6 requested: true
07-29 14:18:40.868 D/use-Rlog/RLOG-RIL AT{0}( 9096): AT(18)< +CRSM: 144,0,"FFFFFFFFFFFFFFFFFFFFFFFFFFFFFFFFFFFFFFFFFFFFFFFFFFFFFFFFFFFFFFFFFFFF"
07-29 14:18:40.868 D/use-Rlog/RLOG-RIL AT{0}( 9096): AT(18)< OK
07-29 14:18:40.868 D/use-Rlog/RLOG-RIL{0}( 9096): b89adee8 onHandleRequest:[-1639825025] SIM_IO
07-29 14:18:40.868 D/use-Rlog/RLOG-RIL AT{0}( 9096): AT(18)> AT+CRSM=192,28439,0,0,15,,"3F007FFF"
07-29 14:18:40.868 D/RILJ    ( 3704): [8621]< SIM_IO IccIoResponse sw1:0x90 sw2:0x0
07-29 14:18:40.868 D/SIMRecords( 3704): [SIMRecords] MSISDN: xxxxxxx
07-29 14:18:40.870 D/SIMRecords( 3704): [SIMRecords] onRecordLoaded 5 requested: true
07-29 14:18:40.876 D/use-Rlog/RLOG-RIL AT{0}( 9096): AT(18)< +CRSM: 106,130
07-29 14:18:40.876 D/use-Rlog/RLOG-RIL AT{0}( 9096): AT(18)< OK
07-29 14:18:40.876 D/use-Rlog/RLOG-RIL{0}( 9096): b89adee8 onHandleRequest:[-1639825024] SIM_IO
07-29 14:18:40.876 D/use-Rlog/RLOG-RIL AT{0}( 9096): AT(18)> AT+CRSM=176,28589,0,0,4,,"3F007FFF"
07-29 14:18:40.876 D/RILJ    ( 3704): [8623]< SIM_IO IccIoResponse sw1:0x6a sw2:0x82
07-29 14:18:40.876 D/SIMRecords( 3704): [SIMRecords] Invalid or missing EF[MAILBOX]
07-29 14:18:40.876 D/SIMRecords( 3704): [SIMRecords] onRecordLoaded 4 requested: true
07-29 14:18:40.890 D/use-Rlog/RLOG-RIL AT{0}( 9096): AT(18)< +CRSM: 144,0,"00000102"
07-29 14:18:40.890 D/use-Rlog/RLOG-RIL AT{0}( 9096): AT(18)< OK
07-29 14:18:40.890 D/use-Rlog/RLOG-RIL{0}( 9096): b89adee8 onHandleRequest:[-1639825022] SIM_IO
07-29 14:18:40.890 D/use-Rlog/RLOG-RIL AT{0}( 9096): AT(18)> AT+CRSM=176,28486,0,0,17,,"3F007FFF"
07-29 14:18:40.890 D/RILJ    ( 3704): [8624]< SIM_IO IccIoResponse sw1:0x90 sw2:0x0
07-29 14:18:40.890 D/SIMRecords( 3704): [SIMRecords] EF_AD: 00000102
07-29 14:18:40.894 D/SIMRecords( 3704): [SIMRecords] onRecordLoaded 3 requested: true
07-29 14:18:40.905 D/use-Rlog/RLOG-RIL AT{0}( 9096): AT(18)< +CRSM: 144,0,"FFFFFFFFFFFFFFFFFFFFFFFFFFFFFFFFFF"
07-29 14:18:40.905 D/use-Rlog/RLOG-RIL AT{0}( 9096): AT(18)< OK
07-29 14:18:40.905 D/use-Rlog/RLOG-RIL{0}( 9096): b89adee8 onHandleRequest:[-1639825021] SIM_IO
07-29 14:18:40.905 D/use-Rlog/RLOG-RIL AT{0}( 9096): AT(18)> AT+CRSM=176,28472,0,0,8,,"3F007FFF"
07-29 14:18:40.905 D/RILJ    ( 3704): [8626]< SIM_IO IccIoResponse sw1:0x90 sw2:0x0
07-29 14:18:40.906 D/SIMRecords( 3704): [SIMRecords] Load EF_SPN:  spnDisplayCondition: 255
07-29 14:18:40.907 D/SIMRecords( 3704): [SIMRecords] onRecordLoaded 2 requested: true
07-29 14:18:40.918 D/use-Rlog/RLOG-RIL AT{0}( 9096): AT(18)< +CRSM: 144,0,"8EEF1D0C630E5800"
07-29 14:18:40.918 D/use-Rlog/RLOG-RIL AT{0}( 9096): AT(18)< OK
07-29 14:18:40.918 D/use-Rlog/RLOG-RIL{0}( 9096): b89adee8 onHandleRequest:[-1639825019] SIM_IO
07-29 14:18:40.918 D/use-Rlog/RLOG-RIL AT{0}( 9096): AT(18)> AT+CRSM=176,28478,0,0,1,,"3F007FFF"
07-29 14:18:40.919 D/RILJ    ( 3704): [8627]< SIM_IO IccIoResponse sw1:0x90 sw2:0x0
07-29 14:18:40.921 D/SIMRecords( 3704): [SIMRecords] SST: UsimServiceTable[64]={ FDN, FDN_EXTENSION, SDN, OUTGOING_CALL_INFO, INCOMING_CALL_INFO, SM_STORAGE, SM_STATUS_REPORTS, SM_SERVICE_PARAMS, CAP_CONFIG_PARAMS_2, CB_MESSAGE_ID, CB_MESSAGE_ID_RANGES, GROUP_ID_LEVEL_1, SPN, USER_PLMN_SELECT, MSISDN, GSM_ACCESS, DATA_DL_VIA_SMS_PP, IGNORED_1, ENABLED_SERVICES_TABLE, GSM_SECURITY_CONTEXT, CPBCCH_INFO, OPERATOR_PLMN_SELECT, HPLMN_SELECT, EXTENSION_5, MMS_NOTIFICATION, MMS_NOTIFICATION_EXTENSION, MMS_CONNECTIVITY_PARAMS }
07-29 14:18:40.921 D/SIMRecords( 3704): [SIMRecords] onRecordLoaded 1 requested: true
07-29 14:18:40.932 D/use-Rlog/RLOG-RIL AT{0}( 9096): AT(18)< +CRSM: 144,0,"02"
07-29 14:18:40.932 D/use-Rlog/RLOG-RIL AT{0}( 9096): AT(18)< OK
07-29 14:18:40.932 D/RILJ    ( 3704): [8629]< SIM_IO IccIoResponse sw1:0x90 sw2:0x0
07-29 14:18:40.933 D/SIMRecords( 3704): [SIMRecords] GID1: 02
07-29 14:18:40.933 D/SIMRecords( 3704): [SIMRecords] onRecordLoaded 0 requested: true
07-29 14:18:40.933 D/SIMRecords( 3704): [SIMRecords] record load complete
07-29 14:18:40.933 D/SIMRecords( 3704): [SIMRecords] onAllRecordsLoaded set 'gsm.sim.operator.numeric' to operator='20404'
07-29 14:18:40.935 D/SIMRecords( 3704): [SIMRecords] onAllRecordsLoaded set mcc imsi=204045220670380
07-29 14:18:40.969 D/GsmSST  ( 3704): [GsmSST] EVENT_SIM_RECORDS_LOADED: what=16
07-29 14:18:40.970 D/PhoneProxy( 3704): [PhoneProxy] updatePhoneObject: radioTechnology=0
07-29 14:18:40.970 D/GsmSST  ( 3704): [GsmSST] updateSpnDisplay: radio is on but out of service, set plmn='No service.'
07-29 14:18:40.970 D/GsmSST  ( 3704): [GsmSST] updateSpnDisplay: changed sending intent rule=2 showPlmn='true' plmn='No service.' showSpn='false' spn=''
07-29 14:18:40.974 D/DCT     ( 3704): handleMessage msg={ when=-38ms what=270338 obj=android.os.AsyncResult@41cbee20 target=com.android.internal.telephony.dataconnection.DcTracker }
07-29 14:18:40.974 D/DCT     ( 3704): onRecordsLoaded: createAllApnList
07-29 14:18:40.974 D/DCT     ( 3704): createAllApnList: selection=numeric = '20404' and carrier_enabled = 1
07-29 14:18:40.983 D/DCT     ( 3704): createApnList: X result=[[ApnSettingV2] LTE - VZW Roaming Internet, 16, 20404, VZWINTERNET, null, null, null, null, null, -1, default | dun, IPV4V6, IPV4V6, true, 14, [ApnSettingV2] LTE - VZW Roaming FOTA, 17, 20404, VZWADMIN, null, null, null, null, null, -1, fota, IPV4V6, IPV4V6, true, 14, [ApnSettingV2] LTE - VZW Roaming IMS, 18, 20404, VZWIMS, null, null, null, null, null, -1, ims, IPV4V6, IPV4V6, true, 14, [ApnSettingV2] LTE - VZW Roaming CBS, 19, 20404, VZWAPP, null, http://mms.vtext.com/servlets/mms, null, null, null, -1, cbs | mms, IPV4V6, IPV4V6, true, 14, [ApnSettingV2] EHRPD - VZW Roaming Internet, 20, 20404, VZWINTERNET, null, null, null, null, null, -1, default | dun, IPV4V6, IPV4V6, true, 13, [ApnSettingV2] EHRPD - VZW Roaming FOTA, 21, 20404, VZWADMIN, null, null, null, null, null, -1, fota, IPV4V6, IPV4V6, true, 13, [ApnSettingV2] EHRPD - VZW Roaming IMS, 22, 20404, VZWIMS, null, null, null, null, null, -1, ims, IPV4V6, IPV4V6, true, 13, [ApnSettingV2] EHRPD - VZW Roaming CBS, 23, 20404, VZWAPP, null, http://mms.vtext.com/servlets/mms, null, null, null, -1, cbs | mms, IPV4V6, IPV4V6, true, 13, [ApnSettingV2] Vodafone NL, 24, 20404, live.vodafone.com, null, http://mmsc.mms.vodafone.nl, 192.168.251.150, 8799, null, -1, default | supl | mms, IP, IP, true, 0, [ApnSettingV2] hollandsnieuwe int., 25, 20404, data.dataxs.mobi, null, null, null, null, null, -1, default, IP, IP, true, 0, [ApnSettingV2] Vodafone MMS Business, 26, 20404, office.vodafone.nl, null, http://mmsc.mms.vodafone.nl, 192.168.251.150, 8799, null, -1, mms, IP, IP, true, 0]
07-29 14:18:40.986 D/DCT     ( 3704): getPreferredApn: mRequestedApnType=default cursor=android.content.ContentResolver$CursorWrapperInner@41ccc698 cursor.count=0
07-29 14:18:40.986 D/DCT     ( 3704): getPreferredApn: X not found
07-29 14:18:40.986 D/DCT     ( 3704): createAllApnList: mPreferredApn=null
07-29 14:18:40.996 D/DCT     ( 3704): createAllApnList: X mAllApnSettings=[[ApnSettingV2] LTE - VZW Roaming Internet, 16, 20404, VZWINTERNET, null, null, null, null, null, -1, default | dun, IPV4V6, IPV4V6, true, 14, [ApnSettingV2] LTE - VZW Roaming FOTA, 17, 20404, VZWADMIN, null, null, null, null, null, -1, fota, IPV4V6, IPV4V6, true, 14, [ApnSettingV2] LTE - VZW Roaming IMS, 18, 20404, VZWIMS, null, null, null, null, null, -1, ims, IPV4V6, IPV4V6, true, 14, [ApnSettingV2] LTE - VZW Roaming CBS, 19, 20404, VZWAPP, null, http://mms.vtext.com/servlets/mms, null, null, null, -1, cbs | mms, IPV4V6, IPV4V6, true, 14, [ApnSettingV2] EHRPD - VZW Roaming Internet, 20, 20404, VZWINTERNET, null, null, null, null, null, -1, default | dun, IPV4V6, IPV4V6, true, 13, [ApnSettingV2] EHRPD - VZW Roaming FOTA, 21, 20404, VZWADMIN, null, null, null, null, null, -1, fota, IPV4V6, IPV4V6, true, 13, [ApnSettingV2] EHRPD - VZW Roaming IMS, 22, 20404, VZWIMS, null, null, null, null, null, -1, ims, IPV4V6, IPV4V6, true, 13, [ApnSettingV2] EHRPD - VZW Roaming CBS, 23, 20404, VZWAPP, null, http://mms.vtext.com/servlets/mms, null, null, null, -1, cbs | mms, IPV4V6, IPV4V6, true, 13, [ApnSettingV2] Vodafone NL, 24, 20404, live.vodafone.com, null, http://mmsc.mms.vodafone.nl, 192.168.251.150, 8799, null, -1, default | supl | mms, IP, IP, true, 0, [ApnSettingV2] hollandsnieuwe int., 25, 20404, data.dataxs.mobi, null, null, null, null, null, -1, default, IP, IP, true, 0, [ApnSettingV2] Vodafone MMS Business, 26, 20404, office.vodafone.nl, null, http://mmsc.mms.vodafone.nl, 192.168.251.150, 8799, null, -1, mms, IP, IP, true, 0]
07-29 14:18:40.996 D/DCT     ( 3704): setInitialApn: E mPreferredApn=null
07-29 14:18:40.996 D/DCT     ( 3704): setInitialApn: firstApnSetting=[ApnSettingV2] LTE - VZW Roaming Internet, 16, 20404, VZWINTERNET, null, null, null, null, null, -1, default | dun, IPV4V6, IPV4V6, true, 14
07-29 14:18:40.996 D/DCT     ( 3704): setInitialApn: defaultApnSetting=[ApnSettingV2] LTE - VZW Roaming Internet, 16, 20404, VZWINTERNET, null, null, null, null, null, -1, default | dun, IPV4V6, IPV4V6, true, 14
07-29 14:18:40.996 D/DCT     ( 3704): setInitialAttachApn: using defaultApnSetting
07-29 14:18:40.996 D/DCT     ( 3704): setInitialAttachApn: X selected Apn=[ApnSettingV2] LTE - VZW Roaming Internet, 16, 20404, VZWINTERNET, null, null, null, null, null, -1, default | dun, IPV4V6, IPV4V6, true, 14
07-29 14:18:40.996 D/RILJ    ( 3704): Set RIL_REQUEST_SET_INITIAL_ATTACH_APN
07-29 14:18:40.996 D/RILJ    ( 3704): [8630]> RIL_REQUEST_SET_INITIAL_ATTACH_APN, apn:VZWINTERNET, protocol:IPV4V6, authType:-1, username:null, password:null
07-29 14:18:40.999 D/use-Rlog/RLOG-RIL{0}( 9096): b89ad420 onRequest:[-1639825018] RIL_REQUEST_SET_INITIAL_ATTACH_APN
07-29 14:18:40.999 I/use-Rlog/RLOG-RIL{0}( 9096): sending request RIL_REQUEST_SET_INITIAL_ATTACH_APN on channel 0
07-29 14:18:40.999 D/use-Rlog/RLOG-RIL{0}( 9096): b89adee8 onHandleRequest:[-1639825018] RIL_REQUEST_SET_INITIAL_ATTACH_APN
07-29 14:18:40.999 D/RIL{0}  ( 9096): Same APN in cache - ignore
07-29 14:18:40.999 I/RIL{0}  ( 9096): Read cached IA: apn (VZWINTERNET) protocol (IPV4V6) authtype (0) username () password ()
07-29 14:18:41.000 D/RILJ    ( 3704): [8630]< RIL_REQUEST_SET_INITIAL_ATTACH_APN 
07-29 14:18:41.000 D/DCT     ( 3704): onRecordsLoaded: notifying data availability
07-29 14:18:41.000 D/DCT     ( 3704): [ApnContext:dun] getApnSetting: apnSetting=null
07-29 14:18:41.005 D/DCT     ( 3704): [ApnContext:supl] getApnSetting: apnSetting=null
07-29 14:18:41.009 D/DCT     ( 3704): [ApnContext:hipri] getApnSetting: apnSetting=null
07-29 14:18:41.012 D/DCT     ( 3704): [ApnContext:default] getApnSetting: apnSetting=null
07-29 14:18:41.015 D/DCT     ( 3704): [ApnContext:mms] getApnSetting: apnSetting=null
07-29 14:18:41.024 D/DCT     ( 3704): setupDataOnConnectableApns: simLoaded
07-29 14:18:41.024 D/DCT     ( 3704): setupDataOnConnectableApns: apnContext {mApnType=hipri mState=IDLE mWaitingApns={null} mWaitingApnsPermanentFailureCountDown=0 mApnSetting={null} mReason=radioTurnedOff mDataEnabled=false mDependencyMet=true}
07-29 14:18:41.024 D/DCT     ( 3704): setupDataOnConnectableApns: apnContext {mApnType=mms mState=IDLE mWaitingApns={null} mWaitingApnsPermanentFailureCountDown=0 mApnSetting={null} mReason=radioTurnedOff mDataEnabled=false mDependencyMet=true}
07-29 14:18:41.024 D/DCT     ( 3704): setupDataOnConnectableApns: apnContext {mApnType=supl mState=IDLE mWaitingApns={null} mWaitingApnsPermanentFailureCountDown=0 mApnSetting={null} mReason=radioTurnedOff mDataEnabled=false mDependencyMet=true}
07-29 14:18:41.024 D/DCT     ( 3704): setupDataOnConnectableApns: apnContext {mApnType=default mState=IDLE mWaitingApns={null} mWaitingApnsPermanentFailureCountDown=0 mApnSetting={null} mReason=radioTurnedOff mDataEnabled=true mDependencyMet=true}
07-29 14:18:41.024 D/DCT     ( 3704): setupDataOnConnectableApns: isConnectable() call trySetupData
07-29 14:18:41.024 D/DCT     ( 3704): trySetupData for type:default due to simLoaded apnContext={mApnType=default mState=IDLE mWaitingApns={null} mWaitingApnsPermanentFailureCountDown=0 mApnSetting={null} mReason=simLoaded mDataEnabled=true mDependencyMet=true}
07-29 14:18:41.024 D/DCT     ( 3704): trySetupData with mIsPsRestricted=false
07-29 14:18:41.024 D/DCT     ( 3704): [ApnContext:dun] getApnSetting: apnSetting=null
07-29 14:18:41.032 D/DCT     ( 3704): [ApnContext:supl] getApnSetting: apnSetting=null
07-29 14:18:41.036 D/DCT     ( 3704): [ApnContext:hipri] getApnSetting: apnSetting=null
07-29 14:18:41.038 D/DCT     ( 3704): [ApnContext:default] getApnSetting: apnSetting=null
07-29 14:18:41.040 D/DCT     ( 3704): [ApnContext:mms] getApnSetting: apnSetting=null
07-29 14:18:41.042 D/DCT     ( 3704): trySetupData: X apnContext not 'ready' retValue=false
07-29 14:18:41.042 D/DCT     ( 3704): setupDataOnConnectableApns: apnContext {mApnType=dun mState=IDLE mWaitingApns={null} mWaitingApnsPermanentFailureCountDown=0 mApnSetting={null} mReason=radioTurnedOff mDataEnabled=false mDependencyMet=true}
07-29 14:18:41.042 D/IccCardProxy( 3704): Broadcasting intent ACTION_SIM_STATE_CHANGED LOADED reason null
07-29 14:18:41.046 D/PhoneProxy( 3704): [PhoneProxy] phoneObjectUpdater: newVoiceRadioTech=0
07-29 14:18:41.047 D/TelephonyManager( 3704): getLteOnCdmaMode=0 curVal=-1 product_type='' lteOnCdmaProductType=''
07-29 14:18:41.047 D/PhoneProxy( 3704): [PhoneProxy] phoneObjectUpdater: Unknown rat ignore,  newVoiceRadioTech=Unknown. mActivePhone=GSM
07-29 14:18:41.072 D/use-Rlog/RLOG-RIL AT{0}( 9096): AT(18)< %IPSRB: 0
07-29 14:18:41.072 D/use-Rlog/RLOG-RIL{0}( 9096): Kernel time: [13852.922154]
07-29 14:18:41.072 D/use-Rlog/RLOG-RIL{0}( 9096): b89ae710 onUnsolicited: %IPSRB: 0 null
07-29 14:18:41.072 D/use-Rlog/RLOG-RIL{0}( 9096): b89adee8 onHandleUnsolicited: %IPSRB: 0 null
07-29 14:18:42.809 D/use-Rlog/RLOG-RIL AT{0}( 9096): AT(18)< *TLTS: "15/07/29,12:18:43-28,00"
07-29 14:18:42.809 D/use-Rlog/RLOG-RIL{0}( 9096): Kernel time: [13854.659646]
07-29 14:18:42.809 D/use-Rlog/RLOG-RIL{0}( 9096): b89ae710 onUnsolicited: *TLTS: "15/07/29,12:18:43-28,00" null
07-29 14:18:42.809 D/use-Rlog/RLOG-RIL{0}( 9096): b89adee8 onHandleUnsolicited: *TLTS: "15/07/29,12:18:43-28,00" null
07-29 14:18:42.810 D/use-Rlog/RLOG-RIL AT{0}( 9096): AT(18)< %NWSTATE: 0,00000,0,-,0
07-29 14:18:42.810 D/use-Rlog/RLOG-RIL{0}( 9096): Kernel time: [13854.660255]
07-29 14:18:42.810 D/use-Rlog/RLOG-RIL{0}( 9096): b89ae710 onUnsolicited: %NWSTATE: 0,00000,0,-,0 null
07-29 14:18:42.810 D/use-Rlog/RLOG-RIL{0}( 9096): b89adee8 onHandleUnsolicited: %NWSTATE: 0,00000,0,-,0 null
07-29 14:18:42.810 D/RILJ    ( 3704): [UNSL]< UNSOL_NITZ_TIME_RECEIVED 15/07/29,12:18:43-28,00
07-29 14:18:42.811 D/GsmSST  ( 3704): [GsmSST] NITZ: 15/07/29,12:18:43-28,00,17144425 start=17144427 delay=2
07-29 14:18:42.817 D/GsmSST  ( 3704): [GsmSST] NITZ: Setting time of day to Wed Jul 29 14:18:43 CEST 2015 NITZ receive delay(ms): 7 gained(ms): 189 from 15/07/29,12:18:43-28,00
07-29 14:18:42.817 D/GsmSST  ( 3704): [GsmSST] setAndBroadcastNetworkSetTime: time=1438172323007ms
07-29 14:18:43.033 I/GsmSST  ( 3704): NITZ: after Setting time of day
07-29 14:18:43.235 D/use-Rlog/RLOG-RIL AT{0}( 9096): AT(18)< +CREG: 1,"03E8","0000000A",0
07-29 14:18:43.235 D/use-Rlog/RLOG-RIL{0}( 9096): Kernel time: [13854.896962]
07-29 14:18:43.236 D/use-Rlog/RLOG-RIL{0}( 9096): b89ae710 onUnsolicited: +CREG: 1,"03E8","0000000A",0 null
07-29 14:18:43.236 D/use-Rlog/RLOG-RIL AT{0}( 9096): AT(18)< %NWSTATE: 0,00101,2g,-,0
07-29 14:18:43.236 D/use-Rlog/RLOG-RIL{0}( 9096): Kernel time: [13854.897105]
07-29 14:18:43.236 D/use-Rlog/RLOG-RIL{0}( 9096): b89ae710 onUnsolicited: %NWSTATE: 0,00101,2g,-,0 null
07-29 14:18:43.236 D/use-Rlog/RLOG-RIL{0}( 9096): b89adee8 onHandleUnsolicited: +CREG: 1,"03E8","0000000A",0 null
07-29 14:18:43.236 D/use-Rlog/RLOG-RIL{0}( 9096): b89adee8 onHandleUnsolicited: %NWSTATE: 0,00101,2g,-,0 null
07-29 14:18:43.236 D/use-Rlog/RLOG-RIL AT{0}( 9096): AT(18)< +CGREG: 0
07-29 14:18:43.236 D/use-Rlog/RLOG-RIL{0}( 9096): Kernel time: [13854.897771]
07-29 14:18:43.236 D/use-Rlog/RLOG-RIL{0}( 9096): b89ae710 onUnsolicited: +CGREG: 0 null
07-29 14:18:43.236 D/use-Rlog/RLOG-RIL AT{0}( 9096): AT(18)< %NWSTATE: 4,00101,2g,-,0
07-29 14:18:43.236 D/use-Rlog/RLOG-RIL{0}( 9096): Kernel time: [13854.897877]
07-29 14:18:43.236 D/use-Rlog/RLOG-RIL{0}( 9096): b89ae710 onUnsolicited: %NWSTATE: 4,00101,2g,-,0 null
07-29 14:18:43.236 D/use-Rlog/RLOG-RIL AT{0}( 9096): AT(18)< %ICESQU: 77,0,255,255,255,255
07-29 14:18:43.236 D/use-Rlog/RLOG-RIL{0}( 9096): Kernel time: [13854.897939]
07-29 14:18:43.236 D/use-Rlog/RLOG-RIL{0}( 9096): b89ae710 onUnsolicited: %ICESQU: 77,0,255,255,255,255 null
07-29 14:18:43.237 D/use-Rlog/RLOG-RIL AT{0}( 9096): AT(17)< OK
07-29 14:18:43.237 D/use-Rlog/RLOG-RIL{0}( 9096): b89adee8 onHandleUnsolicited: +CGREG: 0 null
07-29 14:18:43.237 D/use-Rlog/RLOG-RIL{0}( 9096): b89adee8 onHandleUnsolicited: %NWSTATE: 4,00101,2g,-,0 null
07-29 14:18:43.237 D/use-Rlog/RLOG-RIL{0}( 9096): b89adee8 onHandleUnsolicited: %ICESQU: 77,0,255,255,255,255 null
07-29 14:18:43.248 D/RILJ    ( 3704): [UNSL]< UNSOL_RESPONSE_VOICE_NETWORK_STATE_CHANGED
07-29 14:18:43.248 D/RILJ    ( 3704): [UNSL]< UNSOL_RESPONSE_VOICE_NETWORK_STATE_CHANGED
07-29 14:18:43.248 D/RILJ    ( 3704): [8611]< SET_NETWORK_SELECTION_MANUAL 
07-29 14:18:43.249 D/RILJ    ( 3704): [8631]> OPERATOR
07-29 14:18:43.250 D/RILJ    ( 3704): [UNSL]< UNSOL_RESPONSE_VOICE_NETWORK_STATE_CHANGED
07-29 14:18:43.252 D/RILJ    ( 3704): [8632]> DATA_REGISTRATION_STATE
07-29 14:18:43.253 D/use-Rlog/RLOG-RIL{0}( 9096): b89ad420 onRequest:[-1639825017] OPERATOR
07-29 14:18:43.253 I/use-Rlog/RLOG-RIL{0}( 9096): sending request OPERATOR on channel 0
07-29 14:18:43.253 D/use-Rlog/RLOG-RIL{0}( 9096): b89adee8 onHandleRequest:[-1639825017] OPERATOR
