07-29 14:50:24.704 D/use-Rlog/RLOG-RIL AT{0}( 9096): AT(18)< +CREG: 2
07-29 14:50:24.704 D/use-Rlog/RLOG-RIL{0}( 9096): Kernel time: [15756.366390]
07-29 14:50:24.704 D/use-Rlog/RLOG-RIL{0}( 9096): b89ae710 onUnsolicited: +CREG: 2 null
07-29 14:50:24.705 D/use-Rlog/RLOG-RIL{0}( 9096): b89adee8 onHandleUnsolicited: +CREG: 2 null
07-29 14:50:24.706 E/use-Rlog/RLOG-RIL{0}( 9096): Network lost
07-29 14:50:24.712 D/RILJ    ( 3704): [UNSL]< UNSOL_RESPONSE_VOICE_NETWORK_STATE_CHANGED
07-29 14:50:24.737 D/use-Rlog/RLOG-RIL AT{0}( 9096): AT(18)< +CREG: 0
07-29 14:50:24.738 D/use-Rlog/RLOG-RIL{0}( 9096): Kernel time: [15756.400348]
07-29 14:50:24.738 D/use-Rlog/RLOG-RIL{0}( 9096): b89ae710 onUnsolicited: +CREG: 0 null
07-29 14:50:24.739 D/use-Rlog/RLOG-RIL{0}( 9096): b89adee8 onHandleUnsolicited: +CREG: 0 null
07-29 14:50:24.754 D/RILJ    ( 3704): [8650]> OPERATOR
07-29 14:50:24.770 D/RILJ    ( 3704): [UNSL]< UNSOL_RESPONSE_VOICE_NETWORK_STATE_CHANGED
07-29 14:50:24.864 D/RILJ    ( 3704): [8651]> DATA_REGISTRATION_STATE
07-29 14:50:24.890 D/use-Rlog/RLOG-RIL{0}( 9096): b89ad420 onRequest:[-1639824998] OPERATOR
07-29 14:50:24.890 I/use-Rlog/RLOG-RIL{0}( 9096): sending request OPERATOR on channel 0
07-29 14:50:24.890 D/use-Rlog/RLOG-RIL{0}( 9096): b89adee8 onHandleRequest:[-1639824998] OPERATOR
07-29 14:50:24.890 D/use-Rlog/RLOG-RIL AT{0}( 9096): AT(18)> AT+COPS=3,0;+COPS?;+COPS=3,1;+COPS?;+COPS=3,2;+COPS?
07-29 14:50:24.892 D/use-Rlog/RLOG-RIL AT{0}( 9096): AT(18)< +COPS: 1
07-29 14:50:24.893 D/use-Rlog/RLOG-RIL AT{0}( 9096): AT(18)< +COPS: 1
07-29 14:50:24.893 D/use-Rlog/RLOG-RIL AT{0}( 9096): AT(18)< +COPS: 1
07-29 14:50:24.893 D/use-Rlog/RLOG-RIL AT{0}( 9096): AT(18)< OK
07-29 14:50:24.910 D/RILJ    ( 3704): [8650]< OPERATOR {null, null, null}
07-29 14:50:24.936 D/use-Rlog/RLOG-RIL{0}( 9096): doRamLogging: /system/bin/icera_log_serial_arm -b -d /dev/log_modem -m 30000 /data/rfs/data/debug/logging_102_20150729_145024/logging_20150729_145024.iom
07-29 14:50:24.949 D/use-Rlog/RLOG-RIL{0}( 9096): b89ad420 onRequest:[-1639824997] DATA_REGISTRATION_STATE
07-29 14:50:24.950 I/use-Rlog/RLOG-RIL{0}( 9096): sending request DATA_REGISTRATION_STATE on channel 0
07-29 14:50:24.950 D/use-Rlog/RLOG-RIL{0}( 9096): b89adee8 onHandleRequest:[-1639824997] DATA_REGISTRATION_STATE
07-29 14:50:24.965 D/RILJ    ( 3704): [8651]< DATA_REGISTRATION_STATE {0, null, null, 0, null, 2}
07-29 14:50:24.967 D/RILJ    ( 3704): [8652]> VOICE_REGISTRATION_STATE
07-29 14:50:25.004 D/use-Rlog/RLOG-RIL{0}( 9096): b89ad420 onRequest:[-1639824996] VOICE_REGISTRATION_STATE
07-29 14:50:25.004 I/use-Rlog/RLOG-RIL{0}( 9096): sending request VOICE_REGISTRATION_STATE on channel 0
07-29 14:50:25.004 D/use-Rlog/RLOG-RIL{0}( 9096): b89adee8 onHandleRequest:[-1639824996] VOICE_REGISTRATION_STATE
07-29 14:50:25.006 D/RILJ    ( 3704): [8652]< VOICE_REGISTRATION_STATE {10, null, null, 16}
07-29 14:50:25.007 D/RILJ    ( 3704): [8653]> QUERY_NETWORK_SELECTION_MODE
07-29 14:50:25.050 D/use-Rlog/RLOG-RIL{0}( 9096): b89ad420 onRequest:[-1639824995] QUERY_NETWORK_SELECTION_MODE
07-29 14:50:25.051 I/use-Rlog/RLOG-RIL{0}( 9096): sending request QUERY_NETWORK_SELECTION_MODE on channel 0
07-29 14:50:25.051 D/use-Rlog/RLOG-RIL{0}( 9096): b89adee8 onHandleRequest:[-1639824995] QUERY_NETWORK_SELECTION_MODE
07-29 14:50:25.051 D/use-Rlog/RLOG-RIL{0}( 9096): Providing cached network selection details
07-29 14:50:25.054 D/RILJ    ( 3704): [8653]< QUERY_NETWORK_SELECTION_MODE {1}
07-29 14:50:25.059 D/RILJ    ( 3704): [8654]> OPERATOR
07-29 14:50:25.096 D/use-Rlog/RLOG-RIL{0}( 9096): b89ad420 onRequest:[-1639824994] OPERATOR
07-29 14:50:25.096 I/use-Rlog/RLOG-RIL{0}( 9096): sending request OPERATOR on channel 0
07-29 14:50:25.096 D/use-Rlog/RLOG-RIL{0}( 9096): b89adee8 onHandleRequest:[-1639824994] OPERATOR
07-29 14:50:25.096 D/use-Rlog/RLOG-RIL{0}( 9096): Providing cached Operator details
07-29 14:50:25.124 D/RILJ    ( 3704): [8655]> DATA_REGISTRATION_STATE
07-29 14:50:25.134 D/RILJ    ( 3704): [8654]< OPERATOR {null, null, null}
07-29 14:50:25.167 D/use-Rlog/RLOG-RIL{0}( 9096): b89ad420 onRequest:[-1639824993] DATA_REGISTRATION_STATE
07-29 14:50:25.167 I/use-Rlog/RLOG-RIL{0}( 9096): sending request DATA_REGISTRATION_STATE on channel 0
07-29 14:50:25.167 D/use-Rlog/RLOG-RIL{0}( 9096): b89adee8 onHandleRequest:[-1639824993] DATA_REGISTRATION_STATE
07-29 14:50:25.169 D/RILJ    ( 3704): [8655]< DATA_REGISTRATION_STATE {0, null, null, 0, null, 2}
07-29 14:50:25.178 D/RILJ    ( 3704): [8656]> VOICE_REGISTRATION_STATE
07-29 14:50:25.247 D/use-Rlog/RLOG-RIL{0}( 9096): b89ad420 onRequest:[-1639824992] VOICE_REGISTRATION_STATE
07-29 14:50:25.247 I/use-Rlog/RLOG-RIL{0}( 9096): sending request VOICE_REGISTRATION_STATE on channel 0
07-29 14:50:25.248 D/use-Rlog/RLOG-RIL{0}( 9096): b89adee8 onHandleRequest:[-1639824992] VOICE_REGISTRATION_STATE
07-29 14:50:25.251 D/RILJ    ( 3704): [8656]< VOICE_REGISTRATION_STATE {10, null, null, 16}
07-29 14:50:25.252 D/RILJ    ( 3704): [8657]> QUERY_NETWORK_SELECTION_MODE
07-29 14:50:25.277 D/use-Rlog/RLOG-RIL{0}( 9096): b89ad420 onRequest:[-1639824991] QUERY_NETWORK_SELECTION_MODE
07-29 14:50:25.277 I/use-Rlog/RLOG-RIL{0}( 9096): sending request QUERY_NETWORK_SELECTION_MODE on channel 0
07-29 14:50:25.277 D/use-Rlog/RLOG-RIL{0}( 9096): b89adee8 onHandleRequest:[-1639824991] QUERY_NETWORK_SELECTION_MODE
07-29 14:50:25.277 D/use-Rlog/RLOG-RIL{0}( 9096): Providing cached network selection details
07-29 14:50:25.277 D/PHONE   ( 3704): [ServiceState] setDataRegState=1
07-29 14:50:25.278 D/PHONE   ( 3704): [ServiceState] setDataRadioTechnology=0
07-29 14:50:25.278 D/GsmSST  ( 3704): [GsmSST] handlPollStateResultMessage: GsmSST setDataRegState=1 regState=0 dataRadioTechnology=0
07-29 14:50:25.278 D/PHONE   ( 3704): [ServiceState] setVoiceRegState=1
07-29 14:50:25.278 E/PHONE   ( 3704): [ServiceState] setState deprecated use setVoiceRegState()
07-29 14:50:25.278 D/RILJ    ( 3704): [8657]< QUERY_NETWORK_SELECTION_MODE {1}
07-29 14:50:25.286 D/GsmSST  ( 3704): [GsmSST] Poll ServiceState done:  oldSS=[0 1 home 00101 00101 00101 (manual) GSM Unknown CSS not supported -1 -1 RoamInd=-1 DefRoamInd=-1 EmergOnly=false] newSS=[1 1 home null null null (manual) GSM Unknown CSS not supported -1 -1 RoamInd=-1 DefRoamInd=-1 EmergOnly=true] oldMaxDataCalls=2 mNewMaxDataCalls=2 oldReasonDataDenied=-1 mNewReasonDataDenied=-1
07-29 14:50:25.287 D/PHONE   ( 3704): [ServiceState] setNullState=1
07-29 14:50:25.287 D/GsmSST  ( 3704): [GsmSST] updateSpnDisplay: radio is on but out of service, set plmn='Emergency calls only'
07-29 14:50:25.287 D/GsmSST  ( 3704): [GsmSST] updateSpnDisplay: changed sending intent rule=2 showPlmn='true' plmn='Emergency calls only' showSpn='false' spn=''
07-29 14:50:25.321 D/GsmSST  ( 3704): [GsmSST] operatorNumeric is null
07-29 14:50:25.335 D/GsmSST  ( 3704): [GsmSST] SST.getAllCellInfo(): not implemented
07-29 14:50:25.335 D/GsmSST  ( 3704): [GsmSST] SST.getAllCellInfo(): X size=0 list=null
07-29 14:50:25.335 D/GsmSST  ( 3704): [GsmSST] getCellLocation(): X empty mCellLoc and CellInfo mCellLoc=[-1,-1,-1]
07-29 14:50:44.668 D/use-Rlog/RLOG-RIL AT{0}( 9096): AT(18)< +CREG: 2
07-29 14:50:44.669 D/use-Rlog/RLOG-RIL{0}( 9096): Kernel time: [15776.330281]
07-29 14:50:44.669 D/use-Rlog/RLOG-RIL{0}( 9096): b89ae710 onUnsolicited: +CREG: 2 null
07-29 14:50:44.670 D/use-Rlog/RLOG-RIL{0}( 9096): b89adee8 onHandleUnsolicited: +CREG: 2 null
07-29 14:50:44.673 D/RILJ    ( 3704): [UNSL]< UNSOL_RESPONSE_VOICE_NETWORK_STATE_CHANGED
07-29 14:50:44.679 D/RILJ    ( 3704): [8658]> OPERATOR
07-29 14:50:44.714 D/RILJ    ( 3704): [8659]> DATA_REGISTRATION_STATE
07-29 14:50:44.722 D/use-Rlog/RLOG-RIL{0}( 9096): b89ad420 onRequest:[-1639824990] OPERATOR
07-29 14:50:44.722 I/use-Rlog/RLOG-RIL{0}( 9096): sending request OPERATOR on channel 0
07-29 14:50:44.723 D/use-Rlog/RLOG-RIL{0}( 9096): b89adee8 onHandleRequest:[-1639824990] OPERATOR
07-29 14:50:44.724 D/use-Rlog/RLOG-RIL AT{0}( 9096): AT(18)> AT+COPS=3,0;+COPS?;+COPS=3,1;+COPS?;+COPS=3,2;+COPS?
07-29 14:50:44.727 D/use-Rlog/RLOG-RIL AT{0}( 9096): AT(18)< +COPS: 1
07-29 14:50:44.727 D/use-Rlog/RLOG-RIL AT{0}( 9096): AT(18)< +COPS: 1
07-29 14:50:44.727 D/use-Rlog/RLOG-RIL AT{0}( 9096): AT(18)< +COPS: 1
07-29 14:50:44.727 D/use-Rlog/RLOG-RIL AT{0}( 9096): AT(18)< OK
07-29 14:50:44.738 D/RILJ    ( 3704): [8658]< OPERATOR {null, null, null}
07-29 14:50:44.751 D/use-Rlog/RLOG-RIL{0}( 9096): b89ad420 onRequest:[-1639824989] DATA_REGISTRATION_STATE
07-29 14:50:44.751 I/use-Rlog/RLOG-RIL{0}( 9096): sending request DATA_REGISTRATION_STATE on channel 0
07-29 14:50:44.751 D/use-Rlog/RLOG-RIL{0}( 9096): b89adee8 onHandleRequest:[-1639824989] DATA_REGISTRATION_STATE
07-29 14:50:44.754 D/RILJ    ( 3704): [8659]< DATA_REGISTRATION_STATE {0, null, null, 0, null, 2}
07-29 14:50:44.757 D/RILJ    ( 3704): [8660]> VOICE_REGISTRATION_STATE
07-29 14:50:44.775 D/use-Rlog/RLOG-RIL{0}( 9096): b89ad420 onRequest:[-1639824988] VOICE_REGISTRATION_STATE
07-29 14:50:44.775 I/use-Rlog/RLOG-RIL{0}( 9096): sending request VOICE_REGISTRATION_STATE on channel 0
07-29 14:50:44.776 D/use-Rlog/RLOG-RIL{0}( 9096): b89adee8 onHandleRequest:[-1639824988] VOICE_REGISTRATION_STATE
07-29 14:50:44.781 D/RILJ    ( 3704): [8660]< VOICE_REGISTRATION_STATE {12, null, null, 16}
07-29 14:50:44.782 D/RILJ    ( 3704): [8661]> QUERY_NETWORK_SELECTION_MODE
07-29 14:50:44.803 D/use-Rlog/RLOG-RIL{0}( 9096): b89ad420 onRequest:[-1639824987] QUERY_NETWORK_SELECTION_MODE
07-29 14:50:44.803 I/use-Rlog/RLOG-RIL{0}( 9096): sending request QUERY_NETWORK_SELECTION_MODE on channel 0
07-29 14:50:44.804 D/use-Rlog/RLOG-RIL{0}( 9096): b89adee8 onHandleRequest:[-1639824987] QUERY_NETWORK_SELECTION_MODE
07-29 14:50:44.804 D/use-Rlog/RLOG-RIL{0}( 9096): Providing cached network selection details
07-29 14:50:44.808 D/RILJ    ( 3704): [8661]< QUERY_NETWORK_SELECTION_MODE {1}
07-29 14:50:44.810 D/PHONE   ( 3704): [ServiceState] setDataRegState=1
07-29 14:50:44.810 D/PHONE   ( 3704): [ServiceState] setDataRadioTechnology=0
07-29 14:50:44.810 D/GsmSST  ( 3704): [GsmSST] handlPollStateResultMessage: GsmSST setDataRegState=1 regState=0 dataRadioTechnology=0
07-29 14:50:44.811 D/PHONE   ( 3704): [ServiceState] setVoiceRegState=1
07-29 14:50:44.811 E/PHONE   ( 3704): [ServiceState] setState deprecated use setVoiceRegState()
07-29 14:50:44.814 D/GsmSST  ( 3704): [GsmSST] Poll ServiceState done:  oldSS=[1 1 home null null null (manual) GSM Unknown CSS not supported -1 -1 RoamInd=-1 DefRoamInd=-1 EmergOnly=true] newSS=[1 1 home null null null (manual) GSM Unknown CSS not supported -1 -1 RoamInd=-1 DefRoamInd=-1 EmergOnly=true] oldMaxDataCalls=2 mNewMaxDataCalls=2 oldReasonDataDenied=-1 mNewReasonDataDenied=-1
07-29 14:50:44.814 D/PHONE   ( 3704): [ServiceState] setNullState=1
07-29 14:50:55.421 D/use-Rlog/RLOG-RIL{0}( 9096): doRamLogging: /system/bin/icera_log_serial_arm -d /dev/log_modem -e /data/rfs/data/debug/logging_102_20150729_145024/tracegen_20150729_145024.ix
07-29 14:50:58.224 D/use-Rlog/RLOG-RIL AT{0}( 9096): AT(18)< +CREG: 1
07-29 14:50:58.225 D/use-Rlog/RLOG-RIL{0}( 9096): Kernel time: [15789.886032]
07-29 14:50:58.225 D/use-Rlog/RLOG-RIL{0}( 9096): b89ae710 onUnsolicited: +CREG: 1 null
07-29 14:50:58.225 D/use-Rlog/RLOG-RIL{0}( 9096): b89adee8 onHandleUnsolicited: +CREG: 1 null
07-29 14:50:58.225 D/RILJ    ( 3704): [UNSL]< UNSOL_RESPONSE_VOICE_NETWORK_STATE_CHANGED
07-29 14:50:58.226 D/RILJ    ( 3704): [8662]> OPERATOR
07-29 14:50:58.227 D/use-Rlog/RLOG-RIL AT{0}( 9096): AT(18)< +CGREG: 2
07-29 14:50:58.227 D/use-Rlog/RLOG-RIL{0}( 9096): Kernel time: [15789.888718]
07-29 14:50:58.227 D/use-Rlog/RLOG-RIL{0}( 9096): b89ae710 onUnsolicited: +CGREG: 2 null
07-29 14:50:58.228 D/RILJ    ( 3704): [8663]> DATA_REGISTRATION_STATE
07-29 14:50:58.228 D/use-Rlog/RLOG-RIL{0}( 9096): b89adee8 onHandleUnsolicited: +CGREG: 2 null
07-29 14:50:58.233 D/use-Rlog/RLOG-RIL{0}( 9096): b89ad420 onRequest:[-1639824986] OPERATOR
07-29 14:50:58.233 I/use-Rlog/RLOG-RIL{0}( 9096): sending request OPERATOR on channel 0
07-29 14:50:58.233 D/use-Rlog/RLOG-RIL{0}( 9096): b89adee8 onHandleRequest:[-1639824986] OPERATOR
07-29 14:50:58.233 D/use-Rlog/RLOG-RIL AT{0}( 9096): AT(18)> AT+COPS=3,0;+COPS?;+COPS=3,1;+COPS?;+COPS=3,2;+COPS?
07-29 14:50:58.234 D/use-Rlog/RLOG-RIL AT{0}( 9096): AT(18)< +COPS: 1,0,"vodafone NL",0
07-29 14:50:58.235 D/use-Rlog/RLOG-RIL AT{0}( 9096): AT(18)< +COPS: 1,1,"voda NL",0
07-29 14:50:58.235 D/RILJ    ( 3704): [8664]> VOICE_REGISTRATION_STATE
07-29 14:50:58.235 D/use-Rlog/RLOG-RIL AT{0}( 9096): AT(18)< +COPS: 1,2,"20404",0
07-29 14:50:58.235 D/use-Rlog/RLOG-RIL AT{0}( 9096): AT(18)< OK
07-29 14:50:58.237 D/use-Rlog/RLOG-RIL{0}( 9096): b89ad420 onRequest:[-1639824985] DATA_REGISTRATION_STATE
07-29 14:50:58.237 I/use-Rlog/RLOG-RIL{0}( 9096): sending request DATA_REGISTRATION_STATE on channel 0
07-29 14:50:58.237 D/use-Rlog/RLOG-RIL{0}( 9096): b89adee8 onHandleRequest:[-1639824985] DATA_REGISTRATION_STATE
07-29 14:50:58.238 D/RILJ    ( 3704): [8662]< OPERATOR {vodafone NL, voda NL, 20404}
07-29 14:50:58.240 D/RILJ    ( 3704): [8665]> QUERY_NETWORK_SELECTION_MODE
07-29 14:50:58.243 D/use-Rlog/RLOG-RIL{0}( 9096): b89ad420 onRequest:[-1639824984] VOICE_REGISTRATION_STATE
07-29 14:50:58.243 I/use-Rlog/RLOG-RIL{0}( 9096): sending request VOICE_REGISTRATION_STATE on channel 0
07-29 14:50:58.243 D/use-Rlog/RLOG-RIL{0}( 9096): b89adee8 onHandleRequest:[-1639824984] VOICE_REGISTRATION_STATE
07-29 14:50:58.244 D/RILJ    ( 3704): [8663]< DATA_REGISTRATION_STATE {2, null, null, 0, null, 2}
07-29 14:50:58.245 D/RILJ    ( 3704): [8664]< VOICE_REGISTRATION_STATE {1, null, null, 16}
07-29 14:50:58.245 D/use-Rlog/RLOG-RIL{0}( 9096): b89ad420 onRequest:[-1639824983] QUERY_NETWORK_SELECTION_MODE
07-29 14:50:58.245 I/use-Rlog/RLOG-RIL{0}( 9096): sending request QUERY_NETWORK_SELECTION_MODE on channel 0
07-29 14:50:58.245 D/use-Rlog/RLOG-RIL{0}( 9096): b89adee8 onHandleRequest:[-1639824983] QUERY_NETWORK_SELECTION_MODE
07-29 14:50:58.245 D/use-Rlog/RLOG-RIL{0}( 9096): Providing cached network selection details
07-29 14:50:58.248 D/RILJ    ( 3704): [8665]< QUERY_NETWORK_SELECTION_MODE {1}
07-29 14:50:58.249 D/PHONE   ( 3704): [ServiceState] setDataRegState=1
07-29 14:50:58.249 D/PHONE   ( 3704): [ServiceState] setDataRadioTechnology=0
07-29 14:50:58.249 D/GsmSST  ( 3704): [GsmSST] handlPollStateResultMessage: GsmSST setDataRegState=1 regState=2 dataRadioTechnology=0
07-29 14:50:58.250 D/PHONE   ( 3704): [ServiceState] setVoiceRegState=0
07-29 14:50:58.250 E/PHONE   ( 3704): [ServiceState] setState deprecated use setVoiceRegState()
07-29 14:50:58.250 D/GsmSST  ( 3704): [GsmSST] Poll ServiceState done:  oldSS=[1 1 home null null null (manual) GSM Unknown CSS not supported -1 -1 RoamInd=-1 DefRoamInd=-1 EmergOnly=true] newSS=[0 1 home vodafone NL voda NL 20404 (manual) GSM Unknown CSS not supported -1 -1 RoamInd=-1 DefRoamInd=-1 EmergOnly=false] oldMaxDataCalls=2 mNewMaxDataCalls=2 oldReasonDataDenied=-1 mNewReasonDataDenied=-1
07-29 14:50:58.250 D/PHONE   ( 3704): [ServiceState] setNullState=1
07-29 14:50:58.250 D/GsmSST  ( 3704): [GsmSST] pollStateDone: registering current mNitzUpdatedTime=false changing to false
07-29 14:50:58.251 D/GsmSST  ( 3704): [GsmSST] updateSpnDisplay: changed sending intent rule=2 showPlmn='true' plmn='vodafone NL' showSpn='false' spn=''
07-29 14:50:58.263 D/GsmSST  ( 3704): [GsmSST] shouldFixTimeZoneNow: retVal=true iccCardExist=true operatorNumeric=20404 mcc=204 prevOperatorNumeric= prevMcc=205 needToFixTimeZone=false ltod=07-29 14:50:58.263
07-29 14:50:58.264 D/GsmSST  ( 3704): [GsmSST] pollStateDone: fix time zone zoneName='Europe/Amsterdam' mZoneOffset=-25200000 mZoneDst=false iso-cc='nl' iso-cc-idx=-16
07-29 14:50:58.264 D/GsmSST  ( 3704): [GsmSST] pollStateDone: using getTimeZone(off, dst, time, iso)
07-29 14:50:58.264 D/GsmSST  ( 3704): [GsmSST] pollStateDone: zone == null
07-29 14:50:58.950 D/use-Rlog/RLOG-RIL AT{0}( 9096): AT(18)< %IPSRB: 1
07-29 14:50:58.950 D/use-Rlog/RLOG-RIL{0}( 9096): Kernel time: [15790.612313]
07-29 14:50:58.950 D/use-Rlog/RLOG-RIL{0}( 9096): b89ae710 onUnsolicited: %IPSRB: 1 null
07-29 14:50:58.950 D/use-Rlog/RLOG-RIL{0}( 9096): b89adee8 onHandleUnsolicited: %IPSRB: 1 null
07-29 14:51:00.481 D/use-Rlog/RLOG-RIL AT{0}( 9096): AT(18)< +CGREG: 1
07-29 14:51:00.481 D/use-Rlog/RLOG-RIL{0}( 9096): Kernel time: [15792.142467]
07-29 14:51:00.481 D/use-Rlog/RLOG-RIL{0}( 9096): b89ae710 onUnsolicited: +CGREG: 1 null
07-29 14:51:00.481 D/use-Rlog/RLOG-RIL{0}( 9096): b89adee8 onHandleUnsolicited: +CGREG: 1 null
07-29 14:51:00.484 D/RILJ    ( 3704): [UNSL]< UNSOL_RESPONSE_VOICE_NETWORK_STATE_CHANGED
07-29 14:51:00.486 D/RILJ    ( 3704): [8666]> OPERATOR
07-29 14:51:00.513 D/use-Rlog/RLOG-RIL{0}( 9096): b89ad420 onRequest:[-1639824982] OPERATOR
07-29 14:51:00.513 I/use-Rlog/RLOG-RIL{0}( 9096): sending request OPERATOR on channel 0
07-29 14:51:00.514 D/use-Rlog/RLOG-RIL{0}( 9096): b89adee8 onHandleRequest:[-1639824982] OPERATOR
07-29 14:51:00.514 D/use-Rlog/RLOG-RIL AT{0}( 9096): AT(18)> AT+COPS=3,0;+COPS?;+COPS=3,1;+COPS?;+COPS=3,2;+COPS?
07-29 14:51:00.515 D/use-Rlog/RLOG-RIL AT{0}( 9096): AT(18)< +COPS: 1,0,"vodafone NL",0
07-29 14:51:00.516 D/use-Rlog/RLOG-RIL AT{0}( 9096): AT(18)< +COPS: 1,1,"voda NL",0
07-29 14:51:00.516 D/use-Rlog/RLOG-RIL AT{0}( 9096): AT(18)< +COPS: 1,2,"20404",0
07-29 14:51:00.516 D/use-Rlog/RLOG-RIL AT{0}( 9096): AT(18)< OK
07-29 14:51:00.518 D/RILJ    ( 3704): [8666]< OPERATOR {vodafone NL, voda NL, 20404}
07-29 14:51:00.524 D/RILJ    ( 3704): [8667]> DATA_REGISTRATION_STATE
07-29 14:51:00.553 D/use-Rlog/RLOG-RIL{0}( 9096): b89ad420 onRequest:[-1639824981] DATA_REGISTRATION_STATE
07-29 14:51:00.553 I/use-Rlog/RLOG-RIL{0}( 9096): sending request DATA_REGISTRATION_STATE on channel 0
07-29 14:51:00.553 D/use-Rlog/RLOG-RIL{0}( 9096): b89adee8 onHandleRequest:[-1639824981] DATA_REGISTRATION_STATE
07-29 14:51:00.555 D/RILJ    ( 3704): [8668]> VOICE_REGISTRATION_STATE
07-29 14:51:00.558 D/RILJ    ( 3704): [8667]< DATA_REGISTRATION_STATE {1, null, null, 0, null, 2}
07-29 14:51:00.562 D/use-Rlog/RLOG-RIL{0}( 9096): b89ad420 onRequest:[-1639824980] VOICE_REGISTRATION_STATE
07-29 14:51:00.562 I/use-Rlog/RLOG-RIL{0}( 9096): sending request VOICE_REGISTRATION_STATE on channel 0
07-29 14:51:00.563 D/use-Rlog/RLOG-RIL{0}( 9096): b89adee8 onHandleRequest:[-1639824980] VOICE_REGISTRATION_STATE
07-29 14:51:00.564 D/RILJ    ( 3704): [8668]< VOICE_REGISTRATION_STATE {1, null, null, 16}
07-29 14:51:00.565 D/RILJ    ( 3704): [8669]> QUERY_NETWORK_SELECTION_MODE
07-29 14:51:00.574 D/use-Rlog/RLOG-RIL{0}( 9096): b89ad420 onRequest:[-1639824979] QUERY_NETWORK_SELECTION_MODE
07-29 14:51:00.574 I/use-Rlog/RLOG-RIL{0}( 9096): sending request QUERY_NETWORK_SELECTION_MODE on channel 0
07-29 14:51:00.574 D/use-Rlog/RLOG-RIL{0}( 9096): b89adee8 onHandleRequest:[-1639824979] QUERY_NETWORK_SELECTION_MODE
07-29 14:51:00.574 D/use-Rlog/RLOG-RIL{0}( 9096): Providing cached network selection details
07-29 14:51:00.575 D/RILJ    ( 3704): [8669]< QUERY_NETWORK_SELECTION_MODE {1}
07-29 14:51:00.576 D/PHONE   ( 3704): [ServiceState] setDataRegState=0
07-29 14:51:00.576 D/PHONE   ( 3704): [ServiceState] setDataRadioTechnology=0
07-29 14:51:00.577 D/GsmSST  ( 3704): [GsmSST] handlPollStateResultMessage: GsmSST setDataRegState=0 regState=1 dataRadioTechnology=0
07-29 14:51:00.577 D/PHONE   ( 3704): [ServiceState] setVoiceRegState=0
07-29 14:51:00.577 E/PHONE   ( 3704): [ServiceState] setState deprecated use setVoiceRegState()
07-29 14:51:00.578 D/GsmSST  ( 3704): [GsmSST] Poll ServiceState done:  oldSS=[0 1 home vodafone NL voda NL 20404 (manual) GSM Unknown CSS not supported -1 -1 RoamInd=-1 DefRoamInd=-1 EmergOnly=false] newSS=[0 0 home vodafone NL voda NL 20404 (manual) GSM Unknown CSS not supported -1 -1 RoamInd=-1 DefRoamInd=-1 EmergOnly=false] oldMaxDataCalls=2 mNewMaxDataCalls=2 oldReasonDataDenied=-1 mNewReasonDataDenied=-1
07-29 14:51:00.579 D/PHONE   ( 3704): [ServiceState] setNullState=1
07-29 14:51:00.591 D/GsmSST  ( 3704): [GsmSST] shouldFixTimeZoneNow: retVal=false iccCardExist=true operatorNumeric=20404 mcc=204 prevOperatorNumeric=20404 prevMcc=204 needToFixTimeZone=false ltod=07-29 14:51:00.589
07-29 14:51:00.620 D/GsmSST  ( 3704): [GsmSST] notifyDataRegStateRilRadioTechnologyChanged: drs=0 rat=0
07-29 14:51:00.625 D/DCT     ( 3704): get all active apn types
07-29 14:51:00.627 D/DCT     ( 3704): handleMessage msg={ when=-8ms what=270352 obj=android.os.AsyncResult@41ad9380 target=com.android.internal.telephony.dataconnection.DcTracker }
07-29 14:51:00.627 D/DCT     ( 3704): onDataConnectionAttached
07-29 14:51:00.628 D/DCT     ( 3704): overall state is IDLE
07-29 14:51:00.628 D/DCT     ( 3704): [ApnContext:dun] getApnSetting: apnSetting=null
07-29 14:51:00.647 D/DCT     ( 3704): [ApnContext:supl] getApnSetting: apnSetting=null
07-29 14:51:00.665 D/DCT     ( 3704): [ApnContext:hipri] getApnSetting: apnSetting=null
07-29 14:51:00.682 D/DCT     ( 3704): [ApnContext:mms] getApnSetting: apnSetting=null
07-29 14:51:00.698 D/DCT     ( 3704): setupDataOnConnectableApns: dataAttached
07-29 14:51:00.699 D/DCT     ( 3704): setupDataOnConnectableApns: apnContext {mApnType=hipri mState=IDLE mWaitingApns={null} mWaitingApnsPermanentFailureCountDown=0 mApnSetting={null} mReason=radioTurnedOff mDataEnabled=false mDependencyMet=true}
07-29 14:51:00.699 D/DCT     ( 3704): setupDataOnConnectableApns: apnContext {mApnType=mms mState=IDLE mWaitingApns={null} mWaitingApnsPermanentFailureCountDown=0 mApnSetting={null} mReason=radioTurnedOff mDataEnabled=false mDependencyMet=true}
07-29 14:51:00.699 D/DCT     ( 3704): setupDataOnConnectableApns: apnContext {mApnType=supl mState=IDLE mWaitingApns={null} mWaitingApnsPermanentFailureCountDown=0 mApnSetting={null} mReason=radioTurnedOff mDataEnabled=false mDependencyMet=true}
07-29 14:51:00.699 D/DCT     ( 3704): setupDataOnConnectableApns: apnContext {mApnType=default mState=IDLE mWaitingApns={null} mWaitingApnsPermanentFailureCountDown=0 mApnSetting={null} mReason=simLoaded mDataEnabled=true mDependencyMet=true}
07-29 14:51:00.699 D/DCT     ( 3704): setupDataOnConnectableApns: isConnectable() call trySetupData
07-29 14:51:00.699 D/DCT     ( 3704): trySetupData for type:default due to dataAttached apnContext={mApnType=default mState=IDLE mWaitingApns={null} mWaitingApnsPermanentFailureCountDown=0 mApnSetting={null} mReason=dataAttached mDataEnabled=true mDependencyMet=true}
07-29 14:51:00.700 D/DCT     ( 3704): trySetupData with mIsPsRestricted=false
07-29 14:51:00.700 D/DCT     ( 3704): [ApnContext:dun] getApnSetting: apnSetting=null
07-29 14:51:00.716 D/DCT     ( 3704): [ApnContext:supl] getApnSetting: apnSetting=null
07-29 14:51:00.717 D/use-Rlog/RLOG-RIL AT{0}( 9096): AT(18)< *TLTS: "15/07/29,12:51:00+08,01"
07-29 14:51:00.717 D/use-Rlog/RLOG-RIL{0}( 9096): Kernel time: [15792.378567]
07-29 14:51:00.717 D/use-Rlog/RLOG-RIL{0}( 9096): b89ae710 onUnsolicited: *TLTS: "15/07/29,12:51:00+08,01" null
07-29 14:51:00.717 D/use-Rlog/RLOG-RIL{0}( 9096): b89adee8 onHandleUnsolicited: *TLTS: "15/07/29,12:51:00+08,01" null
07-29 14:51:00.720 D/RILJ    ( 3704): [UNSL]< UNSOL_NITZ_TIME_RECEIVED 15/07/29,12:51:00+08,01
07-29 14:51:00.732 D/DCT     ( 3704): [ApnContext:hipri] getApnSetting: apnSetting=null
07-29 14:51:00.744 D/DCT     ( 3704): [ApnContext:mms] getApnSetting: apnSetting=null
07-29 14:51:00.755 D/DCT     ( 3704): trySetupData: X apnContext not 'ready' retValue=false
07-29 14:51:00.755 D/DCT     ( 3704): setupDataOnConnectableApns: apnContext {mApnType=dun mState=IDLE mWaitingApns={null} mWaitingApnsPermanentFailureCountDown=0 mApnSetting={null} mReason=radioTurnedOff mDataEnabled=false mDependencyMet=true}
07-29 14:51:00.758 D/GsmSST  ( 3704): [GsmSST] NITZ: 15/07/29,12:51:00+08,01,19082144 start=19082185 delay=41
07-29 14:51:00.763 D/GsmSST  ( 3704): [GsmSST] NITZ: Setting time of day to Wed Jul 29 14:51:00 CEST 2015 NITZ receive delay(ms): 45 gained(ms): -718 from 15/07/29,12:51:00+08,01
07-29 14:51:00.056 I/GsmSST  ( 3704): NITZ: after Setting time of day
07-29 14:51:00.763 D/GsmSST  ( 3704): [GsmSST] setAndBroadcastNetworkSetTime: time=1438174260045ms
07-29 14:51:01.001 D/use-Rlog/RLOG-RIL{0}( 9096): b89adee8 onHandleRequest:[-1] <unknown request>
07-29 14:51:02.612 D/use-Rlog/RLOG-RIL AT{0}( 9096): AT(18)< %IPSRB: 0
07-29 14:51:02.612 D/use-Rlog/RLOG-RIL{0}( 9096): Kernel time: [15794.993739]
07-29 14:51:02.612 D/use-Rlog/RLOG-RIL{0}( 9096): b89ae710 onUnsolicited: %IPSRB: 0 null
07-29 14:51:02.612 D/use-Rlog/RLOG-RIL{0}( 9096): b89adee8 onHandleUnsolicited: %IPSRB: 0 null
07-29 15:00:11.659 D/RILJ    ( 3704): [8670]> SCREEN_STATE: true
07-29 15:00:11.660 D/use-Rlog/RLOG-RIL{0}( 9096): b89ad420 onRequest:[-1639824978] SCREEN_STATE
07-29 15:00:11.660 I/use-Rlog/RLOG-RIL{0}( 9096): sending request SCREEN_STATE on channel 0
07-29 15:00:11.660 D/use-Rlog/RLOG-RIL{0}( 9096): b89adee8 onHandleRequest:[-1639824978] SCREEN_STATE
07-29 15:00:11.660 D/use-Rlog/RLOG-RIL{0}( 9096): Kernel time: [16344. 40809]
07-29 15:00:11.660 D/use-Rlog/RLOG-RIL AT{0}( 9096): AT(18)> AT*TUNSOL="SM",1
07-29 15:00:11.662 D/DCT     ( 3704): onReceive: action=android.intent.action.SCREEN_ON
07-29 15:00:11.662 D/DCT     ( 3704): stopNetStatPoll
07-29 15:00:11.662 D/DCT     ( 3704): overall state is IDLE
07-29 15:00:11.671 D/use-Rlog/RLOG-RIL AT{0}( 9096): AT(18)< OK
07-29 15:00:11.671 D/use-Rlog/RLOG-RIL AT{0}( 9096): AT(18)> AT%ICESQU=1,5,6,1,6,12,12,6
07-29 15:00:11.671 D/use-Rlog/RLOG-RIL AT{0}( 9096): AT(18)< OK
07-29 15:00:11.671 D/use-Rlog/RLOG-RIL AT{0}( 9096): AT(18)> AT+CESQ
07-29 15:00:11.672 D/use-Rlog/RLOG-RIL AT{0}( 9096): AT(18)< +CESQ: 53,0,255,255,255,255
07-29 15:00:11.672 D/use-Rlog/RLOG-RIL{0}( 9096): Kernel time: [16344. 52321]
07-29 15:00:11.672 D/use-Rlog/RLOG-RIL{0}( 9096): b89ae710 onUnsolicited: +CESQ: 53,0,255,255,255,255 null
07-29 15:00:11.672 D/use-Rlog/RLOG-RIL AT{0}( 9096): AT(18)< OK
07-29 15:00:11.672 D/use-Rlog/RLOG-RIL AT{0}( 9096): AT(18)> AT+CREG=2;+CGREG=2;+CEREG=2
07-29 15:00:11.673 D/use-Rlog/RLOG-RIL AT{0}( 9096): AT(18)< OK
07-29 15:00:11.673 D/use-Rlog/RLOG-RIL AT{0}( 9096): AT(18)> AT%NWSTATE=3
07-29 15:00:11.674 D/use-Rlog/RLOG-RIL AT{0}( 9096): AT(18)< %NWSTATE: 4,20404,2G-GPRS,-,0
07-29 15:00:11.674 D/use-Rlog/RLOG-RIL{0}( 9096): Kernel time: [16344. 54711]
07-29 15:00:11.674 D/use-Rlog/RLOG-RIL{0}( 9096): b89ae710 onUnsolicited: %NWSTATE: 4,20404,2G-GPRS,-,0 null
07-29 15:00:11.674 D/use-Rlog/RLOG-RIL AT{0}( 9096): AT(18)< OK
07-29 15:00:11.674 D/use-Rlog/RLOG-RIL AT{0}( 9096): AT(18)> AT%IFD=36
07-29 15:00:11.675 D/use-Rlog/RLOG-RIL AT{0}( 9096): AT(18)< OK
07-29 15:00:11.675 D/use-Rlog/RLOG-RIL AT{0}( 9096): AT(18)> AT%ISCREEN=1
07-29 15:00:11.676 D/use-Rlog/RLOG-RIL AT{0}( 9096): AT(18)< OK
07-29 15:00:11.676 D/use-Rlog/RLOG-RIL AT{0}( 9096): AT(18)> AT%IDRVSTAT
07-29 15:00:11.682 D/use-Rlog/RLOG-RIL AT{0}( 9096): AT(18)< {
07-29 15:00:11.682 D/use-Rlog/RLOG-RIL AT{0}( 9096): AT(18)<    'wakesch':{
07-29 15:00:11.682 D/use-Rlog/RLOG-RIL AT{0}( 9096): AT(18)<       'min_restore_time':[0,295,0,0,0,0,0,0,0,0,0,0,0,0,0,0],
07-29 15:00:11.682 D/use-Rlog/RLOG-RIL AT{0}( 9096): AT(18)<       'max_restore_time':[0,432,0,0,0,0,0,0,0,0,0,0,0,0,0,0],
07-29 15:00:11.682 D/use-Rlog/RLOG-RIL AT{0}( 9096): AT(18)<       'emc_wait_count':0
07-29 15:00:11.682 D/use-Rlog/RLOG-RIL AT{0}( 9096): AT(18)<    },
07-29 15:00:11.682 D/use-Rlog/RLOG-RIL AT{0}( 9096): AT(18)<    'cal32k':{
07-29 15:00:11.682 D/use-Rlog/RLOG-RIL AT{0}( 9096): AT(18)<       'low_res_freq_millihz':32768698,
07-29 15:00:11.682 D/use-Rlog/RLOG-RIL AT{0}( 9096): AT(18)<       'state_stats':[59,272,65012],
07-29 15:00:11.682 D/use-Rlog/RLOG-RIL AT{0}( 9096): AT(18)<       'cal_time':[0,26566,752,3890,10,807,232,52,84,5,2,11,51,138,162]
07-29 15:00:11.682 D/use-Rlog/RLOG-RIL AT{0}( 9096): AT(18)<    },
07-29 15:00:11.682 D/use-Rlog/RLOG-RIL AT{0}( 9096): AT(18)<    'IPM':{
07-29 15:00:11.682 D/use-Rlog/RLOG-RIL AT{0}( 9096): AT(18)<       'system_time':'0d5h16m18s',
07-29 15:00:11.682 D/use-Rlog/RLOG-RIL AT{0}( 9096): AT(18)<       'uptime':6975574,
07-29 15:00:11.682 D/use-Rlog/RLOG-RIL AT{0}( 9096): AT(18)<       'downtime':15077177,
07-29 15:00:11.682 D/use-Rlog/RLOG-RIL AT{0}( 9096): AT(18)<       'load_1000':316,
07-29 15:00:11.682 D/use-Rlog/RLOG-RIL AT{0}( 9096): AT(18)<       'idle_time_dist':[46134,3719,1195,5059,4426,5757,468,8,0,0],
07-29 15:00:11.682 D/use-Rlog/RLOG-RIL AT{0}( 9096): AT(18)<       'dxp0':{
07-29 15:00:11.682 D/use-Rlog/RLOG-RIL AT{0}( 9096): AT(18)<          'n_dmem_active':0,
07-29 15:00:11.682 D/use-Rlog/RLOG-RIL AT{0}( 9096): AT(18)<          'n_dxp_idle':6926883,
07-29 15:00:11.682 D/use-Rlog/RLOG-RIL AT{0}( 9096): AT(18)<          'n_soc_idle':0,
07-29 15:00:11.682 D/use-Rlog/RLOG-RIL AT{0}( 9096): AT(18)<          'n_power_off':32762
07-29 15:00:11.682 D/use-Rlog/RLOG-RIL AT{0}( 9096): AT(18)<       }
07-29 15:00:11.682 D/use-Rlog/RLOG-RIL AT{0}( 9096): AT(18)<    },
07-29 15:00:11.682 D/use-Rlog/RLOG-RIL AT{0}( 9096): AT(18)<    'shm':{
07-29 15:00:11.682 D/use-Rlog/RLOG-RIL AT{0}( 9096): AT(18)<       'queue':{
07-29 15:00:11.682 D/use-Rlog/RLOG-RIL AT{0}( 9096): AT(18)<          'put':11040,
07-29 15:00:11.682 D/use-Rlog/RLOG-RIL AT{0}( 9096): AT(18)<          'get':10020
07-29 15:00:11.682 D/use-Rlog/RLOG-RIL AT{0}( 9096): AT(18)<       },
07-29 15:00:11.682 D/use-Rlog/RLOG-RIL AT{0}( 9096): AT(18)<       'if':{
07-29 15:00:11.682 D/use-Rlog/RLOG-RIL AT{0}( 9096): AT(18)<          'sent':[182066,62678,2219,64,17168708,2332,2255,2186,2186,2186,2186,2186,2186,0,0,0,0,0,4220],
07-29 15:00:11.682 D/use-Rlog/RLOG-RIL AT{0}( 9096): AT(18)<          'received':[139819,20058,23,44,360,184,94,0,0,0,0,0,0,0,0,0,0,0,1792],
07-29 15:00:11.682 D/use-Rlog/RLOG-RIL AT{0}( 9096): AT(18)<          'given':[1325,1656,22,8,9974,33,29,18,18,18,18,18,18,0,0,0,0,0,64],
07-29 15:00:11.682 D/use-Rlog/RLOG-RIL AT{0}( 9096): AT(18)<          'taken':[1325,1655,22,8,9974,33,29,18,18,18,18,18,18,0,0,0,0,0,64]
07-29 15:00:11.682 D/use-Rlog/RLOG-RIL AT{0}( 9096): AT(18)<       },
07-29 15:00:11.682 D/use-Rlog/RLOG-RIL AT{0}( 9096): AT(18)<       'signal':{
07-29 15:00:11.682 D/use-Rlog/RLOG-RIL AT{0}( 9096): AT(18)<          'ul':8744,
07-29 15:00:11.682 D/use-Rlog/RLOG-RIL AT{0}( 9096): AT(18)<          'dl':9623
07-29 15:00:11.682 D/use-Rlog/RLOG-RIL AT{0}( 9096): AT(18)<       }
07-29 15:00:11.682 D/use-Rlog/RLOG-RIL AT{0}( 9096): AT(18)<    },
07-29 15:00:11.682 D/use-Rlog/RLOG-RIL AT{0}( 9096): AT(18)< }
07-29 15:00:11.682 D/use-Rlog/RLOG-RIL AT{0}( 9096): AT(18)< OK
07-29 15:00:11.682 D/use-Rlog/RLOG-RIL{0}( 9096): b89adee8 onHandleUnsolicited: +CESQ: 53,0,255,255,255,255 null
07-29 15:00:11.682 D/use-Rlog/RLOG-RIL{0}( 9096): b89adee8 onHandleUnsolicited: %NWSTATE: 4,20404,2G-GPRS,-,0 null
07-29 15:00:11.684 D/RILJ    ( 3704): [UNSL]< UNSOL_RESPONSE_VOICE_NETWORK_STATE_CHANGED
07-29 15:00:11.684 D/RILJ    ( 3704): [8670]< SCREEN_STATE 
07-29 15:00:11.684 D/RILJ    ( 3704): [8671]> OPERATOR
07-29 15:00:11.685 D/RILJ    ( 3704): [UNSL]< UNSOL_RESPONSE_VOICE_NETWORK_STATE_CHANGED
07-29 15:00:11.686 D/RILJ    ( 3704): [8672]> DATA_REGISTRATION_STATE
07-29 15:00:11.686 D/RILJ    ( 3704): [8673]> VOICE_REGISTRATION_STATE
07-29 15:00:11.687 D/use-Rlog/RLOG-RIL AT{0}( 9096): AT(18)< %ICESQU: 51,0,255,255,255,255
07-29 15:00:11.687 D/use-Rlog/RLOG-RIL{0}( 9096): Kernel time: [16344. 67093]
07-29 15:00:11.687 D/use-Rlog/RLOG-RIL{0}( 9096): b89ae710 onUnsolicited: %ICESQU: 51,0,255,255,255,255 null
07-29 15:00:11.687 D/use-Rlog/RLOG-RIL{0}( 9096): b89adee8 onHandleUnsolicited: %ICESQU: 51,0,255,255,255,255 null
07-29 15:00:11.687 D/RILJ    ( 3704): [8674]> QUERY_NETWORK_SELECTION_MODE
07-29 15:00:11.689 D/RILJ    ( 3704): [8675]> OPERATOR
07-29 15:00:11.690 D/RILJ    ( 3704): [8676]> DATA_REGISTRATION_STATE
07-29 15:00:11.691 D/use-Rlog/RLOG-RIL{0}( 9096): b89ad420 onRequest:[-1639824977] OPERATOR
07-29 15:00:11.691 I/use-Rlog/RLOG-RIL{0}( 9096): sending request OPERATOR on channel 0
07-29 15:00:11.691 D/use-Rlog/RLOG-RIL{0}( 9096): b89ad420 onRequest:[-1639824976] DATA_REGISTRATION_STATE
07-29 15:00:11.691 I/use-Rlog/RLOG-RIL{0}( 9096): sending request DATA_REGISTRATION_STATE on channel 0
07-29 15:00:11.691 D/use-Rlog/RLOG-RIL{0}( 9096): b89ad420 onRequest:[-1639824975] VOICE_REGISTRATION_STATE
07-29 15:00:11.691 I/use-Rlog/RLOG-RIL{0}( 9096): sending request VOICE_REGISTRATION_STATE on channel 0
07-29 15:00:11.691 D/use-Rlog/RLOG-RIL{0}( 9096): b89ad420 onRequest:[-1639824974] QUERY_NETWORK_SELECTION_MODE
07-29 15:00:11.691 I/use-Rlog/RLOG-RIL{0}( 9096): sending request QUERY_NETWORK_SELECTION_MODE on channel 0
07-29 15:00:11.691 D/use-Rlog/RLOG-RIL{0}( 9096): b89ad420 onRequest:[-1639824973] OPERATOR
07-29 15:00:11.691 I/use-Rlog/RLOG-RIL{0}( 9096): sending request OPERATOR on channel 0
07-29 15:00:11.692 D/use-Rlog/RLOG-RIL{0}( 9096): b89adee8 onHandleRequest:[-1639824977] OPERATOR
07-29 15:00:11.692 D/use-Rlog/RLOG-RIL{0}( 9096): Providing cached Operator details
07-29 15:00:11.692 D/use-Rlog/RLOG-RIL{0}( 9096): b89adee8 onHandleRequest:[-1639824976] DATA_REGISTRATION_STATE
07-29 15:00:11.692 D/use-Rlog/RLOG-RIL{0}( 9096): b89adee8 onHandleRequest:[-1639824975] VOICE_REGISTRATION_STATE
07-29 15:00:11.692 D/use-Rlog/RLOG-RIL{0}( 9096): b89adee8 onHandleRequest:[-1639824974] QUERY_NETWORK_SELECTION_MODE
07-29 15:00:11.692 D/use-Rlog/RLOG-RIL{0}( 9096): Providing cached network selection details
07-29 15:00:11.692 D/use-Rlog/RLOG-RIL{0}( 9096): b89adee8 onHandleRequest:[-1639824973] OPERATOR
07-29 15:00:11.692 D/use-Rlog/RLOG-RIL{0}( 9096): Providing cached Operator details
07-29 15:00:11.692 D/RILJ    ( 3704): [8671]< OPERATOR {vodafone NL, voda NL, 20404}
07-29 15:00:11.693 D/RILJ    ( 3704): [8672]< DATA_REGISTRATION_STATE {1, null, null, 1, null, 2}
07-29 15:00:11.693 D/RILJ    ( 3704): [8673]< VOICE_REGISTRATION_STATE {1, null, null, 1}
07-29 15:00:11.693 D/RILJ    ( 3704): [8674]< QUERY_NETWORK_SELECTION_MODE {1}
07-29 15:00:11.693 D/RILJ    ( 3704): [8675]< OPERATOR {vodafone NL, voda NL, 20404}
07-29 15:00:11.693 D/RILJ    ( 3704): [8677]> VOICE_REGISTRATION_STATE
07-29 15:00:11.693 D/use-Rlog/RLOG-RIL{0}( 9096): b89ad420 onRequest:[-1639824972] DATA_REGISTRATION_STATE
07-29 15:00:11.693 I/use-Rlog/RLOG-RIL{0}( 9096): sending request DATA_REGISTRATION_STATE on channel 0
07-29 15:00:11.693 D/use-Rlog/RLOG-RIL{0}( 9096): b89adee8 onHandleRequest:[-1639824972] DATA_REGISTRATION_STATE
07-29 15:00:11.694 D/RILJ    ( 3704): [8676]< DATA_REGISTRATION_STATE {1, null, null, 1, null, 2}
07-29 15:00:11.694 D/RILJ    ( 3704): [8678]> QUERY_NETWORK_SELECTION_MODE
07-29 15:00:11.694 D/use-Rlog/RLOG-RIL{0}( 9096): b89ad420 onRequest:[-1639824971] VOICE_REGISTRATION_STATE
07-29 15:00:11.694 I/use-Rlog/RLOG-RIL{0}( 9096): sending request VOICE_REGISTRATION_STATE on channel 0
07-29 15:00:11.694 D/use-Rlog/RLOG-RIL{0}( 9096): b89adee8 onHandleRequest:[-1639824971] VOICE_REGISTRATION_STATE
07-29 15:00:11.695 D/RILJ    ( 3704): [8677]< VOICE_REGISTRATION_STATE {1, null, null, 1}
07-29 15:00:11.695 D/use-Rlog/RLOG-RIL{0}( 9096): b89ad420 onRequest:[-1639824970] QUERY_NETWORK_SELECTION_MODE
07-29 15:00:11.695 I/use-Rlog/RLOG-RIL{0}( 9096): sending request QUERY_NETWORK_SELECTION_MODE on channel 0
07-29 15:00:11.695 D/use-Rlog/RLOG-RIL{0}( 9096): b89adee8 onHandleRequest:[-1639824970] QUERY_NETWORK_SELECTION_MODE
07-29 15:00:11.695 D/use-Rlog/RLOG-RIL{0}( 9096): Providing cached network selection details
07-29 15:00:11.696 D/PHONE   ( 3704): [ServiceState] setDataRegState=0
07-29 15:00:11.696 D/RILJ    ( 3704): [8678]< QUERY_NETWORK_SELECTION_MODE {1}
07-29 15:00:11.696 D/PHONE   ( 3704): [ServiceState] setDataRadioTechnology=1
07-29 15:00:11.696 D/GsmSST  ( 3704): [GsmSST] handlPollStateResultMessage: GsmSST setDataRegState=0 regState=1 dataRadioTechnology=1
07-29 15:00:11.697 D/PHONE   ( 3704): [ServiceState] setVoiceRegState=0
07-29 15:00:11.697 E/PHONE   ( 3704): [ServiceState] setState deprecated use setVoiceRegState()
07-29 15:00:11.697 D/GsmSST  ( 3704): [GsmSST] Poll ServiceState done:  oldSS=[0 0 home vodafone NL voda NL 20404 (manual) GSM Unknown CSS not supported -1 -1 RoamInd=-1 DefRoamInd=-1 EmergOnly=false] newSS=[0 0 home vodafone NL voda NL 20404 (manual) GPRS GPRS CSS not supported -1 -1 RoamInd=-1 DefRoamInd=-1 EmergOnly=false] oldMaxDataCalls=2 mNewMaxDataCalls=2 oldReasonDataDenied=-1 mNewReasonDataDenied=-1
07-29 15:00:11.697 D/GsmSST  ( 3704): [GsmSST] RAT switched GSM -> GPRS at cell -1
07-29 15:00:11.697 D/PHONE   ( 3704): [ServiceState] setNullState=1
07-29 15:00:11.697 D/PhoneProxy( 3704): [PhoneProxy] updatePhoneObject: radioTechnology=1
07-29 15:00:11.700 D/GsmSST  ( 3704): [GsmSST] shouldFixTimeZoneNow: retVal=true iccCardExist=true operatorNumeric=20404 mcc=204 prevOperatorNumeric=20404 prevMcc=204 needToFixTimeZone=true ltod=07-29 15:00:11.699
07-29 15:00:11.700 D/GsmSST  ( 3704): [GsmSST] pollStateDone: fix time zone zoneName='Europe/Amsterdam' mZoneOffset=7200000 mZoneDst=true iso-cc='nl' iso-cc-idx=-16
07-29 15:00:11.700 D/GsmSST  ( 3704): [GsmSST] pollStateDone: using getTimeZone(off, dst, time, iso)
07-29 15:00:11.700 D/GsmSST  ( 3704): [GsmSST] pollStateDone: zone != null zone.getID=Europe/Amsterdam
07-29 15:00:11.703 D/GsmSST  ( 3704): [GsmSST] notifyDataRegStateRilRadioTechnologyChanged: drs=0 rat=1
07-29 15:00:11.704 D/DCT     ( 3704): get all active apn types
07-29 15:00:11.704 D/DCT     ( 3704): [ApnContext:default] getApnSetting: apnSetting=null
07-29 15:00:11.708 D/PhoneProxy( 3704): [PhoneProxy] phoneObjectUpdater: newVoiceRadioTech=1
07-29 15:00:11.708 D/TelephonyManager( 3704): getLteOnCdmaMode=0 curVal=-1 product_type='' lteOnCdmaProductType=''
07-29 15:00:11.709 D/PhoneProxy( 3704): [PhoneProxy] phoneObjectUpdater: No change ignore, newVoiceRadioTech=1 mActivePhone=GSM
07-29 15:00:13.722 D/GsmSST  ( 3704): [GsmSST] Data disconnected, turn off radio right away.
07-29 15:00:13.722 D/RILJ    ( 3704): [8679]> RADIO_POWER off
07-29 15:00:13.723 D/DCT     ( 3704): handleMessage msg={ when=-1ms what=270365 obj=radioTurnedOff target=com.android.internal.telephony.dataconnection.DcTracker }
07-29 15:00:13.723 D/DCT     ( 3704): cleanUpAllConnections: tearDown=true reason=radioTurnedOff
07-29 15:00:13.723 D/DCT     ( 3704): cleanUpConnection: E tearDown=true reason=radioTurnedOff apnContext={mApnType=dun mState=IDLE mWaitingApns={null} mWaitingApnsPermanentFailureCountDown=0 mApnSetting={null} mReason=radioTurnedOff mDataEnabled=false mDependencyMet=true}
07-29 15:00:13.723 D/DCT     ( 3704): cleanUpConnection: X tearDown=true reason=radioTurnedOff apnContext={mApnType=dun mState=IDLE mWaitingApns={null} mWaitingApnsPermanentFailureCountDown=0 mApnSetting={null} mReason=radioTurnedOff mDataEnabled=false mDependencyMet=true} dcac=null
07-29 15:00:13.723 D/DCT     ( 3704): cleanUpConnection: E tearDown=true reason=radioTurnedOff apnContext={mApnType=supl mState=IDLE mWaitingApns={null} mWaitingApnsPermanentFailureCountDown=0 mApnSetting={null} mReason=radioTurnedOff mDataEnabled=false mDependencyMet=true}
07-29 15:00:13.723 D/DCT     ( 3704): cleanUpConnection: X tearDown=true reason=radioTurnedOff apnContext={mApnType=supl mState=IDLE mWaitingApns={null} mWaitingApnsPermanentFailureCountDown=0 mApnSetting={null} mReason=radioTurnedOff mDataEnabled=false mDependencyMet=true} dcac=null
07-29 15:00:13.723 D/DCT     ( 3704): cleanUpConnection: E tearDown=true reason=radioTurnedOff apnContext={mApnType=hipri mState=IDLE mWaitingApns={null} mWaitingApnsPermanentFailureCountDown=0 mApnSetting={null} mReason=radioTurnedOff mDataEnabled=false mDependencyMet=true}
07-29 15:00:13.723 D/DCT     ( 3704): cleanUpConnection: X tearDown=true reason=radioTurnedOff apnContext={mApnType=hipri mState=IDLE mWaitingApns={null} mWaitingApnsPermanentFailureCountDown=0 mApnSetting={null} mReason=radioTurnedOff mDataEnabled=false mDependencyMet=true} dcac=null
07-29 15:00:13.723 D/DCT     ( 3704): cleanUpConnection: E tearDown=true reason=radioTurnedOff apnContext={mApnType=default mState=IDLE mWaitingApns={null} mWaitingApnsPermanentFailureCountDown=0 mApnSetting={null} mReason=radioTurnedOff mDataEnabled=true mDependencyMet=true}
07-29 15:00:13.723 D/DCT     ( 3704): cleanUpConnection: X tearDown=true reason=radioTurnedOff apnContext={mApnType=default mState=IDLE mWaitingApns={null} mWaitingApnsPermanentFailureCountDown=0 mApnSetting={null} mReason=radioTurnedOff mDataEnabled=true mDependencyMet=true} dcac=null
07-29 15:00:13.723 D/DCT     ( 3704): cleanUpConnection: E tearDown=true reason=radioTurnedOff apnContext={mApnType=mms mState=IDLE mWaitingApns={null} mWaitingApnsPermanentFailureCountDown=0 mApnSetting={null} mReason=radioTurnedOff mDataEnabled=false mDependencyMet=true}
07-29 15:00:13.723 D/DCT     ( 3704): cleanUpConnection: X tearDown=true reason=radioTurnedOff apnContext={mApnType=mms mState=IDLE mWaitingApns={null} mWaitingApnsPermanentFailureCountDown=0 mApnSetting={null} mReason=radioTurnedOff mDataEnabled=false mDependencyMet=true} dcac=null
07-29 15:00:13.723 D/DCT     ( 3704): stopNetStatPoll
07-29 15:00:13.723 D/DCT     ( 3704): stopDataStallAlarm: current tag=23002 mDataStallAlarmIntent=null
07-29 15:00:13.724 D/use-Rlog/RLOG-RIL{0}( 9096): b89ad420 onRequest:[-1639824969] RADIO_POWER
07-29 15:00:13.724 I/use-Rlog/RLOG-RIL{0}( 9096): sending request RADIO_POWER on channel 0
07-29 15:00:13.724 D/use-Rlog/RLOG-RIL{0}( 9096): b89adee8 onHandleRequest:[-1639824969] RADIO_POWER
07-29 15:00:13.724 D/use-Rlog/RLOG-RIL AT{0}( 9096): AT(18)> AT+CUSATD=1,0
07-29 15:00:13.734 D/use-Rlog/RLOG-RIL AT{0}( 9096): AT(18)< OK
07-29 15:00:13.734 D/use-Rlog/RLOG-RIL AT{0}( 9096): AT(18)> AT+CFUN=0
07-29 15:00:13.735 D/use-Rlog/RLOG-RIL AT{0}( 9096): AT(18)< %NWSTATE: 4,20404,2G-GPRS,-,0
07-29 15:00:13.736 D/use-Rlog/RLOG-RIL{0}( 9096): Kernel time: [16346.115992]
07-29 15:00:13.736 D/use-Rlog/RLOG-RIL{0}( 9096): b89ae710 onUnsolicited: %NWSTATE: 4,20404,2G-GPRS,-,0 null
07-29 15:00:13.736 D/use-Rlog/RLOG-RIL AT{0}( 9096): AT(18)< %NWSTATE: 4,20404,2G-GPRS,-,0
07-29 15:00:13.736 D/use-Rlog/RLOG-RIL{0}( 9096): Kernel time: [16346.116075]
07-29 15:00:13.736 D/use-Rlog/RLOG-RIL{0}( 9096): b89ae710 onUnsolicited: %NWSTATE: 4,20404,2G-GPRS,-,0 null
07-29 15:00:13.736 D/use-Rlog/RLOG-RIL AT{0}( 9096): AT(18)< %NWSTATE: 4,20404,2G-GPRS,-,0
07-29 15:00:13.736 D/use-Rlog/RLOG-RIL{0}( 9096): Kernel time: [16346.116224]
07-29 15:00:13.736 D/use-Rlog/RLOG-RIL{0}( 9096): b89ae710 onUnsolicited: %NWSTATE: 4,20404,2G-GPRS,-,0 null
07-29 15:00:13.736 D/use-Rlog/RLOG-RIL AT{0}( 9096): AT(18)< %NWSTATE: 4,20404,2G-GPRS,-,0
07-29 15:00:13.736 D/use-Rlog/RLOG-RIL{0}( 9096): Kernel time: [16346.116366]
07-29 15:00:13.736 D/use-Rlog/RLOG-RIL{0}( 9096): b89ae710 onUnsolicited: %NWSTATE: 4,20404,2G-GPRS,-,0 null
07-29 15:00:13.736 D/use-Rlog/RLOG-RIL AT{0}( 9096): AT(18)< %NWSTATE: 4,20404,2G-GPRS,-,0
07-29 15:00:13.736 D/use-Rlog/RLOG-RIL{0}( 9096): Kernel time: [16346.116517]
07-29 15:00:13.736 D/use-Rlog/RLOG-RIL{0}( 9096): b89ae710 onUnsolicited: %NWSTATE: 4,20404,2G-GPRS,-,0 null
07-29 15:00:15.069 D/use-Rlog/RLOG-RIL AT{0}( 9096): AT(18)< %IPSRB: 1
07-29 15:00:15.069 D/use-Rlog/RLOG-RIL{0}( 9096): Kernel time: [16347.449189]
07-29 15:00:15.069 D/use-Rlog/RLOG-RIL{0}( 9096): b89ae710 onUnsolicited: %IPSRB: 1 null
07-29 15:00:15.371 D/use-Rlog/RLOG-RIL AT{0}( 9096): AT(18)< +CREG: 0
07-29 15:00:15.371 D/use-Rlog/RLOG-RIL{0}( 9096): Kernel time: [16347.751131]
07-29 15:00:15.371 D/use-Rlog/RLOG-RIL{0}( 9096): b89ae710 onUnsolicited: +CREG: 0 null
07-29 15:00:15.371 D/use-Rlog/RLOG-RIL AT{0}( 9096): AT(18)< %NWSTATE: 0,00000,0,-,0
07-29 15:00:15.371 D/use-Rlog/RLOG-RIL{0}( 9096): Kernel time: [16347.751244]
07-29 15:00:15.371 D/use-Rlog/RLOG-RIL{0}( 9096): b89ae710 onUnsolicited: %NWSTATE: 0,00000,0,-,0 null
07-29 15:00:15.371 D/use-Rlog/RLOG-RIL AT{0}( 9096): AT(18)< +CGEV: ME DETACH
07-29 15:00:15.371 D/use-Rlog/RLOG-RIL{0}( 9096): Kernel time: [16347.751632]
07-29 15:00:15.371 D/use-Rlog/RLOG-RIL{0}( 9096): b89ae710 onUnsolicited: +CGEV: ME DETACH null
07-29 15:00:15.371 D/use-Rlog/RLOG-RIL AT{0}( 9096): AT(18)< +CGREG: 0
07-29 15:00:15.371 D/use-Rlog/RLOG-RIL{0}( 9096): Kernel time: [16347.751917]
07-29 15:00:15.371 D/use-Rlog/RLOG-RIL{0}( 9096): b89ae710 onUnsolicited: +CGREG: 0 null
07-29 15:00:15.372 D/use-Rlog/RLOG-RIL AT{0}( 9096): AT(18)< %ISIMINIT: 1,0,1
07-29 15:00:15.372 D/use-Rlog/RLOG-RIL{0}( 9096): Kernel time: [16347.752217]
07-29 15:00:15.372 D/use-Rlog/RLOG-RIL{0}( 9096): b89ae710 onUnsolicited: %ISIMINIT: 1,0,1 null
07-29 15:00:15.372 D/use-Rlog/RLOG-RIL AT{0}( 9096): AT(18)< %ISIMINIT: 2,0,1
07-29 15:00:15.372 D/use-Rlog/RLOG-RIL{0}( 9096): Kernel time: [16347.752503]
07-29 15:00:15.372 D/use-Rlog/RLOG-RIL{0}( 9096): b89ae710 onUnsolicited: %ISIMINIT: 2,0,1 null
07-29 15:00:15.372 D/use-Rlog/RLOG-RIL AT{0}( 9096): AT(18)< %ISIMINIT: 2,0,0
07-29 15:00:15.372 D/use-Rlog/RLOG-RIL{0}( 9096): Kernel time: [16347.752690]
07-29 15:00:15.372 D/use-Rlog/RLOG-RIL{0}( 9096): b89ae710 onUnsolicited: %ISIMINIT: 2,0,0 null
07-29 15:00:15.390 D/use-Rlog/RLOG-RIL AT{0}( 9096): AT(18)< %ISIMINIT: 0,0,0
07-29 15:00:15.390 D/use-Rlog/RLOG-RIL{0}( 9096): Kernel time: [16347.770140]
07-29 15:00:15.390 D/use-Rlog/RLOG-RIL{0}( 9096): b89ae710 onUnsolicited: %ISIMINIT: 0,0,0 null
07-29 15:00:15.390 D/use-Rlog/RLOG-RIL AT{0}( 9096): AT(18)< OK
07-29 15:00:15.390 D/use-Rlog/RLOG-RIL{0}( 9096): b89adee8 onHandleUnsolicited: %NWSTATE: 4,20404,2G-GPRS,-,0 null
07-29 15:00:15.390 D/use-Rlog/RLOG-RIL{0}( 9096): b89adee8 onHandleUnsolicited: %NWSTATE: 4,20404,2G-GPRS,-,0 null
07-29 15:00:15.390 D/use-Rlog/RLOG-RIL{0}( 9096): b89adee8 onHandleUnsolicited: %NWSTATE: 4,20404,2G-GPRS,-,0 null
07-29 15:00:15.390 D/use-Rlog/RLOG-RIL{0}( 9096): b89adee8 onHandleUnsolicited: %NWSTATE: 4,20404,2G-GPRS,-,0 null
07-29 15:00:15.390 D/use-Rlog/RLOG-RIL{0}( 9096): b89adee8 onHandleUnsolicited: %NWSTATE: 4,20404,2G-GPRS,-,0 null
07-29 15:00:15.390 D/use-Rlog/RLOG-RIL{0}( 9096): b89adee8 onHandleUnsolicited: %IPSRB: 1 null
07-29 15:00:15.390 D/use-Rlog/RLOG-RIL{0}( 9096): b89adee8 onHandleUnsolicited: +CREG: 0 null
07-29 15:00:15.390 D/use-Rlog/RLOG-RIL{0}( 9096): b89adee8 onHandleUnsolicited: %NWSTATE: 0,00000,0,-,0 null
07-29 15:00:15.390 D/use-Rlog/RLOG-RIL{0}( 9096): b89adee8 onHandleUnsolicited: +CGEV: ME DETACH null
07-29 15:00:15.390 D/use-Rlog/RLOG-RIL{0}( 9096): Unsol not processed: +CGEV: ME DETACH
07-29 15:00:15.390 D/use-Rlog/RLOG-RIL{0}( 9096): b89adee8 onHandleUnsolicited: +CGREG: 0 null
07-29 15:00:15.390 D/use-Rlog/RLOG-RIL{0}( 9096): b89adee8 onHandleUnsolicited: %ISIMINIT: 1,0,1 null
07-29 15:00:15.390 D/use-Rlog/RLOG-RIL{0}( 9096): b89adee8 onHandleUnsolicited: %ISIMINIT: 2,0,1 null
07-29 15:00:15.390 D/use-Rlog/RLOG-RIL{0}( 9096): b89adee8 onHandleUnsolicited: %ISIMINIT: 2,0,0 null
07-29 15:00:15.390 D/use-Rlog/RLOG-RIL{0}( 9096): b89adee8 onHandleUnsolicited: %ISIMINIT: 0,0,0 null
07-29 15:00:15.390 D/use-Rlog/RLOG-RIL{0}( 9096): b89adee8 onHandleRequest:[-1] [INTERNAL]SIM_POLL
07-29 15:00:15.390 D/use-Rlog/RLOG-RIL{0}( 9096): b89adee8 onHandleRequest:[-1] [INTERNAL]SIM_POLL
07-29 15:00:15.390 D/use-Rlog/RLOG-RIL{0}( 9096): b89adee8 onHandleRequest:[-1] [INTERNAL]SIM_POLL
07-29 15:00:15.390 D/use-Rlog/RLOG-RIL{0}( 9096): b89adee8 onHandleRequest:[-1] [INTERNAL]UPDATE_SIM_LOADED
07-29 15:00:15.390 D/use-Rlog/RLOG-RIL AT{0}( 9096): AT(18)> AT+CGSMS=1
07-29 15:00:15.391 D/RILJ    ( 3704): [UNSL]< UNSOL_RESPONSE_SIM_STATUS_CHANGED
07-29 15:00:15.391 D/RILJ    ( 3704): [UNSL]< UNSOL_RESPONSE_RADIO_STATE_CHANGED RADIO_OFF
07-29 15:00:15.391 D/RILJ    ( 3704): [8679]< RADIO_POWER 
07-29 15:00:15.391 D/UiccController( 3704): Received EVENT_ICC_STATUS_CHANGED, calling getIccCardStatus
07-29 15:00:15.391 D/RILJ    ( 3704): [8680]> GET_SIM_STATUS
07-29 15:00:15.392 D/use-Rlog/RLOG-RIL AT{0}( 9096): AT(18)< ERROR
07-29 15:00:15.393 I/use-Rlog/RLOG-RIL{0}( 9096): checkAndAmendEmergencyNumbers
07-29 15:00:15.393 D/use-Rlog/RLOG-RIL AT{0}( 9096): AT(18)> AT+CPBS="EN"
07-29 15:00:15.393 D/RILJ    ( 3704): [UNSL]< UNSOL_RESPONSE_VOICE_NETWORK_STATE_CHANGED
07-29 15:00:15.393 D/RILJ    ( 3704): [UNSL]< UNSOL_RESPONSE_VOICE_NETWORK_STATE_CHANGED
07-29 15:00:15.393 V/RILJ    ( 3704): [UNSL]< UNSOL_OEM_HOOK_RAW 2b434745563a204d4520444554414348
07-29 15:00:15.393 D/RILJ    ( 3704): [UNSL]< UNSOL_RESPONSE_VOICE_NETWORK_STATE_CHANGED
07-29 15:00:15.393 D/RILJ    ( 3704): [UNSL]< UNSOL_RESPONSE_SIM_STATUS_CHANGED
07-29 15:00:15.393 D/RILJ    ( 3704): [UNSL]< UNSOL_RESPONSE_SIM_STATUS_CHANGED
07-29 15:00:15.393 D/RILJ    ( 3704): [UNSL]< UNSOL_RESPONSE_SIM_STATUS_CHANGED
07-29 15:00:15.393 D/RILJ    ( 3704): [UNSL]< UNSOL_RESPONSE_SIM_STATUS_CHANGED
07-29 15:00:15.394 D/PHONE   ( 3704): [ServiceState] setNullState=3
07-29 15:00:15.394 D/GsmSST  ( 3704): [GsmSST] Poll ServiceState done:  oldSS=[0 0 home vodafone NL voda NL 20404 (manual) GPRS GPRS CSS not supported -1 -1 RoamInd=-1 DefRoamInd=-1 EmergOnly=false] newSS=[3 3 home null null null  Unknown Unknown CSS not supported -1 -1 RoamInd=-1 DefRoamInd=-1 EmergOnly=false] oldMaxDataCalls=2 mNewMaxDataCalls=2 oldReasonDataDenied=-1 mNewReasonDataDenied=-1
07-29 15:00:15.394 D/use-Rlog/RLOG-RIL{0}( 9096): b89ad420 onRequest:[-1639824968] GET_SIM_STATUS
07-29 15:00:15.394 I/use-Rlog/RLOG-RIL{0}( 9096): sending request GET_SIM_STATUS on channel 0
07-29 15:00:15.394 D/GsmSST  ( 3704): [GsmSST] RAT switched GPRS -> Unknown at cell -1
07-29 15:00:15.394 D/PHONE   ( 3704): [ServiceState] setNullState=1
07-29 15:00:15.394 D/PhoneProxy( 3704): [PhoneProxy] updatePhoneObject: radioTechnology=0
07-29 15:00:15.395 D/use-Rlog/RLOG-RIL AT{0}( 9096): AT(18)< ERROR
07-29 15:00:15.395 D/use-Rlog/RLOG-RIL{0}( 9096): Emergency call list updated
07-29 15:00:15.395 D/use-Rlog/RLOG-RIL AT{0}( 9096): AT(18)> AT+CNAP=1
07-29 15:00:15.395 D/GsmSST  ( 3704): [GsmSST] updateSpnDisplay: radio is off w/ showPlmn=false plmn=null
