07-29 12:50:55.748 D/CAT     ( 3704): CatService: Return current sInstance
07-29 12:50:55.748 E/UiccCard( 3704): App index 8 is invalid since there are no applications
07-29 12:50:55.748 E/UiccCard( 3704): App index 8 is invalid since there are no applications
07-29 12:50:55.748 D/UiccCard( 3704): update: radioState=RADIO_OFF mLastRadioState=RADIO_OFF
07-29 12:50:55.748 D/UiccController( 3704): Notifying IccChangedRegistrants
07-29 12:50:55.748 D/DCT     ( 3704): handleMessage msg={ when=0 what=270369 obj=android.os.AsyncResult@41c67788 target=com.android.internal.telephony.dataconnection.DcTracker }
07-29 12:51:09.142 D/RILJ    ( 3704): [8440]> RADIO_POWER on
07-29 12:51:09.143 D/use-Rlog/RLOG-RIL{0}( 9096): b89ad420 onRequest:[-1639825208] RADIO_POWER
07-29 12:51:09.143 I/use-Rlog/RLOG-RIL{0}( 9096): sending request RADIO_POWER on channel 0
07-29 12:51:09.143 D/use-Rlog/RLOG-RIL{0}( 9096): b89adee8 onHandleRequest:[-1639825208] RADIO_POWER
07-29 12:51:09.143 D/use-Rlog/RLOG-RIL AT{0}( 9096): AT(18)> AT+CFUN=1
07-29 12:51:09.152 D/RILJ    ( 3704): [8441]> RIL_REQUEST_GSM_SET_BROADCAST_CONFIG with 2 configs : 
07-29 12:51:09.152 D/RILJ    ( 3704): SmsBroadcastConfigInfo: Id [4370,4379] Code [0,255] ENABLED
07-29 12:51:09.152 D/RILJ    ( 3704): SmsBroadcastConfigInfo: Id [4352,4354] Code [0,255] ENABLED
07-29 12:51:09.153 D/use-Rlog/RLOG-RIL{0}( 9096): b89ad420 onRequest:[-1639825207] GSM_SET_BROADCAST_SMS_CONFIG
07-29 12:51:09.153 I/use-Rlog/RLOG-RIL{0}( 9096): sending request GSM_SET_BROADCAST_SMS_CONFIG on channel 0
07-29 12:51:09.160 D/use-Rlog/RLOG-RIL AT{0}( 9096): AT(18)< OK
07-29 12:51:09.160 D/use-Rlog/RLOG-RIL AT{0}( 9096): AT(18)> AT+CPIN?
07-29 12:51:09.160 D/RILJ    ( 3704): [UNSL]< UNSOL_RESPONSE_SIM_STATUS_CHANGED
07-29 12:51:09.160 D/RILJ    ( 3704): [UNSL]< UNSOL_RESPONSE_RADIO_STATE_CHANGED RADIO_ON
07-29 12:51:09.160 D/UiccController( 3704): Received EVENT_ICC_STATUS_CHANGED, calling getIccCardStatus
07-29 12:51:09.160 D/RILJ    ( 3704): [8442]> GET_SIM_STATUS
07-29 12:51:09.161 D/RILJ    ( 3704): [8443]> OPERATOR
07-29 12:51:09.161 D/use-Rlog/RLOG-RIL{0}( 9096): b89ad420 onRequest:[-1639825206] GET_SIM_STATUS
07-29 12:51:09.161 I/use-Rlog/RLOG-RIL{0}( 9096): sending request GET_SIM_STATUS on channel 0
07-29 12:51:09.161 D/RILJ    ( 3704): [8444]> DATA_REGISTRATION_STATE
07-29 12:51:09.162 D/use-Rlog/RLOG-RIL{0}( 9096): b89ad420 onRequest:[-1639825205] OPERATOR
07-29 12:51:09.162 I/use-Rlog/RLOG-RIL{0}( 9096): sending request OPERATOR on channel 0
07-29 12:51:09.162 D/RILJ    ( 3704): [8445]> VOICE_REGISTRATION_STATE
07-29 12:51:09.162 D/use-Rlog/RLOG-RIL AT{0}( 9096): AT(18)< +CME ERROR: 14
07-29 12:51:09.162 D/use-Rlog/RLOG-RIL{0}( 9096): b89ad420 onRequest:[-1639825204] DATA_REGISTRATION_STATE
07-29 12:51:09.162 I/use-Rlog/RLOG-RIL{0}( 9096): sending request DATA_REGISTRATION_STATE on channel 0
07-29 12:51:09.163 D/RILJ    ( 3704): [8446]> QUERY_NETWORK_SELECTION_MODE
07-29 12:51:09.163 D/use-Rlog/RLOG-RIL{0}( 9096): b89ad420 onRequest:[-1639825203] VOICE_REGISTRATION_STATE
07-29 12:51:09.163 I/use-Rlog/RLOG-RIL{0}( 9096): sending request VOICE_REGISTRATION_STATE on channel 0
07-29 12:51:09.164 D/UiccController( 3704): Received EVENT_ICC_STATUS_CHANGED, calling getIccCardStatus
07-29 12:51:09.164 D/RILJ    ( 3704): [8447]> GET_SIM_STATUS
07-29 12:51:09.164 D/use-Rlog/RLOG-RIL{0}( 9096): b89ad420 onRequest:[-1639825202] QUERY_NETWORK_SELECTION_MODE
07-29 12:51:09.164 I/use-Rlog/RLOG-RIL{0}( 9096): sending request QUERY_NETWORK_SELECTION_MODE on channel 0
07-29 12:51:09.165 D/use-Rlog/RLOG-RIL{0}( 9096): b89ad420 onRequest:[-1639825201] GET_SIM_STATUS
07-29 12:51:09.165 I/use-Rlog/RLOG-RIL{0}( 9096): sending request GET_SIM_STATUS on channel 0
07-29 12:51:09.167 D/RILJ    ( 3704): [8448]> GET_CURRENT_CALLS
07-29 12:51:09.167 D/RILJ    ( 3704): [8449]> RIL_REQUEST_IMS_REGISTRATION_STATE
07-29 12:51:09.168 D/use-Rlog/RLOG-RIL{0}( 9096): b89ad420 onRequest:[-1639825200] GET_CURRENT_CALLS
07-29 12:51:09.168 I/use-Rlog/RLOG-RIL{0}( 9096): sending request GET_CURRENT_CALLS on channel 0
07-29 12:51:09.168 D/RILJ    ( 3704): [8450]> RIL_REQUEST_VOICE_RADIO_TECH
07-29 12:51:09.169 D/use-Rlog/RLOG-RIL{0}( 9096): b89ad420 onRequest:[-1639825199] IMS_REGISTRATION_STATE
07-29 12:51:09.169 I/use-Rlog/RLOG-RIL{0}( 9096): sending request IMS_REGISTRATION_STATE on channel 0
07-29 12:51:09.169 D/RILJ    ( 3704): [8451]> RIL_REQUEST_CDMA_GET_SUBSCRIPTION_SOURCE
07-29 12:51:09.169 D/use-Rlog/RLOG-RIL{0}( 9096): b89ad420 onRequest:[-1639825198] VOICE_RADIO_TECH
07-29 12:51:09.169 I/use-Rlog/RLOG-RIL{0}( 9096): sending request VOICE_RADIO_TECH on channel 0
07-29 12:51:09.170 D/use-Rlog/RLOG-RIL{0}( 9096): b89ad420 onRequest:[-1639825197] CDMA_GET_SUBSCRIPTION_SOURCE
07-29 12:51:09.170 I/use-Rlog/RLOG-RIL{0}( 9096): sending request CDMA_GET_SUBSCRIPTION_SOURCE on channel 0
07-29 12:51:09.463 D/use-Rlog/RLOG-RIL AT{0}( 9096): AT(18)> AT+CPIN?
07-29 12:51:09.465 D/use-Rlog/RLOG-RIL AT{0}( 9096): AT(18)< +CME ERROR: 14
07-29 12:51:09.755 D/use-Rlog/RLOG-RIL AT{0}( 9096): AT(18)< *TSIMINS: 1,1,1
07-29 12:51:09.755 D/use-Rlog/RLOG-RIL{0}( 9096): Kernel time: [8601.553207]
07-29 12:51:09.755 D/use-Rlog/RLOG-RIL{0}( 9096): b89ae710 onUnsolicited: *TSIMINS: 1,1,1 null
07-29 12:51:09.758 D/use-Rlog/RLOG-RIL AT{0}( 9096): AT(18)< %ISIMINIT: 2,0,0
07-29 12:51:09.758 D/use-Rlog/RLOG-RIL{0}( 9096): Kernel time: [8601.555345]
07-29 12:51:09.758 D/use-Rlog/RLOG-RIL{0}( 9096): b89ae710 onUnsolicited: %ISIMINIT: 2,0,0 null
07-29 12:51:09.764 D/use-Rlog/RLOG-RIL AT{0}( 9096): AT(18)> AT+CPIN?
07-29 12:51:09.766 D/use-Rlog/RLOG-RIL AT{0}( 9096): AT(18)< +CME ERROR: 14
07-29 12:51:10.067 D/use-Rlog/RLOG-RIL AT{0}( 9096): AT(18)> AT+CPIN?
07-29 12:51:10.069 D/use-Rlog/RLOG-RIL AT{0}( 9096): AT(18)< +CME ERROR: 14
07-29 12:51:10.282 D/use-Rlog/RLOG-RIL AT{0}( 9096): AT(18)< %ISIMINIT: 1,0,0
07-29 12:51:10.282 D/use-Rlog/RLOG-RIL{0}( 9096): Kernel time: [8602. 81311]
07-29 12:51:10.282 D/use-Rlog/RLOG-RIL{0}( 9096): b89ae710 onUnsolicited: %ISIMINIT: 1,0,0 null
07-29 12:51:10.282 D/use-Rlog/RLOG-RIL AT{0}( 9096): AT(18)< +CREG: 2
07-29 12:51:10.282 D/use-Rlog/RLOG-RIL{0}( 9096): Kernel time: [8602. 81698]
07-29 12:51:10.282 D/use-Rlog/RLOG-RIL{0}( 9096): b89ae710 onUnsolicited: +CREG: 2 null
07-29 12:51:10.282 D/use-Rlog/RLOG-RIL AT{0}( 9096): AT(18)< %NWSTATE: 0,00000,0,-,0
07-29 12:51:10.282 D/use-Rlog/RLOG-RIL{0}( 9096): Kernel time: [8602. 81857]
07-29 12:51:10.282 D/use-Rlog/RLOG-RIL{0}( 9096): b89ae710 onUnsolicited: %NWSTATE: 0,00000,0,-,0 null
07-29 12:51:10.369 D/use-Rlog/RLOG-RIL AT{0}( 9096): AT(18)> AT+CPIN?
07-29 12:51:10.371 D/use-Rlog/RLOG-RIL AT{0}( 9096): AT(18)< +CPIN: READY
07-29 12:51:10.371 D/use-Rlog/RLOG-RIL AT{0}( 9096): AT(18)< OK
07-29 12:51:10.371 D/use-Rlog/RLOG-RIL AT{0}( 9096): AT(18)> AT+CSMS=1
07-29 12:51:10.371 D/RILJ    ( 3704): [UNSL]< UNSOL_RESPONSE_SIM_STATUS_CHANGED
07-29 12:51:10.371 D/UiccController( 3704): Received EVENT_ICC_STATUS_CHANGED, calling getIccCardStatus
07-29 12:51:10.371 D/RILJ    ( 3704): [8452]> GET_SIM_STATUS
07-29 12:51:10.372 D/use-Rlog/RLOG-RIL{0}( 9096): b89ad420 onRequest:[-1639825196] GET_SIM_STATUS
07-29 12:51:10.372 I/use-Rlog/RLOG-RIL{0}( 9096): sending request GET_SIM_STATUS on channel 0
07-29 12:51:10.372 D/use-Rlog/RLOG-RIL AT{0}( 9096): AT(18)< +CSMS: 1,1,1
07-29 12:51:10.372 D/use-Rlog/RLOG-RIL AT{0}( 9096): AT(18)< OK
07-29 12:51:10.372 D/use-Rlog/RLOG-RIL AT{0}( 9096): AT(18)> AT+CNMI=1,2,2,1,0
07-29 12:51:10.374 D/use-Rlog/RLOG-RIL AT{0}( 9096): AT(18)< OK
07-29 12:51:10.374 D/use-Rlog/RLOG-RIL AT{0}( 9096): AT(18)> AT*TSIMINS=1
07-29 12:51:10.376 D/use-Rlog/RLOG-RIL AT{0}( 9096): AT(18)< OK
07-29 12:51:10.376 D/use-Rlog/RLOG-RIL AT{0}( 9096): AT(18)> AT%IPDPACTU=1
07-29 12:51:10.377 D/use-Rlog/RLOG-RIL AT{0}( 9096): AT(18)< OK
07-29 12:51:10.377 D/use-Rlog/RLOG-RIL AT{0}( 9096): AT(18)> AT+CGEREP=1
07-29 12:51:10.379 D/use-Rlog/RLOG-RIL AT{0}( 9096): AT(18)< OK
07-29 12:51:10.379 D/use-Rlog/RLOG-RIL AT{0}( 9096): AT(18)> AT%IPSRB=1
07-29 12:51:10.380 D/use-Rlog/RLOG-RIL AT{0}( 9096): AT(18)< OK
07-29 12:51:10.380 D/use-Rlog/RLOG-RIL AT{0}( 9096): AT(18)> AT+CUSATA=1
07-29 12:51:10.381 D/use-Rlog/RLOG-RIL AT{0}( 9096): AT(18)< OK
07-29 12:51:10.381 D/use-Rlog/RLOG-RIL AT{0}( 9096): AT(18)> AT+CEREG?
07-29 12:51:10.381 D/use-Rlog/RLOG-RIL AT{0}( 9096): AT(18)< +CEREG: 2,0
07-29 12:51:10.381 D/use-Rlog/RLOG-RIL{0}( 9096): Kernel time: [8602.179158]
07-29 12:51:10.381 D/use-Rlog/RLOG-RIL{0}( 9096): b89ae710 onUnsolicited: +CEREG: 2,0 null
07-29 12:51:10.381 D/use-Rlog/RLOG-RIL AT{0}( 9096): AT(18)< OK
07-29 12:51:10.381 D/use-Rlog/RLOG-RIL AT{0}( 9096): AT(18)> AT+CREG=2;+CGREG=2;+CEREG=2;+CREG?;+CGREG?;+CEREG?
07-29 12:51:10.383 D/use-Rlog/RLOG-RIL AT{0}( 9096): AT(18)< +CREG: 2,2
07-29 12:51:10.383 D/use-Rlog/RLOG-RIL{0}( 9096): Kernel time: [8602.181051]
07-29 12:51:10.383 D/use-Rlog/RLOG-RIL{0}( 9096): b89ae710 onUnsolicited: +CREG: 2,2 null
07-29 12:51:10.383 D/use-Rlog/RLOG-RIL AT{0}( 9096): AT(18)< +CGREG: 2,0
07-29 12:51:10.383 D/use-Rlog/RLOG-RIL{0}( 9096): Kernel time: [8602.181557]
07-29 12:51:10.383 D/use-Rlog/RLOG-RIL{0}( 9096): b89ae710 onUnsolicited: +CGREG: 2,0 null
07-29 12:51:10.384 D/use-Rlog/RLOG-RIL AT{0}( 9096): AT(18)< +CEREG: 2,0
07-29 12:51:10.384 D/use-Rlog/RLOG-RIL{0}( 9096): Kernel time: [8602.182142]
07-29 12:51:10.384 D/use-Rlog/RLOG-RIL{0}( 9096): b89ae710 onUnsolicited: +CEREG: 2,0 null
07-29 12:51:10.384 D/use-Rlog/RLOG-RIL AT{0}( 9096): AT(18)< OK
07-29 12:51:10.384 D/use-Rlog/RLOG-RIL AT{0}( 9096): AT(18)> AT*TUNSOL="SM",1
07-29 12:51:10.386 D/use-Rlog/RLOG-RIL AT{0}( 9096): AT(18)< OK
07-29 12:51:10.386 D/use-Rlog/RLOG-RIL AT{0}( 9096): AT(18)> AT%ICESQU=1,5,6,1,6,12,12,6
07-29 12:51:10.386 D/use-Rlog/RLOG-RIL AT{0}( 9096): AT(18)< OK
07-29 12:51:10.386 D/use-Rlog/RLOG-RIL AT{0}( 9096): AT(18)> AT+CESQ
07-29 12:51:10.386 D/use-Rlog/RLOG-RIL AT{0}( 9096): AT(18)< +CESQ: 99,99,255,255,255,255
07-29 12:51:10.386 D/use-Rlog/RLOG-RIL{0}( 9096): Kernel time: [8602.184465]
07-29 12:51:10.386 D/use-Rlog/RLOG-RIL{0}( 9096): b89ae710 onUnsolicited: +CESQ: 99,99,255,255,255,255 null
07-29 12:51:10.386 D/use-Rlog/RLOG-RIL AT{0}( 9096): AT(18)< OK
07-29 12:51:10.386 D/use-Rlog/RLOG-RIL AT{0}( 9096): AT(18)> AT+CREG=2;+CGREG=2;+CEREG=2
07-29 12:51:10.388 D/use-Rlog/RLOG-RIL AT{0}( 9096): AT(18)< OK
07-29 12:51:10.388 D/use-Rlog/RLOG-RIL AT{0}( 9096): AT(18)> AT%NWSTATE=3
07-29 12:51:10.389 D/use-Rlog/RLOG-RIL AT{0}( 9096): AT(18)< %NWSTATE: 0,00000,0,-,0
07-29 12:51:10.389 D/use-Rlog/RLOG-RIL{0}( 9096): Kernel time: [8602.187535]
07-29 12:51:10.389 D/use-Rlog/RLOG-RIL{0}( 9096): b89ae710 onUnsolicited: %NWSTATE: 0,00000,0,-,0 null
07-29 12:51:10.389 D/use-Rlog/RLOG-RIL AT{0}( 9096): AT(18)< OK
07-29 12:51:10.389 D/use-Rlog/RLOG-RIL AT{0}( 9096): AT(18)> AT%IFD=36
07-29 12:51:10.390 D/use-Rlog/RLOG-RIL AT{0}( 9096): AT(18)< OK
07-29 12:51:10.390 D/use-Rlog/RLOG-RIL AT{0}( 9096): AT(18)> AT%ISCREEN=1
07-29 12:51:10.391 D/use-Rlog/RLOG-RIL AT{0}( 9096): AT(18)< +CME ERROR: 769
07-29 12:51:10.391 D/use-Rlog/RLOG-RIL AT{0}( 9096): AT(18)> AT%IDRVSTAT
07-29 12:51:10.395 D/use-Rlog/RLOG-RIL AT{0}( 9096): AT(18)< {
07-29 12:51:10.395 D/use-Rlog/RLOG-RIL AT{0}( 9096): AT(18)<    'wakesch':{
07-29 12:51:10.395 D/use-Rlog/RLOG-RIL AT{0}( 9096): AT(18)<       'min_restore_time':[0,295,0,0,0,0,0,0,0,0,0,0,0,0,0,0],
07-29 12:51:10.395 D/use-Rlog/RLOG-RIL AT{0}( 9096): AT(18)<       'max_restore_time':[0,432,0,0,0,0,0,0,0,0,0,0,0,0,0,0],
07-29 12:51:10.395 D/use-Rlog/RLOG-RIL AT{0}( 9096): AT(18)<       'emc_wait_count':0
07-29 12:51:10.395 D/use-Rlog/RLOG-RIL AT{0}( 9096): AT(18)<    },
07-29 12:51:10.395 D/use-Rlog/RLOG-RIL AT{0}( 9096): AT(18)<    'cal32k':{
07-29 12:51:10.395 D/use-Rlog/RLOG-RIL AT{0}( 9096): AT(18)<       'low_res_freq_millihz':32768640,
07-29 12:51:10.395 D/use-Rlog/RLOG-RIL AT{0}( 9096): AT(18)<       'state_stats':[26,104,35312],
07-29 12:51:10.395 D/use-Rlog/RLOG-RIL AT{0}( 9096): AT(18)<       'cal_time':[0,13779,347,2781,6,434,192,50,12,3,2,7,22,46,80]
07-29 12:51:10.395 D/use-Rlog/RLOG-RIL AT{0}( 9096): AT(18)<    },
07-29 12:51:10.395 D/use-Rlog/RLOG-RIL AT{0}( 9096): AT(18)<    'IPM':{
07-29 12:51:10.395 D/use-Rlog/RLOG-RIL AT{0}( 9096): AT(18)<       'system_time':'0d3h7m16s',
07-29 12:51:10.395 D/use-Rlog/RLOG-RIL AT{0}( 9096): AT(18)<       'uptime':4671199,
07-29 12:51:10.395 D/use-Rlog/RLOG-RIL AT{0}( 9096): AT(18)<       'downtime':8699852,
07-29 12:51:10.395 D/use-Rlog/RLOG-RIL AT{0}( 9096): AT(18)<       'load_1000':349,
07-29 12:51:10.397 D/use-Rlog/RLOG-RIL AT{0}( 9096): AT(18)<       'idle_time_dist':[25675,2313,697,3753,1956,2488,397,8,0,0],
07-29 12:51:10.397 D/use-Rlog/RLOG-RIL AT{0}( 9096): AT(18)<       'dxp0':{
07-29 12:51:10.397 D/use-Rlog/RLOG-RIL AT{0}( 9096): AT(18)<          'n_dmem_active':0,
07-29 12:51:10.397 D/use-Rlog/RLOG-RIL AT{0}( 9096): AT(18)<          'n_dxp_idle':4613959,
07-29 12:51:10.397 D/use-Rlog/RLOG-RIL AT{0}( 9096): AT(18)<          'n_soc_idle':0,
07-29 12:51:10.397 D/use-Rlog/RLOG-RIL AT{0}( 9096): AT(18)<          'n_power_off':17761
07-29 12:51:10.397 D/use-Rlog/RLOG-RIL AT{0}( 9096): AT(18)<       }
07-29 12:51:10.397 D/use-Rlog/RLOG-RIL AT{0}( 9096): AT(18)<    },
07-29 12:51:10.397 D/use-Rlog/RLOG-RIL AT{0}( 9096): AT(18)<    'shm':{
07-29 12:51:10.397 D/use-Rlog/RLOG-RIL AT{0}( 9096): AT(18)<       'queue':{
07-29 12:51:10.397 D/use-Rlog/RLOG-RIL AT{0}( 9096): AT(18)<          'put':7130,
07-29 12:51:10.397 D/use-Rlog/RLOG-RIL AT{0}( 9096): AT(18)<          'get':6641
07-29 12:51:10.397 D/use-Rlog/RLOG-RIL AT{0}( 9096): AT(18)<       },
07-29 12:51:10.397 D/use-Rlog/RLOG-RIL AT{0}( 9096): AT(18)<       'if':{
07-29 12:51:10.397 D/use-Rlog/RLOG-RIL AT{0}( 9096): AT(18)<          'sent':[144048,40462,1585,64,8869604,1627,1621,1552,1552,1552,1552,1552,1552,0,0,0,0,0,2892],
07-29 12:51:10.397 D/use-Rlog/RLOG-RIL AT{0}( 9096): AT(18)<          'received':[138934,14074,23,44,180,134,94,0,0,0,0,0,0,0,0,0,0,0,1232],
07-29 12:51:10.397 D/use-Rlog/RLOG-RIL AT{0}( 9096): AT(18)<          'given':[1030,1123,18,8,5155,26,25,14,14,14,14,14,14,0,0,0,0,0,44],
07-29 12:51:10.397 D/use-Rlog/RLOG-RIL AT{0}( 9096): AT(18)<          'taken':[1030,1123,18,8,5155,26,25,14,14,14,14,14,14,0,0,0,0,0,44]
07-29 12:51:10.397 D/use-Rlog/RLOG-RIL AT{0}( 9096): AT(18)<       },
07-29 12:51:10.397 D/use-Rlog/RLOG-RIL AT{0}( 9096): AT(18)<       'signal':{
07-29 12:51:10.397 D/use-Rlog/RLOG-RIL AT{0}( 9096): AT(18)<          'ul':5718,
07-29 12:51:10.397 D/use-Rlog/RLOG-RIL AT{0}( 9096): AT(18)<          'dl':6407
07-29 12:51:10.397 D/use-Rlog/RLOG-RIL AT{0}( 9096): AT(18)<       }
07-29 12:51:10.397 D/use-Rlog/RLOG-RIL AT{0}( 9096): AT(18)<    },
07-29 12:51:10.397 D/use-Rlog/RLOG-RIL AT{0}( 9096): AT(18)< }
07-29 12:51:10.397 D/use-Rlog/RLOG-RIL AT{0}( 9096): AT(18)< OK
07-29 12:51:10.397 D/use-Rlog/RLOG-RIL AT{0}( 9096): AT(18)> AT*TLTS=1
07-29 12:51:10.397 D/RILJ    ( 3704): [UNSL]< UNSOL_RESPONSE_VOICE_NETWORK_STATE_CHANGED
07-29 12:51:10.397 D/RILJ    ( 3704): [8453]> OPERATOR
07-29 12:51:10.398 D/RILJ    ( 3704): [8454]> DATA_REGISTRATION_STATE
07-29 12:51:10.398 D/use-Rlog/RLOG-RIL AT{0}( 9096): AT(18)< OK
07-29 12:51:10.398 D/use-Rlog/RLOG-RIL AT{0}( 9096): AT(18)> AT%INWMODE=2,2
07-29 12:51:10.398 D/use-Rlog/RLOG-RIL{0}( 9096): b89ad420 onRequest:[-1639825195] OPERATOR
07-29 12:51:10.398 I/use-Rlog/RLOG-RIL{0}( 9096): sending request OPERATOR on channel 0
07-29 12:51:10.398 D/RILJ    ( 3704): [8455]> VOICE_REGISTRATION_STATE
07-29 12:51:10.399 D/use-Rlog/RLOG-RIL{0}( 9096): b89ad420 onRequest:[-1639825194] DATA_REGISTRATION_STATE
07-29 12:51:10.399 I/use-Rlog/RLOG-RIL{0}( 9096): sending request DATA_REGISTRATION_STATE on channel 0
07-29 12:51:10.399 D/use-Rlog/RLOG-RIL AT{0}( 9096): AT(18)< OK
07-29 12:51:10.399 D/use-Rlog/RLOG-RIL AT{0}( 9096): AT(18)> AT+CGSMS=1
07-29 12:51:10.399 D/RILJ    ( 3704): [8456]> QUERY_NETWORK_SELECTION_MODE
07-29 12:51:10.399 D/use-Rlog/RLOG-RIL{0}( 9096): b89ad420 onRequest:[-1639825193] VOICE_REGISTRATION_STATE
07-29 12:51:10.399 I/use-Rlog/RLOG-RIL{0}( 9096): sending request VOICE_REGISTRATION_STATE on channel 0
07-29 12:51:10.400 D/use-Rlog/RLOG-RIL AT{0}( 9096): AT(18)< +CME ERROR: 769
07-29 12:51:10.400 D/use-Rlog/RLOG-RIL AT{0}( 9096): AT(18)> AT+CCWA=1
07-29 12:51:10.400 D/use-Rlog/RLOG-RIL{0}( 9096): b89ad420 onRequest:[-1639825192] QUERY_NETWORK_SELECTION_MODE
07-29 12:51:10.400 I/use-Rlog/RLOG-RIL{0}( 9096): sending request QUERY_NETWORK_SELECTION_MODE on channel 0
07-29 12:51:10.403 D/use-Rlog/RLOG-RIL AT{0}( 9096): AT(18)< OK
07-29 12:51:10.403 D/use-Rlog/RLOG-RIL AT{0}( 9096): AT(18)> AT+CSSN=0,1
07-29 12:51:10.404 D/use-Rlog/RLOG-RIL AT{0}( 9096): AT(18)< OK
07-29 12:51:10.404 D/use-Rlog/RLOG-RIL AT{0}( 9096): AT(18)> AT+CUSD=1
07-29 12:51:10.407 D/use-Rlog/RLOG-RIL AT{0}( 9096): AT(18)< OK
07-29 12:51:10.407 D/use-Rlog/RLOG-RIL AT{0}( 9096): AT(18)> AT%ILCC=1
07-29 12:51:10.408 D/use-Rlog/RLOG-RIL AT{0}( 9096): AT(18)< OK
07-29 12:51:10.408 D/use-Rlog/RLOG-RIL AT{0}( 9096): AT(18)> AT+CGAUTO=1
07-29 12:51:10.409 D/use-Rlog/RLOG-RIL AT{0}( 9096): AT(18)< +CME ERROR: 107
07-29 12:51:10.409 D/use-Rlog/RLOG-RIL AT{0}( 9096): AT(18)> AT%INWRESTRICTU=1
07-29 12:51:10.412 D/use-Rlog/RLOG-RIL AT{0}( 9096): AT(18)< ERROR
07-29 12:51:10.412 D/use-Rlog/RLOG-RIL AT{0}( 9096): AT(18)> AT%INWRESTRICTU
07-29 12:51:10.414 D/use-Rlog/RLOG-RIL AT{0}( 9096): AT(18)< ERROR
07-29 12:51:10.414 D/use-Rlog/RLOG-RIL AT{0}( 9096): AT(18)> AT%ICESQU?
07-29 12:51:10.414 D/use-Rlog/RLOG-RIL AT{0}( 9096): AT(18)< %ICESQU: 1,5,6,1,6,12,12,6
07-29 12:51:10.414 D/use-Rlog/RLOG-RIL AT{0}( 9096): AT(18)< OK
07-29 12:51:10.414 D/use-Rlog/RLOG-RIL AT{0}( 9096): AT(18)> AT%ICESQU=1,5,6,1,6,12,12,6
07-29 12:51:10.415 D/use-Rlog/RLOG-RIL AT{0}( 9096): AT(18)< OK
07-29 12:51:10.415 D/use-Rlog/RLOG-RIL AT{0}( 9096): AT(18)> AT+CESQ
07-29 12:51:10.415 D/use-Rlog/RLOG-RIL AT{0}( 9096): AT(18)< +CESQ: 99,99,255,255,255,255
07-29 12:51:10.415 D/use-Rlog/RLOG-RIL{0}( 9096): Kernel time: [8602.213890]
07-29 12:51:10.415 D/use-Rlog/RLOG-RIL{0}( 9096): b89ae710 onUnsolicited: +CESQ: 99,99,255,255,255,255 null
07-29 12:51:10.415 D/use-Rlog/RLOG-RIL AT{0}( 9096): AT(18)< OK
07-29 12:51:10.415 D/use-Rlog/RLOG-RIL AT{0}( 9096): AT(18)> AT+CPIN?
07-29 12:51:10.418 D/use-Rlog/RLOG-RIL AT{0}( 9096): AT(18)< +CPIN: READY
07-29 12:51:10.418 D/use-Rlog/RLOG-RIL AT{0}( 9096): AT(18)< OK
07-29 12:51:10.418 D/use-Rlog/RLOG-RIL{0}( 9096): b89adee8 onHandleUnsolicited: *TSIMINS: 1,1,1 null
07-29 12:51:10.418 D/use-Rlog/RLOG-RIL{0}( 9096): b89adee8 onHandleUnsolicited: %ISIMINIT: 2,0,0 null
07-29 12:51:10.418 D/use-Rlog/RLOG-RIL{0}( 9096): b89adee8 onHandleUnsolicited: %ISIMINIT: 1,0,0 null
07-29 12:51:10.418 D/use-Rlog/RLOG-RIL{0}( 9096): b89adee8 onHandleUnsolicited: +CREG: 2 null
07-29 12:51:10.418 D/use-Rlog/RLOG-RIL{0}( 9096): b89adee8 onHandleUnsolicited: %NWSTATE: 0,00000,0,-,0 null
07-29 12:51:10.418 D/use-Rlog/RLOG-RIL{0}( 9096): b89adee8 onHandleUnsolicited: +CEREG: 2,0 null
07-29 12:51:10.418 D/use-Rlog/RLOG-RIL{0}( 9096): b89adee8 onHandleUnsolicited: +CREG: 2,2 null
07-29 12:51:10.418 D/use-Rlog/RLOG-RIL{0}( 9096): b89adee8 onHandleUnsolicited: +CGREG: 2,0 null
07-29 12:51:10.418 D/use-Rlog/RLOG-RIL{0}( 9096): b89adee8 onHandleUnsolicited: +CEREG: 2,0 null
07-29 12:51:10.418 D/use-Rlog/RLOG-RIL{0}( 9096): b89adee8 onHandleUnsolicited: +CESQ: 99,99,255,255,255,255 null
07-29 12:51:10.418 I/use-Rlog/RLOG-RIL{0}( 9096): Invalid/empty measurement report
07-29 12:51:10.418 D/use-Rlog/RLOG-RIL{0}( 9096): b89adee8 onHandleUnsolicited: %NWSTATE: 0,00000,0,-,0 null
07-29 12:51:10.418 D/use-Rlog/RLOG-RIL{0}( 9096): b89adee8 onHandleUnsolicited: +CESQ: 99,99,255,255,255,255 null
07-29 12:51:10.418 I/use-Rlog/RLOG-RIL{0}( 9096): Invalid/empty measurement report
07-29 12:51:10.418 D/use-Rlog/RLOG-RIL{0}( 9096): b89adee8 onHandleRequest:[-1639825207] GSM_SET_BROADCAST_SMS_CONFIG
07-29 12:51:10.418 D/use-Rlog/RLOG-RIL{0}( 9096): requestGSMSetBroadcastSMSConfig param 0 - 4370, 4379, 0, 255, 1
07-29 12:51:10.418 D/use-Rlog/RLOG-RIL AT{0}( 9096): AT(18)> AT+CSCB=0,"4370-4379","0-15"
07-29 12:51:10.418 D/RILJ    ( 3704): [8440]< RADIO_POWER 
07-29 12:51:10.418 D/RILJ    ( 3704): [UNSL]< UNSOL_SIM_REFRESH {1, null, 0}
07-29 12:51:10.418 D/RILJ    ( 3704): [UNSL]< UNSOL_RESPONSE_SIM_STATUS_CHANGED
07-29 12:51:10.418 D/RILJ    ( 3704): [UNSL]< UNSOL_RESPONSE_SIM_STATUS_CHANGED
07-29 12:51:10.418 D/RILJ    ( 3704): [UNSL]< UNSOL_RESPONSE_VOICE_NETWORK_STATE_CHANGED
07-29 12:51:10.418 D/SIMRecords( 3704): [SIMRecords] Sim REFRESH with exception: null
07-29 12:51:10.418 D/SIMRecords( 3704): [SIMRecords] handleSimRefresh with SIM_REFRESH_INIT
07-29 12:51:10.418 D/UiccController( 3704): Received EVENT_ICC_STATUS_CHANGED, calling getIccCardStatus
07-29 12:51:10.418 D/RILJ    ( 3704): [8457]> GET_SIM_STATUS
07-29 12:51:10.419 D/use-Rlog/RLOG-RIL AT{0}( 9096): AT(18)< +CMS ERROR: 521
07-29 12:51:10.419 D/use-Rlog/RLOG-RIL{0}( 9096): b89adee8 onHandleRequest:[-1639825206] GET_SIM_STATUS
07-29 12:51:10.419 D/use-Rlog/RLOG-RIL AT{0}( 9096): AT(18)> AT+CPIN?
07-29 12:51:10.419 D/RilRequest( 3704): [8441]< RIL_REQUEST_GSM_SET_BROADCAST_CONFIG error: com.android.internal.telephony.CommandException: GENERIC_FAILURE ret=
07-29 12:51:10.419 D/use-Rlog/RLOG-RIL{0}( 9096): b89ad420 onRequest:[-1639825191] GET_SIM_STATUS
07-29 12:51:10.419 I/use-Rlog/RLOG-RIL{0}( 9096): sending request GET_SIM_STATUS on channel 0
07-29 12:51:10.419 D/UiccController( 3704): Received EVENT_ICC_STATUS_CHANGED, calling getIccCardStatus
07-29 12:51:10.419 D/RILJ    ( 3704): [8458]> GET_SIM_STATUS
07-29 12:51:10.420 D/use-Rlog/RLOG-RIL{0}( 9096): b89ad420 onRequest:[-1639825190] GET_SIM_STATUS
07-29 12:51:10.420 I/use-Rlog/RLOG-RIL{0}( 9096): sending request GET_SIM_STATUS on channel 0
07-29 12:51:10.420 D/RILJ    ( 3704): [8459]> OPERATOR
07-29 12:51:10.421 D/use-Rlog/RLOG-RIL{0}( 9096): b89ad420 onRequest:[-1639825189] OPERATOR
07-29 12:51:10.421 I/use-Rlog/RLOG-RIL{0}( 9096): sending request OPERATOR on channel 0
07-29 12:51:10.421 D/RILJ    ( 3704): [8460]> DATA_REGISTRATION_STATE
07-29 12:51:10.421 D/use-Rlog/RLOG-RIL AT{0}( 9096): AT(18)< +CPIN: READY
07-29 12:51:10.421 D/use-Rlog/RLOG-RIL AT{0}( 9096): AT(18)< OK
07-29 12:51:10.421 D/use-Rlog/RLOG-RIL AT{0}( 9096): AT(18)> AT*TSIMINS?
07-29 12:51:10.421 D/use-Rlog/RLOG-RIL{0}( 9096): b89ad420 onRequest:[-1639825188] DATA_REGISTRATION_STATE
07-29 12:51:10.421 I/use-Rlog/RLOG-RIL{0}( 9096): sending request DATA_REGISTRATION_STATE on channel 0
07-29 12:51:10.421 D/RILJ    ( 3704): [8461]> VOICE_REGISTRATION_STATE
07-29 12:51:10.422 D/use-Rlog/RLOG-RIL{0}( 9096): b89ad420 onRequest:[-1639825187] VOICE_REGISTRATION_STATE
07-29 12:51:10.422 I/use-Rlog/RLOG-RIL{0}( 9096): sending request VOICE_REGISTRATION_STATE on channel 0
07-29 12:51:10.422 D/RILJ    ( 3704): [8462]> QUERY_NETWORK_SELECTION_MODE
07-29 12:51:10.422 D/use-Rlog/RLOG-RIL{0}( 9096): b89ad420 onRequest:[-1639825186] QUERY_NETWORK_SELECTION_MODE
07-29 12:51:10.422 I/use-Rlog/RLOG-RIL{0}( 9096): sending request QUERY_NETWORK_SELECTION_MODE on channel 0
07-29 12:51:10.423 D/use-Rlog/RLOG-RIL AT{0}( 9096): AT(18)< *TSIMINS: 1,1,1
07-29 12:51:10.423 D/use-Rlog/RLOG-RIL AT{0}( 9096): AT(18)< OK
07-29 12:51:10.423 D/use-Rlog/RLOG-RIL AT{0}( 9096): AT(18)> AT%PINNUM?
07-29 12:51:10.425 D/use-Rlog/RLOG-RIL AT{0}( 9096): AT(18)< %PINNUM: 3, 10, 3, 10
07-29 12:51:10.425 D/use-Rlog/RLOG-RIL AT{0}( 9096): AT(18)< OK
07-29 12:51:10.425 D/use-Rlog/RLOG-RIL{0}( 9096): b89adee8 onHandleRequest:[-1639825205] OPERATOR
07-29 12:51:10.425 D/use-Rlog/RLOG-RIL AT{0}( 9096): AT(18)> AT+COPS=3,0;+COPS?;+COPS=3,1;+COPS?;+COPS=3,2;+COPS?
07-29 12:51:10.425 D/RILJ    ( 3704): [8442]< GET_SIM_STATUS IccCardState {CARDSTATE_PRESENT,PINSTATE_UNKNOWN,num_apps=1,gsm_id=0{APPTYPE_USIM,APPSTATE_READY,pin1=PINSTATE_UNKNOWN,pin2=PINSTATE_UNKNOWN},cdma_id=8,ims_id=8}
07-29 12:51:10.426 D/UiccController( 3704): Received EVENT_GET_ICC_STATUS_DONE
07-29 12:51:10.426 D/UiccCard( 3704): 1 applications
07-29 12:51:10.426 D/UiccCardApplication( 3704): APPTYPE_USIM update. New {APPTYPE_USIM,APPSTATE_READY,pin1=PINSTATE_UNKNOWN,pin2=PINSTATE_UNKNOWN}
07-29 12:51:10.426 D/UiccCardApplication( 3704): APPTYPE_USIM changed state: APPSTATE_DETECTED -> APPSTATE_READY
07-29 12:51:10.426 D/RILJ    ( 3704): [8463]> QUERY_FACILITY_LOCK [FD 7 null]
07-29 12:51:10.426 D/use-Rlog/RLOG-RIL AT{0}( 9096): AT(18)< +COPS: 1
07-29 12:51:10.426 D/use-Rlog/RLOG-RIL AT{0}( 9096): AT(18)< +COPS: 1
07-29 12:51:10.426 D/use-Rlog/RLOG-RIL AT{0}( 9096): AT(18)< +COPS: 1
07-29 12:51:10.426 D/use-Rlog/RLOG-RIL AT{0}( 9096): AT(18)< OK
07-29 12:51:10.426 D/use-Rlog/RLOG-RIL{0}( 9096): b89adee8 onHandleRequest:[-1639825204] DATA_REGISTRATION_STATE
07-29 12:51:10.426 D/use-Rlog/RLOG-RIL{0}( 9096): b89adee8 onHandleRequest:[-1639825203] VOICE_REGISTRATION_STATE
07-29 12:51:10.427 D/use-Rlog/RLOG-RIL{0}( 9096): b89adee8 onHandleRequest:[-1639825202] QUERY_NETWORK_SELECTION_MODE
07-29 12:51:10.427 D/use-Rlog/RLOG-RIL{0}( 9096): Providing cached network selection details
07-29 12:51:10.427 D/use-Rlog/RLOG-RIL{0}( 9096): b89adee8 onHandleRequest:[-1639825201] GET_SIM_STATUS
07-29 12:51:10.427 D/use-Rlog/RLOG-RIL AT{0}( 9096): AT(18)> AT+CPIN?
07-29 12:51:10.427 D/RILJ    ( 3704): [8443]< OPERATOR {null, null, null}
07-29 12:51:10.427 D/RILJ    ( 3704): [8444]< DATA_REGISTRATION_STATE {0, null, null, 0, null, 2}
07-29 12:51:10.427 D/use-Rlog/RLOG-RIL{0}( 9096): b89ad420 onRequest:[-1639825185] QUERY_FACILITY_LOCK
07-29 12:51:10.427 I/use-Rlog/RLOG-RIL{0}( 9096): sending request QUERY_FACILITY_LOCK on channel 0
07-29 12:51:10.428 D/RILJ    ( 3704): [8445]< VOICE_REGISTRATION_STATE {2, null, null, 0}
07-29 12:51:10.428 D/RILJ    ( 3704): [8465]> QUERY_FACILITY_LOCK [SC 7 null]
07-29 12:51:10.428 D/RILJ    ( 3704): [8446]< QUERY_NETWORK_SELECTION_MODE {1}
07-29 12:51:10.428 D/RILJ    ( 3704): [8464]> RIL_REQUEST_GSM_SET_BROADCAST_CONFIG with 2 configs : 
07-29 12:51:10.428 D/RILJ    ( 3704): SmsBroadcastConfigInfo: Id [4370,4379] Code [0,255] ENABLED
07-29 12:51:10.428 D/RILJ    ( 3704): SmsBroadcastConfigInfo: Id [4356,4356] Code [0,255] ENABLED
07-29 12:51:10.428 D/use-Rlog/RLOG-RIL{0}( 9096): b89ad420 onRequest:[-1639825183] QUERY_FACILITY_LOCK
07-29 12:51:10.428 I/use-Rlog/RLOG-RIL{0}( 9096): sending request QUERY_FACILITY_LOCK on channel 0
07-29 12:51:10.428 D/UiccCardApplication( 3704): Notifying registrants: READY
07-29 12:51:10.429 D/CAT     ( 3704): CatService: Return current sInstance
07-29 12:51:10.429 D/use-Rlog/RLOG-RIL AT{0}( 9096): AT(18)< +CPIN: READY
07-29 12:51:10.429 D/use-Rlog/RLOG-RIL AT{0}( 9096): AT(18)< OK
07-29 12:51:10.429 E/UiccCard( 3704): App index 8 is invalid since there are no applications
07-29 12:51:10.429 E/UiccCard( 3704): App index 8 is invalid since there are no applications
07-29 12:51:10.429 D/use-Rlog/RLOG-RIL AT{0}( 9096): AT(18)> AT*TSIMINS?
07-29 12:51:10.429 D/UiccCard( 3704): update: radioState=RADIO_ON mLastRadioState=RADIO_OFF
07-29 12:51:10.429 D/UiccController( 3704): Notifying IccChangedRegistrants
07-29 12:51:10.429 D/SIMRecords( 3704): [SIMRecords] fetchSimRecords 0
07-29 12:51:10.429 D/use-Rlog/RLOG-RIL{0}( 9096): b89ad420 onRequest:[-1639825184] GSM_SET_BROADCAST_SMS_CONFIG
07-29 12:51:10.429 I/use-Rlog/RLOG-RIL{0}( 9096): sending request GSM_SET_BROADCAST_SMS_CONFIG on channel 0
07-29 12:51:10.429 D/RILJ    ( 3704): [8466]> getIMSI: GET_IMSI aid: null
07-29 12:51:10.430 D/use-Rlog/RLOG-RIL{0}( 9096): b89ad420 onRequest:[-1639825182] GET_IMSI
07-29 12:51:10.430 I/use-Rlog/RLOG-RIL{0}( 9096): sending request GET_IMSI on channel 0
07-29 12:51:10.431 D/RILJ    ( 3704): [8467]> iccIO: SIM_IO 0xc0 0x2fe2  path: 3F00,0,0,15 aid: null
07-29 12:51:10.431 D/use-Rlog/RLOG-RIL AT{0}( 9096): AT(18)< *TSIMINS: 1,1,1
07-29 12:51:10.431 D/use-Rlog/RLOG-RIL AT{0}( 9096): AT(18)< OK
07-29 12:51:10.431 D/use-Rlog/RLOG-RIL AT{0}( 9096): AT(18)> AT%PINNUM?
07-29 12:51:10.431 D/use-Rlog/RLOG-RIL{0}( 9096): b89ad420 onRequest:[-1639825181] SIM_IO
07-29 12:51:10.431 I/use-Rlog/RLOG-RIL{0}( 9096): sending request SIM_IO on channel 0
07-29 12:51:10.431 D/RILJ    ( 3704): [8468]> iccIO: SIM_IO 0xc0 0x6f40  path: 3F007FFF,0,0,15 aid: null
07-29 12:51:10.432 D/use-Rlog/RLOG-RIL{0}( 9096): b89ad420 onRequest:[-1639825180] SIM_IO
07-29 12:51:10.432 I/use-Rlog/RLOG-RIL{0}( 9096): sending request SIM_IO on channel 0
07-29 12:51:10.432 D/RILJ    ( 3704): [8469]> iccIO: SIM_IO 0xc0 0x6fc9  path: 3F007FFF,0,0,15 aid: null
07-29 12:51:10.432 D/use-Rlog/RLOG-RIL AT{0}( 9096): AT(18)< %PINNUM: 3, 10, 3, 10
07-29 12:51:10.432 D/use-Rlog/RLOG-RIL AT{0}( 9096): AT(18)< OK
07-29 12:51:10.432 D/use-Rlog/RLOG-RIL{0}( 9096): b89adee8 onHandleRequest:[-1639825200] GET_CURRENT_CALLS
07-29 12:51:10.432 D/use-Rlog/RLOG-RIL AT{0}( 9096): AT(18)> AT+CLCC
07-29 12:51:10.433 D/use-Rlog/RLOG-RIL{0}( 9096): b89ad420 onRequest:[-1639825179] SIM_IO
07-29 12:51:10.433 I/use-Rlog/RLOG-RIL{0}( 9096): sending request SIM_IO on channel 0
07-29 12:51:10.433 D/RILJ    ( 3704): [8447]< GET_SIM_STATUS IccCardState {CARDSTATE_PRESENT,PINSTATE_UNKNOWN,num_apps=1,gsm_id=0{APPTYPE_USIM,APPSTATE_READY,pin1=PINSTATE_UNKNOWN,pin2=PINSTATE_UNKNOWN},cdma_id=8,ims_id=8}
07-29 12:51:10.433 D/RILJ    ( 3704): [8470]> iccIO: SIM_IO 0xc0 0x6fad  path: 3F007FFF,0,0,15 aid: null
07-29 12:51:10.434 D/use-Rlog/RLOG-RIL{0}( 9096): b89ad420 onRequest:[-1639825178] SIM_IO
07-29 12:51:10.434 I/use-Rlog/RLOG-RIL{0}( 9096): sending request SIM_IO on channel 0
07-29 12:51:10.434 D/RILJ    ( 3704): [8471]> iccIO: SIM_IO 0xc0 0x6fca  path: 3F007FFF,0,0,15 aid: null
07-29 12:51:10.435 D/use-Rlog/RLOG-RIL{0}( 9096): b89ad420 onRequest:[-1639825177] SIM_IO
07-29 12:51:10.435 I/use-Rlog/RLOG-RIL{0}( 9096): sending request SIM_IO on channel 0
07-29 12:51:10.435 D/use-Rlog/RLOG-RIL AT{0}( 9096): AT(18)< OK
07-29 12:51:10.435 D/use-Rlog/RLOG-RIL{0}( 9096): requestGetCurrentCalls: 0 calls
07-29 12:51:10.435 D/use-Rlog/RLOG-RIL{0}( 9096): requestGetCurrentCalls: 0 valid calls
07-29 12:51:10.435 D/use-Rlog/RLOG-RIL{0}( 9096): b89adee8 onHandleRequest:[-1639825199] IMS_REGISTRATION_STATE
07-29 12:51:10.435 D/use-Rlog/RLOG-RIL{0}( 9096): b89adee8 onHandleRequest:[-1639825198] VOICE_RADIO_TECH
07-29 12:51:10.435 D/RILJ    ( 3704): [8472]> iccIO: SIM_IO 0xc0 0x6f11  path: 3F007FFF,0,0,15 aid: null
07-29 12:51:10.435 D/use-Rlog/RLOG-RIL{0}( 9096): b89adee8 onHandleRequest:[-1639825197] CDMA_GET_SUBSCRIPTION_SOURCE
07-29 12:51:10.435 E/use-Rlog/RLOG-RIL{0}( 9096): Request 104 [CDMA_GET_SUBSCRIPTION_SOURCE] not supported
07-29 12:51:10.435 D/use-Rlog/RLOG-RIL{0}( 9096): b89adee8 onHandleRequest:[-1639825196] GET_SIM_STATUS
07-29 12:51:10.435 D/use-Rlog/RLOG-RIL AT{0}( 9096): AT(18)> AT+CPIN?
07-29 12:51:10.435 D/RILJ    ( 3704): [8448]< GET_CURRENT_CALLS  
07-29 12:51:10.435 D/RILJ    ( 3704): [8449]< RIL_REQUEST_IMS_REGISTRATION_STATE {0, 0}
07-29 12:51:10.435 D/use-Rlog/RLOG-RIL{0}( 9096): b89ad420 onRequest:[-1639825176] SIM_IO
07-29 12:51:10.435 I/use-Rlog/RLOG-RIL{0}( 9096): sending request SIM_IO on channel 0
07-29 12:51:10.435 D/RILJ    ( 3704): [8450]< RIL_REQUEST_VOICE_RADIO_TECH {3}
07-29 12:51:10.436 D/RILJ    ( 3704): [8473]> iccIO: SIM_IO 0xc0 0x6fcb  path: 3F007FFF,0,0,15 aid: null
07-29 12:51:10.436 D/RilRequest( 3704): [8451]< RIL_REQUEST_CDMA_GET_SUBSCRIPTION_SOURCE error: com.android.internal.telephony.CommandException: REQUEST_NOT_SUPPORTED ret=
07-29 12:51:10.436 D/use-Rlog/RLOG-RIL{0}( 9096): b89ad420 onRequest:[-1639825175] SIM_IO
07-29 12:51:10.436 I/use-Rlog/RLOG-RIL{0}( 9096): sending request SIM_IO on channel 0
07-29 12:51:10.437 D/RILJ    ( 3704): [8474]> iccIO: SIM_IO 0xc0 0x6f13  path: 3F007FFF,0,0,15 aid: null
07-29 12:51:10.437 D/use-Rlog/RLOG-RIL AT{0}( 9096): AT(18)< +CPIN: READY
07-29 12:51:10.437 D/use-Rlog/RLOG-RIL AT{0}( 9096): AT(18)< OK
07-29 12:51:10.437 D/use-Rlog/RLOG-RIL AT{0}( 9096): AT(18)> AT*TSIMINS?
07-29 12:51:10.437 D/use-Rlog/RLOG-RIL{0}( 9096): b89ad420 onRequest:[-1639825174] SIM_IO
07-29 12:51:10.437 I/use-Rlog/RLOG-RIL{0}( 9096): sending request SIM_IO on channel 0
07-29 12:51:10.437 D/RILJ    ( 3704): [8475]> iccIO: SIM_IO 0xc0 0x6f46  path: 3F007FFF,0,0,15 aid: null
07-29 12:51:10.438 D/use-Rlog/RLOG-RIL{0}( 9096): b89ad420 onRequest:[-1639825173] SIM_IO
07-29 12:51:10.438 I/use-Rlog/RLOG-RIL{0}( 9096): sending request SIM_IO on channel 0
07-29 12:51:10.438 D/RILJ    ( 3704): [8476]> iccIO: SIM_IO 0xc0 0x6fcd  path: 3F007FFF,0,0,15 aid: null
07-29 12:51:10.439 D/use-Rlog/RLOG-RIL AT{0}( 9096): AT(18)< *TSIMINS: 1,1,1
07-29 12:51:10.439 D/use-Rlog/RLOG-RIL AT{0}( 9096): AT(18)< OK
07-29 12:51:10.439 D/use-Rlog/RLOG-RIL AT{0}( 9096): AT(18)> AT%PINNUM?
07-29 12:51:10.440 D/use-Rlog/RLOG-RIL AT{0}( 9096): AT(18)< +CUSATP:"D0818B8103012500820281828508566F6461666F6E658F1180566F6461666F6E6520736572766963658F13814F7076726167656E2062656C7465676F65648F0C824F7077616172646572656E8F0D83496E7374656C6C696E67656E8F158447726174697320534D532042657269636874656E8F0F85534D532046756E202620496E666F8F09864D4D5320696E666F"
07-29 12:51:10.440 D/use-Rlog/RLOG-RIL{0}( 9096): Kernel time: [8602.238138]
07-29 12:51:10.440 D/use-Rlog/RLOG-RIL{0}( 9096): b89ae710 onUnsolicited: +CUSATP:"D0818B8103012500820281828508566F6461666F6E658F1180566F6461666F6E6520736572766963658F13814F7076726167656E2062656C7465676F65648F0C824F7077616172646572656E8F0D83496E7374656C6C696E67656E8F158447726174697320534D532042657269636874656E8F0F85534D532046756E202620496E666F8F09864D4D5320696E666F" null
07-29 12:51:10.440 D/use-Rlog/RLOG-RIL AT{0}( 9096): AT(17)< +CUSATP:"D0818B8103012500820281828508566F6461666F6E658F1180566F6461666F6E6520736572766963658F13814F7076726167656E2062656C7465676F65648F0C824F7077616172646572656E8F0D83496E7374656C6C696E67656E8F158447726174697320534D532042657269636874656E8F0F85534D532046756E202620496E666F8F09864D4D5320696E666F"
07-29 12:51:10.440 D/use-Rlog/RLOG-RIL AT{0}( 9096): AT(16)< +CUSATP:"D0818B8103012500820281828508566F6461666F6E658F1180566F6461666F6E6520736572766963658F13814F7076726167656E2062656C7465676F65648F0C824F7077616172646572656E8F0D83496E7374656C6C696E67656E8F158447726174697320534D532042657269636874656E8F0F85534D532046756E202620496E666F8F09864D4D5320696E666F"
07-29 12:51:10.440 D/use-Rlog/RLOG-RIL{0}( 9096): b89ad420 onRequest:[-1639825172] SIM_IO
07-29 12:51:10.440 I/use-Rlog/RLOG-RIL{0}( 9096): sending request SIM_IO on channel 0
07-29 12:51:10.440 D/RILJ    ( 3704): [8477]> iccIO: SIM_IO 0xc0 0x6fc5  path: 3F007FFF,0,0,15 aid: null
07-29 12:51:10.441 D/use-Rlog/RLOG-RIL{0}( 9096): b89ad420 onRequest:[-1639825171] SIM_IO
07-29 12:51:10.441 I/use-Rlog/RLOG-RIL{0}( 9096): sending request SIM_IO on channel 0
07-29 12:51:10.441 D/RILJ    ( 3704): [8478]> iccIO: SIM_IO 0xc0 0x6f38  path: 3F007FFF,0,0,15 aid: null
07-29 12:51:10.442 D/use-Rlog/RLOG-RIL{0}( 9096): b89ad420 onRequest:[-1639825170] SIM_IO
07-29 12:51:10.442 I/use-Rlog/RLOG-RIL{0}( 9096): sending request SIM_IO on channel 0
07-29 12:51:10.442 D/RILJ    ( 3704): [8479]> iccIO: SIM_IO 0xc0 0x6f16  path: 3F007FFF,0,0,15 aid: null
07-29 12:51:10.443 D/use-Rlog/RLOG-RIL{0}( 9096): b89ad420 onRequest:[-1639825169] SIM_IO
07-29 12:51:10.443 I/use-Rlog/RLOG-RIL{0}( 9096): sending request SIM_IO on channel 0
07-29 12:51:10.443 D/RILJ    ( 3704): [8480]> iccIO: SIM_IO 0xc0 0x6f15  path: 3F007FFF,0,0,15 aid: null
07-29 12:51:10.443 D/use-Rlog/RLOG-RIL AT{0}( 9096): AT(18)< %PINNUM: 3, 10, 3, 10
07-29 12:51:10.443 D/use-Rlog/RLOG-RIL AT{0}( 9096): AT(18)< OK
07-29 12:51:10.443 D/use-Rlog/RLOG-RIL{0}( 9096): b89ad420 onRequest:[-1639825168] SIM_IO
07-29 12:51:10.443 I/use-Rlog/RLOG-RIL{0}( 9096): sending request SIM_IO on channel 0
07-29 12:51:10.443 D/use-Rlog/RLOG-RIL{0}( 9096): b89adee8 onHandleUnsolicited: +CUSATP:"D0818B8103012500820281828508566F6461666F6E658F1180566F6461666F6E6520736572766963658F13814F7076726167656E2062656C7465676F65648F0C824F7077616172646572656E8F0D83496E7374656C6C696E67656E8F158447726174697320534D532042657269636874656E8F0F85534D532046756E202620496E666F8F09864D4D5320696E666F" null
07-29 12:51:10.443 D/use-Rlog/RLOG-RIL{0}( 9096): b89adee8 onHandleRequest:[-1639825195] OPERATOR
07-29 12:51:10.443 D/use-Rlog/RLOG-RIL{0}( 9096): Providing cached Operator details
07-29 12:51:10.443 D/use-Rlog/RLOG-RIL{0}( 9096): b89adee8 onHandleRequest:[-1639825194] DATA_REGISTRATION_STATE
07-29 12:51:10.443 D/use-Rlog/RLOG-RIL{0}( 9096): b89adee8 onHandleRequest:[-1639825193] VOICE_REGISTRATION_STATE
07-29 12:51:10.443 D/use-Rlog/RLOG-RIL{0}( 9096): b89adee8 onHandleRequest:[-1639825192] QUERY_NETWORK_SELECTION_MODE
07-29 12:51:10.443 D/use-Rlog/RLOG-RIL{0}( 9096): Providing cached network selection details
07-29 12:51:10.443 D/use-Rlog/RLOG-RIL{0}( 9096): b89adee8 onHandleRequest:[-1] [INTERNAL]SIM_POLL
07-29 12:51:10.443 D/use-Rlog/RLOG-RIL AT{0}( 9096): AT(18)> AT+CPIN?
07-29 12:51:10.443 D/RILJ    ( 3704): [8452]< GET_SIM_STATUS IccCardState {CARDSTATE_PRESENT,PINSTATE_UNKNOWN,num_apps=1,gsm_id=0{APPTYPE_USIM,APPSTATE_READY,pin1=PINSTATE_UNKNOWN,pin2=PINSTATE_UNKNOWN},cdma_id=8,ims_id=8}
07-29 12:51:10.444 D/RILJ    ( 3704): [UNSL]< UNSOL_STK_PROACTIVE_COMMAND D0818B8103012500820281828508566F6461666F6E658F1180566F6461666F6E6520736572766963658F13814F7076726167656E2062656C7465676F65648F0C824F7077616172646572656E8F0D83496E7374656C6C696E67656E8F158447726174697320534D532042657269636874656E8F0F85534D532046756E202620496E666F8F09864D4D5320696E666F
07-29 12:51:10.444 D/RILJ    ( 3704): [8453]< OPERATOR {null, null, null}
07-29 12:51:10.444 D/RILJ    ( 3704): [8454]< DATA_REGISTRATION_STATE {0, null, null, 0, null, 2}
07-29 12:51:10.444 D/RILJ    ( 3704): [8455]< VOICE_REGISTRATION_STATE {2, null, null, 0}
07-29 12:51:10.444 D/RILJ    ( 3704): [8456]< QUERY_NETWORK_SELECTION_MODE {1}
07-29 12:51:10.444 D/RILJ    ( 3704): [8481]> iccIO: SIM_IO 0xc0 0x6f3e  path: 3F007FFF,0,0,15 aid: null
07-29 12:51:10.445 D/use-Rlog/RLOG-RIL{0}( 9096): b89ad420 onRequest:[-1639825167] SIM_IO
07-29 12:51:10.445 D/SIMRecords( 3704): [SIMRecords] fetchSimRecords 16 requested: true
07-29 12:51:10.445 I/use-Rlog/RLOG-RIL{0}( 9096): sending request SIM_IO on channel 0
07-29 12:51:10.445 D/CAT     ( 3704): CatService: SIM ready. Reporting STK service running now...
07-29 12:51:10.445 D/RILJ    ( 3704): [8482]> RIL_REQUEST_REPORT_STK_SERVICE_IS_RUNNING
07-29 12:51:10.445 D/use-Rlog/RLOG-RIL{0}( 9096): b89ad420 onRequest:[-1639825166] REPORT_STK_SERVICE_IS_RUNNING
07-29 12:51:10.445 I/use-Rlog/RLOG-RIL{0}( 9096): sending request REPORT_STK_SERVICE_IS_RUNNING on channel 0
07-29 12:51:10.445 D/RILJ    ( 3704): setCurrentPreferredNetworkType: 1
07-29 12:51:10.445 D/RILJ    ( 3704): [8483]> REQUEST_SET_PREFERRED_NETWORK_TYPE : 1
07-29 12:51:10.445 D/use-Rlog/RLOG-RIL AT{0}( 9096): AT(18)< +CPIN: READY
07-29 12:51:10.445 D/use-Rlog/RLOG-RIL AT{0}( 9096): AT(18)< OK
07-29 12:51:10.445 D/use-Rlog/RLOG-RIL{0}( 9096): b89adee8 onHandleRequest:[-1] [INTERNAL]UPDATE_SIM_LOADED
07-29 12:51:10.445 D/use-Rlog/RLOG-RIL AT{0}( 9096): AT(18)> AT+CGSMS=1
07-29 12:51:10.446 D/use-Rlog/RLOG-RIL{0}( 9096): b89ad420 onRequest:[-1639825165] SET_PREFERRED_NETWORK_TYPE
07-29 12:51:10.446 I/use-Rlog/RLOG-RIL{0}( 9096): sending request SET_PREFERRED_NETWORK_TYPE on channel 0
07-29 12:51:10.446 D/RILJ    ( 3704): [8484]> SET_NETWORK_SELECTION_MANUAL 00101
07-29 12:51:10.446 D/use-Rlog/RLOG-RIL AT{0}( 9096): AT(18)< +CME ERROR: 769
07-29 12:51:10.446 I/use-Rlog/RLOG-RIL{0}( 9096): checkAndAmendEmergencyNumbers
07-29 12:51:10.446 D/use-Rlog/RLOG-RIL AT{0}( 9096): AT(18)> AT+CPBS="EN"
07-29 12:51:10.446 D/use-Rlog/RLOG-RIL{0}( 9096): b89ad420 onRequest:[-1639825164] SET_NETWORK_SELECTION_MANUAL
07-29 12:51:10.446 I/use-Rlog/RLOG-RIL{0}( 9096): sending request SET_NETWORK_SELECTION_MANUAL on channel 1
07-29 12:51:10.446 D/use-Rlog/RLOG-RIL{0}( 9096): b89ae1d8 onHandleRequest:[-1639825164] SET_NETWORK_SELECTION_MANUAL
07-29 12:51:10.446 D/use-Rlog/RLOG-RIL AT{0}( 9096): AT(17)> AT+COPS=1,2,"00101"
07-29 12:51:10.446 D/RILJ    ( 3704): [8485]> OPERATOR
07-29 12:51:10.447 D/use-Rlog/RLOG-RIL{0}( 9096): b89ad420 onRequest:[-1639825163] OPERATOR
07-29 12:51:10.447 I/use-Rlog/RLOG-RIL{0}( 9096): sending request OPERATOR on channel 0
07-29 12:51:10.447 D/RILJ    ( 3704): [8486]> DATA_REGISTRATION_STATE
07-29 12:51:10.448 D/use-Rlog/RLOG-RIL{0}( 9096): b89ad420 onRequest:[-1639825162] DATA_REGISTRATION_STATE
07-29 12:51:10.448 I/use-Rlog/RLOG-RIL{0}( 9096): sending request DATA_REGISTRATION_STATE on channel 0
07-29 12:51:10.448 D/RILJ    ( 3704): [8487]> VOICE_REGISTRATION_STATE
07-29 12:51:10.448 D/use-Rlog/RLOG-RIL AT{0}( 9096): AT(18)< OK
07-29 12:51:10.448 D/use-Rlog/RLOG-RIL AT{0}( 9096): AT(18)> AT+CPBR=?
07-29 12:51:10.450 D/use-Rlog/RLOG-RIL AT{0}( 9096): AT(18)< +CME ERROR: 769
07-29 12:51:10.450 D/use-Rlog/RLOG-RIL{0}( 9096): Emergency call list updated
07-29 12:51:10.450 D/use-Rlog/RLOG-RIL AT{0}( 9096): AT(18)> AT+CNAP=1
07-29 12:51:10.450 D/use-Rlog/RLOG-RIL AT{0}( 9096): AT(18)< OK
07-29 12:51:10.450 D/use-Rlog/RLOG-RIL AT{0}( 9096): AT(18)> AT+CUSATD=1,0
07-29 12:51:10.450 D/use-Rlog/RLOG-RIL AT{0}( 9096): AT(18)< OK
07-29 12:51:10.450 D/use-Rlog/RLOG-RIL{0}( 9096): b89adee8 onHandleRequest:[-1] [INTERNAL]SIM_POLL
07-29 12:51:10.450 D/use-Rlog/RLOG-RIL AT{0}( 9096): AT(18)> AT+CPIN?
07-29 12:51:10.455 D/RILJ    ( 3704): [8488]> QUERY_NETWORK_SELECTION_MODE
07-29 12:51:10.455 D/use-Rlog/RLOG-RIL{0}( 9096): b89ad420 onRequest:[-1639825161] VOICE_REGISTRATION_STATE
07-29 12:51:10.455 I/use-Rlog/RLOG-RIL{0}( 9096): sending request VOICE_REGISTRATION_STATE on channel 0
07-29 12:51:10.455 D/use-Rlog/RLOG-RIL{0}( 9096): b89ad420 onRequest:[-1639825160] QUERY_NETWORK_SELECTION_MODE
07-29 12:51:10.455 I/use-Rlog/RLOG-RIL{0}( 9096): sending request QUERY_NETWORK_SELECTION_MODE on channel 0
07-29 12:51:10.455 D/IccCardProxy( 3704): Broadcasting intent ACTION_SIM_STATE_CHANGED READY reason null
07-29 12:51:10.455 D/use-Rlog/RLOG-RIL AT{0}( 9096): AT(18)< +CPIN: READY
07-29 12:51:10.455 D/use-Rlog/RLOG-RIL AT{0}( 9096): AT(18)< OK
07-29 12:51:10.455 D/use-Rlog/RLOG-RIL{0}( 9096): b89adee8 onHandleRequest:[-1639825191] GET_SIM_STATUS
07-29 12:51:10.455 D/use-Rlog/RLOG-RIL AT{0}( 9096): AT(18)> AT+CPIN?
07-29 12:51:10.457 D/use-Rlog/RLOG-RIL AT{0}( 9096): AT(18)< +CPIN: READY
07-29 12:51:10.457 D/use-Rlog/RLOG-RIL AT{0}( 9096): AT(18)< OK
07-29 12:51:10.457 D/use-Rlog/RLOG-RIL AT{0}( 9096): AT(18)> AT*TSIMINS?
07-29 12:51:10.458 D/DCT     ( 3704): handleMessage msg={ when=-29ms what=270369 obj=android.os.AsyncResult@41c70198 target=com.android.internal.telephony.dataconnection.DcTracker }
07-29 12:51:10.458 D/UiccController( 3704): Received EVENT_GET_ICC_STATUS_DONE
07-29 12:51:10.458 D/UiccCard( 3704): 1 applications
07-29 12:51:10.458 D/UiccCardApplication( 3704): APPTYPE_USIM update. New {APPTYPE_USIM,APPSTATE_READY,pin1=PINSTATE_UNKNOWN,pin2=PINSTATE_UNKNOWN}
07-29 12:51:10.458 D/CAT     ( 3704): CatService: Return current sInstance
07-29 12:51:10.458 E/UiccCard( 3704): App index 8 is invalid since there are no applications
07-29 12:51:10.458 E/UiccCard( 3704): App index 8 is invalid since there are no applications
07-29 12:51:10.458 D/UiccCard( 3704): update: radioState=RADIO_ON mLastRadioState=RADIO_ON
07-29 12:51:10.458 D/UiccController( 3704): Notifying IccChangedRegistrants
07-29 12:51:10.458 D/RIL_ImsSms( 3704): IMS is NOT registered!
07-29 12:51:10.458 E/RIL_ImsSms( 3704): IMS format was unknown!
07-29 12:51:10.458 D/PhoneProxy( 3704): [PhoneProxy] EVENT_REQUEST_VOICE_RADIO_TECH_DONE: newVoiceTech=3
07-29 12:51:10.458 D/PhoneProxy( 3704): [PhoneProxy] phoneObjectUpdater: newVoiceRadioTech=3
07-29 12:51:10.458 D/TelephonyManager( 3704): getLteOnCdmaMode=0 curVal=-1 product_type='' lteOnCdmaProductType=''
07-29 12:51:10.458 D/PhoneProxy( 3704): [PhoneProxy] phoneObjectUpdater: No change ignore, newVoiceRadioTech=3 mActivePhone=GSM
07-29 12:51:10.458 D/CdmaSSM ( 3704): CDMA_SUBSCRIPTION_SOURCE event = 2
07-29 12:51:10.458 W/CdmaSSM ( 3704): Unable to get CDMA Subscription Source, Exception: com.android.internal.telephony.CommandException: REQUEST_NOT_SUPPORTED, result: null
07-29 12:51:10.458 D/UiccController( 3704): Received EVENT_GET_ICC_STATUS_DONE
07-29 12:51:10.458 D/UiccCard( 3704): 1 applications
07-29 12:51:10.459 D/UiccCardApplication( 3704): APPTYPE_USIM update. New {APPTYPE_USIM,APPSTATE_READY,pin1=PINSTATE_UNKNOWN,pin2=PINSTATE_UNKNOWN}
07-29 12:51:10.459 D/CAT     ( 3704): CatService: Return current sInstance
07-29 12:51:10.459 E/UiccCard( 3704): App index 8 is invalid since there are no applications
07-29 12:51:10.459 E/UiccCard( 3704): App index 8 is invalid since there are no applications
07-29 12:51:10.459 D/UiccCard( 3704): update: radioState=RADIO_ON mLastRadioState=RADIO_ON
07-29 12:51:10.459 D/UiccController( 3704): Notifying IccChangedRegistrants
07-29 12:51:10.459 D/CAT     ( 3704): CatService: ril message arrived
07-29 12:51:10.459 D/DCT     ( 3704): handleMessage msg={ when=-1ms what=270369 obj=android.os.AsyncResult@41c7aaa8 target=com.android.internal.telephony.dataconnection.DcTracker }
07-29 12:51:10.459 D/CAT     ( 3704): CommandParamsFactory: process SelectItem
07-29 12:51:10.459 D/DCT     ( 3704): handleMessage msg={ when=0 what=270369 obj=android.os.AsyncResult@41c7c628 target=com.android.internal.telephony.dataconnection.DcTracker }
07-29 12:51:10.460 D/use-Rlog/RLOG-RIL AT{0}( 9096): AT(18)< *TSIMINS: 1,1,1
07-29 12:51:10.460 D/use-Rlog/RLOG-RIL AT{0}( 9096): AT(18)< OK
07-29 12:51:10.460 D/use-Rlog/RLOG-RIL AT{0}( 9096): AT(18)> AT%PINNUM?
07-29 12:51:10.460 D/CAT     ( 3704): CatService: SET_UP_MENU
07-29 12:51:10.460 D/CAT     ( 3704): CatService: encodeOptionalTags() Unsupported Cmd details=CmdDetails: compRequired=true commandNumber=1 typeOfCommand=37 commandQualifier=0
07-29 12:51:10.461 D/RILJ    ( 3704): [8489]> REQUEST_STK_SEND_TERMINAL_RESPONSE
07-29 12:51:10.461 D/use-Rlog/RLOG-RIL{0}( 9096): b89ad420 onRequest:[-1639825159] STK_SEND_TERMINAL_RESPONSE
07-29 12:51:10.461 I/use-Rlog/RLOG-RIL{0}( 9096): sending request STK_SEND_TERMINAL_RESPONSE on channel 0
07-29 12:51:10.461 D/use-Rlog/RLOG-RIL AT{0}( 9096): AT(18)< %PINNUM: 3, 10, 3, 10
07-29 12:51:10.461 D/use-Rlog/RLOG-RIL AT{0}( 9096): AT(18)< OK
07-29 12:51:10.462 D/use-Rlog/RLOG-RIL{0}( 9096): b89adee8 onHandleRequest:[-1639825190] GET_SIM_STATUS
07-29 12:51:10.462 D/use-Rlog/RLOG-RIL AT{0}( 9096): AT(18)> AT+CPIN?
07-29 12:51:10.462 D/RILJ    ( 3704): [8457]< GET_SIM_STATUS IccCardState {CARDSTATE_PRESENT,PINSTATE_UNKNOWN,num_apps=1,gsm_id=0{APPTYPE_USIM,APPSTATE_READY,pin1=PINSTATE_UNKNOWN,pin2=PINSTATE_UNKNOWN},cdma_id=8,ims_id=8}
07-29 12:51:10.462 D/UiccController( 3704): Received EVENT_GET_ICC_STATUS_DONE
07-29 12:51:10.462 D/UiccCard( 3704): 1 applications
07-29 12:51:10.462 D/UiccCardApplication( 3704): APPTYPE_USIM update. New {APPTYPE_USIM,APPSTATE_READY,pin1=PINSTATE_UNKNOWN,pin2=PINSTATE_UNKNOWN}
07-29 12:51:10.462 D/CAT     ( 3704): CatService: Return current sInstance
07-29 12:51:10.462 E/UiccCard( 3704): App index 8 is invalid since there are no applications
07-29 12:51:10.462 E/UiccCard( 3704): App index 8 is invalid since there are no applications
07-29 12:51:10.462 D/UiccCard( 3704): update: radioState=RADIO_ON mLastRadioState=RADIO_ON
07-29 12:51:10.462 D/UiccController( 3704): Notifying IccChangedRegistrants
07-29 12:51:10.462 D/DCT     ( 3704): handleMessage msg={ when=0 what=270369 obj=android.os.AsyncResult@41c80150 target=com.android.internal.telephony.dataconnection.DcTracker }
07-29 12:51:10.463 D/use-Rlog/RLOG-RIL AT{0}( 9096): AT(18)< +CPIN: READY
07-29 12:51:10.463 D/use-Rlog/RLOG-RIL AT{0}( 9096): AT(18)< OK
07-29 12:51:10.463 D/use-Rlog/RLOG-RIL AT{0}( 9096): AT(18)> AT*TSIMINS?
07-29 12:51:10.466 D/use-Rlog/RLOG-RIL AT{0}( 9096): AT(18)< *TSIMINS: 1,1,1
07-29 12:51:10.466 D/use-Rlog/RLOG-RIL AT{0}( 9096): AT(18)< OK
07-29 12:51:10.466 D/use-Rlog/RLOG-RIL AT{0}( 9096): AT(18)> AT%PINNUM?
07-29 12:51:10.466 D/CAT     ( 3704): CatService: Return current sInstance
07-29 12:51:10.467 D/CAT     ( 3704): StkAppService: SET_UP_MENU
07-29 12:51:10.467 D/CAT     ( 3704): StkAppService: Install App
07-29 12:51:10.468 D/use-Rlog/RLOG-RIL AT{0}( 9096): AT(18)< %PINNUM: 3, 10, 3, 10
07-29 12:51:10.468 D/use-Rlog/RLOG-RIL AT{0}( 9096): AT(18)< OK
07-29 12:51:10.468 D/use-Rlog/RLOG-RIL{0}( 9096): b89adee8 onHandleRequest:[-1639825189] OPERATOR
07-29 12:51:10.468 D/use-Rlog/RLOG-RIL{0}( 9096): Providing cached Operator details
07-29 12:51:10.468 D/use-Rlog/RLOG-RIL{0}( 9096): b89adee8 onHandleRequest:[-1639825188] DATA_REGISTRATION_STATE
07-29 12:51:10.468 D/use-Rlog/RLOG-RIL{0}( 9096): b89adee8 onHandleRequest:[-1639825187] VOICE_REGISTRATION_STATE
07-29 12:51:10.468 D/use-Rlog/RLOG-RIL{0}( 9096): b89adee8 onHandleRequest:[-1639825186] QUERY_NETWORK_SELECTION_MODE
07-29 12:51:10.468 D/use-Rlog/RLOG-RIL{0}( 9096): Providing cached network selection details
07-29 12:51:10.468 D/use-Rlog/RLOG-RIL{0}( 9096): b89adee8 onHandleRequest:[-1639825185] QUERY_FACILITY_LOCK
07-29 12:51:10.468 D/use-Rlog/RLOG-RIL{0}( 9096): FACILITY
07-29 12:51:10.468 D/use-Rlog/RLOG-RIL AT{0}( 9096): AT(18)> AT+CLCK="FD",2,,7
07-29 12:51:10.468 D/RILJ    ( 3704): [8458]< GET_SIM_STATUS IccCardState {CARDSTATE_PRESENT,PINSTATE_UNKNOWN,num_apps=1,gsm_id=0{APPTYPE_USIM,APPSTATE_READY,pin1=PINSTATE_UNKNOWN,pin2=PINSTATE_UNKNOWN},cdma_id=8,ims_id=8}
07-29 12:51:10.468 D/UiccController( 3704): Received EVENT_GET_ICC_STATUS_DONE
07-29 12:51:10.468 D/UiccCard( 3704): 1 applications
07-29 12:51:10.468 D/UiccCardApplication( 3704): APPTYPE_USIM update. New {APPTYPE_USIM,APPSTATE_READY,pin1=PINSTATE_UNKNOWN,pin2=PINSTATE_UNKNOWN}
07-29 12:51:10.468 D/CAT     ( 3704): CatService: Return current sInstance
07-29 12:51:10.469 E/UiccCard( 3704): App index 8 is invalid since there are no applications
07-29 12:51:10.469 E/UiccCard( 3704): App index 8 is invalid since there are no applications
