07-29 12:49:55.289 D/use-Rlog/RLOG-RIL AT{0}( 9096): AT(18)<          'given':[920,952,17,8,5155,25,24,13,13,13,13,13,13,0,0,0,0,0,39],
07-29 12:49:55.289 D/use-Rlog/RLOG-RIL AT{0}( 9096): AT(18)<          'taken':[920,952,17,8,5155,25,24,13,13,13,13,13,13,0,0,0,0,0,39]
07-29 12:49:55.289 D/use-Rlog/RLOG-RIL AT{0}( 9096): AT(18)<       },
07-29 12:49:55.289 D/use-Rlog/RLOG-RIL AT{0}( 9096): AT(18)<       'signal':{
07-29 12:49:55.289 D/use-Rlog/RLOG-RIL AT{0}( 9096): AT(18)<          'ul':5198,
07-29 12:49:55.289 D/use-Rlog/RLOG-RIL AT{0}( 9096): AT(18)<          'dl':5763
07-29 12:49:55.289 D/use-Rlog/RLOG-RIL AT{0}( 9096): AT(18)<       }
07-29 12:49:55.289 D/use-Rlog/RLOG-RIL AT{0}( 9096): AT(18)<    },
07-29 12:49:55.289 D/use-Rlog/RLOG-RIL AT{0}( 9096): AT(18)< }
07-29 12:49:55.289 D/use-Rlog/RLOG-RIL AT{0}( 9096): AT(18)< OK
07-29 12:49:55.290 D/use-Rlog/RLOG-RIL{0}( 9096): b89adee8 onHandleUnsolicited: +CESQ: 99,99,255,255,255,255 null
07-29 12:49:55.290 I/use-Rlog/RLOG-RIL{0}( 9096): Invalid/empty measurement report
07-29 12:49:55.290 D/use-Rlog/RLOG-RIL{0}( 9096): b89adee8 onHandleUnsolicited: %NWSTATE: 0,00000,0,-,0 null
07-29 12:49:55.290 D/use-Rlog/RLOG-RIL{0}( 9096): b89adee8 onHandleUnsolicited: +CUSATP:"D0818B8103012500820281828508566F6461666F6E658F1180566F6461666F6E6520736572766963658F13814F7076726167656E2062656C7465676F65648F0C824F7077616172646572656E8F0D83496E7374656C6C696E67656E8F158447726174697320534D532042657269636874656E8F0F85534D532046756E202620496E666F8F09864D4D5320696E666F" null
07-29 12:49:55.290 D/use-Rlog/RLOG-RIL{0}( 9096): b89adee8 onHandleRequest:[-1639825273] BASEBAND_VERSION
07-29 12:49:55.290 D/use-Rlog/RLOG-RIL AT{0}( 9096): AT(18)> AT+CGMR
07-29 12:49:55.290 D/use-Rlog/RLOG-RIL{0}( 9096): b89ad420 onRequest:[-1639825247] VOICE_REGISTRATION_STATE
07-29 12:49:55.290 I/use-Rlog/RLOG-RIL{0}( 9096): sending request VOICE_REGISTRATION_STATE on channel 0
07-29 12:49:55.290 D/RILJ    ( 3704): [UNSL]< UNSOL_RESPONSE_VOICE_NETWORK_STATE_CHANGED
07-29 12:49:55.290 D/RILJ    ( 3704): [8374]< SCREEN_STATE 
07-29 12:49:55.290 D/RILJ    ( 3704): [UNSL]< UNSOL_STK_PROACTIVE_COMMAND D0818B8103012500820281828508566F6461666F6E658F1180566F6461666F6E6520736572766963658F13814F7076726167656E2062656C7465676F65648F0C824F7077616172646572656E8F0D83496E7374656C6C696E67656E8F158447726174697320534D532042657269636874656E8F0F85534D532046756E202620496E666F8F09864D4D5320696E666F
07-29 12:49:55.290 D/RILJ    ( 3704): [8402]> QUERY_NETWORK_SELECTION_MODE
07-29 12:49:55.292 D/use-Rlog/RLOG-RIL{0}( 9096): b89ad420 onRequest:[-1639825246] QUERY_NETWORK_SELECTION_MODE
07-29 12:49:55.292 I/use-Rlog/RLOG-RIL{0}( 9096): sending request QUERY_NETWORK_SELECTION_MODE on channel 0
07-29 12:49:55.292 D/use-Rlog/RLOG-RIL AT{0}( 9096): AT(18)< Modem mode
07-29 12:49:55.292 D/use-Rlog/RLOG-RIL AT{0}( 9096): AT(18)< S8515 
07-29 12:49:55.292 D/use-Rlog/RLOG-RIL AT{0}( 9096): AT(18)< P4 rev: CL785962 with 0 local change(s).
07-29 12:49:55.292 D/use-Rlog/RLOG-RIL AT{0}( 9096): AT(18)< OK
07-29 12:49:55.292 D/use-Rlog/RLOG-RIL{0}( 9096): b89adee8 onHandleRequest:[-1639825272] GET_IMEI
07-29 12:49:55.292 D/use-Rlog/RLOG-RIL AT{0}( 9096): AT(18)> AT+CGSN
07-29 12:49:55.297 D/RILJ    ( 3704): [8375]< BASEBAND_VERSION S8515 
07-29 12:49:55.297 D/RILJ    ( 3704): P4 rev: CL785962 with 0 
07-29 12:49:55.297 D/SIMRecords( 3704): [SIMRecords] fetchSimRecords 0
07-29 12:49:55.297 D/RILJ    ( 3704): [8403]> getIMSI: GET_IMSI aid: null
07-29 12:49:55.299 D/use-Rlog/RLOG-RIL{0}( 9096): b89ad420 onRequest:[-1639825245] GET_IMSI
07-29 12:49:55.299 I/use-Rlog/RLOG-RIL{0}( 9096): sending request GET_IMSI on channel 0
07-29 12:49:55.299 D/RILJ    ( 3704): [8404]> iccIO: SIM_IO 0xc0 0x2fe2  path: 3F00,0,0,15 aid: null
07-29 12:49:55.300 D/use-Rlog/RLOG-RIL{0}( 9096): b89ad420 onRequest:[-1639825244] SIM_IO
07-29 12:49:55.300 I/use-Rlog/RLOG-RIL{0}( 9096): sending request SIM_IO on channel 0
07-29 12:49:55.300 D/RILJ    ( 3704): [8405]> iccIO: SIM_IO 0xc0 0x6f40  path: 3F007FFF,0,0,15 aid: null
07-29 12:49:55.301 D/use-Rlog/RLOG-RIL{0}( 9096): b89ad420 onRequest:[-1639825243] SIM_IO
07-29 12:49:55.301 I/use-Rlog/RLOG-RIL{0}( 9096): sending request SIM_IO on channel 0
07-29 12:49:55.301 D/RILJ    ( 3704): [8406]> iccIO: SIM_IO 0xc0 0x6fc9  path: 3F007FFF,0,0,15 aid: null
07-29 12:49:55.302 D/use-Rlog/RLOG-RIL{0}( 9096): b89ad420 onRequest:[-1639825242] SIM_IO
07-29 12:49:55.302 I/use-Rlog/RLOG-RIL{0}( 9096): sending request SIM_IO on channel 0
07-29 12:49:55.303 D/RILJ    ( 3704): [8407]> iccIO: SIM_IO 0xc0 0x6fad  path: 3F007FFF,0,0,15 aid: null
07-29 12:49:55.303 D/use-Rlog/RLOG-RIL{0}( 9096): b89ad420 onRequest:[-1639825241] SIM_IO
07-29 12:49:55.303 I/use-Rlog/RLOG-RIL{0}( 9096): sending request SIM_IO on channel 0
07-29 12:49:55.304 D/RILJ    ( 3704): [8408]> iccIO: SIM_IO 0xc0 0x6fca  path: 3F007FFF,0,0,15 aid: null
07-29 12:49:55.304 D/use-Rlog/RLOG-RIL{0}( 9096): b89ad420 onRequest:[-1639825240] SIM_IO
07-29 12:49:55.304 I/use-Rlog/RLOG-RIL{0}( 9096): sending request SIM_IO on channel 0
07-29 12:49:55.305 D/RILJ    ( 3704): [8409]> iccIO: SIM_IO 0xc0 0x6f11  path: 3F007FFF,0,0,15 aid: null
07-29 12:49:55.305 D/use-Rlog/RLOG-RIL{0}( 9096): b89ad420 onRequest:[-1639825239] SIM_IO
07-29 12:49:55.305 I/use-Rlog/RLOG-RIL{0}( 9096): sending request SIM_IO on channel 0
07-29 12:49:55.306 D/RILJ    ( 3704): [8410]> iccIO: SIM_IO 0xc0 0x6fcb  path: 3F007FFF,0,0,15 aid: null
07-29 12:49:55.306 D/use-Rlog/RLOG-RIL{0}( 9096): b89ad420 onRequest:[-1639825238] SIM_IO
07-29 12:49:55.306 I/use-Rlog/RLOG-RIL{0}( 9096): sending request SIM_IO on channel 0
07-29 12:49:55.306 D/RILJ    ( 3704): [8411]> iccIO: SIM_IO 0xc0 0x6f13  path: 3F007FFF,0,0,15 aid: null
07-29 12:49:55.307 D/use-Rlog/RLOG-RIL{0}( 9096): b89ad420 onRequest:[-1639825237] SIM_IO
07-29 12:49:55.307 I/use-Rlog/RLOG-RIL{0}( 9096): sending request SIM_IO on channel 0
07-29 12:49:55.307 D/RILJ    ( 3704): [8412]> iccIO: SIM_IO 0xc0 0x6f46  path: 3F007FFF,0,0,15 aid: null
07-29 12:49:55.308 D/use-Rlog/RLOG-RIL{0}( 9096): b89ad420 onRequest:[-1639825236] SIM_IO
07-29 12:49:55.308 I/use-Rlog/RLOG-RIL{0}( 9096): sending request SIM_IO on channel 0
07-29 12:49:55.309 D/RILJ    ( 3704): [8413]> iccIO: SIM_IO 0xc0 0x6fcd  path: 3F007FFF,0,0,15 aid: null
07-29 12:49:55.310 D/use-Rlog/RLOG-RIL{0}( 9096): b89ad420 onRequest:[-1639825235] SIM_IO
07-29 12:49:55.310 I/use-Rlog/RLOG-RIL{0}( 9096): sending request SIM_IO on channel 0
07-29 12:49:55.310 D/RILJ    ( 3704): [8414]> iccIO: SIM_IO 0xc0 0x6fc5  path: 3F007FFF,0,0,15 aid: null
07-29 12:49:55.311 D/use-Rlog/RLOG-RIL{0}( 9096): b89ad420 onRequest:[-1639825234] SIM_IO
07-29 12:49:55.311 I/use-Rlog/RLOG-RIL{0}( 9096): sending request SIM_IO on channel 0
07-29 12:49:55.311 D/RILJ    ( 3704): [8415]> iccIO: SIM_IO 0xc0 0x6f38  path: 3F007FFF,0,0,15 aid: null
07-29 12:49:55.312 D/use-Rlog/RLOG-RIL{0}( 9096): b89ad420 onRequest:[-1639825233] SIM_IO
07-29 12:49:55.312 I/use-Rlog/RLOG-RIL{0}( 9096): sending request SIM_IO on channel 0
07-29 12:49:55.312 D/RILJ    ( 3704): [8416]> iccIO: SIM_IO 0xc0 0x6f16  path: 3F007FFF,0,0,15 aid: null
07-29 12:49:55.313 D/use-Rlog/RLOG-RIL{0}( 9096): b89ad420 onRequest:[-1639825232] SIM_IO
07-29 12:49:55.313 I/use-Rlog/RLOG-RIL{0}( 9096): sending request SIM_IO on channel 0
07-29 12:49:55.313 D/RILJ    ( 3704): [8417]> iccIO: SIM_IO 0xc0 0x6f15  path: 3F007FFF,0,0,15 aid: null
07-29 12:49:55.314 D/use-Rlog/RLOG-RIL{0}( 9096): b89ad420 onRequest:[-1639825231] SIM_IO
07-29 12:49:55.314 I/use-Rlog/RLOG-RIL{0}( 9096): sending request SIM_IO on channel 0
07-29 12:49:55.314 D/RILJ    ( 3704): [8418]> iccIO: SIM_IO 0xc0 0x6f3e  path: 3F007FFF,0,0,15 aid: null
07-29 12:49:55.315 D/use-Rlog/RLOG-RIL{0}( 9096): b89ad420 onRequest:[-1639825230] SIM_IO
07-29 12:49:55.315 I/use-Rlog/RLOG-RIL{0}( 9096): sending request SIM_IO on channel 0
07-29 12:49:55.315 D/SIMRecords( 3704): [SIMRecords] fetchSimRecords 16 requested: true
07-29 12:49:55.315 D/RILJ    ( 3704): [8419]> OPERATOR
07-29 12:49:55.316 D/use-Rlog/RLOG-RIL{0}( 9096): b89ad420 onRequest:[-1639825229] OPERATOR
07-29 12:49:55.316 I/use-Rlog/RLOG-RIL{0}( 9096): sending request OPERATOR on channel 0
07-29 12:49:55.316 D/RILJ    ( 3704): [8420]> DATA_REGISTRATION_STATE
07-29 12:49:55.317 D/use-Rlog/RLOG-RIL{0}( 9096): b89ad420 onRequest:[-1639825228] DATA_REGISTRATION_STATE
07-29 12:49:55.317 I/use-Rlog/RLOG-RIL{0}( 9096): sending request DATA_REGISTRATION_STATE on channel 0
07-29 12:49:55.318 D/RILJ    ( 3704): [8421]> VOICE_REGISTRATION_STATE
07-29 12:49:55.319 D/use-Rlog/RLOG-RIL{0}( 9096): b89ad420 onRequest:[-1639825227] VOICE_REGISTRATION_STATE
07-29 12:49:55.319 I/use-Rlog/RLOG-RIL{0}( 9096): sending request VOICE_REGISTRATION_STATE on channel 0
07-29 12:49:55.319 D/RILJ    ( 3704): [8422]> QUERY_NETWORK_SELECTION_MODE
07-29 12:49:55.320 D/use-Rlog/RLOG-RIL{0}( 9096): b89ad420 onRequest:[-1639825226] QUERY_NETWORK_SELECTION_MODE
07-29 12:49:55.320 I/use-Rlog/RLOG-RIL{0}( 9096): sending request QUERY_NETWORK_SELECTION_MODE on channel 0
07-29 12:49:55.326 D/use-Rlog/RLOG-RIL AT{0}( 9096): AT(18)< 354358060093634
07-29 12:49:55.326 D/use-Rlog/RLOG-RIL AT{0}( 9096): AT(18)< OK
07-29 12:49:55.326 D/use-Rlog/RLOG-RIL{0}( 9096): b89adee8 onHandleRequest:[-1639825271] GET_IMEISV
07-29 12:49:55.326 D/use-Rlog/RLOG-RIL AT{0}( 9096): AT(18)> AT%IIMEISV?
07-29 12:49:55.328 D/RILJ    ( 3704): [8376]< GET_IMEI 
07-29 12:49:55.329 D/CAT     ( 3704): CatService: ril message arrived
07-29 12:49:55.329 D/CAT     ( 3704): CommandParamsFactory: process SelectItem
07-29 12:49:55.330 D/GSMPhone( 3704): Baseband version: S8515 
07-29 12:49:55.330 D/GSMPhone( 3704): P4 rev: CL785962 with 0 
07-29 12:49:55.331 D/CAT     ( 3704): CatService: SET_UP_MENU
07-29 12:49:55.331 D/CAT     ( 3704): CatService: encodeOptionalTags() Unsupported Cmd details=CmdDetails: compRequired=true commandNumber=1 typeOfCommand=37 commandQualifier=0
07-29 12:49:55.331 D/RILJ    ( 3704): [8423]> REQUEST_STK_SEND_TERMINAL_RESPONSE
07-29 12:49:55.335 D/use-Rlog/RLOG-RIL{0}( 9096): b89ad420 onRequest:[-1639825225] STK_SEND_TERMINAL_RESPONSE
07-29 12:49:55.335 I/use-Rlog/RLOG-RIL{0}( 9096): sending request STK_SEND_TERMINAL_RESPONSE on channel 0
07-29 12:49:55.342 D/CAT     ( 3704): CatService: Return current sInstance
07-29 12:49:55.344 D/CAT     ( 3704): StkAppService: SET_UP_MENU
07-29 12:49:55.344 D/CAT     ( 3704): StkAppService: Install App
07-29 12:49:55.355 D/use-Rlog/RLOG-RIL AT{0}( 9096): AT(18)< 3543580600936300
07-29 12:49:55.355 D/use-Rlog/RLOG-RIL AT{0}( 9096): AT(18)< OK
07-29 12:49:55.355 D/use-Rlog/RLOG-RIL{0}( 9096): b89adee8 onHandleRequest:[-1] [INTERNAL]SIM_POLL
07-29 12:49:55.355 D/use-Rlog/RLOG-RIL AT{0}( 9096): AT(18)> AT+CPIN?
07-29 12:49:55.356 D/RILJ    ( 3704): [8377]< GET_IMEISV 
07-29 12:49:55.358 D/use-Rlog/RLOG-RIL AT{0}( 9096): AT(18)< +CPIN: READY
07-29 12:49:55.358 D/use-Rlog/RLOG-RIL AT{0}( 9096): AT(18)< OK
07-29 12:49:55.358 D/use-Rlog/RLOG-RIL{0}( 9096): b89adee8 onHandleRequest:[-1] [INTERNAL]SIM_POLL
07-29 12:49:55.358 D/use-Rlog/RLOG-RIL AT{0}( 9096): AT(18)> AT+CPIN?
07-29 12:49:55.360 D/use-Rlog/RLOG-RIL AT{0}( 9096): AT(18)< +CPIN: READY
07-29 12:49:55.360 D/use-Rlog/RLOG-RIL AT{0}( 9096): AT(18)< OK
07-29 12:49:55.360 D/use-Rlog/RLOG-RIL{0}( 9096): b89adee8 onHandleRequest:[-1] [INTERNAL]SIM_POLL
07-29 12:49:55.360 D/use-Rlog/RLOG-RIL AT{0}( 9096): AT(18)> AT+CPIN?
07-29 12:49:55.362 D/use-Rlog/RLOG-RIL AT{0}( 9096): AT(18)< +CPIN: READY
07-29 12:49:55.362 D/use-Rlog/RLOG-RIL AT{0}( 9096): AT(18)< OK
07-29 12:49:55.362 D/use-Rlog/RLOG-RIL{0}( 9096): b89adee8 onHandleRequest:[-1] [INTERNAL]UPDATE_SIM_LOADED
07-29 12:49:55.362 D/use-Rlog/RLOG-RIL AT{0}( 9096): AT(18)> AT+CGSMS=1
07-29 12:49:55.364 D/use-Rlog/RLOG-RIL AT{0}( 9096): AT(18)< +CME ERROR: 769
07-29 12:49:55.364 I/use-Rlog/RLOG-RIL{0}( 9096): checkAndAmendEmergencyNumbers
07-29 12:49:55.364 D/use-Rlog/RLOG-RIL AT{0}( 9096): AT(18)> AT+CPBS="EN"
07-29 12:49:55.365 D/use-Rlog/RLOG-RIL AT{0}( 9096): AT(18)< OK
07-29 12:49:55.365 D/use-Rlog/RLOG-RIL AT{0}( 9096): AT(18)> AT+CPBR=?
07-29 12:49:55.366 D/use-Rlog/RLOG-RIL AT{0}( 9096): AT(18)< +CME ERROR: 769
07-29 12:49:55.367 D/use-Rlog/RLOG-RIL{0}( 9096): Emergency call list updated
07-29 12:49:55.367 D/use-Rlog/RLOG-RIL AT{0}( 9096): AT(18)> AT+CNAP=1
07-29 12:49:55.370 D/use-Rlog/RLOG-RIL AT{0}( 9096): AT(18)< OK
07-29 12:49:55.370 D/use-Rlog/RLOG-RIL AT{0}( 9096): AT(18)> AT+CUSATD=1,0
07-29 12:49:55.371 D/use-Rlog/RLOG-RIL AT{0}( 9096): AT(18)< OK
07-29 12:49:55.371 D/use-Rlog/RLOG-RIL{0}( 9096): b89adee8 onHandleRequest:[-1] [INTERNAL]SIM_POLL
07-29 12:49:55.371 D/use-Rlog/RLOG-RIL AT{0}( 9096): AT(18)> AT+CPIN?
07-29 12:49:55.373 D/use-Rlog/RLOG-RIL AT{0}( 9096): AT(18)< +CPIN: READY
07-29 12:49:55.373 D/use-Rlog/RLOG-RIL AT{0}( 9096): AT(18)< OK
07-29 12:49:55.373 D/use-Rlog/RLOG-RIL{0}( 9096): b89adee8 onHandleRequest:[-1639825270] GET_SIM_STATUS
07-29 12:49:55.373 D/use-Rlog/RLOG-RIL AT{0}( 9096): AT(18)> AT+CPIN?
07-29 12:49:55.375 D/use-Rlog/RLOG-RIL AT{0}( 9096): AT(18)< +CPIN: READY
07-29 12:49:55.375 D/use-Rlog/RLOG-RIL AT{0}( 9096): AT(18)< OK
07-29 12:49:55.375 D/use-Rlog/RLOG-RIL AT{0}( 9096): AT(18)> AT*TSIMINS?
07-29 12:49:55.378 D/use-Rlog/RLOG-RIL AT{0}( 9096): AT(18)< *TSIMINS: 1,1,1
07-29 12:49:55.378 D/use-Rlog/RLOG-RIL AT{0}( 9096): AT(18)< OK
07-29 12:49:55.378 D/use-Rlog/RLOG-RIL AT{0}( 9096): AT(18)> AT%PINNUM?
07-29 12:49:55.380 D/use-Rlog/RLOG-RIL AT{0}( 9096): AT(18)< %PINNUM: 3, 10, 3, 10
07-29 12:49:55.380 D/use-Rlog/RLOG-RIL AT{0}( 9096): AT(18)< OK
07-29 12:49:55.380 D/use-Rlog/RLOG-RIL{0}( 9096): b89adee8 onHandleRequest:[-1639825269] GET_SIM_STATUS
07-29 12:49:55.380 D/use-Rlog/RLOG-RIL AT{0}( 9096): AT(18)> AT+CPIN?
07-29 12:49:55.380 D/RILJ    ( 3704): [8378]< GET_SIM_STATUS IccCardState {CARDSTATE_PRESENT,PINSTATE_UNKNOWN,num_apps=1,gsm_id=0{APPTYPE_USIM,APPSTATE_READY,pin1=PINSTATE_UNKNOWN,pin2=PINSTATE_UNKNOWN},cdma_id=8,ims_id=8}
07-29 12:49:55.380 D/UiccController( 3704): Received EVENT_GET_ICC_STATUS_DONE
07-29 12:49:55.380 D/UiccCard( 3704): 1 applications
07-29 12:49:55.381 D/UiccCardApplication( 3704): APPTYPE_USIM update. New {APPTYPE_USIM,APPSTATE_READY,pin1=PINSTATE_UNKNOWN,pin2=PINSTATE_UNKNOWN}
07-29 12:49:55.381 D/CAT     ( 3704): CatService: Return current sInstance
07-29 12:49:55.381 E/UiccCard( 3704): App index 8 is invalid since there are no applications
07-29 12:49:55.381 E/UiccCard( 3704): App index 8 is invalid since there are no applications
07-29 12:49:55.381 D/UiccCard( 3704): update: radioState=RADIO_ON mLastRadioState=RADIO_ON
07-29 12:49:55.381 D/UiccController( 3704): Notifying IccChangedRegistrants
07-29 12:49:55.381 D/DCT     ( 3704): handleMessage msg={ when=0 what=270369 obj=android.os.AsyncResult@41aceb70 target=com.android.internal.telephony.dataconnection.DcTracker }
07-29 12:49:55.383 D/use-Rlog/RLOG-RIL AT{0}( 9096): AT(18)< +CPIN: READY
07-29 12:49:55.383 D/use-Rlog/RLOG-RIL AT{0}( 9096): AT(18)< OK
07-29 12:49:55.383 D/use-Rlog/RLOG-RIL AT{0}( 9096): AT(18)> AT*TSIMINS?
07-29 12:49:55.385 D/use-Rlog/RLOG-RIL AT{0}( 9096): AT(18)< *TSIMINS: 1,1,1
07-29 12:49:55.385 D/use-Rlog/RLOG-RIL AT{0}( 9096): AT(18)< OK
07-29 12:49:55.385 D/use-Rlog/RLOG-RIL AT{0}( 9096): AT(18)> AT%PINNUM?
07-29 12:49:55.387 D/use-Rlog/RLOG-RIL AT{0}( 9096): AT(18)< %PINNUM: 3, 10, 3, 10
07-29 12:49:55.387 D/use-Rlog/RLOG-RIL AT{0}( 9096): AT(18)< OK
07-29 12:49:55.387 D/use-Rlog/RLOG-RIL{0}( 9096): b89adee8 onHandleRequest:[-1639825268] GET_SIM_STATUS
07-29 12:49:55.387 D/use-Rlog/RLOG-RIL AT{0}( 9096): AT(18)> AT+CPIN?
07-29 12:49:55.387 D/RILJ    ( 3704): [8379]< GET_SIM_STATUS IccCardState {CARDSTATE_PRESENT,PINSTATE_UNKNOWN,num_apps=1,gsm_id=0{APPTYPE_USIM,APPSTATE_READY,pin1=PINSTATE_UNKNOWN,pin2=PINSTATE_UNKNOWN},cdma_id=8,ims_id=8}
07-29 12:49:55.387 D/UiccController( 3704): Received EVENT_GET_ICC_STATUS_DONE
07-29 12:49:55.387 D/UiccCard( 3704): 1 applications
07-29 12:49:55.387 D/UiccCardApplication( 3704): APPTYPE_USIM update. New {APPTYPE_USIM,APPSTATE_READY,pin1=PINSTATE_UNKNOWN,pin2=PINSTATE_UNKNOWN}
07-29 12:49:55.387 D/CAT     ( 3704): CatService: Return current sInstance
07-29 12:49:55.387 E/UiccCard( 3704): App index 8 is invalid since there are no applications
07-29 12:49:55.388 E/UiccCard( 3704): App index 8 is invalid since there are no applications
07-29 12:49:55.388 D/UiccCard( 3704): update: radioState=RADIO_ON mLastRadioState=RADIO_ON
07-29 12:49:55.388 D/UiccController( 3704): Notifying IccChangedRegistrants
07-29 12:49:55.388 D/DCT     ( 3704): handleMessage msg={ when=0 what=270369 obj=android.os.AsyncResult@41ad4390 target=com.android.internal.telephony.dataconnection.DcTracker }
07-29 12:49:55.389 D/use-Rlog/RLOG-RIL AT{0}( 9096): AT(18)< +CPIN: READY
07-29 12:49:55.389 D/use-Rlog/RLOG-RIL AT{0}( 9096): AT(18)< OK
07-29 12:49:55.389 D/use-Rlog/RLOG-RIL AT{0}( 9096): AT(18)> AT*TSIMINS?
07-29 12:49:55.393 D/use-Rlog/RLOG-RIL AT{0}( 9096): AT(18)< *TSIMINS: 1,1,1
07-29 12:49:55.393 D/use-Rlog/RLOG-RIL AT{0}( 9096): AT(18)< OK
07-29 12:49:55.393 D/use-Rlog/RLOG-RIL AT{0}( 9096): AT(18)> AT%PINNUM?
07-29 12:49:55.395 D/use-Rlog/RLOG-RIL AT{0}( 9096): AT(18)< %PINNUM: 3, 10, 3, 10
07-29 12:49:55.395 D/use-Rlog/RLOG-RIL AT{0}( 9096): AT(18)< OK
07-29 12:49:55.395 D/use-Rlog/RLOG-RIL{0}( 9096): b89adee8 onHandleRequest:[-1639825267] GET_SIM_STATUS
07-29 12:49:55.395 D/use-Rlog/RLOG-RIL AT{0}( 9096): AT(18)> AT+CPIN?
07-29 12:49:55.395 D/RILJ    ( 3704): [8380]< GET_SIM_STATUS IccCardState {CARDSTATE_PRESENT,PINSTATE_UNKNOWN,num_apps=1,gsm_id=0{APPTYPE_USIM,APPSTATE_READY,pin1=PINSTATE_UNKNOWN,pin2=PINSTATE_UNKNOWN},cdma_id=8,ims_id=8}
07-29 12:49:55.395 D/UiccController( 3704): Received EVENT_GET_ICC_STATUS_DONE
07-29 12:49:55.395 D/UiccCard( 3704): 1 applications
07-29 12:49:55.395 D/UiccCardApplication( 3704): APPTYPE_USIM update. New {APPTYPE_USIM,APPSTATE_READY,pin1=PINSTATE_UNKNOWN,pin2=PINSTATE_UNKNOWN}
07-29 12:49:55.395 D/CAT     ( 3704): CatService: Return current sInstance
07-29 12:49:55.395 E/UiccCard( 3704): App index 8 is invalid since there are no applications
07-29 12:49:55.395 E/UiccCard( 3704): App index 8 is invalid since there are no applications
07-29 12:49:55.395 D/UiccCard( 3704): update: radioState=RADIO_ON mLastRadioState=RADIO_ON
07-29 12:49:55.395 D/UiccController( 3704): Notifying IccChangedRegistrants
07-29 12:49:55.395 D/DCT     ( 3704): handleMessage msg={ when=0 what=270369 obj=android.os.AsyncResult@41ac4620 target=com.android.internal.telephony.dataconnection.DcTracker }
07-29 12:49:55.397 D/use-Rlog/RLOG-RIL AT{0}( 9096): AT(18)< +CPIN: READY
07-29 12:49:55.397 D/use-Rlog/RLOG-RIL AT{0}( 9096): AT(18)< OK
07-29 12:49:55.397 D/use-Rlog/RLOG-RIL AT{0}( 9096): AT(18)> AT*TSIMINS?
07-29 12:49:55.399 D/use-Rlog/RLOG-RIL AT{0}( 9096): AT(18)< *TSIMINS: 1,1,1
07-29 12:49:55.399 D/use-Rlog/RLOG-RIL AT{0}( 9096): AT(18)< OK
07-29 12:49:55.399 D/use-Rlog/RLOG-RIL AT{0}( 9096): AT(18)> AT%PINNUM?
07-29 12:49:55.401 D/use-Rlog/RLOG-RIL AT{0}( 9096): AT(18)< %PINNUM: 3, 10, 3, 10
07-29 12:49:55.401 D/use-Rlog/RLOG-RIL AT{0}( 9096): AT(18)< OK
07-29 12:49:55.401 D/use-Rlog/RLOG-RIL{0}( 9096): b89adee8 onHandleRequest:[-1639825266] GET_SIM_STATUS
07-29 12:49:55.401 D/use-Rlog/RLOG-RIL AT{0}( 9096): AT(18)> AT+CPIN?
07-29 12:49:55.401 D/RILJ    ( 3704): [8381]< GET_SIM_STATUS IccCardState {CARDSTATE_PRESENT,PINSTATE_UNKNOWN,num_apps=1,gsm_id=0{APPTYPE_USIM,APPSTATE_READY,pin1=PINSTATE_UNKNOWN,pin2=PINSTATE_UNKNOWN},cdma_id=8,ims_id=8}
07-29 12:49:55.401 D/UiccController( 3704): Received EVENT_GET_ICC_STATUS_DONE
07-29 12:49:55.401 D/UiccCard( 3704): 1 applications
07-29 12:49:55.401 D/UiccCardApplication( 3704): APPTYPE_USIM update. New {APPTYPE_USIM,APPSTATE_READY,pin1=PINSTATE_UNKNOWN,pin2=PINSTATE_UNKNOWN}
07-29 12:49:55.401 D/CAT     ( 3704): CatService: Return current sInstance
07-29 12:49:55.401 E/UiccCard( 3704): App index 8 is invalid since there are no applications
07-29 12:49:55.401 E/UiccCard( 3704): App index 8 is invalid since there are no applications
07-29 12:49:55.401 D/UiccCard( 3704): update: radioState=RADIO_ON mLastRadioState=RADIO_ON
07-29 12:49:55.401 D/UiccController( 3704): Notifying IccChangedRegistrants
07-29 12:49:55.401 D/DCT     ( 3704): handleMessage msg={ when=0 what=270369 obj=android.os.AsyncResult@41ac6150 target=com.android.internal.telephony.dataconnection.DcTracker }
07-29 12:49:55.403 D/use-Rlog/RLOG-RIL AT{0}( 9096): AT(18)< +CPIN: READY
07-29 12:49:55.403 D/use-Rlog/RLOG-RIL AT{0}( 9096): AT(18)< OK
07-29 12:49:55.403 D/use-Rlog/RLOG-RIL AT{0}( 9096): AT(18)> AT*TSIMINS?
07-29 12:49:55.406 D/use-Rlog/RLOG-RIL AT{0}( 9096): AT(18)< *TSIMINS: 1,1,1
07-29 12:49:55.406 D/use-Rlog/RLOG-RIL AT{0}( 9096): AT(18)< OK
07-29 12:49:55.406 D/use-Rlog/RLOG-RIL AT{0}( 9096): AT(18)> AT%PINNUM?
07-29 12:49:55.408 D/use-Rlog/RLOG-RIL AT{0}( 9096): AT(18)< %PINNUM: 3, 10, 3, 10
07-29 12:49:55.408 D/use-Rlog/RLOG-RIL AT{0}( 9096): AT(18)< OK
07-29 12:49:55.408 D/use-Rlog/RLOG-RIL{0}( 9096): b89adee8 onHandleRequest:[-1639825265] OPERATOR
07-29 12:49:55.408 D/use-Rlog/RLOG-RIL AT{0}( 9096): AT(18)> AT+COPS=3,0;+COPS?;+COPS=3,1;+COPS?;+COPS=3,2;+COPS?
07-29 12:49:55.409 D/use-Rlog/RLOG-RIL AT{0}( 9096): AT(18)< +COPS: 1
07-29 12:49:55.409 D/use-Rlog/RLOG-RIL AT{0}( 9096): AT(18)< +COPS: 1
07-29 12:49:55.410 D/use-Rlog/RLOG-RIL AT{0}( 9096): AT(18)< +COPS: 1
07-29 12:49:55.410 D/use-Rlog/RLOG-RIL AT{0}( 9096): AT(18)< OK
07-29 12:49:55.410 D/use-Rlog/RLOG-RIL{0}( 9096): b89adee8 onHandleRequest:[-1639825264] DATA_REGISTRATION_STATE
07-29 12:49:55.410 D/use-Rlog/RLOG-RIL{0}( 9096): b89adee8 onHandleRequest:[-1639825263] VOICE_REGISTRATION_STATE
07-29 12:49:55.410 D/use-Rlog/RLOG-RIL{0}( 9096): b89adee8 onHandleRequest:[-1639825262] QUERY_NETWORK_SELECTION_MODE
07-29 12:49:55.410 D/use-Rlog/RLOG-RIL AT{0}( 9096): AT(18)> AT+COPS?
07-29 12:49:55.411 D/use-Rlog/RLOG-RIL AT{0}( 9096): AT(18)< +COPS: 1
07-29 12:49:55.411 D/use-Rlog/RLOG-RIL AT{0}( 9096): AT(18)< OK
07-29 12:49:55.411 D/use-Rlog/RLOG-RIL{0}( 9096): b89adee8 onHandleRequest:[-1639825261] GET_SIM_STATUS
07-29 12:49:55.411 D/use-Rlog/RLOG-RIL AT{0}( 9096): AT(18)> AT+CPIN?
07-29 12:49:55.413 D/RILJ    ( 3704): [8382]< GET_SIM_STATUS IccCardState {CARDSTATE_PRESENT,PINSTATE_UNKNOWN,num_apps=1,gsm_id=0{APPTYPE_USIM,APPSTATE_READY,pin1=PINSTATE_UNKNOWN,pin2=PINSTATE_UNKNOWN},cdma_id=8,ims_id=8}
07-29 12:49:55.413 D/RILJ    ( 3704): [8383]< OPERATOR {null, null, null}
07-29 12:49:55.413 D/RILJ    ( 3704): [8384]< DATA_REGISTRATION_STATE {0, null, null, 0, null, 2}
07-29 12:49:55.413 D/use-Rlog/RLOG-RIL AT{0}( 9096): AT(18)< +CPIN: READY
07-29 12:49:55.413 D/use-Rlog/RLOG-RIL AT{0}( 9096): AT(18)< OK
07-29 12:49:55.414 D/use-Rlog/RLOG-RIL AT{0}( 9096): AT(18)> AT*TSIMINS?
07-29 12:49:55.414 D/UiccController( 3704): Received EVENT_GET_ICC_STATUS_DONE
07-29 12:49:55.414 D/UiccCard( 3704): 1 applications
07-29 12:49:55.414 D/UiccCardApplication( 3704): APPTYPE_USIM update. New {APPTYPE_USIM,APPSTATE_READY,pin1=PINSTATE_UNKNOWN,pin2=PINSTATE_UNKNOWN}
07-29 12:49:55.414 D/CAT     ( 3704): CatService: Return current sInstance
07-29 12:49:55.414 E/UiccCard( 3704): App index 8 is invalid since there are no applications
07-29 12:49:55.414 E/UiccCard( 3704): App index 8 is invalid since there are no applications
07-29 12:49:55.414 D/UiccCard( 3704): update: radioState=RADIO_ON mLastRadioState=RADIO_ON
07-29 12:49:55.414 D/UiccController( 3704): Notifying IccChangedRegistrants
07-29 12:49:55.415 D/DCT     ( 3704): handleMessage msg={ when=0 what=270369 obj=android.os.AsyncResult@41ac8390 target=com.android.internal.telephony.dataconnection.DcTracker }
07-29 12:49:55.415 D/RILJ    ( 3704): [8385]< VOICE_REGISTRATION_STATE {2, null, null, 0}
07-29 12:49:55.415 D/RILJ    ( 3704): [8386]< QUERY_NETWORK_SELECTION_MODE {1}
07-29 12:49:55.417 D/use-Rlog/RLOG-RIL AT{0}( 9096): AT(18)< *TSIMINS: 1,1,1
07-29 12:49:55.417 D/use-Rlog/RLOG-RIL AT{0}( 9096): AT(18)< OK
07-29 12:49:55.417 D/use-Rlog/RLOG-RIL AT{0}( 9096): AT(18)> AT%PINNUM?
07-29 12:49:55.419 D/use-Rlog/RLOG-RIL AT{0}( 9096): AT(18)< %PINNUM: 3, 10, 3, 10
07-29 12:49:55.419 D/use-Rlog/RLOG-RIL AT{0}( 9096): AT(18)< OK
07-29 12:49:55.419 D/use-Rlog/RLOG-RIL{0}( 9096): b89adee8 onHandleRequest:[-1639825260] GET_CURRENT_CALLS
07-29 12:49:55.419 D/use-Rlog/RLOG-RIL AT{0}( 9096): AT(18)> AT+CLCC
07-29 12:49:55.420 D/RILJ    ( 3704): [8387]< GET_SIM_STATUS IccCardState {CARDSTATE_PRESENT,PINSTATE_UNKNOWN,num_apps=1,gsm_id=0{APPTYPE_USIM,APPSTATE_READY,pin1=PINSTATE_UNKNOWN,pin2=PINSTATE_UNKNOWN},cdma_id=8,ims_id=8}
07-29 12:49:55.420 D/UiccController( 3704): Received EVENT_GET_ICC_STATUS_DONE
07-29 12:49:55.420 D/UiccCard( 3704): 1 applications
07-29 12:49:55.420 D/UiccCardApplication( 3704): APPTYPE_USIM update. New {APPTYPE_USIM,APPSTATE_READY,pin1=PINSTATE_UNKNOWN,pin2=PINSTATE_UNKNOWN}
07-29 12:49:55.420 D/CAT     ( 3704): CatService: Return current sInstance
07-29 12:49:55.420 E/UiccCard( 3704): App index 8 is invalid since there are no applications
07-29 12:49:55.420 E/UiccCard( 3704): App index 8 is invalid since there are no applications
07-29 12:49:55.420 D/UiccCard( 3704): update: radioState=RADIO_ON mLastRadioState=RADIO_ON
07-29 12:49:55.420 D/UiccController( 3704): Notifying IccChangedRegistrants
07-29 12:49:55.421 D/DCT     ( 3704): handleMessage msg={ when=-1ms what=270369 obj=android.os.AsyncResult@41ad7ae8 target=com.android.internal.telephony.dataconnection.DcTracker }
07-29 12:49:55.422 D/use-Rlog/RLOG-RIL AT{0}( 9096): AT(18)< OK
07-29 12:49:55.422 D/use-Rlog/RLOG-RIL{0}( 9096): requestGetCurrentCalls: 0 calls
07-29 12:49:55.422 D/use-Rlog/RLOG-RIL{0}( 9096): requestGetCurrentCalls: 0 valid calls
07-29 12:49:55.422 D/use-Rlog/RLOG-RIL{0}( 9096): b89adee8 onHandleRequest:[-1639825259] IMS_REGISTRATION_STATE
07-29 12:49:55.422 D/use-Rlog/RLOG-RIL{0}( 9096): b89adee8 onHandleRequest:[-1639825258] VOICE_RADIO_TECH
07-29 12:49:55.422 D/use-Rlog/RLOG-RIL{0}( 9096): b89adee8 onHandleRequest:[-1639825257] CDMA_GET_SUBSCRIPTION_SOURCE
07-29 12:49:55.422 E/use-Rlog/RLOG-RIL{0}( 9096): Request 104 [CDMA_GET_SUBSCRIPTION_SOURCE] not supported
07-29 12:49:55.422 D/use-Rlog/RLOG-RIL{0}( 9096): b89adee8 onHandleRequest:[-1639825256] GET_SIM_STATUS
07-29 12:49:55.422 D/use-Rlog/RLOG-RIL AT{0}( 9096): AT(18)> AT+CPIN?
07-29 12:49:55.423 D/RILJ    ( 3704): [8388]< GET_CURRENT_CALLS  
07-29 12:49:55.424 D/RILJ    ( 3704): [8389]< RIL_REQUEST_IMS_REGISTRATION_STATE {0, 0}
07-29 12:49:55.424 D/RILJ    ( 3704): [8390]< RIL_REQUEST_VOICE_RADIO_TECH {3}
07-29 12:49:55.424 D/RilRequest( 3704): [8391]< RIL_REQUEST_CDMA_GET_SUBSCRIPTION_SOURCE error: com.android.internal.telephony.CommandException: REQUEST_NOT_SUPPORTED ret=
07-29 12:49:55.424 D/RIL_ImsSms( 3704): IMS is NOT registered!
07-29 12:49:55.424 E/RIL_ImsSms( 3704): IMS format was unknown!
07-29 12:49:55.425 D/PhoneProxy( 3704): [PhoneProxy] EVENT_REQUEST_VOICE_RADIO_TECH_DONE: newVoiceTech=3
07-29 12:49:55.425 D/PhoneProxy( 3704): [PhoneProxy] phoneObjectUpdater: newVoiceRadioTech=3
07-29 12:49:55.425 D/use-Rlog/RLOG-RIL AT{0}( 9096): AT(18)< +CPIN: READY
07-29 12:49:55.425 D/use-Rlog/RLOG-RIL AT{0}( 9096): AT(18)< OK
07-29 12:49:55.425 D/use-Rlog/RLOG-RIL AT{0}( 9096): AT(18)> AT*TSIMINS?
07-29 12:49:55.426 D/TelephonyManager( 3704): getLteOnCdmaMode=0 curVal=-1 product_type='' lteOnCdmaProductType=''
07-29 12:49:55.426 D/PhoneProxy( 3704): [PhoneProxy] phoneObjectUpdater: No change ignore, newVoiceRadioTech=3 mActivePhone=GSM
07-29 12:49:55.426 D/CdmaSSM ( 3704): CDMA_SUBSCRIPTION_SOURCE event = 2
07-29 12:49:55.426 W/CdmaSSM ( 3704): Unable to get CDMA Subscription Source, Exception: com.android.internal.telephony.CommandException: REQUEST_NOT_SUPPORTED, result: null
07-29 12:49:55.427 D/use-Rlog/RLOG-RIL AT{0}( 9096): AT(18)< *TSIMINS: 1,1,1
07-29 12:49:55.427 D/use-Rlog/RLOG-RIL AT{0}( 9096): AT(18)< OK
07-29 12:49:55.428 D/use-Rlog/RLOG-RIL AT{0}( 9096): AT(18)> AT%PINNUM?
07-29 12:49:55.430 D/use-Rlog/RLOG-RIL AT{0}( 9096): AT(18)< %PINNUM: 3, 10, 3, 10
07-29 12:49:55.430 D/use-Rlog/RLOG-RIL AT{0}( 9096): AT(18)< OK
07-29 12:49:55.430 D/use-Rlog/RLOG-RIL{0}( 9096): b89adee8 onHandleRequest:[-1] [INTERNAL]SIM_POLL
07-29 12:49:55.430 D/use-Rlog/RLOG-RIL AT{0}( 9096): AT(18)> AT+CPIN?
07-29 12:49:55.431 D/RILJ    ( 3704): [8392]< GET_SIM_STATUS IccCardState {CARDSTATE_PRESENT,PINSTATE_UNKNOWN,num_apps=1,gsm_id=0{APPTYPE_USIM,APPSTATE_READY,pin1=PINSTATE_UNKNOWN,pin2=PINSTATE_UNKNOWN},cdma_id=8,ims_id=8}
07-29 12:49:55.431 D/UiccController( 3704): Received EVENT_GET_ICC_STATUS_DONE
07-29 12:49:55.431 D/UiccCard( 3704): 1 applications
07-29 12:49:55.431 D/UiccCardApplication( 3704): APPTYPE_USIM update. New {APPTYPE_USIM,APPSTATE_READY,pin1=PINSTATE_UNKNOWN,pin2=PINSTATE_UNKNOWN}
07-29 12:49:55.431 D/CAT     ( 3704): CatService: Return current sInstance
07-29 12:49:55.431 E/UiccCard( 3704): App index 8 is invalid since there are no applications
07-29 12:49:55.431 E/UiccCard( 3704): App index 8 is invalid since there are no applications
07-29 12:49:55.431 D/UiccCard( 3704): update: radioState=RADIO_ON mLastRadioState=RADIO_ON
07-29 12:49:55.431 D/UiccController( 3704): Notifying IccChangedRegistrants
07-29 12:49:55.432 D/DCT     ( 3704): handleMessage msg={ when=0 what=270369 obj=android.os.AsyncResult@41c2b038 target=com.android.internal.telephony.dataconnection.DcTracker }
07-29 12:49:55.432 D/use-Rlog/RLOG-RIL AT{0}( 9096): AT(18)< +CPIN: READY
07-29 12:49:55.432 D/use-Rlog/RLOG-RIL AT{0}( 9096): AT(18)< OK
07-29 12:49:55.432 D/use-Rlog/RLOG-RIL{0}( 9096): b89adee8 onHandleRequest:[-1] [INTERNAL]UPDATE_SIM_LOADED
07-29 12:49:55.432 D/use-Rlog/RLOG-RIL AT{0}( 9096): AT(18)> AT+CGSMS=1
07-29 12:49:55.434 D/use-Rlog/RLOG-RIL AT{0}( 9096): AT(18)< +CME ERROR: 769
07-29 12:49:55.434 I/use-Rlog/RLOG-RIL{0}( 9096): checkAndAmendEmergencyNumbers
07-29 12:49:55.434 D/use-Rlog/RLOG-RIL AT{0}( 9096): AT(18)> AT+CPBS="EN"
07-29 12:49:55.435 D/use-Rlog/RLOG-RIL AT{0}( 9096): AT(18)< OK
07-29 12:49:55.435 D/use-Rlog/RLOG-RIL AT{0}( 9096): AT(18)> AT+CPBR=?
07-29 12:49:55.437 D/use-Rlog/RLOG-RIL AT{0}( 9096): AT(18)< +CME ERROR: 769
07-29 12:49:55.438 D/use-Rlog/RLOG-RIL{0}( 9096): Emergency call list updated
07-29 12:49:55.438 D/use-Rlog/RLOG-RIL AT{0}( 9096): AT(18)> AT+CNAP=1
07-29 12:49:55.440 D/use-Rlog/RLOG-RIL AT{0}( 9096): AT(18)< OK
07-29 12:49:55.440 D/use-Rlog/RLOG-RIL AT{0}( 9096): AT(18)> AT+CUSATD=1,0
07-29 12:49:55.442 D/use-Rlog/RLOG-RIL AT{0}( 9096): AT(18)< OK
07-29 12:49:55.442 D/use-Rlog/RLOG-RIL{0}( 9096): b89adee8 onHandleRequest:[-1] [INTERNAL]SIM_POLL
07-29 12:49:55.442 D/use-Rlog/RLOG-RIL AT{0}( 9096): AT(18)> AT+CPIN?
07-29 12:49:55.445 D/use-Rlog/RLOG-RIL AT{0}( 9096): AT(18)< +CPIN: READY
07-29 12:49:55.445 D/use-Rlog/RLOG-RIL AT{0}( 9096): AT(18)< OK
07-29 12:49:55.445 D/use-Rlog/RLOG-RIL{0}( 9096): b89adee8 onHandleRequest:[-1639825255] GET_SIM_STATUS
07-29 12:49:55.445 D/use-Rlog/RLOG-RIL AT{0}( 9096): AT(18)> AT+CPIN?
07-29 12:49:55.447 D/use-Rlog/RLOG-RIL AT{0}( 9096): AT(18)< +CPIN: READY
07-29 12:49:55.447 D/use-Rlog/RLOG-RIL AT{0}( 9096): AT(18)< OK
07-29 12:49:55.447 D/use-Rlog/RLOG-RIL AT{0}( 9096): AT(18)> AT*TSIMINS?
07-29 12:49:55.450 D/use-Rlog/RLOG-RIL AT{0}( 9096): AT(18)< *TSIMINS: 1,1,1
07-29 12:49:55.450 D/use-Rlog/RLOG-RIL AT{0}( 9096): AT(18)< OK
07-29 12:49:55.450 D/use-Rlog/RLOG-RIL AT{0}( 9096): AT(18)> AT%PINNUM?
07-29 12:49:55.452 D/use-Rlog/RLOG-RIL AT{0}( 9096): AT(18)< %PINNUM: 3, 10, 3, 10
07-29 12:49:55.452 D/use-Rlog/RLOG-RIL AT{0}( 9096): AT(18)< OK
07-29 12:49:55.452 D/use-Rlog/RLOG-RIL{0}( 9096): b89adee8 onHandleRequest:[-1639825254] GET_SIM_STATUS
07-29 12:49:55.452 D/use-Rlog/RLOG-RIL AT{0}( 9096): AT(18)> AT+CPIN?
07-29 12:49:55.452 D/RILJ    ( 3704): [8393]< GET_SIM_STATUS IccCardState {CARDSTATE_PRESENT,PINSTATE_UNKNOWN,num_apps=1,gsm_id=0{APPTYPE_USIM,APPSTATE_READY,pin1=PINSTATE_UNKNOWN,pin2=PINSTATE_UNKNOWN},cdma_id=8,ims_id=8}
07-29 12:49:55.452 D/UiccController( 3704): Received EVENT_GET_ICC_STATUS_DONE
07-29 12:49:55.452 D/UiccCard( 3704): 1 applications
07-29 12:49:55.452 D/UiccCardApplication( 3704): APPTYPE_USIM update. New {APPTYPE_USIM,APPSTATE_READY,pin1=PINSTATE_UNKNOWN,pin2=PINSTATE_UNKNOWN}
07-29 12:49:55.452 D/CAT     ( 3704): CatService: Return current sInstance
07-29 12:49:55.452 E/UiccCard( 3704): App index 8 is invalid since there are no applications
07-29 12:49:55.452 E/UiccCard( 3704): App index 8 is invalid since there are no applications
07-29 12:49:55.452 D/UiccCard( 3704): update: radioState=RADIO_ON mLastRadioState=RADIO_ON
07-29 12:49:55.452 D/UiccController( 3704): Notifying IccChangedRegistrants
07-29 12:49:55.453 D/DCT     ( 3704): handleMessage msg={ when=0 what=270369 obj=android.os.AsyncResult@41c2cb68 target=com.android.internal.telephony.dataconnection.DcTracker }
07-29 12:49:55.454 D/use-Rlog/RLOG-RIL AT{0}( 9096): AT(18)< +CPIN: READY
07-29 12:49:55.454 D/use-Rlog/RLOG-RIL AT{0}( 9096): AT(18)< OK
07-29 12:49:55.454 D/use-Rlog/RLOG-RIL AT{0}( 9096): AT(18)> AT*TSIMINS?
07-29 12:49:55.457 D/use-Rlog/RLOG-RIL AT{0}( 9096): AT(18)< *TSIMINS: 1,1,1
07-29 12:49:55.457 D/use-Rlog/RLOG-RIL AT{0}( 9096): AT(18)< OK
07-29 12:49:55.457 D/use-Rlog/RLOG-RIL AT{0}( 9096): AT(18)> AT%PINNUM?
07-29 12:49:55.458 D/use-Rlog/RLOG-RIL AT{0}( 9096): AT(18)< %PINNUM: 3, 10, 3, 10
07-29 12:49:55.458 D/use-Rlog/RLOG-RIL AT{0}( 9096): AT(18)< OK
07-29 12:49:55.459 D/use-Rlog/RLOG-RIL{0}( 9096): b89adee8 onHandleRequest:[-1639825253] OPERATOR
07-29 12:49:55.459 D/use-Rlog/RLOG-RIL{0}( 9096): Providing cached Operator details
07-29 12:49:55.459 D/use-Rlog/RLOG-RIL{0}( 9096): b89adee8 onHandleRequest:[-1639825252] DATA_REGISTRATION_STATE
07-29 12:49:55.459 D/use-Rlog/RLOG-RIL{0}( 9096): b89adee8 onHandleRequest:[-1639825251] VOICE_REGISTRATION_STATE
07-29 12:49:55.459 D/use-Rlog/RLOG-RIL{0}( 9096): b89adee8 onHandleRequest:[-1639825250] QUERY_NETWORK_SELECTION_MODE
07-29 12:49:55.459 D/use-Rlog/RLOG-RIL{0}( 9096): Providing cached network selection details
07-29 12:49:55.459 D/use-Rlog/RLOG-RIL{0}( 9096): b89adee8 onHandleRequest:[-1639825249] OPERATOR
07-29 12:49:55.459 D/use-Rlog/RLOG-RIL{0}( 9096): Providing cached Operator details
07-29 12:49:55.459 D/use-Rlog/RLOG-RIL{0}( 9096): b89adee8 onHandleRequest:[-1639825248] DATA_REGISTRATION_STATE
07-29 12:49:55.459 D/use-Rlog/RLOG-RIL{0}( 9096): b89adee8 onHandleRequest:[-1639825247] VOICE_REGISTRATION_STATE
07-29 12:49:55.459 D/use-Rlog/RLOG-RIL{0}( 9096): b89adee8 onHandleRequest:[-1639825246] QUERY_NETWORK_SELECTION_MODE
07-29 12:49:55.459 D/use-Rlog/RLOG-RIL{0}( 9096): Providing cached network selection details
07-29 12:49:55.459 D/use-Rlog/RLOG-RIL{0}( 9096): b89adee8 onHandleRequest:[-1639825245] GET_IMSI
07-29 12:49:55.459 D/use-Rlog/RLOG-RIL AT{0}( 9096): AT(18)> AT+CIMI
07-29 12:49:55.460 D/RILJ    ( 3704): [8394]< GET_SIM_STATUS IccCardState {CARDSTATE_PRESENT,PINSTATE_UNKNOWN,num_apps=1,gsm_id=0{APPTYPE_USIM,APPSTATE_READY,pin1=PINSTATE_UNKNOWN,pin2=PINSTATE_UNKNOWN},cdma_id=8,ims_id=8}
07-29 12:49:55.461 D/use-Rlog/RLOG-RIL AT{0}( 9096): AT(18)< 204045220670380
07-29 12:49:55.461 D/use-Rlog/RLOG-RIL AT{0}( 9096): AT(18)< OK
07-29 12:49:55.461 D/use-Rlog/RLOG-RIL{0}( 9096): b89adee8 onHandleRequest:[-1639825229] OPERATOR
07-29 12:49:55.461 D/use-Rlog/RLOG-RIL{0}( 9096): Providing cached Operator details
07-29 12:49:55.461 D/use-Rlog/RLOG-RIL{0}( 9096): b89adee8 onHandleRequest:[-1639825228] DATA_REGISTRATION_STATE
07-29 12:49:55.461 D/use-Rlog/RLOG-RIL{0}( 9096): b89adee8 onHandleRequest:[-1639825227] VOICE_REGISTRATION_STATE
07-29 12:49:55.461 D/use-Rlog/RLOG-RIL{0}( 9096): b89adee8 onHandleRequest:[-1639825226] QUERY_NETWORK_SELECTION_MODE
07-29 12:49:55.461 D/use-Rlog/RLOG-RIL{0}( 9096): Providing cached network selection details
07-29 12:49:55.461 D/use-Rlog/RLOG-RIL{0}( 9096): b89adee8 onHandleRequest:[-1639825225] STK_SEND_TERMINAL_RESPONSE
07-29 12:49:55.461 D/use-Rlog/RLOG-RIL AT{0}( 9096): AT(18)> AT+CUSATT="810301250002028281830100"
07-29 12:49:55.462 D/RILJ    ( 3704): [8395]< OPERATOR {null, null, null}
07-29 12:49:55.462 D/RILJ    ( 3704): [8396]< DATA_REGISTRATION_STATE {0, null, null, 0, null, 2}
07-29 12:49:55.462 D/RILJ    ( 3704): [8397]< VOICE_REGISTRATION_STATE {2, null, null, 0}
07-29 12:49:55.462 D/RILJ    ( 3704): [8398]< QUERY_NETWORK_SELECTION_MODE {1}
07-29 12:49:55.462 D/RILJ    ( 3704): [8399]< OPERATOR {null, null, null}
07-29 12:49:55.463 D/UiccController( 3704): Received EVENT_GET_ICC_STATUS_DONE
07-29 12:49:55.463 D/UiccCard( 3704): 1 applications
07-29 12:49:55.463 D/UiccCardApplication( 3704): APPTYPE_USIM update. New {APPTYPE_USIM,APPSTATE_READY,pin1=PINSTATE_UNKNOWN,pin2=PINSTATE_UNKNOWN}
07-29 12:49:55.463 D/CAT     ( 3704): CatService: Return current sInstance
07-29 12:49:55.463 E/UiccCard( 3704): App index 8 is invalid since there are no applications
07-29 12:49:55.463 E/UiccCard( 3704): App index 8 is invalid since there are no applications
07-29 12:49:55.463 D/UiccCard( 3704): update: radioState=RADIO_ON mLastRadioState=RADIO_ON
07-29 12:49:55.463 D/UiccController( 3704): Notifying IccChangedRegistrants
07-29 12:49:55.465 D/DCT     ( 3704): handleMessage msg={ when=-1ms what=270369 obj=android.os.AsyncResult@41c2f7a8 target=com.android.internal.telephony.dataconnection.DcTracker }
07-29 12:49:55.466 D/RILJ    ( 3704): [8400]< DATA_REGISTRATION_STATE {0, null, null, 0, null, 2}
07-29 12:49:55.466 D/RILJ    ( 3704): [8401]< VOICE_REGISTRATION_STATE {2, null, null, 0}
07-29 12:49:55.466 D/RILJ    ( 3704): [8402]< QUERY_NETWORK_SELECTION_MODE {1}
07-29 12:49:55.467 D/RILJ    ( 3704): [8403]< GET_IMSI 
07-29 12:49:55.467 D/RILJ    ( 3704): [8419]< OPERATOR {null, null, null}
07-29 12:49:55.467 D/RILJ    ( 3704): [8420]< DATA_REGISTRATION_STATE {0, null, null, 0, null, 2}
07-29 12:49:55.468 D/RILJ    ( 3704): [8421]< VOICE_REGISTRATION_STATE {2, null, null, 0}
07-29 12:49:55.468 D/RILJ    ( 3704): [8422]< QUERY_NETWORK_SELECTION_MODE {1}
07-29 12:49:55.468 D/SIMRecords( 3704): [SIMRecords] IMSI: xxxxxxx
07-29 12:49:55.482 D/SIMRecords( 3704): [SIMRecords] onRecordLoaded 15 requested: true
07-29 12:49:55.482 D/PHONE   ( 3704): [ServiceState] setDataRegState=1
07-29 12:49:55.482 D/PHONE   ( 3704): [ServiceState] setDataRadioTechnology=0
07-29 12:49:55.482 D/GsmSST  ( 3704): [GsmSST] handlPollStateResultMessage: GsmSST setDataRegState=1 regState=0 dataRadioTechnology=0
07-29 12:49:55.482 D/PHONE   ( 3704): [ServiceState] setVoiceRegState=1
07-29 12:49:55.482 E/PHONE   ( 3704): [ServiceState] setState deprecated use setVoiceRegState()
07-29 12:49:55.483 D/GsmSST  ( 3704): [GsmSST] Poll ServiceState done:  oldSS=[3 3 home null null null  Unknown Unknown CSS not supported -1 -1 RoamInd=-1 DefRoamInd=-1 EmergOnly=false] newSS=[1 1 home null null null (manual) Unknown Unknown CSS not supported -1 -1 RoamInd=-1 DefRoamInd=-1 EmergOnly=false] oldMaxDataCalls=2 mNewMaxDataCalls=2 oldReasonDataDenied=-1 mNewReasonDataDenied=-1
07-29 12:49:55.483 D/PHONE   ( 3704): [ServiceState] setNullState=1
07-29 12:49:55.483 D/GsmSST  ( 3704): [GsmSST] updateSpnDisplay: radio is on but out of service, set plmn='No service.'
07-29 12:49:55.484 D/GsmSST  ( 3704): [GsmSST] updateSpnDisplay: changed sending intent rule=2 showPlmn='true' plmn='No service.' showSpn='false' spn='null'
07-29 12:49:55.491 D/GsmSST  ( 3704): [GsmSST] operatorNumeric is null
07-29 12:49:55.500 D/GsmSST  ( 3704): [GsmSST] notifyDataRegStateRilRadioTechnologyChanged: drs=1 rat=0
07-29 12:49:55.501 D/DCT     ( 3704): get all active apn types
07-29 12:49:55.501 D/IccCardProxy( 3704): Broadcasting intent ACTION_SIM_STATE_CHANGED IMSI reason null
07-29 12:49:55.731 D/use-Rlog/RLOG-RIL AT{0}( 9096): AT(18)< %IUSATT: "9000"
07-29 12:49:55.731 D/use-Rlog/RLOG-RIL{0}( 9096): Kernel time: [8527.529575]
07-29 12:49:55.731 D/use-Rlog/RLOG-RIL{0}( 9096): b89ae710 onUnsolicited: %IUSATT: "9000" null
07-29 12:49:55.731 D/use-Rlog/RLOG-RIL AT{0}( 9096): AT(17)< %IUSATT: "9000"
07-29 12:49:55.731 D/use-Rlog/RLOG-RIL AT{0}( 9096): AT(16)< %IUSATT: "9000"
07-29 12:49:55.731 D/use-Rlog/RLOG-RIL AT{0}( 9096): AT(18)< OK
07-29 12:49:55.731 D/use-Rlog/RLOG-RIL{0}( 9096): b89adee8 onHandleUnsolicited: %IUSATT: "9000" null
07-29 12:49:55.731 D/use-Rlog/RLOG-RIL{0}( 9096): Unsol not processed: %IUSATT: "9000"
07-29 12:49:55.731 D/use-Rlog/RLOG-RIL{0}( 9096): b89adee8 onHandleRequest:[-1639825244] SIM_IO
07-29 12:49:55.731 D/use-Rlog/RLOG-RIL AT{0}( 9096): AT(18)> AT+CRSM=192,12258,0,0,15,,"3F00"
07-29 12:49:55.731 D/RILJ    ( 3704): [8423]< REQUEST_STK_SEND_TERMINAL_RESPONSE 
07-29 12:49:55.732 V/RILJ    ( 3704): [UNSL]< UNSOL_OEM_HOOK_RAW 254955534154543a20223930303022
07-29 12:49:55.732 D/use-Rlog/RLOG-RIL AT{0}( 9096): AT(18)< +CUSATEND
07-29 12:49:55.732 D/use-Rlog/RLOG-RIL{0}( 9096): Kernel time: [8527.531520]
07-29 12:49:55.732 D/use-Rlog/RLOG-RIL{0}( 9096): b89ae710 onUnsolicited: +CUSATEND null
07-29 12:49:55.900 D/use-Rlog/RLOG-RIL AT{0}( 9096): AT(18)< +CRSM: 144,0,"62178202412183022FE28A01058B032F06078002000A880110"
07-29 12:49:55.900 D/use-Rlog/RLOG-RIL AT{0}( 9096): AT(18)< OK
07-29 12:49:55.900 D/use-Rlog/RLOG-RIL{0}( 9096): b89adee8 onHandleUnsolicited: +CUSATEND null
07-29 12:49:55.900 D/use-Rlog/RLOG-RIL{0}( 9096): b89adee8 onHandleRequest:[-1639825243] SIM_IO
07-29 12:49:55.900 D/use-Rlog/RLOG-RIL AT{0}( 9096): AT(18)> AT+CRSM=192,28480,0,0,15,,"3F007FFF"
07-29 12:49:55.900 D/RILJ    ( 3704): [8404]< SIM_IO IccIoResponse sw1:0x90 sw2:0x0
07-29 12:49:55.900 D/RILJ    ( 3704): [UNSL]< UNSOL_STK_SESSION_END
07-29 12:49:55.900 D/RILJ    ( 3704): [8424]> iccIO: SIM_IO 0xb0 0x2fe2  path: 3F00,0,0,10 aid: null
07-29 12:49:55.901 D/CAT     ( 3704): CatService: ril message arrived
07-29 12:49:55.901 D/CAT     ( 3704): CatService: SESSION END
07-29 12:49:55.901 D/use-Rlog/RLOG-RIL{0}( 9096): b89ad420 onRequest:[-1639825224] SIM_IO
07-29 12:49:55.901 I/use-Rlog/RLOG-RIL{0}( 9096): sending request SIM_IO on channel 0
07-29 12:49:55.909 D/CAT     ( 3704): CatService: Return current sInstance
07-29 12:49:55.972 D/use-Rlog/RLOG-RIL AT{0}( 9096): AT(18)< +CRSM: 144,0,"621E8205422100220383026F40A5039201808A01058B036F0604800200668800"
07-29 12:49:55.972 D/use-Rlog/RLOG-RIL AT{0}( 9096): AT(18)< OK
07-29 12:49:55.972 D/use-Rlog/RLOG-RIL{0}( 9096): b89adee8 onHandleRequest:[-1639825242] SIM_IO
07-29 12:49:55.972 D/use-Rlog/RLOG-RIL AT{0}( 9096): AT(18)> AT+CRSM=192,28617,0,0,15,,"3F007FFF"
07-29 12:49:55.973 D/RILJ    ( 3704): [8405]< SIM_IO IccIoResponse sw1:0x90 sw2:0x0
07-29 12:49:55.974 D/RILJ    ( 3704): [8425]> iccIO: SIM_IO 0xb2 0x6f40  path: 3F007FFF,1,4,34 aid: null
07-29 12:49:55.976 D/use-Rlog/RLOG-RIL{0}( 9096): b89ad420 onRequest:[-1639825223] SIM_IO
07-29 12:49:55.976 I/use-Rlog/RLOG-RIL{0}( 9096): sending request SIM_IO on channel 0
07-29 12:49:56.016 D/use-Rlog/RLOG-RIL AT{0}( 9096): AT(18)< +CRSM: 106,130
07-29 12:49:56.016 D/use-Rlog/RLOG-RIL AT{0}( 9096): AT(18)< OK
07-29 12:49:56.016 D/use-Rlog/RLOG-RIL{0}( 9096): b89adee8 onHandleRequest:[-1639825241] SIM_IO
07-29 12:49:56.016 D/use-Rlog/RLOG-RIL AT{0}( 9096): AT(18)> AT+CRSM=192,28589,0,0,15,,"3F007FFF"
07-29 12:49:56.016 D/RILJ    ( 3704): [8406]< SIM_IO IccIoResponse sw1:0x6a sw2:0x82
07-29 12:49:56.017 D/RILJ    ( 3704): [8426]> iccIO: SIM_IO 0xc0 0x6f17  path: 3F007FFF,0,0,15 aid: null
07-29 12:49:56.018 D/use-Rlog/RLOG-RIL{0}( 9096): b89ad420 onRequest:[-1639825222] SIM_IO
07-29 12:49:56.018 I/use-Rlog/RLOG-RIL{0}( 9096): sending request SIM_IO on channel 0
07-29 12:49:56.018 D/SIMRecords( 3704): [SIMRecords] onRecordLoaded 15 requested: true
07-29 12:49:56.060 D/use-Rlog/RLOG-RIL AT{0}( 9096): AT(18)< +CRSM: 144,0,"621F8202412183026FADA50691047F206FAD8A01058B036F060880020004880118"
07-29 12:49:56.060 D/use-Rlog/RLOG-RIL AT{0}( 9096): AT(18)< OK
07-29 12:49:56.060 D/use-Rlog/RLOG-RIL{0}( 9096): b89adee8 onHandleRequest:[-1639825240] SIM_IO
07-29 12:49:56.060 D/use-Rlog/RLOG-RIL AT{0}( 9096): AT(18)> AT+CRSM=192,28618,0,0,15,,"3F007FFF"
07-29 12:49:56.060 D/RILJ    ( 3704): [8407]< SIM_IO IccIoResponse sw1:0x90 sw2:0x0
07-29 12:49:56.060 D/RILJ    ( 3704): [8427]> iccIO: SIM_IO 0xb0 0x6fad  path: 3F007FFF,0,0,4 aid: null
07-29 12:49:56.063 D/use-Rlog/RLOG-RIL{0}( 9096): b89ad420 onRequest:[-1639825221] SIM_IO
07-29 12:49:56.063 I/use-Rlog/RLOG-RIL{0}( 9096): sending request SIM_IO on channel 0
07-29 12:49:56.120 D/use-Rlog/RLOG-RIL AT{0}( 9096): AT(18)< *TSMSINFO: 513
07-29 12:49:56.120 D/use-Rlog/RLOG-RIL{0}( 9096): Kernel time: [8527.917813]
07-29 12:49:56.120 D/use-Rlog/RLOG-RIL{0}( 9096): b89ae710 onUnsolicited: *TSMSINFO: 513 null
07-29 12:49:56.121 D/use-Rlog/RLOG-RIL AT{0}( 9096): AT(18)< %ISIMINIT: 1,0,1
07-29 12:49:56.121 D/use-Rlog/RLOG-RIL{0}( 9096): Kernel time: [8527.919523]
07-29 12:49:56.121 D/use-Rlog/RLOG-RIL{0}( 9096): b89ae710 onUnsolicited: %ISIMINIT: 1,0,1 null
07-29 12:49:56.127 D/use-Rlog/RLOG-RIL AT{0}( 9096): AT(18)< +CRSM: 106,130
07-29 12:49:56.127 D/use-Rlog/RLOG-RIL AT{0}( 9096): AT(18)< OK
07-29 12:49:56.127 D/use-Rlog/RLOG-RIL{0}( 9096): b89adee8 onHandleUnsolicited: *TSMSINFO: 513 null
07-29 12:49:56.127 D/use-Rlog/RLOG-RIL{0}( 9096): Unsol not processed: *TSMSINFO: 513
07-29 12:49:56.127 D/use-Rlog/RLOG-RIL{0}( 9096): b89adee8 onHandleUnsolicited: %ISIMINIT: 1,0,1 null
07-29 12:49:56.127 D/use-Rlog/RLOG-RIL{0}( 9096): b89adee8 onHandleRequest:[-1] [INTERNAL]SIM_POLL
07-29 12:49:56.127 D/use-Rlog/RLOG-RIL AT{0}( 9096): AT(18)> AT+CPIN?
07-29 12:49:56.127 D/RILJ    ( 3704): [8408]< SIM_IO IccIoResponse sw1:0x6a sw2:0x82
07-29 12:49:56.129 D/use-Rlog/RLOG-RIL AT{0}( 9096): AT(18)< +CPIN: READY
07-29 12:49:56.129 D/use-Rlog/RLOG-RIL AT{0}( 9096): AT(18)< OK
07-29 12:49:56.129 D/use-Rlog/RLOG-RIL{0}( 9096): b89adee8 onHandleRequest:[-1639825239] SIM_IO
07-29 12:49:56.129 D/use-Rlog/RLOG-RIL AT{0}( 9096): AT(18)> AT+CRSM=192,28433,0,0,15,,"3F007FFF"
07-29 12:49:56.131 V/RILJ    ( 3704): [UNSL]< UNSOL_OEM_HOOK_RAW 2a54534d53494e464f3a20353133
07-29 12:49:56.131 D/RILJ    ( 3704): [UNSL]< UNSOL_RESPONSE_SIM_STATUS_CHANGED
07-29 12:49:56.131 D/UiccController( 3704): Received EVENT_ICC_STATUS_CHANGED, calling getIccCardStatus
07-29 12:49:56.132 D/RILJ    ( 3704): [8428]> GET_SIM_STATUS
07-29 12:49:56.134 D/use-Rlog/RLOG-RIL{0}( 9096): b89ad420 onRequest:[-1639825220] GET_SIM_STATUS
07-29 12:49:56.134 I/use-Rlog/RLOG-RIL{0}( 9096): sending request GET_SIM_STATUS on channel 0
07-29 12:49:56.135 D/SIMRecords( 3704): [SIMRecords] onRecordLoaded 14 requested: true
07-29 12:49:56.154 D/use-Rlog/RLOG-RIL AT{0}( 9096): AT(18)< +CRSM: 106,130
07-29 12:49:56.154 D/use-Rlog/RLOG-RIL AT{0}( 9096): AT(18)< OK
07-29 12:49:56.154 D/use-Rlog/RLOG-RIL{0}( 9096): b89adee8 onHandleRequest:[-1639825220] GET_SIM_STATUS
07-29 12:49:56.154 D/use-Rlog/RLOG-RIL AT{0}( 9096): AT(18)> AT+CPIN?
07-29 12:49:56.154 D/RILJ    ( 3704): [8409]< SIM_IO IccIoResponse sw1:0x6a sw2:0x82
07-29 12:49:56.154 D/SIMRecords( 3704): [SIMRecords] onRecordLoaded 13 requested: true
07-29 12:49:56.157 D/use-Rlog/RLOG-RIL AT{0}( 9096): AT(18)< +CPIN: READY
07-29 12:49:56.157 D/use-Rlog/RLOG-RIL AT{0}( 9096): AT(18)< OK
07-29 12:49:56.157 D/use-Rlog/RLOG-RIL AT{0}( 9096): AT(18)> AT*TSIMINS?
07-29 12:49:56.160 D/use-Rlog/RLOG-RIL AT{0}( 9096): AT(18)< *TSIMINS: 1,1,1
07-29 12:49:56.160 D/use-Rlog/RLOG-RIL AT{0}( 9096): AT(18)< OK
07-29 12:49:56.160 D/use-Rlog/RLOG-RIL AT{0}( 9096): AT(18)> AT%PINNUM?
07-29 12:49:56.162 D/use-Rlog/RLOG-RIL AT{0}( 9096): AT(18)< %PINNUM: 3, 10, 3, 10
07-29 12:49:56.162 D/use-Rlog/RLOG-RIL AT{0}( 9096): AT(18)< OK
07-29 12:49:56.162 D/use-Rlog/RLOG-RIL{0}( 9096): b89adee8 onHandleRequest:[-1639825238] SIM_IO
07-29 12:49:56.162 D/use-Rlog/RLOG-RIL AT{0}( 9096): AT(18)> AT+CRSM=192,28619,0,0,15,,"3F007FFF"
07-29 12:49:56.162 D/RILJ    ( 3704): [8428]< GET_SIM_STATUS IccCardState {CARDSTATE_PRESENT,PINSTATE_UNKNOWN,num_apps=1,gsm_id=0{APPTYPE_USIM,APPSTATE_READY,pin1=PINSTATE_UNKNOWN,pin2=PINSTATE_UNKNOWN},cdma_id=8,ims_id=8}
07-29 12:49:56.162 D/UiccController( 3704): Received EVENT_GET_ICC_STATUS_DONE
07-29 12:49:56.162 D/UiccCard( 3704): 1 applications
07-29 12:49:56.162 D/UiccCardApplication( 3704): APPTYPE_USIM update. New {APPTYPE_USIM,APPSTATE_READY,pin1=PINSTATE_UNKNOWN,pin2=PINSTATE_UNKNOWN}
07-29 12:49:56.162 D/CAT     ( 3704): CatService: Return current sInstance
07-29 12:49:56.162 E/UiccCard( 3704): App index 8 is invalid since there are no applications
07-29 12:49:56.162 E/UiccCard( 3704): App index 8 is invalid since there are no applications
07-29 12:49:56.162 D/UiccCard( 3704): update: radioState=RADIO_ON mLastRadioState=RADIO_ON
07-29 12:49:56.162 D/UiccController( 3704): Notifying IccChangedRegistrants
07-29 12:49:56.163 D/DCT     ( 3704): handleMessage msg={ when=-1ms what=270369 obj=android.os.AsyncResult@419d6ed0 target=com.android.internal.telephony.dataconnection.DcTracker }
07-29 12:49:56.182 D/use-Rlog/RLOG-RIL AT{0}( 9096): AT(18)< +CRSM: 106,130
07-29 12:49:56.182 D/use-Rlog/RLOG-RIL AT{0}( 9096): AT(18)< OK
07-29 12:49:56.182 D/use-Rlog/RLOG-RIL{0}( 9096): b89adee8 onHandleRequest:[-1639825237] SIM_IO
07-29 12:49:56.182 D/use-Rlog/RLOG-RIL AT{0}( 9096): AT(18)> AT+CRSM=192,28435,0,0,15,,"3F007FFF"
07-29 12:49:56.183 D/RILJ    ( 3704): [8410]< SIM_IO IccIoResponse sw1:0x6a sw2:0x82
07-29 12:49:56.183 D/SIMRecords( 3704): [SIMRecords] onRecordLoaded 12 requested: true
07-29 12:49:56.216 D/use-Rlog/RLOG-RIL AT{0}( 9096): AT(18)< +CRSM: 106,130
07-29 12:49:56.216 D/use-Rlog/RLOG-RIL AT{0}( 9096): AT(18)< OK
07-29 12:49:56.216 D/use-Rlog/RLOG-RIL{0}( 9096): b89adee8 onHandleRequest:[-1639825236] SIM_IO
07-29 12:49:56.216 D/use-Rlog/RLOG-RIL AT{0}( 9096): AT(18)> AT+CRSM=192,28486,0,0,15,,"3F007FFF"
07-29 12:49:56.216 D/RILJ    ( 3704): [8411]< SIM_IO IccIoResponse sw1:0x6a sw2:0x82
07-29 12:49:56.216 D/SIMRecords( 3704): [SIMRecords] onRecordLoaded 11 requested: true
