07-29 12:52:11.244 D/RILJ    ( 3704): [8512]> QUERY_NETWORK_SELECTION_MODE
07-29 12:52:11.244 D/RILJ    ( 3704): [8510]< DATA_REGISTRATION_STATE {0, null, null, 0, null, 2}
07-29 12:52:11.244 D/RILJ    ( 3704): [8511]< VOICE_REGISTRATION_STATE {1, 3e8, a, 16}
07-29 12:52:11.244 D/use-Rlog/RLOG-RIL{0}( 9096): b89ad420 onRequest:[-1639825136] QUERY_NETWORK_SELECTION_MODE
07-29 12:52:11.244 I/use-Rlog/RLOG-RIL{0}( 9096): sending request QUERY_NETWORK_SELECTION_MODE on channel 0
07-29 12:52:11.244 D/use-Rlog/RLOG-RIL{0}( 9096): b89adee8 onHandleRequest:[-1639825136] QUERY_NETWORK_SELECTION_MODE
07-29 12:52:11.244 D/use-Rlog/RLOG-RIL{0}( 9096): Providing cached network selection details
07-29 12:52:11.244 D/RILJ    ( 3704): [8513]> OPERATOR
07-29 12:52:11.245 D/RILJ    ( 3704): [8512]< QUERY_NETWORK_SELECTION_MODE {1}
07-29 12:52:11.245 D/use-Rlog/RLOG-RIL{0}( 9096): b89ad420 onRequest:[-1639825135] OPERATOR
07-29 12:52:11.245 I/use-Rlog/RLOG-RIL{0}( 9096): sending request OPERATOR on channel 0
07-29 12:52:11.245 D/use-Rlog/RLOG-RIL{0}( 9096): b89adee8 onHandleRequest:[-1639825135] OPERATOR
07-29 12:52:11.245 D/use-Rlog/RLOG-RIL{0}( 9096): Providing cached Operator details
07-29 12:52:11.245 D/RILJ    ( 3704): [8514]> DATA_REGISTRATION_STATE
07-29 12:52:11.245 D/RILJ    ( 3704): [8513]< OPERATOR {00101, 00101, 00101}
07-29 12:52:11.246 D/use-Rlog/RLOG-RIL{0}( 9096): b89ad420 onRequest:[-1639825134] DATA_REGISTRATION_STATE
07-29 12:52:11.246 I/use-Rlog/RLOG-RIL{0}( 9096): sending request DATA_REGISTRATION_STATE on channel 0
07-29 12:52:11.246 D/use-Rlog/RLOG-RIL{0}( 9096): b89adee8 onHandleRequest:[-1639825134] DATA_REGISTRATION_STATE
07-29 12:52:11.246 D/RILJ    ( 3704): [8515]> VOICE_REGISTRATION_STATE
07-29 12:52:11.246 D/RILJ    ( 3704): [8514]< DATA_REGISTRATION_STATE {0, null, null, 0, null, 2}
07-29 12:52:11.246 D/use-Rlog/RLOG-RIL{0}( 9096): b89ad420 onRequest:[-1639825133] VOICE_REGISTRATION_STATE
07-29 12:52:11.246 I/use-Rlog/RLOG-RIL{0}( 9096): sending request VOICE_REGISTRATION_STATE on channel 0
07-29 12:52:11.246 D/use-Rlog/RLOG-RIL{0}( 9096): b89adee8 onHandleRequest:[-1639825133] VOICE_REGISTRATION_STATE
07-29 12:52:11.247 D/RILJ    ( 3704): [8516]> QUERY_NETWORK_SELECTION_MODE
07-29 12:52:11.247 D/RILJ    ( 3704): [8515]< VOICE_REGISTRATION_STATE {1, 3e8, a, 16}
07-29 12:52:11.247 D/use-Rlog/RLOG-RIL{0}( 9096): b89ad420 onRequest:[-1639825132] QUERY_NETWORK_SELECTION_MODE
07-29 12:52:11.247 I/use-Rlog/RLOG-RIL{0}( 9096): sending request QUERY_NETWORK_SELECTION_MODE on channel 0
07-29 12:52:11.247 D/use-Rlog/RLOG-RIL{0}( 9096): b89adee8 onHandleRequest:[-1639825132] QUERY_NETWORK_SELECTION_MODE
07-29 12:52:11.247 D/use-Rlog/RLOG-RIL{0}( 9096): Providing cached network selection details
07-29 12:52:11.247 D/RILJ    ( 3704): [8516]< QUERY_NETWORK_SELECTION_MODE {1}
07-29 12:52:11.254 D/PHONE   ( 3704): [ServiceState] setDataRegState=1
07-29 12:52:11.254 D/PHONE   ( 3704): [ServiceState] setDataRadioTechnology=0
07-29 12:52:11.254 D/GsmSST  ( 3704): [GsmSST] handlPollStateResultMessage: GsmSST setDataRegState=1 regState=0 dataRadioTechnology=0
07-29 12:52:11.254 D/PHONE   ( 3704): [ServiceState] setVoiceRegState=0
07-29 12:52:11.254 E/PHONE   ( 3704): [ServiceState] setState deprecated use setVoiceRegState()
07-29 12:52:11.255 D/GsmSST  ( 3704): [GsmSST] Poll ServiceState done:  oldSS=[1 1 home null null null (manual) Unknown Unknown CSS not supported -1 -1 RoamInd=-1 DefRoamInd=-1 EmergOnly=false] newSS=[0 1 home 00101 00101 00101 (manual) GSM Unknown CSS not supported -1 -1 RoamInd=-1 DefRoamInd=-1 EmergOnly=false] oldMaxDataCalls=2 mNewMaxDataCalls=2 oldReasonDataDenied=-1 mNewReasonDataDenied=-1
07-29 12:52:11.255 D/GsmSST  ( 3704): [GsmSST] RAT switched Unknown -> GSM at cell 10
07-29 12:52:11.255 D/PHONE   ( 3704): [ServiceState] setNullState=1
07-29 12:52:11.255 D/PhoneProxy( 3704): [PhoneProxy] updatePhoneObject: radioTechnology=16
07-29 12:52:11.255 D/GsmSST  ( 3704): [GsmSST] pollStateDone: registering current mNitzUpdatedTime=true changing to false
07-29 12:52:11.255 D/GsmSST  ( 3704): [GsmSST] updateSpnDisplay: changed sending intent rule=2 showPlmn='true' plmn='00101' showSpn='false' spn=''
07-29 12:52:11.259 D/GsmSST  ( 3704): [GsmSST] shouldFixTimeZoneNow: retVal=true iccCardExist=true operatorNumeric=00101 mcc=1 prevOperatorNumeric= prevMcc=2 needToFixTimeZone=true ltod=07-29 12:52:11.258
07-29 12:52:11.259 D/GsmSST  ( 3704): [GsmSST] pollStateDone: fix time zone zoneName='Europe/Amsterdam' mZoneOffset=-25200000 mZoneDst=false iso-cc='' iso-cc-idx=-1
07-29 12:52:11.259 D/GsmSST  ( 3704): [GsmSST] getNitzTimeZone returning America/Creston
07-29 12:52:11.259 D/GsmSST  ( 3704): [GsmSST] pollStateDone: using NITZ TimeZone
07-29 12:52:11.259 D/GsmSST  ( 3704): [GsmSST] pollStateDone: zone != null zone.getID=America/Creston
07-29 12:52:11.263 D/GsmSST  ( 3704): [GsmSST] getCellLocation(): X good mCellLoc=[1000,10,-1]
07-29 12:52:11.272 D/PhoneProxy( 3704): [PhoneProxy] phoneObjectUpdater: newVoiceRadioTech=16
07-29 12:52:11.273 D/TelephonyManager( 3704): getLteOnCdmaMode=0 curVal=-1 product_type='' lteOnCdmaProductType=''
07-29 12:52:11.273 D/PhoneProxy( 3704): [PhoneProxy] phoneObjectUpdater: No change ignore, newVoiceRadioTech=16 mActivePhone=GSM
07-29 12:52:12.000 D/use-Rlog/RLOG-RIL{0}( 9096): b89adee8 onHandleRequest:[-1] <unknown request>
07-29 12:52:29.797 D/use-Rlog/RLOG-RIL AT{0}( 9096): AT(18)< %ICESQU: 59,0,255,255,255,255
07-29 12:52:29.797 D/use-Rlog/RLOG-RIL{0}( 9096): Kernel time: [8681.367603]
07-29 12:52:29.797 D/use-Rlog/RLOG-RIL{0}( 9096): b89ae710 onUnsolicited: %ICESQU: 59,0,255,255,255,255 null
07-29 12:52:29.797 D/use-Rlog/RLOG-RIL{0}( 9096): b89adee8 onHandleUnsolicited: %ICESQU: 59,0,255,255,255,255 null
07-29 12:52:30.684 D/use-Rlog/RLOG-RIL AT{0}( 9096): AT(17)< +COPS: (2,"00101","00101","00101",0),,(0-4),(0-7)
07-29 12:52:30.684 D/use-Rlog/RLOG-RIL AT{0}( 9096): AT(17)< OK
07-29 12:52:30.685 D/RILJ    ( 3704): [8504]< QUERY_AVAILABLE_NETWORKS  [OperatorInfo 00101 (2G)/00101/00101/CURRENT]
07-29 12:52:34.803 D/use-Rlog/RLOG-RIL AT{0}( 9096): AT(18)< %ICESQU: 68,0,255,255,255,255
07-29 12:52:34.803 D/use-Rlog/RLOG-RIL{0}( 9096): Kernel time: [8686.374653]
07-29 12:52:34.803 D/use-Rlog/RLOG-RIL{0}( 9096): b89ae710 onUnsolicited: %ICESQU: 68,0,255,255,255,255 null
07-29 12:52:34.803 D/use-Rlog/RLOG-RIL{0}( 9096): b89adee8 onHandleUnsolicited: %ICESQU: 68,0,255,255,255,255 null
07-29 12:52:52.679 D/use-Rlog/RLOG-RIL AT{0}( 9096): AT(18)< %ICESQU: 61,0,255,255,255,255
07-29 12:52:52.679 D/use-Rlog/RLOG-RIL{0}( 9096): Kernel time: [8704.249469]
07-29 12:52:52.679 D/use-Rlog/RLOG-RIL{0}( 9096): b89ae710 onUnsolicited: %ICESQU: 61,0,255,255,255,255 null
07-29 12:52:52.679 D/use-Rlog/RLOG-RIL{0}( 9096): b89adee8 onHandleUnsolicited: %ICESQU: 61,0,255,255,255,255 null
07-29 12:53:09.156 D/use-Rlog/RLOG-RIL AT{0}( 9096): AT(18)< %ICESQU: 68,0,255,255,255,255
07-29 12:53:09.156 D/use-Rlog/RLOG-RIL{0}( 9096): Kernel time: [8720.726405]
07-29 12:53:09.156 D/use-Rlog/RLOG-RIL{0}( 9096): b89ae710 onUnsolicited: %ICESQU: 68,0,255,255,255,255 null
07-29 12:53:09.156 D/use-Rlog/RLOG-RIL{0}( 9096): b89adee8 onHandleUnsolicited: %ICESQU: 68,0,255,255,255,255 null
07-29 12:53:11.268 D/GsmSST  ( 3704): [GsmSST] getCellLocation(): X good mCellLoc=[1000,10,-1]
07-29 12:53:19.171 D/use-Rlog/RLOG-RIL AT{0}( 9096): AT(18)< %ICESQU: 59,0,255,255,255,255
07-29 12:53:19.171 D/use-Rlog/RLOG-RIL{0}( 9096): Kernel time: [8730.741343]
07-29 12:53:19.171 D/use-Rlog/RLOG-RIL{0}( 9096): b89ae710 onUnsolicited: %ICESQU: 59,0,255,255,255,255 null
07-29 12:53:19.171 D/use-Rlog/RLOG-RIL{0}( 9096): b89adee8 onHandleUnsolicited: %ICESQU: 59,0,255,255,255,255 null
07-29 12:53:38.343 D/use-Rlog/RLOG-RIL AT{0}( 9096): AT(18)< %ICESQU: 70,0,255,255,255,255
07-29 12:53:38.343 D/use-Rlog/RLOG-RIL{0}( 9096): Kernel time: [8749.914088]
07-29 12:53:38.343 D/use-Rlog/RLOG-RIL{0}( 9096): b89ae710 onUnsolicited: %ICESQU: 70,0,255,255,255,255 null
07-29 12:53:38.343 D/use-Rlog/RLOG-RIL{0}( 9096): b89adee8 onHandleUnsolicited: %ICESQU: 70,0,255,255,255,255 null
07-29 12:53:43.351 D/use-Rlog/RLOG-RIL AT{0}( 9096): AT(18)< %ICESQU: 49,0,255,255,255,255
07-29 12:53:43.351 D/use-Rlog/RLOG-RIL{0}( 9096): Kernel time: [8754.921579]
07-29 12:53:43.351 D/use-Rlog/RLOG-RIL{0}( 9096): b89ae710 onUnsolicited: %ICESQU: 49,0,255,255,255,255 null
07-29 12:53:43.351 D/use-Rlog/RLOG-RIL{0}( 9096): b89adee8 onHandleUnsolicited: %ICESQU: 49,0,255,255,255,255 null
07-29 12:53:48.359 D/use-Rlog/RLOG-RIL AT{0}( 9096): AT(18)< %ICESQU: 56,0,255,255,255,255
07-29 12:53:48.359 D/use-Rlog/RLOG-RIL{0}( 9096): Kernel time: [8759.929123]
07-29 12:53:48.359 D/use-Rlog/RLOG-RIL{0}( 9096): b89ae710 onUnsolicited: %ICESQU: 56,0,255,255,255,255 null
07-29 12:53:48.359 D/use-Rlog/RLOG-RIL{0}( 9096): b89adee8 onHandleUnsolicited: %ICESQU: 56,0,255,255,255,255 null
07-29 12:53:53.367 D/use-Rlog/RLOG-RIL AT{0}( 9096): AT(18)< %ICESQU: 70,0,255,255,255,255
07-29 12:53:53.367 D/use-Rlog/RLOG-RIL{0}( 9096): Kernel time: [8764.937414]
07-29 12:53:53.367 D/use-Rlog/RLOG-RIL{0}( 9096): b89ae710 onUnsolicited: %ICESQU: 70,0,255,255,255,255 null
07-29 12:53:53.367 D/use-Rlog/RLOG-RIL{0}( 9096): b89adee8 onHandleUnsolicited: %ICESQU: 70,0,255,255,255,255 null
07-29 12:53:58.374 D/use-Rlog/RLOG-RIL AT{0}( 9096): AT(18)< %ICESQU: 61,0,255,255,255,255
07-29 12:53:58.374 D/use-Rlog/RLOG-RIL{0}( 9096): Kernel time: [8769.944386]
07-29 12:53:58.374 D/use-Rlog/RLOG-RIL{0}( 9096): b89ae710 onUnsolicited: %ICESQU: 61,0,255,255,255,255 null
07-29 12:53:58.374 D/use-Rlog/RLOG-RIL{0}( 9096): b89adee8 onHandleUnsolicited: %ICESQU: 61,0,255,255,255,255 null
07-29 12:54:35.007 D/use-Rlog/RLOG-RIL AT{0}( 9096): AT(18)< %ICESQU: 68,0,255,255,255,255
07-29 12:54:35.007 D/use-Rlog/RLOG-RIL{0}( 9096): Kernel time: [8806.577353]
07-29 12:54:35.007 D/use-Rlog/RLOG-RIL{0}( 9096): b89ae710 onUnsolicited: %ICESQU: 68,0,255,255,255,255 null
07-29 12:54:35.007 D/use-Rlog/RLOG-RIL{0}( 9096): b89adee8 onHandleUnsolicited: %ICESQU: 68,0,255,255,255,255 null
07-29 12:54:54.137 D/use-Rlog/RLOG-RIL AT{0}( 9096): AT(18)< %ICESQU: 60,0,255,255,255,255
07-29 12:54:54.137 D/use-Rlog/RLOG-RIL{0}( 9096): Kernel time: [8825.707252]
07-29 12:54:54.137 D/use-Rlog/RLOG-RIL{0}( 9096): b89ae710 onUnsolicited: %ICESQU: 60,0,255,255,255,255 null
07-29 12:54:54.137 D/use-Rlog/RLOG-RIL{0}( 9096): b89adee8 onHandleUnsolicited: %ICESQU: 60,0,255,255,255,255 null
07-29 12:54:59.145 D/use-Rlog/RLOG-RIL AT{0}( 9096): AT(18)< %ICESQU: 69,0,255,255,255,255
07-29 12:54:59.145 D/use-Rlog/RLOG-RIL{0}( 9096): Kernel time: [8830.714598]
07-29 12:54:59.145 D/use-Rlog/RLOG-RIL{0}( 9096): b89ae710 onUnsolicited: %ICESQU: 69,0,255,255,255,255 null
07-29 12:54:59.145 D/use-Rlog/RLOG-RIL{0}( 9096): b89adee8 onHandleUnsolicited: %ICESQU: 69,0,255,255,255,255 null
07-29 12:55:14.167 D/use-Rlog/RLOG-RIL AT{0}( 9096): AT(18)< %ICESQU: 59,0,255,255,255,255
07-29 12:55:14.167 D/use-Rlog/RLOG-RIL{0}( 9096): Kernel time: [8845.738217]
07-29 12:55:14.167 D/use-Rlog/RLOG-RIL{0}( 9096): b89ae710 onUnsolicited: %ICESQU: 59,0,255,255,255,255 null
07-29 12:55:14.167 D/use-Rlog/RLOG-RIL{0}( 9096): b89adee8 onHandleUnsolicited: %ICESQU: 59,0,255,255,255,255 null
07-29 12:55:36.207 D/use-Rlog/RLOG-RIL AT{0}( 9096): AT(18)< %ICESQU: 65,0,255,255,255,255
07-29 12:55:36.207 D/use-Rlog/RLOG-RIL{0}( 9096): Kernel time: [8867.777405]
07-29 12:55:36.207 D/use-Rlog/RLOG-RIL{0}( 9096): b89ae710 onUnsolicited: %ICESQU: 65,0,255,255,255,255 null
07-29 12:55:36.207 D/use-Rlog/RLOG-RIL{0}( 9096): b89adee8 onHandleUnsolicited: %ICESQU: 65,0,255,255,255,255 null
07-29 12:55:41.213 D/use-Rlog/RLOG-RIL AT{0}( 9096): AT(18)< %ICESQU: 44,0,255,255,255,255
07-29 12:55:41.213 D/use-Rlog/RLOG-RIL{0}( 9096): Kernel time: [8872.783616]
07-29 12:55:41.213 D/use-Rlog/RLOG-RIL{0}( 9096): b89ae710 onUnsolicited: %ICESQU: 44,0,255,255,255,255 null
07-29 12:55:41.213 D/use-Rlog/RLOG-RIL{0}( 9096): b89adee8 onHandleUnsolicited: %ICESQU: 44,0,255,255,255,255 null
07-29 12:55:46.221 D/use-Rlog/RLOG-RIL AT{0}( 9096): AT(18)< %ICESQU: 67,0,255,255,255,255
07-29 12:55:46.221 D/use-Rlog/RLOG-RIL{0}( 9096): Kernel time: [8877.791517]
07-29 12:55:46.221 D/use-Rlog/RLOG-RIL{0}( 9096): b89ae710 onUnsolicited: %ICESQU: 67,0,255,255,255,255 null
07-29 12:55:46.221 D/use-Rlog/RLOG-RIL{0}( 9096): b89adee8 onHandleUnsolicited: %ICESQU: 67,0,255,255,255,255 null
07-29 12:56:16.268 D/use-Rlog/RLOG-RIL AT{0}( 9096): AT(18)< %ICESQU: 73,0,255,255,255,255
07-29 12:56:16.268 D/use-Rlog/RLOG-RIL{0}( 9096): Kernel time: [8907.837860]
07-29 12:56:16.268 D/use-Rlog/RLOG-RIL{0}( 9096): b89ae710 onUnsolicited: %ICESQU: 73,0,255,255,255,255 null
07-29 12:56:16.268 D/use-Rlog/RLOG-RIL{0}( 9096): b89adee8 onHandleUnsolicited: %ICESQU: 73,0,255,255,255,255 null
07-29 12:56:21.274 D/use-Rlog/RLOG-RIL AT{0}( 9096): AT(18)< %ICESQU: 63,0,255,255,255,255
07-29 12:56:21.274 D/use-Rlog/RLOG-RIL{0}( 9096): Kernel time: [8912.844651]
07-29 12:56:21.274 D/use-Rlog/RLOG-RIL{0}( 9096): b89ae710 onUnsolicited: %ICESQU: 63,0,255,255,255,255 null
07-29 12:56:21.274 D/use-Rlog/RLOG-RIL{0}( 9096): b89adee8 onHandleUnsolicited: %ICESQU: 63,0,255,255,255,255 null
07-29 12:56:43.483 D/use-Rlog/RLOG-RIL AT{0}( 9096): AT(18)< %ICESQU: 57,0,255,255,255,255
07-29 12:56:43.483 D/use-Rlog/RLOG-RIL{0}( 9096): Kernel time: [8935. 53790]
07-29 12:56:43.483 D/use-Rlog/RLOG-RIL{0}( 9096): b89ae710 onUnsolicited: %ICESQU: 57,0,255,255,255,255 null
07-29 12:56:43.483 D/use-Rlog/RLOG-RIL{0}( 9096): b89adee8 onHandleUnsolicited: %ICESQU: 57,0,255,255,255,255 null
07-29 12:57:03.514 D/use-Rlog/RLOG-RIL AT{0}( 9096): AT(18)< %ICESQU: 51,0,255,255,255,255
07-29 12:57:03.514 D/use-Rlog/RLOG-RIL{0}( 9096): Kernel time: [8955. 84283]
07-29 12:57:03.514 D/use-Rlog/RLOG-RIL{0}( 9096): b89ae710 onUnsolicited: %ICESQU: 51,0,255,255,255,255 null
07-29 12:57:03.514 D/use-Rlog/RLOG-RIL{0}( 9096): b89adee8 onHandleUnsolicited: %ICESQU: 51,0,255,255,255,255 null
07-29 12:57:08.522 D/use-Rlog/RLOG-RIL AT{0}( 9096): AT(18)< %ICESQU: 58,0,255,255,255,255
07-29 12:57:08.522 D/use-Rlog/RLOG-RIL{0}( 9096): Kernel time: [8960. 92288]
07-29 12:57:08.522 D/use-Rlog/RLOG-RIL{0}( 9096): b89ae710 onUnsolicited: %ICESQU: 58,0,255,255,255,255 null
07-29 12:57:08.522 D/use-Rlog/RLOG-RIL{0}( 9096): b89adee8 onHandleUnsolicited: %ICESQU: 58,0,255,255,255,255 null
07-29 12:57:18.537 D/use-Rlog/RLOG-RIL AT{0}( 9096): AT(18)< %ICESQU: 48,0,255,255,255,255
07-29 12:57:18.537 D/use-Rlog/RLOG-RIL{0}( 9096): Kernel time: [8970.107562]
07-29 12:57:18.537 D/use-Rlog/RLOG-RIL{0}( 9096): b89ae710 onUnsolicited: %ICESQU: 48,0,255,255,255,255 null
07-29 12:57:18.537 D/use-Rlog/RLOG-RIL{0}( 9096): b89adee8 onHandleUnsolicited: %ICESQU: 48,0,255,255,255,255 null
07-29 12:57:23.545 D/use-Rlog/RLOG-RIL AT{0}( 9096): AT(18)< %ICESQU: 55,0,255,255,255,255
07-29 12:57:23.545 D/use-Rlog/RLOG-RIL{0}( 9096): Kernel time: [8975.115499]
07-29 12:57:23.545 D/use-Rlog/RLOG-RIL{0}( 9096): b89ae710 onUnsolicited: %ICESQU: 55,0,255,255,255,255 null
07-29 12:57:23.545 D/use-Rlog/RLOG-RIL{0}( 9096): b89adee8 onHandleUnsolicited: %ICESQU: 55,0,255,255,255,255 null
07-29 12:57:33.556 D/use-Rlog/RLOG-RIL AT{0}( 9096): AT(18)< %ICESQU: 62,0,255,255,255,255
07-29 12:57:33.556 D/use-Rlog/RLOG-RIL{0}( 9096): Kernel time: [8985.126095]
07-29 12:57:33.556 D/use-Rlog/RLOG-RIL{0}( 9096): b89ae710 onUnsolicited: %ICESQU: 62,0,255,255,255,255 null
07-29 12:57:33.556 D/use-Rlog/RLOG-RIL{0}( 9096): b89adee8 onHandleUnsolicited: %ICESQU: 62,0,255,255,255,255 null
07-29 12:58:47.552 D/use-Rlog/RLOG-RIL AT{0}( 9096): AT(18)< %ICESQU: 68,0,255,255,255,255
07-29 12:58:47.552 D/use-Rlog/RLOG-RIL{0}( 9096): Kernel time: [9059.123522]
07-29 12:58:47.552 D/use-Rlog/RLOG-RIL{0}( 9096): b89ae710 onUnsolicited: %ICESQU: 68,0,255,255,255,255 null
07-29 12:58:47.552 D/use-Rlog/RLOG-RIL{0}( 9096): b89adee8 onHandleUnsolicited: %ICESQU: 68,0,255,255,255,255 null
07-29 12:58:57.569 D/use-Rlog/RLOG-RIL AT{0}( 9096): AT(18)< %ICESQU: 58,0,255,255,255,255
07-29 12:58:57.569 D/use-Rlog/RLOG-RIL{0}( 9096): Kernel time: [9069.138763]
07-29 12:58:57.569 D/use-Rlog/RLOG-RIL{0}( 9096): b89ae710 onUnsolicited: %ICESQU: 58,0,255,255,255,255 null
07-29 12:58:57.569 D/use-Rlog/RLOG-RIL{0}( 9096): b89adee8 onHandleUnsolicited: %ICESQU: 58,0,255,255,255,255 null
07-29 12:59:02.576 D/use-Rlog/RLOG-RIL AT{0}( 9096): AT(18)< %ICESQU: 66,0,255,255,255,255
07-29 12:59:02.576 D/use-Rlog/RLOG-RIL{0}( 9096): Kernel time: [9074.146706]
07-29 12:59:02.576 D/use-Rlog/RLOG-RIL{0}( 9096): b89ae710 onUnsolicited: %ICESQU: 66,0,255,255,255,255 null
07-29 12:59:02.576 D/use-Rlog/RLOG-RIL{0}( 9096): b89adee8 onHandleUnsolicited: %ICESQU: 66,0,255,255,255,255 null
07-29 12:59:47.895 D/use-Rlog/RLOG-RIL AT{0}( 9096): AT(18)< %ICESQU: 72,0,255,255,255,255
07-29 12:59:47.895 D/use-Rlog/RLOG-RIL{0}( 9096): Kernel time: [9119.465317]
07-29 12:59:47.895 D/use-Rlog/RLOG-RIL{0}( 9096): b89ae710 onUnsolicited: %ICESQU: 72,0,255,255,255,255 null
07-29 12:59:47.895 D/use-Rlog/RLOG-RIL{0}( 9096): b89adee8 onHandleUnsolicited: %ICESQU: 72,0,255,255,255,255 null
07-29 12:59:57.909 D/use-Rlog/RLOG-RIL AT{0}( 9096): AT(18)< %ICESQU: 81,0,255,255,255,255
07-29 12:59:57.909 D/use-Rlog/RLOG-RIL{0}( 9096): Kernel time: [9129.480588]
07-29 12:59:57.909 D/use-Rlog/RLOG-RIL{0}( 9096): b89ae710 onUnsolicited: %ICESQU: 81,0,255,255,255,255 null
07-29 12:59:57.909 D/use-Rlog/RLOG-RIL{0}( 9096): b89adee8 onHandleUnsolicited: %ICESQU: 81,0,255,255,255,255 null
07-29 13:00:12.089 D/use-Rlog/RLOG-RIL AT{0}( 9096): AT(18)< %ICESQU: 43,0,255,255,255,255
07-29 13:00:12.089 D/use-Rlog/RLOG-RIL{0}( 9096): Kernel time: [9143.659698]
07-29 13:00:12.089 D/use-Rlog/RLOG-RIL{0}( 9096): b89ae710 onUnsolicited: %ICESQU: 43,0,255,255,255,255 null
07-29 13:00:12.089 D/use-Rlog/RLOG-RIL{0}( 9096): b89adee8 onHandleUnsolicited: %ICESQU: 43,0,255,255,255,255 null
07-29 13:00:17.096 D/use-Rlog/RLOG-RIL AT{0}( 9096): AT(18)< %ICESQU: 81,0,255,255,255,255
07-29 13:00:17.096 D/use-Rlog/RLOG-RIL{0}( 9096): Kernel time: [9148.666430]
07-29 13:00:17.096 D/use-Rlog/RLOG-RIL{0}( 9096): b89ae710 onUnsolicited: %ICESQU: 81,0,255,255,255,255 null
07-29 13:00:17.096 D/use-Rlog/RLOG-RIL{0}( 9096): b89adee8 onHandleUnsolicited: %ICESQU: 81,0,255,255,255,255 null
07-29 13:00:40.813 D/RILJ    ( 3704): [8517]> SCREEN_STATE: false
07-29 13:00:40.814 D/use-Rlog/RLOG-RIL{0}( 9096): b89ad420 onRequest:[-1639825131] SCREEN_STATE
07-29 13:00:40.814 I/use-Rlog/RLOG-RIL{0}( 9096): sending request SCREEN_STATE on channel 0
07-29 13:00:40.814 D/use-Rlog/RLOG-RIL{0}( 9096): b89adee8 onHandleRequest:[-1639825131] SCREEN_STATE
07-29 13:00:40.814 D/use-Rlog/RLOG-RIL{0}( 9096): Kernel time: [9172.384901]
07-29 13:00:40.814 D/use-Rlog/RLOG-RIL AT{0}( 9096): AT(18)> AT*TUNSOL="SM",0
07-29 13:00:40.815 D/DCT     ( 3704): onReceive: action=android.intent.action.SCREEN_OFF
07-29 13:00:40.815 D/DCT     ( 3704): stopNetStatPoll
07-29 13:00:40.816 D/DCT     ( 3704): overall state is IDLE
07-29 13:00:40.825 D/use-Rlog/RLOG-RIL AT{0}( 9096): AT(18)< OK
07-29 13:00:40.825 D/use-Rlog/RLOG-RIL AT{0}( 9096): AT(18)> AT%ICESQU=0
07-29 13:00:40.825 D/use-Rlog/RLOG-RIL AT{0}( 9096): AT(18)< OK
07-29 13:00:40.825 D/use-Rlog/RLOG-RIL AT{0}( 9096): AT(18)> AT+CREG=1;+CGREG=1;+CEREG=1
07-29 13:00:40.826 D/use-Rlog/RLOG-RIL AT{0}( 9096): AT(18)< OK
07-29 13:00:40.826 D/use-Rlog/RLOG-RIL AT{0}( 9096): AT(18)> AT%NWSTATE=0
07-29 13:00:40.827 D/use-Rlog/RLOG-RIL AT{0}( 9096): AT(18)< OK
07-29 13:00:40.828 D/use-Rlog/RLOG-RIL AT{0}( 9096): AT(18)> AT%ISCREEN=0
07-29 13:00:40.828 D/use-Rlog/RLOG-RIL AT{0}( 9096): AT(18)< OK
07-29 13:00:40.828 D/use-Rlog/RLOG-RIL AT{0}( 9096): AT(18)> AT%IFD=20
07-29 13:00:40.829 D/use-Rlog/RLOG-RIL AT{0}( 9096): AT(18)< OK
07-29 13:00:40.829 D/RILJ    ( 3704): [8517]< SCREEN_STATE 
07-29 13:01:07.758 D/RILJ    ( 3704): [8518]> SCREEN_STATE: true
07-29 13:01:07.759 D/use-Rlog/RLOG-RIL{0}( 9096): b89ad420 onRequest:[-1639825130] SCREEN_STATE
07-29 13:01:07.759 I/use-Rlog/RLOG-RIL{0}( 9096): sending request SCREEN_STATE on channel 0
07-29 13:01:07.759 D/use-Rlog/RLOG-RIL{0}( 9096): b89adee8 onHandleRequest:[-1639825130] SCREEN_STATE
07-29 13:01:07.759 D/use-Rlog/RLOG-RIL{0}( 9096): Kernel time: [9199.329674]
07-29 13:01:07.759 D/use-Rlog/RLOG-RIL AT{0}( 9096): AT(18)> AT*TUNSOL="SM",1
07-29 13:01:07.764 D/DCT     ( 3704): onReceive: action=android.intent.action.SCREEN_ON
07-29 13:01:07.764 D/DCT     ( 3704): stopNetStatPoll
07-29 13:01:07.764 D/DCT     ( 3704): overall state is IDLE
07-29 13:01:07.770 D/use-Rlog/RLOG-RIL AT{0}( 9096): AT(18)< OK
07-29 13:01:07.770 D/use-Rlog/RLOG-RIL AT{0}( 9096): AT(18)> AT%ICESQU=1,5,6,1,6,12,12,6
07-29 13:01:07.770 D/use-Rlog/RLOG-RIL AT{0}( 9096): AT(18)< OK
07-29 13:01:07.770 D/use-Rlog/RLOG-RIL AT{0}( 9096): AT(18)> AT+CESQ
07-29 13:01:07.771 D/use-Rlog/RLOG-RIL AT{0}( 9096): AT(18)< +CESQ: 76,0,255,255,255,255
07-29 13:01:07.771 D/use-Rlog/RLOG-RIL{0}( 9096): Kernel time: [9199.341260]
07-29 13:01:07.771 D/use-Rlog/RLOG-RIL{0}( 9096): b89ae710 onUnsolicited: +CESQ: 76,0,255,255,255,255 null
07-29 13:01:07.771 D/use-Rlog/RLOG-RIL AT{0}( 9096): AT(18)< OK
07-29 13:01:07.771 D/use-Rlog/RLOG-RIL AT{0}( 9096): AT(18)> AT+CREG=2;+CGREG=2;+CEREG=2
07-29 13:01:07.772 D/use-Rlog/RLOG-RIL AT{0}( 9096): AT(18)< OK
07-29 13:01:07.772 D/use-Rlog/RLOG-RIL AT{0}( 9096): AT(18)> AT%NWSTATE=3
07-29 13:01:07.773 D/use-Rlog/RLOG-RIL AT{0}( 9096): AT(18)< %NWSTATE: 4,00101,2g,-,0
07-29 13:01:07.773 D/use-Rlog/RLOG-RIL{0}( 9096): Kernel time: [9199.343810]
07-29 13:01:07.773 D/use-Rlog/RLOG-RIL{0}( 9096): b89ae710 onUnsolicited: %NWSTATE: 4,00101,2g,-,0 null
07-29 13:01:07.773 D/use-Rlog/RLOG-RIL AT{0}( 9096): AT(18)< OK
07-29 13:01:07.773 D/use-Rlog/RLOG-RIL AT{0}( 9096): AT(18)> AT%IFD=36
07-29 13:01:07.774 D/use-Rlog/RLOG-RIL AT{0}( 9096): AT(18)< OK
07-29 13:01:07.774 D/use-Rlog/RLOG-RIL AT{0}( 9096): AT(18)> AT%ISCREEN=1
07-29 13:01:07.775 D/use-Rlog/RLOG-RIL AT{0}( 9096): AT(18)< OK
07-29 13:01:07.775 D/use-Rlog/RLOG-RIL AT{0}( 9096): AT(18)> AT%IDRVSTAT
07-29 13:01:07.778 D/use-Rlog/RLOG-RIL AT{0}( 9096): AT(18)< {
07-29 13:01:07.778 D/use-Rlog/RLOG-RIL AT{0}( 9096): AT(18)<    'wakesch':{
07-29 13:01:07.778 D/use-Rlog/RLOG-RIL AT{0}( 9096): AT(18)<       'min_restore_time':[0,295,0,0,0,0,0,0,0,0,0,0,0,0,0,0],
07-29 13:01:07.778 D/use-Rlog/RLOG-RIL AT{0}( 9096): AT(18)<       'max_restore_time':[0,432,0,0,0,0,0,0,0,0,0,0,0,0,0,0],
07-29 13:01:07.778 D/use-Rlog/RLOG-RIL AT{0}( 9096): AT(18)<       'emc_wait_count':0
07-29 13:01:07.778 D/use-Rlog/RLOG-RIL AT{0}( 9096): AT(18)<    },
07-29 13:01:07.778 D/use-Rlog/RLOG-RIL AT{0}( 9096): AT(18)<    'cal32k':{
07-29 13:01:07.778 D/use-Rlog/RLOG-RIL AT{0}( 9096): AT(18)<       'low_res_freq_millihz':32768610,
07-29 13:01:07.778 D/use-Rlog/RLOG-RIL AT{0}( 9096): AT(18)<       'state_stats':[27,124,37900],
07-29 13:01:07.778 D/use-Rlog/RLOG-RIL AT{0}( 9096): AT(18)<       'cal_time':[0,14911,372,2851,9,465,192,50,18,3,2,8,32,65,89]
07-29 13:01:07.778 D/use-Rlog/RLOG-RIL AT{0}( 9096): AT(18)<    },
07-29 13:01:07.778 D/use-Rlog/RLOG-RIL AT{0}( 9096): AT(18)<    'IPM':{
07-29 13:01:07.778 D/use-Rlog/RLOG-RIL AT{0}( 9096): AT(18)<       'system_time':'0d3h17m13s',
07-29 13:01:07.778 D/use-Rlog/RLOG-RIL AT{0}( 9096): AT(18)<       'uptime':4775507,
07-29 13:01:07.778 D/use-Rlog/RLOG-RIL AT{0}( 9096): AT(18)<       'downtime':9216412,
07-29 13:01:07.778 D/use-Rlog/RLOG-RIL AT{0}( 9096): AT(18)<       'load_1000':341,
07-29 13:01:07.779 D/use-Rlog/RLOG-RIL AT{0}( 9096): AT(18)<       'idle_time_dist':[27330,2553,804,3965,2330,2930,397,8,0,0],
07-29 13:01:07.779 D/use-Rlog/RLOG-RIL AT{0}( 9096): AT(18)<       'dxp0':{
07-29 13:01:07.779 D/use-Rlog/RLOG-RIL AT{0}( 9096): AT(18)<          'n_dmem_active':0,
07-29 13:01:07.779 D/use-Rlog/RLOG-RIL AT{0}( 9096): AT(18)<          'n_dxp_idle':4736404,
07-29 13:01:07.779 D/use-Rlog/RLOG-RIL AT{0}( 9096): AT(18)<          'n_soc_idle':0,
07-29 13:01:07.779 D/use-Rlog/RLOG-RIL AT{0}( 9096): AT(18)<          'n_power_off':19067
07-29 13:01:07.779 D/use-Rlog/RLOG-RIL AT{0}( 9096): AT(18)<       }
07-29 13:01:07.779 D/use-Rlog/RLOG-RIL AT{0}( 9096): AT(18)<    },
07-29 13:01:07.779 D/use-Rlog/RLOG-RIL AT{0}( 9096): AT(18)<    'shm':{
07-29 13:01:07.779 D/use-Rlog/RLOG-RIL AT{0}( 9096): AT(18)<       'queue':{
07-29 13:01:07.779 D/use-Rlog/RLOG-RIL AT{0}( 9096): AT(18)<          'put':7559,
07-29 13:01:07.779 D/use-Rlog/RLOG-RIL AT{0}( 9096): AT(18)<          'get':7079
07-29 13:01:07.779 D/use-Rlog/RLOG-RIL AT{0}( 9096): AT(18)<       },
07-29 13:01:07.779 D/use-Rlog/RLOG-RIL AT{0}( 9096): AT(18)<       'if':{
07-29 13:01:07.779 D/use-Rlog/RLOG-RIL AT{0}( 9096): AT(18)<          'sent':[146283,45826,1902,64,8869604,2009,1938,1869,1869,1869,1869,1869,1869,0,0,0,0,0,2892],
07-29 13:01:07.779 D/use-Rlog/RLOG-RIL AT{0}( 9096): AT(18)<          'received':[139018,15984,23,44,180,164,94,0,0,0,0,0,0,0,0,0,0,0,1232],
07-29 13:01:07.779 D/use-Rlog/RLOG-RIL AT{0}( 9096): AT(18)<          'given':[1058,1286,20,8,5155,30,27,16,16,16,16,16,16,0,0,0,0,0,44],
07-29 13:01:07.779 D/use-Rlog/RLOG-RIL AT{0}( 9096): AT(18)<          'taken':[1058,1285,20,8,5155,30,27,16,16,16,16,16,16,0,0,0,0,0,44]
07-29 13:01:07.779 D/use-Rlog/RLOG-RIL AT{0}( 9096): AT(18)<       },
07-29 13:01:07.779 D/use-Rlog/RLOG-RIL AT{0}( 9096): AT(18)<       'signal':{
07-29 13:01:07.779 D/use-Rlog/RLOG-RIL AT{0}( 9096): AT(18)<          'ul':6047,
07-29 13:01:07.779 D/use-Rlog/RLOG-RIL AT{0}( 9096): AT(18)<          'dl':6836
07-29 13:01:07.779 D/use-Rlog/RLOG-RIL AT{0}( 9096): AT(18)<       }
07-29 13:01:07.779 D/use-Rlog/RLOG-RIL AT{0}( 9096): AT(18)<    },
07-29 13:01:07.779 D/use-Rlog/RLOG-RIL AT{0}( 9096): AT(18)< }
07-29 13:01:07.779 D/use-Rlog/RLOG-RIL AT{0}( 9096): AT(18)< OK
07-29 13:01:07.780 D/use-Rlog/RLOG-RIL{0}( 9096): b89adee8 onHandleUnsolicited: +CESQ: 76,0,255,255,255,255 null
07-29 13:01:07.780 D/use-Rlog/RLOG-RIL{0}( 9096): b89adee8 onHandleUnsolicited: %NWSTATE: 4,00101,2g,-,0 null
07-29 13:01:07.780 D/RILJ    ( 3704): [UNSL]< UNSOL_RESPONSE_VOICE_NETWORK_STATE_CHANGED
07-29 13:01:07.780 D/RILJ    ( 3704): [8518]< SCREEN_STATE 
07-29 13:01:07.780 D/RILJ    ( 3704): [8519]> OPERATOR
07-29 13:01:07.781 D/RILJ    ( 3704): [8520]> DATA_REGISTRATION_STATE
07-29 13:01:07.781 D/use-Rlog/RLOG-RIL{0}( 9096): b89ad420 onRequest:[-1639825129] OPERATOR
07-29 13:01:07.781 I/use-Rlog/RLOG-RIL{0}( 9096): sending request OPERATOR on channel 0
07-29 13:01:07.781 D/use-Rlog/RLOG-RIL{0}( 9096): b89adee8 onHandleRequest:[-1639825129] OPERATOR
07-29 13:01:07.781 D/use-Rlog/RLOG-RIL{0}( 9096): Providing cached Operator details
07-29 13:01:07.782 D/RILJ    ( 3704): [8519]< OPERATOR {00101, 00101, 00101}
07-29 13:01:07.782 D/RILJ    ( 3704): [8521]> VOICE_REGISTRATION_STATE
07-29 13:01:07.782 D/use-Rlog/RLOG-RIL{0}( 9096): b89ad420 onRequest:[-1639825128] DATA_REGISTRATION_STATE
07-29 13:01:07.782 I/use-Rlog/RLOG-RIL{0}( 9096): sending request DATA_REGISTRATION_STATE on channel 0
07-29 13:01:07.782 D/use-Rlog/RLOG-RIL{0}( 9096): b89adee8 onHandleRequest:[-1639825128] DATA_REGISTRATION_STATE
07-29 13:01:07.782 D/RILJ    ( 3704): [8522]> QUERY_NETWORK_SELECTION_MODE
07-29 13:01:07.782 D/RILJ    ( 3704): [8520]< DATA_REGISTRATION_STATE {0, null, null, 0, null, 2}
07-29 13:01:07.783 D/use-Rlog/RLOG-RIL{0}( 9096): b89ad420 onRequest:[-1639825127] VOICE_REGISTRATION_STATE
07-29 13:01:07.783 I/use-Rlog/RLOG-RIL{0}( 9096): sending request VOICE_REGISTRATION_STATE on channel 0
07-29 13:01:07.783 D/use-Rlog/RLOG-RIL{0}( 9096): b89adee8 onHandleRequest:[-1639825127] VOICE_REGISTRATION_STATE
07-29 13:01:07.783 D/RILJ    ( 3704): [8521]< VOICE_REGISTRATION_STATE {1, 3e8, a, 16}
07-29 13:01:07.783 D/use-Rlog/RLOG-RIL{0}( 9096): b89ad420 onRequest:[-1639825126] QUERY_NETWORK_SELECTION_MODE
07-29 13:01:07.783 I/use-Rlog/RLOG-RIL{0}( 9096): sending request QUERY_NETWORK_SELECTION_MODE on channel 0
07-29 13:01:07.783 D/use-Rlog/RLOG-RIL{0}( 9096): b89adee8 onHandleRequest:[-1639825126] QUERY_NETWORK_SELECTION_MODE
07-29 13:01:07.783 D/use-Rlog/RLOG-RIL{0}( 9096): Providing cached network selection details
07-29 13:01:07.783 D/RILJ    ( 3704): [8522]< QUERY_NETWORK_SELECTION_MODE {1}
07-29 13:01:07.784 D/PHONE   ( 3704): [ServiceState] setDataRegState=1
07-29 13:01:07.784 D/PHONE   ( 3704): [ServiceState] setDataRadioTechnology=0
07-29 13:01:07.784 D/GsmSST  ( 3704): [GsmSST] handlPollStateResultMessage: GsmSST setDataRegState=1 regState=0 dataRadioTechnology=0
07-29 13:01:07.784 D/PHONE   ( 3704): [ServiceState] setVoiceRegState=0
07-29 13:01:07.784 E/PHONE   ( 3704): [ServiceState] setState deprecated use setVoiceRegState()
07-29 13:01:07.785 D/GsmSST  ( 3704): [GsmSST] Poll ServiceState done:  oldSS=[0 1 home 00101 00101 00101 (manual) GSM Unknown CSS not supported -1 -1 RoamInd=-1 DefRoamInd=-1 EmergOnly=false] newSS=[0 1 home 00101 00101 00101 (manual) GSM Unknown CSS not supported -1 -1 RoamInd=-1 DefRoamInd=-1 EmergOnly=false] oldMaxDataCalls=2 mNewMaxDataCalls=2 oldReasonDataDenied=-1 mNewReasonDataDenied=-1
07-29 13:01:07.785 D/PHONE   ( 3704): [ServiceState] setNullState=1
07-29 13:01:09.980 D/use-Rlog/RLOG-RIL AT{0}( 9096): AT(18)< %ICESQU: 59,0,255,255,255,255
07-29 13:01:09.980 D/use-Rlog/RLOG-RIL{0}( 9096): Kernel time: [9201.550719]
07-29 13:01:09.980 D/use-Rlog/RLOG-RIL{0}( 9096): b89ae710 onUnsolicited: %ICESQU: 59,0,255,255,255,255 null
07-29 13:01:09.980 D/use-Rlog/RLOG-RIL{0}( 9096): b89adee8 onHandleUnsolicited: %ICESQU: 59,0,255,255,255,255 null
07-29 13:01:19.993 D/use-Rlog/RLOG-RIL AT{0}( 9096): AT(18)< %ICESQU: 68,0,255,255,255,255
07-29 13:01:19.993 D/use-Rlog/RLOG-RIL{0}( 9096): Kernel time: [9211.564730]
07-29 13:01:19.993 D/use-Rlog/RLOG-RIL{0}( 9096): b89ae710 onUnsolicited: %ICESQU: 68,0,255,255,255,255 null
07-29 13:01:19.993 D/use-Rlog/RLOG-RIL{0}( 9096): b89adee8 onHandleUnsolicited: %ICESQU: 68,0,255,255,255,255 null
07-29 13:02:16.024 D/RILJ    ( 3704): [8523]> SCREEN_STATE: false
07-29 13:02:16.025 D/use-Rlog/RLOG-RIL{0}( 9096): b89ad420 onRequest:[-1639825125] SCREEN_STATE
07-29 13:02:16.025 I/use-Rlog/RLOG-RIL{0}( 9096): sending request SCREEN_STATE on channel 0
07-29 13:02:16.025 D/use-Rlog/RLOG-RIL{0}( 9096): b89adee8 onHandleRequest:[-1639825125] SCREEN_STATE
07-29 13:02:16.025 D/use-Rlog/RLOG-RIL{0}( 9096): Kernel time: [9267.595681]
07-29 13:02:16.025 D/use-Rlog/RLOG-RIL AT{0}( 9096): AT(18)> AT*TUNSOL="SM",0
07-29 13:02:16.026 D/DCT     ( 3704): onReceive: action=android.intent.action.SCREEN_OFF
07-29 13:02:16.026 D/DCT     ( 3704): stopNetStatPoll
07-29 13:02:16.026 D/DCT     ( 3704): overall state is IDLE
07-29 13:02:16.034 D/use-Rlog/RLOG-RIL AT{0}( 9096): AT(18)< OK
07-29 13:02:16.034 D/use-Rlog/RLOG-RIL AT{0}( 9096): AT(18)> AT%ICESQU=0
07-29 13:02:16.036 D/use-Rlog/RLOG-RIL AT{0}( 9096): AT(18)< OK
07-29 13:02:16.036 D/use-Rlog/RLOG-RIL AT{0}( 9096): AT(18)> AT+CREG=1;+CGREG=1;+CEREG=1
07-29 13:02:16.037 D/use-Rlog/RLOG-RIL AT{0}( 9096): AT(18)< OK
07-29 13:02:16.037 D/use-Rlog/RLOG-RIL AT{0}( 9096): AT(18)> AT%NWSTATE=0
07-29 13:02:16.038 D/use-Rlog/RLOG-RIL AT{0}( 9096): AT(18)< OK
07-29 13:02:16.038 D/use-Rlog/RLOG-RIL AT{0}( 9096): AT(18)> AT%ISCREEN=0
07-29 13:02:16.039 D/use-Rlog/RLOG-RIL AT{0}( 9096): AT(18)< OK
07-29 13:02:16.039 D/use-Rlog/RLOG-RIL AT{0}( 9096): AT(18)> AT%IFD=20
07-29 13:02:16.040 D/use-Rlog/RLOG-RIL AT{0}( 9096): AT(18)< OK
07-29 13:02:16.040 D/RILJ    ( 3704): [8523]< SCREEN_STATE 
07-29 13:03:37.765 D/DCT     ( 3704): handleMessage msg={ when=0 what=270368 arg1=1 target=com.android.internal.telephony.dataconnection.DcTracker }
07-29 13:04:25.336 D/RILJ    ( 3704): [8524]> SCREEN_STATE: true
07-29 13:04:25.340 D/use-Rlog/RLOG-RIL{0}( 9096): b89ad420 onRequest:[-1639825124] SCREEN_STATE
07-29 13:04:25.340 I/use-Rlog/RLOG-RIL{0}( 9096): sending request SCREEN_STATE on channel 0
07-29 13:04:25.340 D/use-Rlog/RLOG-RIL{0}( 9096): b89adee8 onHandleRequest:[-1639825124] SCREEN_STATE
07-29 13:04:25.340 D/use-Rlog/RLOG-RIL{0}( 9096): Kernel time: [9396.910568]
07-29 13:04:25.340 D/use-Rlog/RLOG-RIL AT{0}( 9096): AT(18)> AT*TUNSOL="SM",1
07-29 13:04:25.340 D/DCT     ( 3704): onReceive: action=android.intent.action.SCREEN_ON
07-29 13:04:25.340 D/DCT     ( 3704): stopNetStatPoll
07-29 13:04:25.341 D/DCT     ( 3704): overall state is IDLE
07-29 13:04:25.341 D/use-Rlog/RLOG-RIL AT{0}( 9096): AT(18)< OK
07-29 13:04:25.342 D/use-Rlog/RLOG-RIL AT{0}( 9096): AT(18)> AT%ICESQU=1,5,6,1,6,12,12,6
07-29 13:04:25.342 D/use-Rlog/RLOG-RIL AT{0}( 9096): AT(18)< OK
07-29 13:04:25.342 D/use-Rlog/RLOG-RIL AT{0}( 9096): AT(18)> AT+CESQ
07-29 13:04:25.343 D/use-Rlog/RLOG-RIL AT{0}( 9096): AT(18)< +CESQ: 68,0,255,255,255,255
07-29 13:04:25.343 D/use-Rlog/RLOG-RIL{0}( 9096): Kernel time: [9396.913415]
07-29 13:04:25.343 D/use-Rlog/RLOG-RIL{0}( 9096): b89ae710 onUnsolicited: +CESQ: 68,0,255,255,255,255 null
07-29 13:04:25.343 D/use-Rlog/RLOG-RIL AT{0}( 9096): AT(18)< OK
07-29 13:04:25.343 D/use-Rlog/RLOG-RIL AT{0}( 9096): AT(18)> AT+CREG=2;+CGREG=2;+CEREG=2
07-29 13:04:25.344 D/use-Rlog/RLOG-RIL AT{0}( 9096): AT(18)< OK
07-29 13:04:25.344 D/use-Rlog/RLOG-RIL AT{0}( 9096): AT(18)> AT%NWSTATE=3
07-29 13:04:25.346 D/use-Rlog/RLOG-RIL AT{0}( 9096): AT(18)< %NWSTATE: 4,00101,2g,-,0
07-29 13:04:25.346 D/use-Rlog/RLOG-RIL{0}( 9096): Kernel time: [9396.916419]
07-29 13:04:25.346 D/use-Rlog/RLOG-RIL{0}( 9096): b89ae710 onUnsolicited: %NWSTATE: 4,00101,2g,-,0 null
07-29 13:04:25.346 D/use-Rlog/RLOG-RIL AT{0}( 9096): AT(18)< OK
07-29 13:04:25.346 D/use-Rlog/RLOG-RIL AT{0}( 9096): AT(18)> AT%IFD=36
07-29 13:04:25.347 D/use-Rlog/RLOG-RIL AT{0}( 9096): AT(18)< OK
07-29 13:04:25.348 D/use-Rlog/RLOG-RIL AT{0}( 9096): AT(18)> AT%ISCREEN=1
07-29 13:04:25.349 D/use-Rlog/RLOG-RIL AT{0}( 9096): AT(18)< OK
07-29 13:04:25.349 D/use-Rlog/RLOG-RIL AT{0}( 9096): AT(18)> AT%IDRVSTAT
07-29 13:04:25.352 D/use-Rlog/RLOG-RIL AT{0}( 9096): AT(18)< {
07-29 13:04:25.352 D/use-Rlog/RLOG-RIL AT{0}( 9096): AT(18)<    'wakesch':{
07-29 13:04:25.352 D/use-Rlog/RLOG-RIL AT{0}( 9096): AT(18)<       'min_restore_time':[0,295,0,0,0,0,0,0,0,0,0,0,0,0,0,0],
07-29 13:04:25.352 D/use-Rlog/RLOG-RIL AT{0}( 9096): AT(18)<       'max_restore_time':[0,432,0,0,0,0,0,0,0,0,0,0,0,0,0,0],
07-29 13:04:25.352 D/use-Rlog/RLOG-RIL AT{0}( 9096): AT(18)<       'emc_wait_count':0
07-29 13:04:25.352 D/use-Rlog/RLOG-RIL AT{0}( 9096): AT(18)<    },
07-29 13:04:25.352 D/use-Rlog/RLOG-RIL AT{0}( 9096): AT(18)<    'cal32k':{
07-29 13:04:25.352 D/use-Rlog/RLOG-RIL AT{0}( 9096): AT(18)<       'low_res_freq_millihz':32768664,
07-29 13:04:25.352 D/use-Rlog/RLOG-RIL AT{0}( 9096): AT(18)<       'state_stats':[27,124,38804],
07-29 13:04:25.352 D/use-Rlog/RLOG-RIL AT{0}( 9096): AT(18)<       'cal_time':[0,15312,382,2874,9,477,192,50,20,3,2,8,34,67,89]
07-29 13:04:25.352 D/use-Rlog/RLOG-RIL AT{0}( 9096): AT(18)<    },
07-29 13:04:25.352 D/use-Rlog/RLOG-RIL AT{0}( 9096): AT(18)<    'IPM':{
07-29 13:04:25.352 D/use-Rlog/RLOG-RIL AT{0}( 9096): AT(18)<       'system_time':'0d3h20m31s',
07-29 13:04:25.352 D/use-Rlog/RLOG-RIL AT{0}( 9096): AT(18)<       'uptime':4784566,
07-29 13:04:25.352 D/use-Rlog/RLOG-RIL AT{0}( 9096): AT(18)<       'downtime':9404416,
07-29 13:04:25.352 D/use-Rlog/RLOG-RIL AT{0}( 9096): AT(18)<       'load_1000':337,
07-29 13:04:25.352 D/use-Rlog/RLOG-RIL AT{0}( 9096): AT(18)<       'idle_time_dist':[27794,2579,804,3968,2450,2986,397,8,0,0],
07-29 13:04:25.352 D/use-Rlog/RLOG-RIL AT{0}( 9096): AT(18)<       'dxp0':{
07-29 13:04:25.352 D/use-Rlog/RLOG-RIL AT{0}( 9096): AT(18)<          'n_dmem_active':0,
07-29 13:04:25.352 D/use-Rlog/RLOG-RIL AT{0}( 9096): AT(18)<          'n_dxp_idle':4748455,
07-29 13:04:25.352 D/use-Rlog/RLOG-RIL AT{0}( 9096): AT(18)<          'n_soc_idle':0,
07-29 13:04:25.352 D/use-Rlog/RLOG-RIL AT{0}( 9096): AT(18)<          'n_power_off':19519
07-29 13:04:25.353 D/use-Rlog/RLOG-RIL AT{0}( 9096): AT(18)<       }
07-29 13:04:25.353 D/use-Rlog/RLOG-RIL AT{0}( 9096): AT(18)<    },
07-29 13:04:25.353 D/use-Rlog/RLOG-RIL AT{0}( 9096): AT(18)<    'shm':{
07-29 13:04:25.353 D/use-Rlog/RLOG-RIL AT{0}( 9096): AT(18)<       'queue':{
07-29 13:04:25.353 D/use-Rlog/RLOG-RIL AT{0}( 9096): AT(18)<          'put':7605,
07-29 13:04:25.353 D/use-Rlog/RLOG-RIL AT{0}( 9096): AT(18)<          'get':7125
07-29 13:04:25.353 D/use-Rlog/RLOG-RIL AT{0}( 9096): AT(18)<       },
07-29 13:04:25.353 D/use-Rlog/RLOG-RIL AT{0}( 9096): AT(18)<       'if':{
07-29 13:04:25.353 D/use-Rlog/RLOG-RIL AT{0}( 9096): AT(18)<          'sent':[146283,47243,1902,64,8869604,2009,1938,1869,1869,1869,1869,1869,1869,0,0,0,0,0,2892],
07-29 13:04:25.353 D/use-Rlog/RLOG-RIL AT{0}( 9096): AT(18)<          'received':[139018,16206,23,44,180,164,94,0,0,0,0,0,0,0,0,0,0,0,1232],
07-29 13:04:25.353 D/use-Rlog/RLOG-RIL AT{0}( 9096): AT(18)<          'given':[1058,1304,20,8,5155,30,27,16,16,16,16,16,16,0,0,0,0,0,44],
07-29 13:04:25.353 D/use-Rlog/RLOG-RIL AT{0}( 9096): AT(18)<          'taken':[1058,1303,20,8,5155,30,27,16,16,16,16,16,16,0,0,0,0,0,44]
07-29 13:04:25.353 D/use-Rlog/RLOG-RIL AT{0}( 9096): AT(18)<       },
07-29 13:04:25.353 D/use-Rlog/RLOG-RIL AT{0}( 9096): AT(18)<       'signal':{
07-29 13:04:25.353 D/use-Rlog/RLOG-RIL AT{0}( 9096): AT(18)<          'ul':6080,
07-29 13:04:25.353 D/use-Rlog/RLOG-RIL AT{0}( 9096): AT(18)<          'dl':6882
07-29 13:04:25.353 D/use-Rlog/RLOG-RIL AT{0}( 9096): AT(18)<       }
07-29 13:04:25.353 D/use-Rlog/RLOG-RIL AT{0}( 9096): AT(18)<    },
07-29 13:04:25.353 D/use-Rlog/RLOG-RIL AT{0}( 9096): AT(18)< }
07-29 13:04:25.353 D/use-Rlog/RLOG-RIL AT{0}( 9096): AT(18)< OK
07-29 13:04:25.353 D/use-Rlog/RLOG-RIL{0}( 9096): b89adee8 onHandleUnsolicited: +CESQ: 68,0,255,255,255,255 null
07-29 13:04:25.354 D/use-Rlog/RLOG-RIL{0}( 9096): b89adee8 onHandleUnsolicited: %NWSTATE: 4,00101,2g,-,0 null
07-29 13:04:25.354 D/RILJ    ( 3704): [UNSL]< UNSOL_RESPONSE_VOICE_NETWORK_STATE_CHANGED
07-29 13:04:25.354 D/RILJ    ( 3704): [8524]< SCREEN_STATE 
07-29 13:04:25.354 D/RILJ    ( 3704): [8525]> OPERATOR
07-29 13:04:25.358 D/RILJ    ( 3704): [8526]> DATA_REGISTRATION_STATE
07-29 13:04:25.358 D/use-Rlog/RLOG-RIL{0}( 9096): b89ad420 onRequest:[-1639825123] OPERATOR
07-29 13:04:25.358 I/use-Rlog/RLOG-RIL{0}( 9096): sending request OPERATOR on channel 0
07-29 13:04:25.358 D/use-Rlog/RLOG-RIL{0}( 9096): b89adee8 onHandleRequest:[-1639825123] OPERATOR
07-29 13:04:25.358 D/use-Rlog/RLOG-RIL{0}( 9096): Providing cached Operator details
07-29 13:04:25.358 D/RILJ    ( 3704): [8525]< OPERATOR {00101, 00101, 00101}
07-29 13:04:25.359 D/RILJ    ( 3704): [8527]> VOICE_REGISTRATION_STATE
07-29 13:04:25.359 D/use-Rlog/RLOG-RIL{0}( 9096): b89ad420 onRequest:[-1639825122] DATA_REGISTRATION_STATE
07-29 13:04:25.359 I/use-Rlog/RLOG-RIL{0}( 9096): sending request DATA_REGISTRATION_STATE on channel 0
07-29 13:04:25.359 D/use-Rlog/RLOG-RIL{0}( 9096): b89adee8 onHandleRequest:[-1639825122] DATA_REGISTRATION_STATE
07-29 13:04:25.360 D/RILJ    ( 3704): [8526]< DATA_REGISTRATION_STATE {0, null, null, 0, null, 2}
07-29 13:04:25.360 D/RILJ    ( 3704): [8528]> QUERY_NETWORK_SELECTION_MODE
07-29 13:04:25.360 D/use-Rlog/RLOG-RIL{0}( 9096): b89ad420 onRequest:[-1639825121] VOICE_REGISTRATION_STATE
07-29 13:04:25.360 I/use-Rlog/RLOG-RIL{0}( 9096): sending request VOICE_REGISTRATION_STATE on channel 0
07-29 13:04:25.360 D/use-Rlog/RLOG-RIL{0}( 9096): b89adee8 onHandleRequest:[-1639825121] VOICE_REGISTRATION_STATE
07-29 13:04:25.361 D/RILJ    ( 3704): [8527]< VOICE_REGISTRATION_STATE {1, 3e8, a, 16}
07-29 13:04:25.361 D/use-Rlog/RLOG-RIL{0}( 9096): b89ad420 onRequest:[-1639825120] QUERY_NETWORK_SELECTION_MODE
07-29 13:04:25.361 I/use-Rlog/RLOG-RIL{0}( 9096): sending request QUERY_NETWORK_SELECTION_MODE on channel 0
07-29 13:04:25.361 D/use-Rlog/RLOG-RIL{0}( 9096): b89adee8 onHandleRequest:[-1639825120] QUERY_NETWORK_SELECTION_MODE
07-29 13:04:25.361 D/use-Rlog/RLOG-RIL{0}( 9096): Providing cached network selection details
07-29 13:04:25.361 D/RILJ    ( 3704): [8528]< QUERY_NETWORK_SELECTION_MODE {1}
07-29 13:04:25.364 D/PHONE   ( 3704): [ServiceState] setDataRegState=1
07-29 13:04:25.364 D/PHONE   ( 3704): [ServiceState] setDataRadioTechnology=0
07-29 13:04:25.365 D/GsmSST  ( 3704): [GsmSST] handlPollStateResultMessage: GsmSST setDataRegState=1 regState=0 dataRadioTechnology=0
07-29 13:04:25.365 D/PHONE   ( 3704): [ServiceState] setVoiceRegState=0
07-29 13:04:25.365 E/PHONE   ( 3704): [ServiceState] setState deprecated use setVoiceRegState()
07-29 13:04:25.365 D/GsmSST  ( 3704): [GsmSST] Poll ServiceState done:  oldSS=[0 1 home 00101 00101 00101 (manual) GSM Unknown CSS not supported -1 -1 RoamInd=-1 DefRoamInd=-1 EmergOnly=false] newSS=[0 1 home 00101 00101 00101 (manual) GSM Unknown CSS not supported -1 -1 RoamInd=-1 DefRoamInd=-1 EmergOnly=false] oldMaxDataCalls=2 mNewMaxDataCalls=2 oldReasonDataDenied=-1 mNewReasonDataDenied=-1
07-29 13:04:25.365 D/PHONE   ( 3704): [ServiceState] setNullState=1
07-29 13:04:26.289 D/use-Rlog/RLOG-RIL AT{0}( 9096): AT(18)< %ICESQU: 64,0,255,255,255,255
07-29 13:04:26.289 D/use-Rlog/RLOG-RIL{0}( 9096): Kernel time: [9397.860077]
07-29 13:04:26.289 D/use-Rlog/RLOG-RIL{0}( 9096): b89ae710 onUnsolicited: %ICESQU: 64,0,255,255,255,255 null
07-29 13:04:26.289 D/use-Rlog/RLOG-RIL{0}( 9096): b89adee8 onHandleUnsolicited: %ICESQU: 64,0,255,255,255,255 null
07-29 13:04:31.296 D/use-Rlog/RLOG-RIL AT{0}( 9096): AT(18)< %ICESQU: 70,0,255,255,255,255
07-29 13:04:31.296 D/use-Rlog/RLOG-RIL{0}( 9096): Kernel time: [9402.865891]
07-29 13:04:31.296 D/use-Rlog/RLOG-RIL{0}( 9096): b89ae710 onUnsolicited: %ICESQU: 70,0,255,255,255,255 null
07-29 13:04:31.296 D/use-Rlog/RLOG-RIL{0}( 9096): b89adee8 onHandleUnsolicited: %ICESQU: 70,0,255,255,255,255 null
07-29 13:05:26.026 D/RILJ    ( 3704): [8529]> SCREEN_STATE: false
07-29 13:05:26.028 D/DCT     ( 3704): onReceive: action=android.intent.action.SCREEN_OFF
07-29 13:05:26.028 D/DCT     ( 3704): stopNetStatPoll
07-29 13:05:26.028 D/use-Rlog/RLOG-RIL{0}( 9096): b89ad420 onRequest:[-1639825119] SCREEN_STATE
07-29 13:05:26.028 I/use-Rlog/RLOG-RIL{0}( 9096): sending request SCREEN_STATE on channel 0
07-29 13:05:26.028 D/DCT     ( 3704): overall state is IDLE
07-29 13:05:26.028 D/use-Rlog/RLOG-RIL{0}( 9096): b89adee8 onHandleRequest:[-1639825119] SCREEN_STATE
07-29 13:05:26.028 D/use-Rlog/RLOG-RIL{0}( 9096): Kernel time: [9457.598391]
07-29 13:05:26.028 D/use-Rlog/RLOG-RIL AT{0}( 9096): AT(18)> AT*TUNSOL="SM",0
07-29 13:05:26.038 D/use-Rlog/RLOG-RIL AT{0}( 9096): AT(18)< OK
07-29 13:05:26.038 D/use-Rlog/RLOG-RIL AT{0}( 9096): AT(18)> AT%ICESQU=0
07-29 13:05:26.039 D/use-Rlog/RLOG-RIL AT{0}( 9096): AT(18)< OK
07-29 13:05:26.039 D/use-Rlog/RLOG-RIL AT{0}( 9096): AT(18)> AT+CREG=1;+CGREG=1;+CEREG=1
07-29 13:05:26.044 D/use-Rlog/RLOG-RIL AT{0}( 9096): AT(18)< OK
07-29 13:05:26.044 D/use-Rlog/RLOG-RIL AT{0}( 9096): AT(18)> AT%NWSTATE=0
07-29 13:05:26.045 D/use-Rlog/RLOG-RIL AT{0}( 9096): AT(18)< OK
07-29 13:05:26.045 D/use-Rlog/RLOG-RIL AT{0}( 9096): AT(18)> AT%ISCREEN=0
07-29 13:05:26.046 D/use-Rlog/RLOG-RIL AT{0}( 9096): AT(18)< OK
07-29 13:05:26.046 D/use-Rlog/RLOG-RIL AT{0}( 9096): AT(18)> AT%IFD=20
07-29 13:05:26.047 D/use-Rlog/RLOG-RIL AT{0}( 9096): AT(18)< OK
07-29 13:05:26.047 D/RILJ    ( 3704): [8529]< SCREEN_STATE 
07-29 13:07:42.832 D/RILJ    ( 3704): [8530]> SCREEN_STATE: true
07-29 13:07:42.837 D/use-Rlog/RLOG-RIL{0}( 9096): b89ad420 onRequest:[-1639825118] SCREEN_STATE
07-29 13:07:42.837 I/use-Rlog/RLOG-RIL{0}( 9096): sending request SCREEN_STATE on channel 0
07-29 13:07:42.837 D/use-Rlog/RLOG-RIL{0}( 9096): b89adee8 onHandleRequest:[-1639825118] SCREEN_STATE
07-29 13:07:42.837 D/use-Rlog/RLOG-RIL{0}( 9096): Kernel time: [9594.407659]
07-29 13:07:42.837 D/use-Rlog/RLOG-RIL AT{0}( 9096): AT(18)> AT*TUNSOL="SM",1
07-29 13:07:42.839 D/DCT     ( 3704): onReceive: action=android.intent.action.SCREEN_ON
07-29 13:07:42.839 D/DCT     ( 3704): stopNetStatPoll
07-29 13:07:42.839 D/DCT     ( 3704): overall state is IDLE
07-29 13:07:42.848 D/use-Rlog/RLOG-RIL AT{0}( 9096): AT(18)< OK
07-29 13:07:42.848 D/use-Rlog/RLOG-RIL AT{0}( 9096): AT(18)> AT%ICESQU=1,5,6,1,6,12,12,6
07-29 13:07:42.848 D/use-Rlog/RLOG-RIL AT{0}( 9096): AT(18)< OK
07-29 13:07:42.848 D/use-Rlog/RLOG-RIL AT{0}( 9096): AT(18)> AT+CESQ
07-29 13:07:42.849 D/use-Rlog/RLOG-RIL AT{0}( 9096): AT(18)< +CESQ: 72,0,255,255,255,255
07-29 13:07:42.849 D/use-Rlog/RLOG-RIL{0}( 9096): Kernel time: [9594.419135]
07-29 13:07:42.849 D/use-Rlog/RLOG-RIL{0}( 9096): b89ae710 onUnsolicited: +CESQ: 72,0,255,255,255,255 null
07-29 13:07:42.849 D/use-Rlog/RLOG-RIL AT{0}( 9096): AT(18)< OK
07-29 13:07:42.849 D/use-Rlog/RLOG-RIL AT{0}( 9096): AT(18)> AT+CREG=2;+CGREG=2;+CEREG=2
07-29 13:07:42.850 D/use-Rlog/RLOG-RIL AT{0}( 9096): AT(18)< OK
07-29 13:07:42.850 D/use-Rlog/RLOG-RIL AT{0}( 9096): AT(18)> AT%NWSTATE=3
07-29 13:07:42.851 D/use-Rlog/RLOG-RIL AT{0}( 9096): AT(18)< %NWSTATE: 4,00101,2g,-,0
07-29 13:07:42.851 D/use-Rlog/RLOG-RIL{0}( 9096): Kernel time: [9594.421573]
07-29 13:07:42.851 D/use-Rlog/RLOG-RIL{0}( 9096): b89ae710 onUnsolicited: %NWSTATE: 4,00101,2g,-,0 null
07-29 13:07:42.851 D/use-Rlog/RLOG-RIL AT{0}( 9096): AT(18)< OK
07-29 13:07:42.851 D/use-Rlog/RLOG-RIL AT{0}( 9096): AT(18)> AT%IFD=36
07-29 13:07:42.852 D/use-Rlog/RLOG-RIL AT{0}( 9096): AT(18)< OK
07-29 13:07:42.852 D/use-Rlog/RLOG-RIL AT{0}( 9096): AT(18)> AT%ISCREEN=1
07-29 13:07:42.853 D/use-Rlog/RLOG-RIL AT{0}( 9096): AT(18)< OK
07-29 13:07:42.853 D/use-Rlog/RLOG-RIL AT{0}( 9096): AT(18)> AT%IDRVSTAT
07-29 13:07:42.855 D/use-Rlog/RLOG-RIL AT{0}( 9096): AT(18)< {
07-29 13:07:42.855 D/use-Rlog/RLOG-RIL AT{0}( 9096): AT(18)<    'wakesch':{
07-29 13:07:42.856 D/use-Rlog/RLOG-RIL AT{0}( 9096): AT(18)<       'min_restore_time':[0,295,0,0,0,0,0,0,0,0,0,0,0,0,0,0],
07-29 13:07:42.856 D/use-Rlog/RLOG-RIL AT{0}( 9096): AT(18)<       'max_restore_time':[0,432,0,0,0,0,0,0,0,0,0,0,0,0,0,0],
07-29 13:07:42.856 D/use-Rlog/RLOG-RIL AT{0}( 9096): AT(18)<       'emc_wait_count':0
07-29 13:07:42.856 D/use-Rlog/RLOG-RIL AT{0}( 9096): AT(18)<    },
07-29 13:07:42.856 D/use-Rlog/RLOG-RIL AT{0}( 9096): AT(18)<    'cal32k':{
07-29 13:07:42.856 D/use-Rlog/RLOG-RIL AT{0}( 9096): AT(18)<       'low_res_freq_millihz':32768695,
07-29 13:07:42.856 D/use-Rlog/RLOG-RIL AT{0}( 9096): AT(18)<       'state_stats':[27,124,39706],
07-29 13:07:42.856 D/use-Rlog/RLOG-RIL AT{0}( 9096): AT(18)<       'cal_time':[0,15716,389,2896,9,489,192,50,22,3,2,8,35,70,89]
07-29 13:07:42.856 D/use-Rlog/RLOG-RIL AT{0}( 9096): AT(18)<    },
07-29 13:07:42.856 D/use-Rlog/RLOG-RIL AT{0}( 9096): AT(18)<    'IPM':{
07-29 13:07:42.856 D/use-Rlog/RLOG-RIL AT{0}( 9096): AT(18)<       'system_time':'0d3h23m48s',
07-29 13:07:42.856 D/use-Rlog/RLOG-RIL AT{0}( 9096): AT(18)<       'uptime':4793569,
07-29 13:07:42.856 D/use-Rlog/RLOG-RIL AT{0}( 9096): AT(18)<       'downtime':9592419,
07-29 13:07:42.856 D/use-Rlog/RLOG-RIL AT{0}( 9096): AT(18)<       'load_1000':333,
07-29 13:07:42.856 D/use-Rlog/RLOG-RIL AT{0}( 9096): AT(18)<       'idle_time_dist':[28259,2606,816,3985,2503,3078,397,8,0,0],
07-29 13:07:42.856 D/use-Rlog/RLOG-RIL AT{0}( 9096): AT(18)<       'dxp0':{
07-29 13:07:42.856 D/use-Rlog/RLOG-RIL AT{0}( 9096): AT(18)<          'n_dmem_active':0,
07-29 13:07:42.856 D/use-Rlog/RLOG-RIL AT{0}( 9096): AT(18)<          'n_dxp_idle':4760451,
07-29 13:07:42.856 D/use-Rlog/RLOG-RIL AT{0}( 9096): AT(18)<          'n_soc_idle':0,
07-29 13:07:42.856 D/use-Rlog/RLOG-RIL AT{0}( 9096): AT(18)<          'n_power_off':19970
07-29 13:07:42.856 D/use-Rlog/RLOG-RIL AT{0}( 9096): AT(18)<       }
07-29 13:07:42.856 D/use-Rlog/RLOG-RIL AT{0}( 9096): AT(18)<    },
07-29 13:07:42.856 D/use-Rlog/RLOG-RIL AT{0}( 9096): AT(18)<    'shm':{
07-29 13:07:42.856 D/use-Rlog/RLOG-RIL AT{0}( 9096): AT(18)<       'queue':{
07-29 13:07:42.856 D/use-Rlog/RLOG-RIL AT{0}( 9096): AT(18)<          'put':7651,
07-29 13:07:42.856 D/use-Rlog/RLOG-RIL AT{0}( 9096): AT(18)<          'get':7171
07-29 13:07:42.856 D/use-Rlog/RLOG-RIL AT{0}( 9096): AT(18)<       },
07-29 13:07:42.856 D/use-Rlog/RLOG-RIL AT{0}( 9096): AT(18)<       'if':{
07-29 13:07:42.856 D/use-Rlog/RLOG-RIL AT{0}( 9096): AT(18)<          'sent':[146283,48660,1902,64,8869604,2009,1938,1869,1869,1869,1869,1869,1869,0,0,0,0,0,2892],
07-29 13:07:42.856 D/use-Rlog/RLOG-RIL AT{0}( 9096): AT(18)<          'received':[139018,16428,23,44,180,164,94,0,0,0,0,0,0,0,0,0,0,0,1232],
07-29 13:07:42.857 D/use-Rlog/RLOG-RIL AT{0}( 9096): AT(18)<          'given':[1058,1322,20,8,5155,30,27,16,16,16,16,16,16,0,0,0,0,0,44],
07-29 13:07:42.857 D/use-Rlog/RLOG-RIL AT{0}( 9096): AT(18)<          'taken':[1058,1322,20,8,5155,30,27,16,16,16,16,16,16,0,0,0,0,0,44]
07-29 13:07:42.857 D/use-Rlog/RLOG-RIL AT{0}( 9096): AT(18)<       },
07-29 13:07:42.857 D/use-Rlog/RLOG-RIL AT{0}( 9096): AT(18)<       'signal':{
07-29 13:07:42.857 D/use-Rlog/RLOG-RIL AT{0}( 9096): AT(18)<          'ul':6114,
07-29 13:07:42.857 D/use-Rlog/RLOG-RIL AT{0}( 9096): AT(18)<          'dl':6928
07-29 13:07:42.857 D/use-Rlog/RLOG-RIL AT{0}( 9096): AT(18)<       }
07-29 13:07:42.857 D/use-Rlog/RLOG-RIL AT{0}( 9096): AT(18)<    },
07-29 13:07:42.857 D/use-Rlog/RLOG-RIL AT{0}( 9096): AT(18)< }
07-29 13:07:42.857 D/use-Rlog/RLOG-RIL AT{0}( 9096): AT(18)< OK
07-29 13:07:42.857 D/use-Rlog/RLOG-RIL{0}( 9096): b89adee8 onHandleUnsolicited: +CESQ: 72,0,255,255,255,255 null
07-29 13:07:42.857 D/use-Rlog/RLOG-RIL{0}( 9096): b89adee8 onHandleUnsolicited: %NWSTATE: 4,00101,2g,-,0 null
07-29 13:07:42.857 D/RILJ    ( 3704): [UNSL]< UNSOL_RESPONSE_VOICE_NETWORK_STATE_CHANGED
07-29 13:07:42.858 D/RILJ    ( 3704): [8530]< SCREEN_STATE 
07-29 13:07:42.858 D/RILJ    ( 3704): [8531]> OPERATOR
07-29 13:07:42.859 D/RILJ    ( 3704): [8532]> DATA_REGISTRATION_STATE
07-29 13:07:42.859 D/use-Rlog/RLOG-RIL{0}( 9096): b89ad420 onRequest:[-1639825117] OPERATOR
07-29 13:07:42.859 I/use-Rlog/RLOG-RIL{0}( 9096): sending request OPERATOR on channel 0
