07-29 15:00:26.789 V/nvaudio_hw(  148): Set 'ALC Expansion Threshold Volume' to '26' mode = 0 r->mode = -2 srate = 48000 r->srate = 0 
07-29 15:00:26.789 V/nvaudio_hw(  148): Set 'ALC Enable' to '1' mode = 0 r->mode = -2 srate = 48000 r->srate = 0 
07-29 15:00:26.789 V/nvaudio_hw(  148): Set 'Speaker Left Mixer Gain Volume' to '2' mode = 0 r->mode = -2 srate = 48000 r->srate = 0 
07-29 15:00:26.789 V/nvaudio_hw(  148): Set 'Speaker Right Mixer Gain Volume' to '2' mode = 0 r->mode = -2 srate = 48000 r->srate = 0 
07-29 15:00:26.796 W/InputMethodManagerService( 1921): Window already focused, ignoring focus gain of: com.android.internal.view.IInputMethodClient$Stub$Proxy@41cf27c8 attribute=null, token = android.os.BinderProxy@41deb578
07-29 15:00:26.804 V/nvaudio_hw(  148): Set 'EQ Mode' to '3' mode = 0 r->mode = -2 srate = 48000 r->srate = 0 
07-29 15:00:26.804 V/nvaudio_hw(  148): Set 'Digital EQ 7 Band Enable' to '1' mode = 0 r->mode = -2 srate = 48000 r->srate = 0 
07-29 15:00:26.804 V/nvaudio_hw(  148): send_at_cmd_by_list: type 0
07-29 15:00:26.805 V/nvaudio_hw(  148): trigger_dma_callback dma address 0x4002C000 on 1
07-29 15:00:26.813 W/Settings( 3704): Setting airplane_mode_on has moved from android.provider.Settings.System to android.provider.Settings.Global, returning read-only value.
07-29 15:00:26.814 D/CellBroadcastReceiver( 8419): onReceive Intent { act=android.intent.action.AIRPLANE_MODE flg=0x20000010 cmp=com.android.cellbroadcastreceiver/.CellBroadcastReceiver (has extras) }
07-29 15:00:26.814 D/CellBroadcastReceiver( 8419): airplaneModeOn: false
07-29 15:00:26.815 I/PowerManagerService( 1921): setBrightness mButtonLight, screenBrightness=102
07-29 15:00:26.817 D/PhoneStatusBar( 3515): disable: < expand* icons alerts ticker system_info back home recent clock search >
07-29 15:00:26.822 D/CellBroadcastConfigService( 8419): enabling emergency cell broadcast channels
07-29 15:00:26.822 D/IccSmsInterfaceManager( 3704): [IccSmsInterfaceManager] enableGsmBroadcastRange
07-29 15:00:26.822 D/IccSmsInterfaceManager( 3704): [IccSmsInterfaceManager] Calling setGsmBroadcastConfig with 2 configurations
07-29 15:00:26.823 I/PowerManagerService( 1921): setBrightness mButtonLight, screenBrightness=102
07-29 15:00:26.828 I/ICEUTIL (  163): WakelockActuate: writing fildLock to /sys/power/wake_lock
07-29 15:00:26.828 D/FILD    (  163): OBEX: Core: Received packet: 0x2 0x44 0x41 0x41 0x1
07-29 15:00:26.828 D/FILD    (  163): OBEX: Core: obex_CoreSendSimplePacket: 0x90 0x3
07-29 15:00:26.828 I/ICEUTIL (  163): WakelockActuate: writing fildLock to /sys/power/wake_unlock
07-29 15:00:26.828 I/ICEUTIL (  163): WakelockActuate: writing fildLock to /sys/power/wake_lock
07-29 15:00:26.828 D/FILD    (  163): OBEX: Core: Received packet: 0x82 0xd 0xa 0xa 0x49
07-29 15:00:26.828 I/FILD    (  163): OBEX: File: HandleBodyEndOfBodyHeaders: write in /data/rfs/data/remotes/sim/sim0_voltage
07-29 15:00:26.828 D/FILD    (  163): OBEX: Core: obex_CoreSendSimplePacket: 0xa0 0x3
07-29 15:00:26.829 I/ICEUTIL (  163): WakelockActuate: writing fildLock to /sys/power/wake_unlock
07-29 15:00:26.829 I/ICEUTIL (  163): WakelockActuate: writing fildLock to /sys/power/wake_lock
07-29 15:00:26.829 D/FILD    (  163): OBEX: Core: Received packet: 0x2 0x42 0x3f 0x3f 0x1
07-29 15:00:26.829 D/FILD    (  163): OBEX: Core: obex_CoreSendSimplePacket: 0x90 0x3
07-29 15:00:26.829 I/ICEUTIL (  163): WakelockActuate: writing fildLock to /sys/power/wake_unlock
07-29 15:00:26.829 I/ICEUTIL (  163): WakelockActuate: writing fildLock to /sys/power/wake_lock
07-29 15:00:26.829 D/FILD    (  163): OBEX: Core: Received packet: 0x82 0xd 0xa 0xa 0x49
07-29 15:00:26.829 I/FILD    (  163): OBEX: File: HandleBodyEndOfBodyHeaders: write in /data/rfs/data/remotes/sim/sim0_enable
07-29 15:00:26.830 D/FILD    (  163): OBEX: Core: obex_CoreSendSimplePacket: 0xa0 0x3
07-29 15:00:26.830 I/ICEUTIL (  163): WakelockActuate: writing fildLock to /sys/power/wake_unlock
07-29 15:00:26.831 I/ICEUTIL (  163): WakelockActuate: writing fildLock to /sys/power/wake_lock
07-29 15:00:26.831 D/FILD    (  163): OBEX: Core: Received packet: 0x3 0x3e 0x3b 0x3b 0x1
07-29 15:00:26.831 I/FILD    (  163): OBEX: File: HandleFirstGetResponse: File /data/rfs/data/modem/transaction.log not found.
07-29 15:00:26.831 D/FILD    (  163): OBEX: Core: obex_CoreSendSimplePacket: 0xd0 0x3
07-29 15:00:26.831 I/ICEUTIL (  163): WakelockActuate: writing fildLock to /sys/power/wake_unlock
07-29 15:00:26.832 I/ICEUTIL (  163): WakelockActuate: writing fildLock to /sys/power/wake_lock
07-29 15:00:26.832 D/FILD    (  163): OBEX: Core: Received packet: 0x3 0x56 0x53 0x53 0x1
07-29 15:00:26.832 I/FILD    (  163): OBEX: File: HandleFirstGetResponse: File /data/rfs/data/persistent/personalisation.backup not found.
07-29 15:00:26.832 D/FILD    (  163): OBEX: Core: obex_CoreSendSimplePacket: 0xd0 0x3
07-29 15:00:26.832 I/ICEUTIL (  163): WakelockActuate: writing fildLock to /sys/power/wake_unlock
07-29 15:00:26.832 I/ICEUTIL (  163): WakelockActuate: writing fildLock to /sys/power/wake_lock
07-29 15:00:26.832 D/FILD    (  163): OBEX: Core: Received packet: 0x3 0x62 0x5f 0x5f 0x1
07-29 15:00:26.832 I/FILD    (  163): OBEX: File: HandleFirstGetResponse: File /data/rfs/data/persistent/NRAM2_ME_PERSONALISATION.bin not found.
07-29 15:00:26.832 D/FILD    (  163): OBEX: Core: obex_CoreSendSimplePacket: 0xd0 0x3
07-29 15:00:26.832 I/ICEUTIL (  163): WakelockActuate: writing fildLock to /sys/power/wake_unlock
07-29 15:00:26.833 I/PowerManagerService( 1921): setBrightness mButtonLight, screenBrightness=102
07-29 15:00:26.834 I/ICEUTIL (  163): WakelockActuate: writing fildLock to /sys/power/wake_lock
07-29 15:00:26.834 I/PowerManagerService( 1921): setBrightness mButtonLight, screenBrightness=102
07-29 15:00:26.835 D/FILD    (  163): OBEX: Core: Received packet: 0x3 0x3e 0x3b 0x3b 0x1
07-29 15:00:26.835 I/FILD    (  163): OBEX: File: HandleFirstGetResponse: File /data/rfs/data/modem/transaction.log not found.
07-29 15:00:26.835 D/FILD    (  163): OBEX: Core: obex_CoreSendSimplePacket: 0xd0 0x3
07-29 15:00:26.835 I/ICEUTIL (  163): WakelockActuate: writing fildLock to /sys/power/wake_unlock
07-29 15:00:26.835 I/ICEUTIL (  163): WakelockActuate: writing fildLock to /sys/power/wake_lock
07-29 15:00:26.835 D/FILD    (  163): OBEX: Core: Received packet: 0x3 0x3e 0x3b 0x3b 0x1
07-29 15:00:26.835 I/FILD    (  163): OBEX: File: HandleFirstGetResponse: File /data/rfs/data/modem/transaction.log not found.
07-29 15:00:26.835 D/FILD    (  163): OBEX: Core: obex_CoreSendSimplePacket: 0xd0 0x3
07-29 15:00:26.835 I/ICEUTIL (  163): WakelockActuate: writing fildLock to /sys/power/wake_unlock
07-29 15:00:26.835 I/PowerManagerService( 1921): setBrightness mButtonLight, screenBrightness=102
07-29 15:00:26.836 I/ICEUTIL (  163): WakelockActuate: writing fildLock to /sys/power/wake_lock
07-29 15:00:26.836 D/FILD    (  163): OBEX: Core: Received packet: 0x3 0x3e 0x3b 0x3b 0x1
07-29 15:00:26.836 I/FILD    (  163): OBEX: File: HandleFirstGetResponse: File /data/rfs/data/modem/transaction.log not found.
07-29 15:00:26.836 D/FILD    (  163): OBEX: Core: obex_CoreSendSimplePacket: 0xd0 0x3
07-29 15:00:26.836 I/ICEUTIL (  163): WakelockActuate: writing fildLock to /sys/power/wake_unlock
07-29 15:00:26.836 I/PowerManagerService( 1921): setBrightness mButtonLight, screenBrightness=102
07-29 15:00:26.837 I/PowerManagerService( 1921): setBrightness mButtonLight, screenBrightness=102
07-29 15:00:26.837 I/PowerManagerService( 1921): setBrightness mButtonLight, screenBrightness=102
07-29 15:00:26.838 I/PowerManagerService( 1921): setBrightness mButtonLight, screenBrightness=102
07-29 15:00:26.838 I/PowerManagerService( 1921): setBrightness mButtonLight, screenBrightness=102
07-29 15:00:26.839 I/PowerManagerService( 1921): setBrightness mButtonLight, screenBrightness=102
07-29 15:00:26.839 I/PowerManagerService( 1921): setBrightness mButtonLight, screenBrightness=102
07-29 15:00:27.428 I/ICEUTIL (  163): WakelockActuate: writing fildLock to /sys/power/wake_lock
07-29 15:00:27.428 D/FILD    (  163): OBEX: Core: Received packet: 0x3 0x3e 0x3b 0x3b 0x1
07-29 15:00:27.428 I/FILD    (  163): OBEX: File: HandleFirstGetResponse: File /data/rfs/data/modem/transaction.log not found.
07-29 15:00:27.428 D/FILD    (  163): OBEX: Core: obex_CoreSendSimplePacket: 0xd0 0x3
07-29 15:00:27.428 I/ICEUTIL (  163): WakelockActuate: writing fildLock to /sys/power/wake_unlock
07-29 15:00:27.429 I/ICEUTIL (  163): WakelockActuate: writing fildLock to /sys/power/wake_lock
07-29 15:00:27.429 D/FILD    (  163): OBEX: Core: Received packet: 0x3 0x3e 0x3b 0x3b 0x1
07-29 15:00:27.429 I/FILD    (  163): OBEX: File: HandleFirstGetResponse: File /data/rfs/data/modem/transaction.log not found.
07-29 15:00:27.429 D/FILD    (  163): OBEX: Core: obex_CoreSendSimplePacket: 0xd0 0x3
07-29 15:00:27.429 I/ICEUTIL (  163): WakelockActuate: writing fildLock to /sys/power/wake_unlock
07-29 15:00:27.429 I/ICEUTIL (  163): WakelockActuate: writing fildLock to /sys/power/wake_lock
07-29 15:00:27.429 D/FILD    (  163): OBEX: Core: Received packet: 0x3 0x52 0x4f 0x4f 0x1
07-29 15:00:27.429 I/FILD    (  163): OBEX: File: HandleFirstGetResponse: File /data/rfs/data/modem/NRAM2_CB_PWS_MCC_LIST.bin not found.
07-29 15:00:27.429 D/FILD    (  163): OBEX: Core: obex_CoreSendSimplePacket: 0xd0 0x3
07-29 15:00:27.429 I/ICEUTIL (  163): WakelockActuate: writing fildLock to /sys/power/wake_unlock
07-29 15:00:27.430 I/ICEUTIL (  163): WakelockActuate: writing fildLock to /sys/power/wake_lock
07-29 15:00:27.430 D/FILD    (  163): OBEX: Core: Received packet: 0x3 0x3e 0x3b 0x3b 0x1
07-29 15:00:27.430 I/FILD    (  163): OBEX: File: HandleFirstGetResponse: File /data/rfs/data/modem/transaction.log not found.
07-29 15:00:27.430 D/FILD    (  163): OBEX: Core: obex_CoreSendSimplePacket: 0xd0 0x3
07-29 15:00:27.430 I/ICEUTIL (  163): WakelockActuate: writing fildLock to /sys/power/wake_unlock
07-29 15:00:27.430 I/ICEUTIL (  163): WakelockActuate: writing fildLock to /sys/power/wake_lock
07-29 15:00:27.430 D/FILD    (  163): OBEX: Core: Received packet: 0x3 0x70 0x6d 0x6d 0x1
07-29 15:00:27.430 I/FILD    (  163): OBEX: File: HandleFirstGetResponse: File /data/rfs/data/modem/NRAM2_CB_ETWS_PLMNS_WITHOUT_SECURITY.bin not found.
07-29 15:00:27.430 D/FILD    (  163): OBEX: Core: obex_CoreSendSimplePacket: 0xd0 0x3
07-29 15:00:27.430 I/ICEUTIL (  163): WakelockActuate: writing fildLock to /sys/power/wake_unlock
07-29 15:00:27.430 I/ICEUTIL (  163): WakelockActuate: writing fildLock to /sys/power/wake_lock
07-29 15:00:27.430 D/FILD    (  163): OBEX: Core: Received packet: 0x3 0x3e 0x3b 0x3b 0x1
07-29 15:00:27.430 I/FILD    (  163): OBEX: File: HandleFirstGetResponse: File /data/rfs/data/modem/transaction.log not found.
07-29 15:00:27.430 D/FILD    (  163): OBEX: Core: obex_CoreSendSimplePacket: 0xd0 0x3
07-29 15:00:27.430 I/ICEUTIL (  163): WakelockActuate: writing fildLock to /sys/power/wake_unlock
07-29 15:00:27.431 I/ICEUTIL (  163): WakelockActuate: writing fildLock to /sys/power/wake_lock
07-29 15:00:27.431 D/FILD    (  163): OBEX: Core: Received packet: 0x3 0x3e 0x3b 0x3b 0x1
07-29 15:00:27.431 I/FILD    (  163): OBEX: File: HandleFirstGetResponse: File /data/rfs/data/modem/transaction.log not found.
07-29 15:00:27.431 D/FILD    (  163): OBEX: Core: obex_CoreSendSimplePacket: 0xd0 0x3
07-29 15:00:27.431 I/ICEUTIL (  163): WakelockActuate: writing fildLock to /sys/power/wake_unlock
07-29 15:00:27.431 I/ICEUTIL (  163): WakelockActuate: writing fildLock to /sys/power/wake_lock
07-29 15:00:27.431 D/FILD    (  163): OBEX: Core: Received packet: 0x82 0x41 0x3e 0x3b 0x1
07-29 15:00:27.431 D/FILD    (  163): OBEX: Core: Received packet: 0x82 0x41 0x3e 0x3 0x49
07-29 15:00:27.431 D/FILD    (  163): OBEX: Core: obex_CoreSendSimplePacket: 0xa0 0x3
07-29 15:00:27.431 I/ICEUTIL (  163): WakelockActuate: writing fildLock to /sys/power/wake_unlock
07-29 15:00:27.431 I/ICEUTIL (  163): WakelockActuate: writing fildLock to /sys/power/wake_lock
07-29 15:00:27.431 D/FILD    (  163): OBEX: Core: Received packet: 0x2 0x3e 0x3b 0x3b 0x1
07-29 15:00:27.431 D/FILD    (  163): OBEX: Core: obex_CoreSendSimplePacket: 0x90 0x3
07-29 15:00:27.431 I/ICEUTIL (  163): WakelockActuate: writing fildLock to /sys/power/wake_unlock
07-29 15:00:27.431 I/ICEUTIL (  163): WakelockActuate: writing fildLock to /sys/power/wake_lock
07-29 15:00:27.431 D/FILD    (  163): OBEX: Core: Received packet: 0x82 0xe2 0xdf 0xdf 0x49
07-29 15:00:27.431 I/FILD    (  163): OBEX: File: HandleBodyEndOfBodyHeaders: write in /data/rfs/data/modem/transaction.log
07-29 15:00:27.433 D/FILD    (  163): OBEX: Core: obex_CoreSendSimplePacket: 0xa0 0x3
07-29 15:00:27.433 I/ICEUTIL (  163): WakelockActuate: writing fildLock to /sys/power/wake_unlock
07-29 15:00:27.433 I/ICEUTIL (  163): WakelockActuate: writing fildLock to /sys/power/wake_lock
07-29 15:00:27.433 D/FILD    (  163): OBEX: Core: Received packet: 0x2 0x4a 0x47 0x47 0x1
07-29 15:00:27.433 D/FILD    (  163): OBEX: Core: obex_CoreSendSimplePacket: 0x90 0x3
07-29 15:00:27.433 I/ICEUTIL (  163): WakelockActuate: writing fildLock to /sys/power/wake_unlock
07-29 15:00:27.433 I/ICEUTIL (  163): WakelockActuate: writing fildLock to /sys/power/wake_lock
07-29 15:00:27.433 D/FILD    (  163): OBEX: Core: Received packet: 0x82 0x60 0x5d 0x5d 0x49
07-29 15:00:27.433 I/FILD    (  163): OBEX: File: HandleBodyEndOfBodyHeaders: write in /data/rfs/data/modem/NRAM2_CB_SETTINGS.bin
07-29 15:00:27.433 D/FILD    (  163): OBEX: Core: obex_CoreSendSimplePacket: 0xa0 0x3
07-29 15:00:27.433 I/ICEUTIL (  163): WakelockActuate: writing fildLock to /sys/power/wake_unlock
07-29 15:00:27.433 I/ICEUTIL (  163): WakelockActuate: writing fildLock to /sys/power/wake_lock
07-29 15:00:27.433 D/FILD    (  163): OBEX: Core: Received packet: 0x82 0x3e 0x3b 0x3b 0x1
07-29 15:00:27.433 I/FILD    (  163): OBEX: File: HandlePutRequest: removing /data/rfs/data/modem/transaction.log
07-29 15:00:27.434 D/FILD    (  163): OBEX: Core: obex_CoreSendSimplePacket: 0xa0 0x3
07-29 15:00:27.434 I/ICEUTIL (  163): WakelockActuate: writing fildLock to /sys/power/wake_unlock
07-29 15:00:27.796 V/nvaudio_hw(  148): nvaudio_out_get_latency: latency 85
07-29 15:00:27.807 V/nvaudio_hw(  148): nvaudio_out_get_latency: latency 85
07-29 15:00:27.817 V/nvaudio_hw(  148): nvaudio_out_get_latency: latency 85
07-29 15:00:27.828 V/nvaudio_hw(  148): nvaudio_out_get_latency: latency 85
07-29 15:00:27.838 V/nvaudio_hw(  148): nvaudio_out_get_latency: latency 85
07-29 15:00:27.848 V/nvaudio_hw(  148): nvaudio_out_get_latency: latency 85
07-29 15:00:27.858 V/nvaudio_hw(  148): nvaudio_out_get_latency: latency 85
07-29 15:00:27.869 V/nvaudio_hw(  148): nvaudio_out_get_latency: latency 85
07-29 15:00:27.884 V/nvaudio_hw(  148): nvaudio_out_get_latency: latency 85
07-29 15:00:27.889 I/ICEUTIL (  163): WakelockActuate: writing fildLock to /sys/power/wake_lock
07-29 15:00:27.889 D/FILD    (  163): OBEX: Core: Received packet: 0x3 0x3e 0x3b 0x3b 0x1
07-29 15:00:27.889 I/FILD    (  163): OBEX: File: HandleFirstGetResponse: File /data/rfs/data/modem/transaction.log not found.
07-29 15:00:27.889 D/FILD    (  163): OBEX: Core: obex_CoreSendSimplePacket: 0xd0 0x3
07-29 15:00:27.889 I/ICEUTIL (  163): WakelockActuate: writing fildLock to /sys/power/wake_unlock
07-29 15:00:27.895 V/NvAudioPolicyManager(  148): stopOutput() output 2, stream 1, session 297
07-29 15:00:27.895 V/NvAudioPolicyManager(  148): getDeviceForStrategy() from cache strategy 0, device 2
07-29 15:00:27.895 V/AudioPolicyManagerBase(  148): changeRefCount() stream 1, count 0
07-29 15:00:27.895 V/AudioPolicyManagerBase(  148): getNewDevice() selected device 0
07-29 15:00:27.895 V/AudioPolicyManagerBase(  148): setOutputDevice() output 2 device 0000 delayMs 170
07-29 15:00:27.895 V/AudioPolicyManagerBase(  148): setOutputDevice() prevDevice 0002
07-29 15:00:27.895 V/NvAudioPolicyManager(  148): getDeviceForStrategy() strategy 0, device 2
07-29 15:00:27.895 V/NvAudioPolicyManager(  148): getDeviceForStrategy() strategy 1, device 1
07-29 15:00:27.895 V/NvAudioPolicyManager(  148): getDeviceForStrategy() strategy 2, device 2
07-29 15:00:27.895 V/NvAudioPolicyManager(  148): getDeviceForStrategy() strategy 2, device 2
07-29 15:00:27.895 V/NvAudioPolicyManager(  148): getDeviceForStrategy() strategy 3, device 2
07-29 15:00:27.895 V/NvAudioPolicyManager(  148): getDeviceForStrategy() strategy 0, device 2
07-29 15:00:27.895 V/NvAudioPolicyManager(  148): getDeviceForStrategy() strategy 4, device 2
07-29 15:00:27.895 V/NvAudioPolicyManager(  148): getDeviceForStrategy() strategy 5, device 2
07-29 15:00:27.895 V/NvAudioPolicyManager(  148): getDeviceForStrategy() strategy 6, device 1
07-29 15:00:27.895 V/AudioPolicyManagerBase(  148): setOutputDevice() setting same device 0000 or null device for output 2
07-29 15:00:27.895 V/NvAudioPolicyManager(  148): getDeviceForStrategy() from cache strategy 0, device 2
07-29 15:00:27.895 V/NvAudioPolicyManager(  148): getDeviceForStrategy() from cache strategy 0, device 2
07-29 15:00:27.895 V/nvaudio_hw(  148): nvaudio_dev_set_parameters : nv_param_media_routing=2
07-29 15:00:27.895 V/nvaudio_hw(  148): Media is routed to :2
07-29 15:00:27.895 V/nvaudio_hw(  148): ULP supported: dev 2
07-29 15:00:27.934 I/ICEUTIL (  163): WakelockActuate: writing fildLock to /sys/power/wake_lock
07-29 15:00:27.934 D/FILD    (  163): OBEX: Core: Received packet: 0x3 0x3e 0x3b 0x3b 0x1
07-29 15:00:27.934 I/FILD    (  163): OBEX: File: HandleFirstGetResponse: File /data/rfs/data/modem/transaction.log not found.
07-29 15:00:27.934 D/FILD    (  163): OBEX: Core: obex_CoreSendSimplePacket: 0xd0 0x3
07-29 15:00:27.934 I/ICEUTIL (  163): WakelockActuate: writing fildLock to /sys/power/wake_unlock
07-29 15:00:27.953 I/ICEUTIL (  163): WakelockActuate: writing fildLock to /sys/power/wake_lock
07-29 15:00:27.953 D/FILD    (  163): OBEX: Core: Received packet: 0x3 0x3e 0x3b 0x3b 0x1
07-29 15:00:27.953 I/FILD    (  163): OBEX: File: HandleFirstGetResponse: File /data/rfs/data/modem/transaction.log not found.
07-29 15:00:27.953 D/FILD    (  163): OBEX: Core: obex_CoreSendSimplePacket: 0xd0 0x3
07-29 15:00:27.953 I/ICEUTIL (  163): WakelockActuate: writing fildLock to /sys/power/wake_unlock
07-29 15:00:27.954 I/ICEUTIL (  163): WakelockActuate: writing fildLock to /sys/power/wake_lock
07-29 15:00:27.954 D/FILD    (  163): OBEX: Core: Received packet: 0x3 0x3e 0x3b 0x3b 0x1
07-29 15:00:27.954 I/FILD    (  163): OBEX: File: HandleFirstGetResponse: File /data/rfs/data/modem/transaction.log not found.
07-29 15:00:27.954 D/FILD    (  163): OBEX: Core: obex_CoreSendSimplePacket: 0xd0 0x3
07-29 15:00:27.954 I/ICEUTIL (  163): WakelockActuate: writing fildLock to /sys/power/wake_unlock
07-29 15:00:27.955 I/ICEUTIL (  163): WakelockActuate: writing fildLock to /sys/power/wake_lock
07-29 15:00:27.955 D/FILD    (  163): OBEX: Core: Received packet: 0x82 0x41 0x3e 0x3b 0x1
07-29 15:00:27.955 D/FILD    (  163): OBEX: Core: Received packet: 0x82 0x41 0x3e 0x3 0x49
07-29 15:00:27.955 D/FILD    (  163): OBEX: Core: obex_CoreSendSimplePacket: 0xa0 0x3
07-29 15:00:27.955 I/ICEUTIL (  163): WakelockActuate: writing fildLock to /sys/power/wake_unlock
07-29 15:00:27.955 I/ICEUTIL (  163): WakelockActuate: writing fildLock to /sys/power/wake_lock
07-29 15:00:27.955 D/FILD    (  163): OBEX: Core: Received packet: 0x2 0x3e 0x3b 0x3b 0x1
07-29 15:00:27.955 D/FILD    (  163): OBEX: Core: obex_CoreSendSimplePacket: 0x90 0x3
07-29 15:00:27.955 I/ICEUTIL (  163): WakelockActuate: writing fildLock to /sys/power/wake_unlock
07-29 15:00:27.955 I/ICEUTIL (  163): WakelockActuate: writing fildLock to /sys/power/wake_lock
07-29 15:00:27.955 D/FILD    (  163): OBEX: Core: Received packet: 0x82 0xc9 0xc6 0xc6 0x49
07-29 15:00:27.955 I/FILD    (  163): OBEX: File: HandleBodyEndOfBodyHeaders: write in /data/rfs/data/modem/transaction.log
07-29 15:00:27.955 D/FILD    (  163): OBEX: Core: obex_CoreSendSimplePacket: 0xa0 0x3
07-29 15:00:27.955 I/ICEUTIL (  163): WakelockActuate: writing fildLock to /sys/power/wake_unlock
07-29 15:00:27.955 I/ICEUTIL (  163): WakelockActuate: writing fildLock to /sys/power/wake_lock
07-29 15:00:27.955 D/FILD    (  163): OBEX: Core: Received packet: 0x2 0x50 0x4d 0x4d 0x1
07-29 15:00:27.955 D/FILD    (  163): OBEX: Core: obex_CoreSendSimplePacket: 0x90 0x3
07-29 15:00:27.955 I/ICEUTIL (  163): WakelockActuate: writing fildLock to /sys/power/wake_unlock
07-29 15:00:27.955 I/ICEUTIL (  163): WakelockActuate: writing fildLock to /sys/power/wake_lock
07-29 15:00:27.955 D/FILD    (  163): OBEX: Core: Received packet: 0x82 0x47 0x44 0x44 0x49
07-29 15:00:27.956 I/FILD    (  163): OBEX: File: HandleBodyEndOfBodyHeaders: write in /data/rfs/data/modem/NRAM2_KNOWN_SIM_DATA.bin
07-29 15:00:27.956 D/FILD    (  163): OBEX: Core: obex_CoreSendSimplePacket: 0xa0 0x3
07-29 15:00:27.956 I/ICEUTIL (  163): WakelockActuate: writing fildLock to /sys/power/wake_unlock
07-29 15:00:27.956 I/ICEUTIL (  163): WakelockActuate: writing fildLock to /sys/power/wake_lock
07-29 15:00:27.956 D/FILD    (  163): OBEX: Core: Received packet: 0x82 0x3e 0x3b 0x3b 0x1
07-29 15:00:27.956 I/FILD    (  163): OBEX: File: HandlePutRequest: removing /data/rfs/data/modem/transaction.log
07-29 15:00:27.956 D/FILD    (  163): OBEX: Core: obex_CoreSendSimplePacket: 0xa0 0x3
07-29 15:00:27.956 I/ICEUTIL (  163): WakelockActuate: writing fildLock to /sys/power/wake_unlock
07-29 15:00:27.956 I/ICEUTIL (  163): WakelockActuate: writing fildLock to /sys/power/wake_lock
07-29 15:00:27.956 D/FILD    (  163): OBEX: Core: Received packet: 0x3 0x3e 0x3b 0x3b 0x1
07-29 15:00:27.956 I/FILD    (  163): OBEX: File: HandleFirstGetResponse: File /data/rfs/data/modem/transaction.log not found.
07-29 15:00:27.956 D/FILD    (  163): OBEX: Core: obex_CoreSendSimplePacket: 0xd0 0x3
07-29 15:00:27.956 I/ICEUTIL (  163): WakelockActuate: writing fildLock to /sys/power/wake_unlock
07-29 15:00:27.956 I/ICEUTIL (  163): WakelockActuate: writing fildLock to /sys/power/wake_lock
07-29 15:00:27.956 D/FILD    (  163): OBEX: Core: Received packet: 0x3 0x52 0x4f 0x4f 0x1
07-29 15:00:27.956 I/FILD    (  163): OBEX: File: HandleFirstGetResponse: File /data/rfs/data/modem/NRAM2_SMS_ME_STORAGE1.bin not found.
07-29 15:00:27.956 D/FILD    (  163): OBEX: Core: obex_CoreSendSimplePacket: 0xd0 0x3
07-29 15:00:27.956 I/ICEUTIL (  163): WakelockActuate: writing fildLock to /sys/power/wake_unlock
07-29 15:00:27.957 I/ICEUTIL (  163): WakelockActuate: writing fildLock to /sys/power/wake_lock
07-29 15:00:27.957 D/FILD    (  163): OBEX: Core: Received packet: 0x3 0x3e 0x3b 0x3b 0x1
07-29 15:00:27.957 I/FILD    (  163): OBEX: File: HandleFirstGetResponse: File /data/rfs/data/modem/transaction.log not found.
07-29 15:00:27.957 D/FILD    (  163): OBEX: Core: obex_CoreSendSimplePacket: 0xd0 0x3
07-29 15:00:27.957 I/ICEUTIL (  163): WakelockActuate: writing fildLock to /sys/power/wake_unlock
07-29 15:00:27.957 I/ICEUTIL (  163): WakelockActuate: writing fildLock to /sys/power/wake_lock
07-29 15:00:27.957 D/FILD    (  163): OBEX: Core: Received packet: 0x3 0x3e 0x3b 0x3b 0x1
07-29 15:00:27.957 I/FILD    (  163): OBEX: File: HandleFirstGetResponse: File /data/rfs/data/modem/transaction.log not found.
07-29 15:00:27.957 D/FILD    (  163): OBEX: Core: obex_CoreSendSimplePacket: 0xd0 0x3
07-29 15:00:27.957 I/ICEUTIL (  163): WakelockActuate: writing fildLock to /sys/power/wake_unlock
07-29 15:00:27.957 I/ICEUTIL (  163): WakelockActuate: writing fildLock to /sys/power/wake_lock
07-29 15:00:27.957 D/FILD    (  163): OBEX: Core: Received packet: 0x3 0x3e 0x3b 0x3b 0x1
07-29 15:00:27.957 I/FILD    (  163): OBEX: File: HandleFirstGetResponse: File /data/rfs/data/modem/transaction.log not found.
07-29 15:00:27.957 D/FILD    (  163): OBEX: Core: obex_CoreSendSimplePacket: 0xd0 0x3
07-29 15:00:27.957 I/ICEUTIL (  163): WakelockActuate: writing fildLock to /sys/power/wake_unlock
07-29 15:00:28.043 I/ICEUTIL (  163): WakelockActuate: writing fildLock to /sys/power/wake_lock
07-29 15:00:28.043 D/FILD    (  163): OBEX: Core: Received packet: 0x3 0x3e 0x3b 0x3b 0x1
07-29 15:00:28.043 I/FILD    (  163): OBEX: File: HandleFirstGetResponse: File /data/rfs/data/modem/transaction.log not found.
07-29 15:00:28.043 D/FILD    (  163): OBEX: Core: obex_CoreSendSimplePacket: 0xd0 0x3
07-29 15:00:28.044 I/ICEUTIL (  163): WakelockActuate: writing fildLock to /sys/power/wake_unlock
07-29 15:00:28.044 I/PowerManagerService( 1921): setBrightness mButtonLight, screenBrightness=102
07-29 15:00:28.070 I/PowerManagerService( 1921): setBrightness mButtonLight, screenBrightness=102
07-29 15:00:28.070 I/PowerManagerService( 1921): setBrightness mButtonLight, screenBrightness=102
07-29 15:00:28.071 I/PowerManagerService( 1921): setBrightness mButtonLight, screenBrightness=102
07-29 15:00:28.071 I/PowerManagerService( 1921): setBrightness mButtonLight, screenBrightness=102
07-29 15:00:28.090 I/ICEUTIL (  163): WakelockActuate: writing fildLock to /sys/power/wake_lock
07-29 15:00:28.090 D/FILD    (  163): OBEX: Core: Received packet: 0x3 0x3e 0x3b 0x3b 0x1
07-29 15:00:28.090 I/FILD    (  163): OBEX: File: HandleFirstGetResponse: File /data/rfs/data/modem/transaction.log not found.
07-29 15:00:28.090 D/FILD    (  163): OBEX: Core: obex_CoreSendSimplePacket: 0xd0 0x3
07-29 15:00:28.090 I/ICEUTIL (  163): WakelockActuate: writing fildLock to /sys/power/wake_unlock
07-29 15:00:28.091 I/PowerManagerService( 1921): setBrightness mButtonLight, screenBrightness=102
07-29 15:00:28.091 I/PowerManagerService( 1921): setBrightness mButtonLight, screenBrightness=102
07-29 15:00:28.092 I/PowerManagerService( 1921): setBrightness mButtonLight, screenBrightness=102
07-29 15:00:28.093 I/PowerManagerService( 1921): setBrightness mButtonLight, screenBrightness=102
07-29 15:00:28.093 I/PowerManagerService( 1921): setBrightness mButtonLight, screenBrightness=102
07-29 15:00:28.094 I/PowerManagerService( 1921): setBrightness mButtonLight, screenBrightness=102
07-29 15:00:28.096 D/IccSmsInterfaceManager( 3704): [IccSmsInterfaceManager] Failed to add cell broadcast subscription for MID range 4352 to 4354 from client com.android.cellbroadcastreceiver
07-29 15:00:28.096 D/IccSmsInterfaceManager( 3704): [IccSmsInterfaceManager] enableGsmBroadcastRange
07-29 15:00:28.097 D/IccSmsInterfaceManager( 3704): [IccSmsInterfaceManager] Calling setGsmBroadcastConfig with 2 configurations
07-29 15:00:28.097 I/PowerManagerService( 1921): setBrightness mButtonLight, screenBrightness=102
07-29 15:00:28.099 I/PowerManagerService( 1921): setBrightness mButtonLight, screenBrightness=102
07-29 15:00:28.100 I/PowerManagerService( 1921): setBrightness mButtonLight, screenBrightness=102
07-29 15:00:28.101 I/PowerManagerService( 1921): setBrightness mButtonLight, screenBrightness=102
07-29 15:00:28.102 I/PowerManagerService( 1921): setBrightness mButtonLight, screenBrightness=102
07-29 15:00:28.102 I/PowerManagerService( 1921): setBrightness mButtonLight, screenBrightness=102
07-29 15:00:28.103 I/PowerManagerService( 1921): setBrightness mButtonLight, screenBrightness=102
07-29 15:00:28.104 I/PowerManagerService( 1921): setBrightness mButtonLight, screenBrightness=102
07-29 15:00:28.104 I/PowerManagerService( 1921): setBrightness mButtonLight, screenBrightness=102
07-29 15:00:28.105 I/PowerManagerService( 1921): setBrightness mButtonLight, screenBrightness=102
07-29 15:00:28.106 I/PowerManagerService( 1921): setBrightness mButtonLight, screenBrightness=102
07-29 15:00:28.108 I/PowerManagerService( 1921): setBrightness mButtonLight, screenBrightness=102
07-29 15:00:28.109 I/PowerManagerService( 1921): setBrightness mButtonLight, screenBrightness=102
07-29 15:00:28.110 I/PowerManagerService( 1921): setBrightness mButtonLight, screenBrightness=102
07-29 15:00:28.110 I/PowerManagerService( 1921): setBrightness mButtonLight, screenBrightness=102
07-29 15:00:28.111 I/PowerManagerService( 1921): setBrightness mButtonLight, screenBrightness=102
07-29 15:00:28.111 I/PowerManagerService( 1921): setBrightness mButtonLight, screenBrightness=102
07-29 15:00:28.112 I/PowerManagerService( 1921): setBrightness mButtonLight, screenBrightness=102
07-29 15:00:28.113 I/PowerManagerService( 1921): setBrightness mButtonLight, screenBrightness=102
07-29 15:00:28.114 I/PowerManagerService( 1921): setBrightness mButtonLight, screenBrightness=102
07-29 15:00:28.115 I/PowerManagerService( 1921): setBrightness mButtonLight, screenBrightness=102
07-29 15:00:28.117 I/PowerManagerService( 1921): setBrightness mButtonLight, screenBrightness=102
07-29 15:00:28.119 I/PowerManagerService( 1921): setBrightness mButtonLight, screenBrightness=102
07-29 15:00:28.120 I/PowerManagerService( 1921): setBrightness mButtonLight, screenBrightness=102
07-29 15:00:28.121 I/PowerManagerService( 1921): setBrightness mButtonLight, screenBrightness=102
07-29 15:00:28.122 I/PowerManagerService( 1921): setBrightness mButtonLight, screenBrightness=102
07-29 15:00:28.123 I/ICEUTIL (  163): WakelockActuate: writing fildLock to /sys/power/wake_lock
07-29 15:00:28.123 D/FILD    (  163): OBEX: Core: Received packet: 0x3 0x3e 0x3b 0x3b 0x1
07-29 15:00:28.123 I/FILD    (  163): OBEX: File: HandleFirstGetResponse: File /data/rfs/data/modem/transaction.log not found.
07-29 15:00:28.123 D/FILD    (  163): OBEX: Core: obex_CoreSendSimplePacket: 0xd0 0x3
07-29 15:00:28.123 I/ICEUTIL (  163): WakelockActuate: writing fildLock to /sys/power/wake_unlock
07-29 15:00:28.124 W/BroadcastQueue( 1921): Permission Denial: broadcasting Intent { act=android.intent.action.SIM_STATE_CHANGED flg=0x20000010 (has extras) } from null (pid=3704, uid=1001) is not exported from uid 10061 due to receiver com.kingroot.kinguser/.receiver.BootReceiver
07-29 15:00:28.125 I/ICEUTIL (  163): WakelockActuate: writing fildLock to /sys/power/wake_lock
07-29 15:00:28.125 D/FILD    (  163): OBEX: Core: Received packet: 0x3 0x3e 0x3b 0x3b 0x1
07-29 15:00:28.125 I/FILD    (  163): OBEX: File: HandleFirstGetResponse: File /data/rfs/data/modem/transaction.log not found.
07-29 15:00:28.125 D/FILD    (  163): OBEX: Core: obex_CoreSendSimplePacket: 0xd0 0x3
07-29 15:00:28.125 I/ICEUTIL (  163): WakelockActuate: writing fildLock to /sys/power/wake_unlock
07-29 15:00:28.126 I/ICEUTIL (  163): WakelockActuate: writing fildLock to /sys/power/wake_lock
07-29 15:00:28.126 D/FILD    (  163): OBEX: Core: Received packet: 0x82 0x41 0x3e 0x3b 0x1
07-29 15:00:28.126 D/FILD    (  163): OBEX: Core: Received packet: 0x82 0x41 0x3e 0x3 0x49
07-29 15:00:28.126 D/FILD    (  163): OBEX: Core: obex_CoreSendSimplePacket: 0xa0 0x3
07-29 15:00:28.126 I/ICEUTIL (  163): WakelockActuate: writing fildLock to /sys/power/wake_unlock
07-29 15:00:28.126 I/ICEUTIL (  163): WakelockActuate: writing fildLock to /sys/power/wake_lock
07-29 15:00:28.126 D/FILD    (  163): OBEX: Core: Received packet: 0x2 0x3e 0x3b 0x3b 0x1
07-29 15:00:28.126 D/FILD    (  163): OBEX: Core: obex_CoreSendSimplePacket: 0x90 0x3
07-29 15:00:28.126 I/ICEUTIL (  163): WakelockActuate: writing fildLock to /sys/power/wake_unlock
07-29 15:00:28.128 I/ICEUTIL (  163): WakelockActuate: writing fildLock to /sys/power/wake_lock
07-29 15:00:28.128 D/FILD    (  163): OBEX: Core: Received packet: 0x82 0x198 0x195 0x195 0x49
07-29 15:00:28.129 I/FILD    (  163): OBEX: File: HandleBodyEndOfBodyHeaders: write in /data/rfs/data/modem/transaction.log
07-29 15:00:28.129 D/FILD    (  163): OBEX: Core: obex_CoreSendSimplePacket: 0xa0 0x3
07-29 15:00:28.129 I/ICEUTIL (  163): WakelockActuate: writing fildLock to /sys/power/wake_unlock
07-29 15:00:28.130 I/ICEUTIL (  163): WakelockActuate: writing fildLock to /sys/power/wake_lock
07-29 15:00:28.130 D/FILD    (  163): OBEX: Core: Received packet: 0x2 0x5a 0x57 0x57 0x1
07-29 15:00:28.130 D/FILD    (  163): OBEX: Core: obex_CoreSendSimplePacket: 0x90 0x3
07-29 15:00:28.130 I/ICEUTIL (  163): WakelockActuate: writing fildLock to /sys/power/wake_unlock
07-29 15:00:28.131 I/PowerManagerService( 1921): setBrightness mButtonLight, screenBrightness=102
07-29 15:00:28.133 I/ICEUTIL (  163): WakelockActuate: writing fildLock to /sys/power/wake_lock
07-29 15:00:28.133 D/FILD    (  163): OBEX: Core: Received packet: 0x82 0x116 0x113 0x113 0x49
07-29 15:00:28.133 I/FILD    (  163): OBEX: File: HandleBodyEndOfBodyHeaders: write in /data/rfs/data/modem/NRAM2_ABMM_WRITEABLE_DATA.bin
07-29 15:00:28.133 D/FILD    (  163): OBEX: Core: obex_CoreSendSimplePacket: 0xa0 0x3
07-29 15:00:28.133 I/ICEUTIL (  163): WakelockActuate: writing fildLock to /sys/power/wake_unlock
07-29 15:00:28.135 I/ICEUTIL (  163): WakelockActuate: writing fildLock to /sys/power/wake_lock
07-29 15:00:28.135 D/FILD    (  163): OBEX: Core: Received packet: 0x82 0x3e 0x3b 0x3b 0x1
07-29 15:00:28.135 I/FILD    (  163): OBEX: File: HandlePutRequest: removing /data/rfs/data/modem/transaction.log
07-29 15:00:28.135 D/FILD    (  163): OBEX: Core: obex_CoreSendSimplePacket: 0xa0 0x3
07-29 15:00:28.135 I/ICEUTIL (  163): WakelockActuate: writing fildLock to /sys/power/wake_unlock
07-29 15:00:28.143 D/IccSmsInterfaceManager( 3704): [IccSmsInterfaceManager] Failed to add cell broadcast subscription for MID range 4356 to 4356 from client com.android.cellbroadcastreceiver
07-29 15:00:28.143 D/IccSmsInterfaceManager( 3704): [IccSmsInterfaceManager] enableGsmBroadcastRange
07-29 15:00:28.143 D/IccSmsInterfaceManager( 3704): [IccSmsInterfaceManager] Added cell broadcast subscription for MID range 4371 to 4372 from client com.android.cellbroadcastreceiver
07-29 15:00:28.143 D/IccSmsInterfaceManager( 3704): [IccSmsInterfaceManager] Calling setCellBroadcastActivation(true)
07-29 15:00:28.144 I/PowerManagerService( 1921): setBrightness mButtonLight, screenBrightness=102
07-29 15:00:28.148 D/MccTable( 3704): updateMccMncConfiguration: mcc=204, mnc=4
07-29 15:00:28.148 D/MccTable( 3704): getLocaleFromMcc to nl_nl mcc=204
07-29 15:00:28.148 D/MccTable( 3704): getLocaleForLanguageCountry: skipping already persisted
07-29 15:00:28.148 D/MccTable( 3704): getLocaleForLanguageCountry: X locale=null
07-29 15:00:28.148 D/MccTable( 3704): WIFI_COUNTRY_CODE set to nl
07-29 15:00:28.148 I/WifiService( 1921): WifiService trying to set country code to nl with persist set to true
07-29 15:00:28.149 D/MccTable( 3704): updateMccMncConfiguration updateConfig config={1.0 204mcc4mnc ?locale ?layoutDir ?swdp ?wdp ?hdp ?density ?lsize ?long ?orien ?uimode ?night ?touch ?keyb/?/? ?nav/?}
07-29 15:00:28.160 W/BroadcastQueue( 1921): Permission Denial: broadcasting Intent { act=android.intent.action.SIM_STATE_CHANGED flg=0x20000010 (has extras) } from null (pid=3704, uid=1001) is not exported from uid 10061 due to receiver com.kingroot.kinguser/.receiver.BootReceiver
07-29 15:00:28.189 D/dalvikvm( 3515): GC_CONCURRENT freed 2917K, 72% free 9893K/34152K, paused 2ms+3ms, total 21ms
07-29 15:00:28.242 D/IccSmsInterfaceManager( 3704): [IccSmsInterfaceManager] enableGsmBroadcastRange
07-29 15:00:28.243 D/IccSmsInterfaceManager( 3704): [IccSmsInterfaceManager] Added cell broadcast subscription for MID range 4373 to 4378 from client com.android.cellbroadcastreceiver
07-29 15:00:28.243 D/IccSmsInterfaceManager( 3704): [IccSmsInterfaceManager] Calling setCellBroadcastActivation(true)
07-29 15:00:28.244 I/PowerManagerService( 1921): setBrightness mButtonLight, screenBrightness=102
07-29 15:00:28.250 I/ICEUTIL (  163): WakelockActuate: writing fildLock to /sys/power/wake_lock
07-29 15:00:28.250 D/FILD    (  163): OBEX: Core: Received packet: 0x3 0x3e 0x3b 0x3b 0x1
07-29 15:00:28.250 I/FILD    (  163): OBEX: File: HandleFirstGetResponse: File /data/rfs/data/modem/transaction.log not found.
07-29 15:00:28.250 D/FILD    (  163): OBEX: Core: obex_CoreSendSimplePacket: 0xd0 0x3
07-29 15:00:28.250 I/ICEUTIL (  163): WakelockActuate: writing fildLock to /sys/power/wake_unlock
07-29 15:00:28.250 I/ICEUTIL (  163): WakelockActuate: writing fildLock to /sys/power/wake_lock
07-29 15:00:28.250 D/FILD    (  163): OBEX: Core: Received packet: 0x3 0x3e 0x3b 0x3b 0x1
07-29 15:00:28.250 I/FILD    (  163): OBEX: File: HandleFirstGetResponse: File /data/rfs/data/modem/transaction.log not found.
07-29 15:00:28.250 D/FILD    (  163): OBEX: Core: obex_CoreSendSimplePacket: 0xd0 0x3
07-29 15:00:28.250 I/ICEUTIL (  163): WakelockActuate: writing fildLock to /sys/power/wake_unlock
07-29 15:00:28.251 I/ICEUTIL (  163): WakelockActuate: writing fildLock to /sys/power/wake_lock
07-29 15:00:28.251 D/FILD    (  163): OBEX: Core: Received packet: 0x82 0x41 0x3e 0x3b 0x1
07-29 15:00:28.251 D/FILD    (  163): OBEX: Core: Received packet: 0x82 0x41 0x3e 0x3 0x49
07-29 15:00:28.251 D/FILD    (  163): OBEX: Core: obex_CoreSendSimplePacket: 0xa0 0x3
07-29 15:00:28.251 I/ICEUTIL (  163): WakelockActuate: writing fildLock to /sys/power/wake_unlock
07-29 15:00:28.251 I/ICEUTIL (  163): WakelockActuate: writing fildLock to /sys/power/wake_lock
07-29 15:00:28.251 D/FILD    (  163): OBEX: Core: Received packet: 0x2 0x3e 0x3b 0x3b 0x1
07-29 15:00:28.251 D/FILD    (  163): OBEX: Core: obex_CoreSendSimplePacket: 0x90 0x3
07-29 15:00:28.251 I/ICEUTIL (  163): WakelockActuate: writing fildLock to /sys/power/wake_unlock
07-29 15:00:28.251 I/ICEUTIL (  163): WakelockActuate: writing fildLock to /sys/power/wake_lock
07-29 15:00:28.251 D/FILD    (  163): OBEX: Core: Received packet: 0x82 0xe2 0xdf 0xdf 0x49
07-29 15:00:28.251 I/FILD    (  163): OBEX: File: HandleBodyEndOfBodyHeaders: write in /data/rfs/data/modem/transaction.log
07-29 15:00:28.251 D/FILD    (  163): OBEX: Core: obex_CoreSendSimplePacket: 0xa0 0x3
07-29 15:00:28.251 I/ICEUTIL (  163): WakelockActuate: writing fildLock to /sys/power/wake_unlock
07-29 15:00:28.251 I/ICEUTIL (  163): WakelockActuate: writing fildLock to /sys/power/wake_lock
07-29 15:00:28.251 D/FILD    (  163): OBEX: Core: Received packet: 0x2 0x4a 0x47 0x47 0x1
07-29 15:00:28.251 D/FILD    (  163): OBEX: Core: obex_CoreSendSimplePacket: 0x90 0x3
07-29 15:00:28.251 I/ICEUTIL (  163): WakelockActuate: writing fildLock to /sys/power/wake_unlock
07-29 15:00:28.251 I/ICEUTIL (  163): WakelockActuate: writing fildLock to /sys/power/wake_lock
07-29 15:00:28.252 D/FILD    (  163): OBEX: Core: Received packet: 0x82 0x60 0x5d 0x5d 0x49
07-29 15:00:28.252 I/FILD    (  163): OBEX: File: HandleBodyEndOfBodyHeaders: write in /data/rfs/data/modem/NRAM2_CB_SETTINGS.bin
07-29 15:00:28.252 D/FILD    (  163): OBEX: Core: obex_CoreSendSimplePacket: 0xa0 0x3
07-29 15:00:28.252 I/ICEUTIL (  163): WakelockActuate: writing fildLock to /sys/power/wake_unlock
07-29 15:00:28.252 I/ICEUTIL (  163): WakelockActuate: writing fildLock to /sys/power/wake_lock
07-29 15:00:28.252 D/FILD    (  163): OBEX: Core: Received packet: 0x82 0x3e 0x3b 0x3b 0x1
07-29 15:00:28.252 I/FILD    (  163): OBEX: File: HandlePutRequest: removing /data/rfs/data/modem/transaction.log
07-29 15:00:28.252 D/FILD    (  163): OBEX: Core: obex_CoreSendSimplePacket: 0xa0 0x3
07-29 15:00:28.252 I/ICEUTIL (  163): WakelockActuate: writing fildLock to /sys/power/wake_unlock
07-29 15:00:28.570 I/PowerManagerService( 1921): setBrightness mButtonLight, screenBrightness=102
07-29 15:00:28.571 D/IccSmsInterfaceManager( 3704): [IccSmsInterfaceManager] enableGsmBroadcastRange
07-29 15:00:28.572 D/IccSmsInterfaceManager( 3704): [IccSmsInterfaceManager] Added cell broadcast subscription for MID range 4379 to 4379 from client com.android.cellbroadcastreceiver
07-29 15:00:28.572 D/IccSmsInterfaceManager( 3704): [IccSmsInterfaceManager] Calling setCellBroadcastActivation(true)
07-29 15:00:28.572 I/PowerManagerService( 1921): setBrightness mButtonLight, screenBrightness=102
07-29 15:00:28.747 I/PowerManagerService( 1921): setBrightness mButtonLight, screenBrightness=102
07-29 15:00:28.751 D/IccSmsInterfaceManager( 3704): [IccSmsInterfaceManager] enableGsmBroadcastRange
07-29 15:00:28.752 D/IccSmsInterfaceManager( 3704): [IccSmsInterfaceManager] Added cell broadcast subscription for MID range 4370 to 4370 from client com.android.cellbroadcastreceiver
07-29 15:00:28.752 D/IccSmsInterfaceManager( 3704): [IccSmsInterfaceManager] Calling setCellBroadcastActivation(true)
07-29 15:00:28.754 I/PowerManagerService( 1921): setBrightness mButtonLight, screenBrightness=102
07-29 15:00:28.812 I/PowerManagerService( 1921): setBrightness mButtonLight, screenBrightness=102
07-29 15:00:28.814 D/CellBroadcastConfigService( 8419): enabled emergency cell broadcast channels
07-29 15:00:28.814 D/CellBroadcastConfigService( 8419): disabling cell broadcast channel 50
07-29 15:00:28.815 D/IccSmsInterfaceManager( 3704): [IccSmsInterfaceManager] disableGsmBroadcastRange
07-29 15:00:28.817 D/IccSmsInterfaceManager( 3704): [IccSmsInterfaceManager] Failed to remove cell broadcast subscription for MID range 50 to 50 from client com.android.cellbroadcastreceiver
07-29 15:00:28.818 D/CellBroadcastConfigService( 8419): disabling channels 919-928
07-29 15:00:28.818 D/IccSmsInterfaceManager( 3704): [IccSmsInterfaceManager] disableGsmBroadcastRange
07-29 15:00:28.819 D/IccSmsInterfaceManager( 3704): [IccSmsInterfaceManager] Failed to remove cell broadcast subscription for MID range 919 to 928 from client com.android.cellbroadcastreceiver
07-29 15:00:28.820 D/CellBroadcastConfigService( 8419): disabling cell broadcast ETWS test messages
07-29 15:00:28.820 D/IccSmsInterfaceManager( 3704): [IccSmsInterfaceManager] disableGsmBroadcastRange
07-29 15:00:28.823 D/IccSmsInterfaceManager( 3704): [IccSmsInterfaceManager] Failed to remove cell broadcast subscription for MID range 4355 to 4355 from client com.android.cellbroadcastreceiver
07-29 15:00:28.823 D/CellBroadcastConfigService( 8419): disabling cell broadcast CMAS test messages
07-29 15:00:28.823 D/IccSmsInterfaceManager( 3704): [IccSmsInterfaceManager] disableGsmBroadcastRange
07-29 15:00:28.825 D/IccSmsInterfaceManager( 3704): [IccSmsInterfaceManager] Failed to remove cell broadcast subscription for MID range 4380 to 4382 from client com.android.cellbroadcastreceiver
07-29 15:00:28.859 I/PowerManagerService( 1921): setBrightness mButtonLight, screenBrightness=102
07-29 15:00:28.954 I/ICEUTIL (  163): WakelockActuate: writing fildLock to /sys/power/wake_lock
07-29 15:00:28.954 D/FILD    (  163): OBEX: Core: Received packet: 0x3 0x3e 0x3b 0x3b 0x1
07-29 15:00:28.954 I/FILD    (  163): OBEX: File: HandleFirstGetResponse: File /data/rfs/data/modem/transaction.log not found.
07-29 15:00:28.954 D/FILD    (  163): OBEX: Core: obex_CoreSendSimplePacket: 0xd0 0x3
07-29 15:00:28.954 I/ICEUTIL (  163): WakelockActuate: writing fildLock to /sys/power/wake_unlock
07-29 15:00:28.967 I/PowerManagerService( 1921): setBrightness mButtonLight, screenBrightness=102
07-29 15:00:29.019 D/dalvikvm( 3704): GC_CONCURRENT freed 828K, 23% free 5052K/6480K, paused 3ms+2ms, total 22ms
07-29 15:00:29.057 I/PowerManagerService( 1921): setBrightness mButtonLight, screenBrightness=102
07-29 15:00:29.217 I/ICEUTIL (  163): WakelockActuate: writing fildLock to /sys/power/wake_lock
07-29 15:00:29.218 D/FILD    (  163): OBEX: Core: Received packet: 0x3 0x44 0x41 0x41 0x1
07-29 15:00:29.218 I/FILD    (  163): OBEX: File: HandleFirstGetResponse: File /data/rfs/data/modem/NRAM2_ADR_FILE.bin not found.
07-29 15:00:29.218 D/FILD    (  163): OBEX: Core: obex_CoreSendSimplePacket: 0xd0 0x3
07-29 15:00:29.218 I/ICEUTIL (  163): WakelockActuate: writing fildLock to /sys/power/wake_unlock
07-29 15:00:29.218 I/ICEUTIL (  163): WakelockActuate: writing fildLock to /sys/power/wake_lock
07-29 15:00:29.218 D/FILD    (  163): OBEX: Core: Received packet: 0x3 0x44 0x41 0x41 0x1
07-29 15:00:29.218 I/FILD    (  163): OBEX: File: HandleFirstGetResponse: File /data/rfs/data/modem/NRAM2_ADR_FILE.bin not found.
07-29 15:00:29.218 D/FILD    (  163): OBEX: Core: obex_CoreSendSimplePacket: 0xd0 0x3
07-29 15:00:29.218 I/ICEUTIL (  163): WakelockActuate: writing fildLock to /sys/power/wake_unlock
07-29 15:00:29.233 I/PowerManagerService( 1921): setBrightness mButtonLight, screenBrightness=102
07-29 15:00:29.272 I/PowerManagerService( 1921): setBrightness mButtonLight, screenBrightness=102
07-29 15:00:29.275 I/ICEUTIL (  163): WakelockActuate: writing fildLock to /sys/power/wake_lock
07-29 15:00:29.275 D/FILD    (  163): OBEX: Core: Received packet: 0x3 0x3e 0x3b 0x3b 0x1
07-29 15:00:29.275 I/FILD    (  163): OBEX: File: HandleFirstGetResponse: File /data/rfs/data/modem/transaction.log not found.
07-29 15:00:29.275 D/FILD    (  163): OBEX: Core: obex_CoreSendSimplePacket: 0xd0 0x3
07-29 15:00:29.275 I/ICEUTIL (  163): WakelockActuate: writing fildLock to /sys/power/wake_unlock
07-29 15:00:29.276 I/ICEUTIL (  163): WakelockActuate: writing fildLock to /sys/power/wake_lock
07-29 15:00:29.276 D/FILD    (  163): OBEX: Core: Received packet: 0x3 0x3e 0x3b 0x3b 0x1
07-29 15:00:29.276 I/FILD    (  163): OBEX: File: HandleFirstGetResponse: File /data/rfs/data/modem/transaction.log not found.
07-29 15:00:29.276 D/FILD    (  163): OBEX: Core: obex_CoreSendSimplePacket: 0xd0 0x3
07-29 15:00:29.276 I/ICEUTIL (  163): WakelockActuate: writing fildLock to /sys/power/wake_unlock
07-29 15:00:29.277 I/ICEUTIL (  163): WakelockActuate: writing fildLock to /sys/power/wake_lock
07-29 15:00:29.277 D/FILD    (  163): OBEX: Core: Received packet: 0x82 0x41 0x3e 0x3b 0x1
07-29 15:00:29.277 D/FILD    (  163): OBEX: Core: Received packet: 0x82 0x41 0x3e 0x3 0x49
07-29 15:00:29.277 D/FILD    (  163): OBEX: Core: obex_CoreSendSimplePacket: 0xa0 0x3
07-29 15:00:29.277 I/ICEUTIL (  163): WakelockActuate: writing fildLock to /sys/power/wake_unlock
07-29 15:00:29.278 I/ICEUTIL (  163): WakelockActuate: writing fildLock to /sys/power/wake_lock
07-29 15:00:29.278 D/FILD    (  163): OBEX: Core: Received packet: 0x2 0x3e 0x3b 0x3b 0x1
07-29 15:00:29.278 D/FILD    (  163): OBEX: Core: obex_CoreSendSimplePacket: 0x90 0x3
07-29 15:00:29.278 I/ICEUTIL (  163): WakelockActuate: writing fildLock to /sys/power/wake_unlock
07-29 15:00:29.278 I/ICEUTIL (  163): WakelockActuate: writing fildLock to /sys/power/wake_lock
07-29 15:00:29.279 D/FILD    (  163): OBEX: Core: Received packet: 0x82 0xa9 0xa6 0xa6 0x49
07-29 15:00:29.279 I/FILD    (  163): OBEX: File: HandleBodyEndOfBodyHeaders: write in /data/rfs/data/modem/transaction.log
07-29 15:00:29.279 D/FILD    (  163): OBEX: Core: obex_CoreSendSimplePacket: 0xa0 0x3
07-29 15:00:29.279 I/ICEUTIL (  163): WakelockActuate: writing fildLock to /sys/power/wake_unlock
07-29 15:00:29.280 I/ICEUTIL (  163): WakelockActuate: writing fildLock to /sys/power/wake_lock
07-29 15:00:29.280 D/FILD    (  163): OBEX: Core: Received packet: 0x2 0x44 0x41 0x41 0x1
07-29 15:00:29.280 D/FILD    (  163): OBEX: Core: obex_CoreSendSimplePacket: 0x90 0x3
07-29 15:00:29.280 I/ICEUTIL (  163): WakelockActuate: writing fildLock to /sys/power/wake_unlock
07-29 15:00:29.280 I/ICEUTIL (  163): WakelockActuate: writing fildLock to /sys/power/wake_lock
07-29 15:00:29.280 D/FILD    (  163): OBEX: Core: Received packet: 0x82 0x27 0x24 0x24 0x49
07-29 15:00:29.280 I/FILD    (  163): OBEX: File: HandleBodyEndOfBodyHeaders: write in /data/rfs/data/modem/NRAM2_SMS_DATA.bin
07-29 15:00:29.281 D/FILD    (  163): OBEX: Core: obex_CoreSendSimplePacket: 0xa0 0x3
07-29 15:00:29.281 I/ICEUTIL (  163): WakelockActuate: writing fildLock to /sys/power/wake_unlock
07-29 15:00:29.283 I/ICEUTIL (  163): WakelockActuate: writing fildLock to /sys/power/wake_lock
07-29 15:00:29.283 D/FILD    (  163): OBEX: Core: Received packet: 0x82 0x3e 0x3b 0x3b 0x1
07-29 15:00:29.283 I/FILD    (  163): OBEX: File: HandlePutRequest: removing /data/rfs/data/modem/transaction.log
07-29 15:00:29.283 D/FILD    (  163): OBEX: Core: obex_CoreSendSimplePacket: 0xa0 0x3
07-29 15:00:29.283 I/ICEUTIL (  163): WakelockActuate: writing fildLock to /sys/power/wake_unlock
07-29 15:00:29.321 I/PowerManagerService( 1921): setBrightness mButtonLight, screenBrightness=102
07-29 15:00:29.374 D/MccTable( 3704): updateMccMncConfiguration: mcc=204, mnc=4
07-29 15:00:29.374 D/MccTable( 3704): getLocaleFromMcc to nl_nl mcc=204
07-29 15:00:29.374 D/MccTable( 3704): getLocaleForLanguageCountry: skipping already persisted
07-29 15:00:29.374 D/MccTable( 3704): getLocaleForLanguageCountry: X locale=null
07-29 15:00:29.374 D/MccTable( 3704): WIFI_COUNTRY_CODE set to nl
07-29 15:00:29.375 I/WifiService( 1921): WifiService trying to set country code to nl with persist set to true
07-29 15:00:29.380 D/MccTable( 3704): updateMccMncConfiguration updateConfig config={1.0 204mcc4mnc ?locale ?layoutDir ?swdp ?wdp ?hdp ?density ?lsize ?long ?orien ?uimode ?night ?touch ?keyb/?/? ?nav/?}
07-29 15:00:29.468 I/PowerManagerService( 1921): setBrightness mButtonLight, screenBrightness=102
07-29 15:00:29.473 D/MobileDataStateTracker( 1921): dun: Broadcast received: android.intent.action.ANY_DATA_STATE apnType=dun
07-29 15:00:29.474 D/MobileDataStateTracker( 1921): dun: Received state=DISCONNECTED, old=DISCONNECTED, reason=simLoaded
07-29 15:00:29.479 D/MobileDataStateTracker( 1921): supl: Broadcast received: android.intent.action.ANY_DATA_STATE apnType=supl
07-29 15:00:29.481 D/MobileDataStateTracker( 1921): supl: Received state=DISCONNECTED, old=DISCONNECTED, reason=simLoaded
07-29 15:00:29.484 D/MobileDataStateTracker( 1921): hipri: Broadcast received: android.intent.action.ANY_DATA_STATE apnType=hipri
07-29 15:00:29.485 D/MobileDataStateTracker( 1921): hipri: Received state=DISCONNECTED, old=DISCONNECTED, reason=simLoaded
07-29 15:00:29.488 D/MobileDataStateTracker( 1921): default: Broadcast received: android.intent.action.ANY_DATA_STATE apnType=default
07-29 15:00:29.489 D/MobileDataStateTracker( 1921): default: Received state=DISCONNECTED, old=DISCONNECTED, reason=simLoaded
07-29 15:00:29.492 D/MobileDataStateTracker( 1921): mms: Broadcast received: android.intent.action.ANY_DATA_STATE apnType=mms
07-29 15:00:29.493 D/MobileDataStateTracker( 1921): mms: Received state=DISCONNECTED, old=DISCONNECTED, reason=simLoaded
