07-29 14:18:31.645 I/PowerManagerService( 1921): setBrightness mButtonLight, screenBrightness=102
07-29 14:18:31.647 E/        ( 1921): Vibrator sendit ms = 1
07-29 14:18:31.647 I/PowerManagerService( 1921): setBrightness mButtonLight, screenBrightness=102
07-29 14:18:31.670 E/        ( 1921): Vibrator sendit ms = 21
07-29 14:18:31.709 W/ViewRootImpl( 1921): Dropping event due to no window focus: KeyEvent { action=ACTION_DOWN, keyCode=KEYCODE_POWER, scanCode=116, metaState=0, flags=0x8, repeatCount=2, eventTime=13843544, downTime=13842993, deviceId=6, source=0x101 }
07-29 14:18:31.713 I/PowerManagerService( 1921): setBrightness mButtonLight, screenBrightness=102
07-29 14:18:31.742 D/PhoneStatusBar( 3515): disable: < EXPAND* icons alerts ticker system_info back home recent clock search >
07-29 14:18:32.499 D/PowerManagerService( 1921): userActivityNoUpdateLocked: system_ready = false
07-29 14:18:32.499 I/PowerManagerService( 1921): setBrightness mButtonLight, screenBrightness=102
07-29 14:18:32.656 V/legacy_audio_policy_hal(  148): audio_io_handle_t android_audio_legacy::ap_get_output(audio_policy*, audio_stream_type_t, uint32_t, audio_format_t, audio_channel_mask_t, audio_output_flags_t, const audio_offload_info_t*): tid 3297
07-29 14:18:32.657 V/NvAudioPolicyManager(  148): getDeviceForStrategy() strategy 0, device 2
07-29 14:18:32.657 V/NvAudioPolicyManager(  148): getOutput() stream 1, samplingRate 0, format 0, channelMask 3, flags 0
07-29 14:18:32.657 V/NvAudioPolicyManager(  148): getOutput() returns output 2
07-29 14:18:32.657 V/legacy_audio_policy_hal(  148): audio_io_handle_t android_audio_legacy::ap_get_output(audio_policy*, audio_stream_type_t, uint32_t, audio_format_t, audio_channel_mask_t, audio_output_flags_t, const audio_offload_info_t*): tid 148
07-29 14:18:32.657 V/NvAudioPolicyManager(  148): getDeviceForStrategy() strategy 0, device 2
07-29 14:18:32.657 V/NvAudioPolicyManager(  148): getOutput() stream 1, samplingRate 0, format 0, channelMask 3, flags 0
07-29 14:18:32.657 V/NvAudioPolicyManager(  148): getOutput() returns output 2
07-29 14:18:32.657 V/legacy_audio_policy_hal(  148): audio_io_handle_t android_audio_legacy::ap_get_output(audio_policy*, audio_stream_type_t, uint32_t, audio_format_t, audio_channel_mask_t, audio_output_flags_t, const audio_offload_info_t*): tid 5510
07-29 14:18:32.657 V/NvAudioPolicyManager(  148): getDeviceForStrategy() strategy 0, device 2
07-29 14:18:32.657 V/NvAudioPolicyManager(  148): getOutput() stream 1, samplingRate 44100, format 1, channelMask 3, flags 4
07-29 14:18:32.657 V/NvAudioPolicyManager(  148): getOutput() returns output 2
07-29 14:18:32.657 V/nvaudio_hw(  148): nvaudio_out_get_latency: latency 85
07-29 14:18:32.658 V/NvAudioPolicyManager(  148): startOutput() output 2, stream 1, session 293
07-29 14:18:32.658 V/NvAudioPolicyManager(  148): getDeviceForStrategy() from cache strategy 0, device 2
07-29 14:18:32.658 V/AudioPolicyManagerBase(  148): changeRefCount() stream 1, count 1
07-29 14:18:32.658 V/NvAudioPolicyManager(  148): getDeviceForStrategy() strategy 0, device 2
07-29 14:18:32.658 V/AudioPolicyManagerBase(  148): getNewDevice() selected device 2
07-29 14:18:32.658 V/AudioPolicyManagerBase(  148): setOutputDevice() output 2 device 0002 delayMs 0
07-29 14:18:32.658 V/AudioPolicyManagerBase(  148): setOutputDevice() prevDevice 0002
07-29 14:18:32.658 V/NvAudioPolicyManager(  148): getDeviceForStrategy() strategy 0, device 2
07-29 14:18:32.658 V/NvAudioPolicyManager(  148): getDeviceForStrategy() strategy 1, device 1
07-29 14:18:32.658 V/NvAudioPolicyManager(  148): getDeviceForStrategy() strategy 2, device 2
07-29 14:18:32.658 V/NvAudioPolicyManager(  148): getDeviceForStrategy() strategy 2, device 2
07-29 14:18:32.658 V/NvAudioPolicyManager(  148): getDeviceForStrategy() strategy 3, device 2
07-29 14:18:32.658 V/NvAudioPolicyManager(  148): getDeviceForStrategy() strategy 0, device 2
07-29 14:18:32.658 V/NvAudioPolicyManager(  148): getDeviceForStrategy() strategy 4, device 2
07-29 14:18:32.658 V/NvAudioPolicyManager(  148): getDeviceForStrategy() strategy 5, device 2
07-29 14:18:32.658 V/NvAudioPolicyManager(  148): getDeviceForStrategy() strategy 6, device 1
07-29 14:18:32.658 V/AudioPolicyManagerBase(  148): setOutputDevice() setting same device 0002 or null device for output 2
07-29 14:18:32.658 V/NvAudioPolicyManager(  148): getDeviceForStrategy() from cache strategy 0, device 2
07-29 14:18:32.658 V/NvAudioPolicyManager(  148): getDeviceForStrategy() from cache strategy 0, device 2
07-29 14:18:32.658 V/nvaudio_hw(  148): nvaudio_dev_set_parameters : nv_param_media_routing=2
07-29 14:18:32.658 V/nvaudio_hw(  148): Media is routed to :2
07-29 14:18:32.658 V/nvaudio_hw(  148): ULP supported: dev 2
07-29 14:18:32.658 V/AudioPolicyManagerBase(  148): releaseOutput() 2
07-29 14:18:32.664 W/InputMethodManagerService( 1921): Window already focused, ignoring focus gain of: com.android.internal.view.IInputMethodClient$Stub$Proxy@41ccd0e0 attribute=null, token = android.os.BinderProxy@41deb578
07-29 14:18:32.678 D/BluetoothManagerService( 1921): Message: 2
07-29 14:18:32.679 W/Settings( 3704): Setting airplane_mode_on has moved from android.provider.Settings.System to android.provider.Settings.Global, returning read-only value.
07-29 14:18:32.680 I/PowerManagerService( 1921): setBrightness mButtonLight, screenBrightness=102
07-29 14:18:32.683 D/CellBroadcastReceiver( 8419): onReceive Intent { act=android.intent.action.AIRPLANE_MODE flg=0x20000010 cmp=com.android.cellbroadcastreceiver/.CellBroadcastReceiver (has extras) }
07-29 14:18:32.683 D/CellBroadcastReceiver( 8419): airplaneModeOn: true
07-29 14:18:32.684 D/PhoneStatusBar( 3515): disable: < expand* icons alerts ticker system_info back home recent clock search >
07-29 14:18:32.693 I/ICEUTIL (  163): WakelockActuate: writing fildLock to /sys/power/wake_lock
07-29 14:18:32.693 D/FILD    (  163): OBEX: Core: Received packet: 0x2 0x2c 0x29 0x29 0x1
07-29 14:18:32.693 D/FILD    (  163): OBEX: Core: obex_CoreSendSimplePacket: 0x90 0x3
07-29 14:18:32.693 I/ICEUTIL (  163): WakelockActuate: writing fildLock to /sys/power/wake_unlock
07-29 14:18:32.694 I/ICEUTIL (  163): WakelockActuate: writing fildLock to /sys/power/wake_lock
07-29 14:18:32.694 D/FILD    (  163): OBEX: Core: Received packet: 0x82 0x34a 0x347 0x347 0x49
07-29 14:18:32.694 I/FILD    (  163): OBEX: File: HandleBodyEndOfBodyHeaders: write in /data/rfs/data/nvram-rw.bin
07-29 14:18:32.694 D/FILD    (  163): OBEX: Core: obex_CoreSendSimplePacket: 0xa0 0x3
07-29 14:18:32.694 I/ICEUTIL (  163): WakelockActuate: writing fildLock to /sys/power/wake_unlock
07-29 14:18:33.659 V/nvaudio_hw(  148): nvaudio_out_get_latency: latency 85
07-29 14:18:33.670 V/nvaudio_hw(  148): nvaudio_out_get_latency: latency 85
07-29 14:18:33.679 V/nvaudio_hw(  148): nvaudio_out_get_latency: latency 85
07-29 14:18:33.691 V/nvaudio_hw(  148): nvaudio_out_get_latency: latency 85
07-29 14:18:33.701 V/nvaudio_hw(  148): nvaudio_out_get_latency: latency 85
07-29 14:18:33.712 V/nvaudio_hw(  148): nvaudio_out_get_latency: latency 85
07-29 14:18:33.722 V/nvaudio_hw(  148): nvaudio_out_get_latency: latency 85
07-29 14:18:33.732 V/nvaudio_hw(  148): nvaudio_out_get_latency: latency 85
07-29 14:18:33.742 V/nvaudio_hw(  148): nvaudio_out_get_latency: latency 85
07-29 14:18:33.754 V/NvAudioPolicyManager(  148): stopOutput() output 2, stream 1, session 293
07-29 14:18:33.754 V/NvAudioPolicyManager(  148): getDeviceForStrategy() from cache strategy 0, device 2
07-29 14:18:33.754 V/AudioPolicyManagerBase(  148): changeRefCount() stream 1, count 0
07-29 14:18:33.754 V/AudioPolicyManagerBase(  148): getNewDevice() selected device 0
07-29 14:18:33.754 V/AudioPolicyManagerBase(  148): setOutputDevice() output 2 device 0000 delayMs 170
07-29 14:18:33.754 V/AudioPolicyManagerBase(  148): setOutputDevice() prevDevice 0002
07-29 14:18:33.754 V/NvAudioPolicyManager(  148): getDeviceForStrategy() strategy 0, device 2
07-29 14:18:33.754 V/NvAudioPolicyManager(  148): getDeviceForStrategy() strategy 1, device 1
07-29 14:18:33.754 V/NvAudioPolicyManager(  148): getDeviceForStrategy() strategy 2, device 2
07-29 14:18:33.754 V/NvAudioPolicyManager(  148): getDeviceForStrategy() strategy 2, device 2
07-29 14:18:33.754 V/NvAudioPolicyManager(  148): getDeviceForStrategy() strategy 3, device 2
07-29 14:18:33.754 V/NvAudioPolicyManager(  148): getDeviceForStrategy() strategy 0, device 2
07-29 14:18:33.754 V/NvAudioPolicyManager(  148): getDeviceForStrategy() strategy 4, device 2
07-29 14:18:33.754 V/NvAudioPolicyManager(  148): getDeviceForStrategy() strategy 5, device 2
07-29 14:18:33.754 V/NvAudioPolicyManager(  148): getDeviceForStrategy() strategy 6, device 1
07-29 14:18:33.754 V/AudioPolicyManagerBase(  148): setOutputDevice() setting same device 0000 or null device for output 2
07-29 14:18:33.754 V/NvAudioPolicyManager(  148): getDeviceForStrategy() from cache strategy 0, device 2
07-29 14:18:33.754 V/NvAudioPolicyManager(  148): getDeviceForStrategy() from cache strategy 0, device 2
07-29 14:18:33.754 V/nvaudio_hw(  148): nvaudio_dev_set_parameters : nv_param_media_routing=2
07-29 14:18:33.754 V/nvaudio_hw(  148): Media is routed to :2
07-29 14:18:33.754 V/nvaudio_hw(  148): ULP supported: dev 2
07-29 14:18:34.082 I/ICEUTIL (  163): WakelockActuate: writing fildLock to /sys/power/wake_lock
07-29 14:18:34.082 D/FILD    (  163): OBEX: Core: Received packet: 0x3 0x3e 0x3b 0x3b 0x1
07-29 14:18:34.082 I/FILD    (  163): OBEX: File: HandleFirstGetResponse: File /data/rfs/data/modem/transaction.log not found.
07-29 14:18:34.082 D/FILD    (  163): OBEX: Core: obex_CoreSendSimplePacket: 0xd0 0x3
07-29 14:18:34.082 I/ICEUTIL (  163): WakelockActuate: writing fildLock to /sys/power/wake_unlock
07-29 14:18:34.082 I/ICEUTIL (  163): WakelockActuate: writing fildLock to /sys/power/wake_lock
07-29 14:18:34.082 D/FILD    (  163): OBEX: Core: Received packet: 0x3 0x3e 0x3b 0x3b 0x1
07-29 14:18:34.082 I/FILD    (  163): OBEX: File: HandleFirstGetResponse: File /data/rfs/data/modem/transaction.log not found.
07-29 14:18:34.082 D/FILD    (  163): OBEX: Core: obex_CoreSendSimplePacket: 0xd0 0x3
07-29 14:18:34.082 I/ICEUTIL (  163): WakelockActuate: writing fildLock to /sys/power/wake_unlock
07-29 14:18:34.083 I/ICEUTIL (  163): WakelockActuate: writing fildLock to /sys/power/wake_lock
07-29 14:18:34.083 D/FILD    (  163): OBEX: Core: Received packet: 0x82 0x41 0x3e 0x3b 0x1
07-29 14:18:34.083 D/FILD    (  163): OBEX: Core: Received packet: 0x82 0x41 0x3e 0x3 0x49
07-29 14:18:34.083 D/FILD    (  163): OBEX: Core: obex_CoreSendSimplePacket: 0xa0 0x3
07-29 14:18:34.083 I/ICEUTIL (  163): WakelockActuate: writing fildLock to /sys/power/wake_unlock
07-29 14:18:34.084 I/ICEUTIL (  163): WakelockActuate: writing fildLock to /sys/power/wake_lock
07-29 14:18:34.084 D/FILD    (  163): OBEX: Core: Received packet: 0x2 0x3e 0x3b 0x3b 0x1
07-29 14:18:34.084 D/FILD    (  163): OBEX: Core: obex_CoreSendSimplePacket: 0x90 0x3
07-29 14:18:34.084 I/ICEUTIL (  163): WakelockActuate: writing fildLock to /sys/power/wake_unlock
07-29 14:18:34.084 I/ICEUTIL (  163): WakelockActuate: writing fildLock to /sys/power/wake_lock
07-29 14:18:34.084 D/FILD    (  163): OBEX: Core: Received packet: 0x82 0x94 0x91 0x91 0x49
07-29 14:18:34.085 I/FILD    (  163): OBEX: File: HandleBodyEndOfBodyHeaders: write in /data/rfs/data/modem/transaction.log
07-29 14:18:34.085 D/FILD    (  163): OBEX: Core: obex_CoreSendSimplePacket: 0xa0 0x3
07-29 14:18:34.085 I/ICEUTIL (  163): WakelockActuate: writing fildLock to /sys/power/wake_unlock
07-29 14:18:34.085 I/ICEUTIL (  163): WakelockActuate: writing fildLock to /sys/power/wake_lock
07-29 14:18:34.085 D/FILD    (  163): OBEX: Core: Received packet: 0x2 0x42 0x3f 0x3f 0x1
07-29 14:18:34.085 D/FILD    (  163): OBEX: Core: obex_CoreSendSimplePacket: 0x90 0x3
07-29 14:18:34.085 I/ICEUTIL (  163): WakelockActuate: writing fildLock to /sys/power/wake_unlock
07-29 14:18:34.086 I/ICEUTIL (  163): WakelockActuate: writing fildLock to /sys/power/wake_lock
07-29 14:18:34.086 D/FILD    (  163): OBEX: Core: Received packet: 0x82 0x12 0xf 0xf 0x49
07-29 14:18:34.086 I/FILD    (  163): OBEX: File: HandleBodyEndOfBodyHeaders: write in /data/rfs/data/modem/NRAM2_MM_DATA.bin
07-29 14:18:34.086 D/FILD    (  163): OBEX: Core: obex_CoreSendSimplePacket: 0xa0 0x3
07-29 14:18:34.086 I/ICEUTIL (  163): WakelockActuate: writing fildLock to /sys/power/wake_unlock
07-29 14:18:34.086 I/ICEUTIL (  163): WakelockActuate: writing fildLock to /sys/power/wake_lock
07-29 14:18:34.086 D/FILD    (  163): OBEX: Core: Received packet: 0x82 0x3e 0x3b 0x3b 0x1
07-29 14:18:34.086 I/FILD    (  163): OBEX: File: HandlePutRequest: removing /data/rfs/data/modem/transaction.log
07-29 14:18:34.087 D/FILD    (  163): OBEX: Core: obex_CoreSendSimplePacket: 0xa0 0x3
07-29 14:18:34.087 I/ICEUTIL (  163): WakelockActuate: writing fildLock to /sys/power/wake_unlock
07-29 14:18:34.087 I/ICEUTIL (  163): WakelockActuate: writing fildLock to /sys/power/wake_lock
07-29 14:18:34.087 D/FILD    (  163): OBEX: Core: Received packet: 0x3 0x3e 0x3b 0x3b 0x1
07-29 14:18:34.087 I/FILD    (  163): OBEX: File: HandleFirstGetResponse: File /data/rfs/data/modem/transaction.log not found.
07-29 14:18:34.087 D/FILD    (  163): OBEX: Core: obex_CoreSendSimplePacket: 0xd0 0x3
07-29 14:18:34.087 I/ICEUTIL (  163): WakelockActuate: writing fildLock to /sys/power/wake_unlock
07-29 14:18:34.087 I/ICEUTIL (  163): WakelockActuate: writing fildLock to /sys/power/wake_lock
07-29 14:18:34.087 D/FILD    (  163): OBEX: Core: Received packet: 0x3 0x3e 0x3b 0x3b 0x1
07-29 14:18:34.087 I/FILD    (  163): OBEX: File: HandleFirstGetResponse: File /data/rfs/data/modem/transaction.log not found.
07-29 14:18:34.087 D/FILD    (  163): OBEX: Core: obex_CoreSendSimplePacket: 0xd0 0x3
07-29 14:18:34.087 I/ICEUTIL (  163): WakelockActuate: writing fildLock to /sys/power/wake_unlock
07-29 14:18:34.087 I/ICEUTIL (  163): WakelockActuate: writing fildLock to /sys/power/wake_lock
07-29 14:18:34.087 D/FILD    (  163): OBEX: Core: Received packet: 0x82 0x41 0x3e 0x3b 0x1
07-29 14:18:34.087 D/FILD    (  163): OBEX: Core: Received packet: 0x82 0x41 0x3e 0x3 0x49
07-29 14:18:34.087 D/FILD    (  163): OBEX: Core: obex_CoreSendSimplePacket: 0xa0 0x3
07-29 14:18:34.089 I/ICEUTIL (  163): WakelockActuate: writing fildLock to /sys/power/wake_unlock
07-29 14:18:34.089 I/ICEUTIL (  163): WakelockActuate: writing fildLock to /sys/power/wake_lock
07-29 14:18:34.089 D/FILD    (  163): OBEX: Core: Received packet: 0x2 0x3e 0x3b 0x3b 0x1
07-29 14:18:34.089 D/FILD    (  163): OBEX: Core: obex_CoreSendSimplePacket: 0x90 0x3
07-29 14:18:34.089 I/ICEUTIL (  163): WakelockActuate: writing fildLock to /sys/power/wake_unlock
07-29 14:18:34.089 I/ICEUTIL (  163): WakelockActuate: writing fildLock to /sys/power/wake_lock
07-29 14:18:34.089 D/FILD    (  163): OBEX: Core: Received packet: 0x82 0x4c4 0x4c1 0x4c1 0x49
07-29 14:18:34.089 I/FILD    (  163): OBEX: File: HandleBodyEndOfBodyHeaders: write in /data/rfs/data/modem/transaction.log
07-29 14:18:34.090 D/FILD    (  163): OBEX: Core: obex_CoreSendSimplePacket: 0xa0 0x3
07-29 14:18:34.090 I/ICEUTIL (  163): WakelockActuate: writing fildLock to /sys/power/wake_unlock
07-29 14:18:34.090 I/ICEUTIL (  163): WakelockActuate: writing fildLock to /sys/power/wake_lock
07-29 14:18:34.090 D/FILD    (  163): OBEX: Core: Received packet: 0x2 0x60 0x5d 0x5d 0x1
07-29 14:18:34.090 D/FILD    (  163): OBEX: Core: obex_CoreSendSimplePacket: 0x90 0x3
07-29 14:18:34.091 I/ICEUTIL (  163): WakelockActuate: writing fildLock to /sys/power/wake_unlock
07-29 14:18:34.091 I/ICEUTIL (  163): WakelockActuate: writing fildLock to /sys/power/wake_lock
07-29 14:18:34.091 D/FILD    (  163): OBEX: Core: Received packet: 0x82 0x442 0x43f 0x43f 0x49
07-29 14:18:34.091 I/FILD    (  163): OBEX: File: HandleBodyEndOfBodyHeaders: write in /data/rfs/data/modem/NRAM2_PLMN_CARRIER_LIST_DATA.bin
07-29 14:18:34.091 D/FILD    (  163): OBEX: Core: obex_CoreSendSimplePacket: 0xa0 0x3
07-29 14:18:34.091 I/ICEUTIL (  163): WakelockActuate: writing fildLock to /sys/power/wake_unlock
07-29 14:18:34.091 I/ICEUTIL (  163): WakelockActuate: writing fildLock to /sys/power/wake_lock
07-29 14:18:34.091 D/FILD    (  163): OBEX: Core: Received packet: 0x82 0x3e 0x3b 0x3b 0x1
07-29 14:18:34.091 I/FILD    (  163): OBEX: File: HandlePutRequest: removing /data/rfs/data/modem/transaction.log
07-29 14:18:34.092 D/FILD    (  163): OBEX: Core: obex_CoreSendSimplePacket: 0xa0 0x3
07-29 14:18:34.092 I/ICEUTIL (  163): WakelockActuate: writing fildLock to /sys/power/wake_unlock
07-29 14:18:34.092 I/ICEUTIL (  163): WakelockActuate: writing fildLock to /sys/power/wake_lock
07-29 14:18:34.092 D/FILD    (  163): OBEX: Core: Received packet: 0x3 0x3e 0x3b 0x3b 0x1
07-29 14:18:34.092 I/FILD    (  163): OBEX: File: HandleFirstGetResponse: File /data/rfs/data/modem/transaction.log not found.
07-29 14:18:34.092 D/FILD    (  163): OBEX: Core: obex_CoreSendSimplePacket: 0xd0 0x3
07-29 14:18:34.093 I/ICEUTIL (  163): WakelockActuate: writing fildLock to /sys/power/wake_unlock
07-29 14:18:34.093 I/ICEUTIL (  163): WakelockActuate: writing fildLock to /sys/power/wake_lock
07-29 14:18:34.093 D/FILD    (  163): OBEX: Core: Received packet: 0x3 0x3e 0x3b 0x3b 0x1
07-29 14:18:34.093 I/FILD    (  163): OBEX: File: HandleFirstGetResponse: File /data/rfs/data/modem/transaction.log not found.
07-29 14:18:34.093 D/FILD    (  163): OBEX: Core: obex_CoreSendSimplePacket: 0xd0 0x3
07-29 14:18:34.093 I/ICEUTIL (  163): WakelockActuate: writing fildLock to /sys/power/wake_unlock
07-29 14:18:34.093 I/ICEUTIL (  163): WakelockActuate: writing fildLock to /sys/power/wake_lock
07-29 14:18:34.093 D/FILD    (  163): OBEX: Core: Received packet: 0x82 0x41 0x3e 0x3b 0x1
07-29 14:18:34.093 D/FILD    (  163): OBEX: Core: Received packet: 0x82 0x41 0x3e 0x3 0x49
07-29 14:18:34.094 D/FILD    (  163): OBEX: Core: obex_CoreSendSimplePacket: 0xa0 0x3
07-29 14:18:34.094 I/ICEUTIL (  163): WakelockActuate: writing fildLock to /sys/power/wake_unlock
07-29 14:18:34.094 I/ICEUTIL (  163): WakelockActuate: writing fildLock to /sys/power/wake_lock
07-29 14:18:34.094 D/FILD    (  163): OBEX: Core: Received packet: 0x2 0x3e 0x3b 0x3b 0x1
07-29 14:18:34.094 D/FILD    (  163): OBEX: Core: obex_CoreSendSimplePacket: 0x90 0x3
07-29 14:18:34.094 I/ICEUTIL (  163): WakelockActuate: writing fildLock to /sys/power/wake_unlock
07-29 14:18:34.094 I/ICEUTIL (  163): WakelockActuate: writing fildLock to /sys/power/wake_lock
07-29 14:18:34.095 D/FILD    (  163): OBEX: Core: Received packet: 0x82 0x19c 0x199 0x199 0x49
07-29 14:18:34.095 I/FILD    (  163): OBEX: File: HandleBodyEndOfBodyHeaders: write in /data/rfs/data/modem/transaction.log
07-29 14:18:34.095 D/FILD    (  163): OBEX: Core: obex_CoreSendSimplePacket: 0xa0 0x3
07-29 14:18:34.095 I/ICEUTIL (  163): WakelockActuate: writing fildLock to /sys/power/wake_unlock
07-29 14:18:34.095 I/ICEUTIL (  163): WakelockActuate: writing fildLock to /sys/power/wake_lock
07-29 14:18:34.095 D/FILD    (  163): OBEX: Core: Received packet: 0x2 0x5e 0x5b 0x5b 0x1
07-29 14:18:34.095 D/FILD    (  163): OBEX: Core: obex_CoreSendSimplePacket: 0x90 0x3
07-29 14:18:34.095 I/ICEUTIL (  163): WakelockActuate: writing fildLock to /sys/power/wake_unlock
07-29 14:18:34.096 I/ICEUTIL (  163): WakelockActuate: writing fildLock to /sys/power/wake_lock
07-29 14:18:34.096 D/FILD    (  163): OBEX: Core: Received packet: 0x82 0x11a 0x117 0x117 0x49
07-29 14:18:34.096 I/FILD    (  163): OBEX: File: HandleBodyEndOfBodyHeaders: write in /data/rfs/data/modem/NRAM2_MCC_CARRIER_LIST_DATA.bin
07-29 14:18:34.096 D/FILD    (  163): OBEX: Core: obex_CoreSendSimplePacket: 0xa0 0x3
07-29 14:18:34.096 I/ICEUTIL (  163): WakelockActuate: writing fildLock to /sys/power/wake_unlock
07-29 14:18:34.096 I/ICEUTIL (  163): WakelockActuate: writing fildLock to /sys/power/wake_lock
07-29 14:18:34.096 D/FILD    (  163): OBEX: Core: Received packet: 0x82 0x3e 0x3b 0x3b 0x1
07-29 14:18:34.096 I/FILD    (  163): OBEX: File: HandlePutRequest: removing /data/rfs/data/modem/transaction.log
07-29 14:18:34.096 D/FILD    (  163): OBEX: Core: obex_CoreSendSimplePacket: 0xa0 0x3
07-29 14:18:34.097 I/ICEUTIL (  163): WakelockActuate: writing fildLock to /sys/power/wake_unlock
07-29 14:18:34.140 I/ICEUTIL (  163): WakelockActuate: writing fildLock to /sys/power/wake_lock
07-29 14:18:34.140 D/FILD    (  163): OBEX: Core: Received packet: 0x3 0x3e 0x3b 0x3b 0x1
07-29 14:18:34.140 I/FILD    (  163): OBEX: File: HandleFirstGetResponse: File /data/rfs/data/modem/transaction.log not found.
07-29 14:18:34.140 D/FILD    (  163): OBEX: Core: obex_CoreSendSimplePacket: 0xd0 0x3
07-29 14:18:34.140 I/ICEUTIL (  163): WakelockActuate: writing fildLock to /sys/power/wake_unlock
07-29 14:18:34.140 I/ICEUTIL (  163): WakelockActuate: writing fildLock to /sys/power/wake_lock
07-29 14:18:34.140 D/FILD    (  163): OBEX: Core: Received packet: 0x3 0x3e 0x3b 0x3b 0x1
07-29 14:18:34.140 I/FILD    (  163): OBEX: File: HandleFirstGetResponse: File /data/rfs/data/modem/transaction.log not found.
07-29 14:18:34.140 D/FILD    (  163): OBEX: Core: obex_CoreSendSimplePacket: 0xd0 0x3
07-29 14:18:34.140 I/ICEUTIL (  163): WakelockActuate: writing fildLock to /sys/power/wake_unlock
07-29 14:18:34.140 I/ICEUTIL (  163): WakelockActuate: writing fildLock to /sys/power/wake_lock
07-29 14:18:34.140 D/FILD    (  163): OBEX: Core: Received packet: 0x3 0x3e 0x3b 0x3b 0x1
07-29 14:18:34.140 I/FILD    (  163): OBEX: File: HandleFirstGetResponse: File /data/rfs/data/modem/transaction.log not found.
07-29 14:18:34.140 D/FILD    (  163): OBEX: Core: obex_CoreSendSimplePacket: 0xd0 0x3
07-29 14:18:34.140 I/ICEUTIL (  163): WakelockActuate: writing fildLock to /sys/power/wake_unlock
07-29 14:18:34.140 I/ICEUTIL (  163): WakelockActuate: writing fildLock to /sys/power/wake_lock
07-29 14:18:34.140 D/FILD    (  163): OBEX: Core: Received packet: 0x82 0x41 0x3e 0x3b 0x1
07-29 14:18:34.140 D/FILD    (  163): OBEX: Core: Received packet: 0x82 0x41 0x3e 0x3 0x49
07-29 14:18:34.141 D/FILD    (  163): OBEX: Core: obex_CoreSendSimplePacket: 0xa0 0x3
07-29 14:18:34.141 I/ICEUTIL (  163): WakelockActuate: writing fildLock to /sys/power/wake_unlock
07-29 14:18:34.141 I/ICEUTIL (  163): WakelockActuate: writing fildLock to /sys/power/wake_lock
07-29 14:18:34.141 D/FILD    (  163): OBEX: Core: Received packet: 0x2 0x3e 0x3b 0x3b 0x1
07-29 14:18:34.141 D/FILD    (  163): OBEX: Core: obex_CoreSendSimplePacket: 0x90 0x3
07-29 14:18:34.141 I/ICEUTIL (  163): WakelockActuate: writing fildLock to /sys/power/wake_unlock
07-29 14:18:34.141 I/ICEUTIL (  163): WakelockActuate: writing fildLock to /sys/power/wake_lock
07-29 14:18:34.141 D/FILD    (  163): OBEX: Core: Received packet: 0x82 0xfa 0xf7 0xf7 0x49
07-29 14:18:34.141 I/FILD    (  163): OBEX: File: HandleBodyEndOfBodyHeaders: write in /data/rfs/data/modem/transaction.log
07-29 14:18:34.141 D/FILD    (  163): OBEX: Core: obex_CoreSendSimplePacket: 0xa0 0x3
07-29 14:18:34.141 I/ICEUTIL (  163): WakelockActuate: writing fildLock to /sys/power/wake_unlock
07-29 14:18:34.141 I/ICEUTIL (  163): WakelockActuate: writing fildLock to /sys/power/wake_lock
07-29 14:18:34.141 D/FILD    (  163): OBEX: Core: Received packet: 0x2 0x4c 0x49 0x49 0x1
07-29 14:18:34.141 D/FILD    (  163): OBEX: Core: obex_CoreSendSimplePacket: 0x90 0x3
07-29 14:18:34.141 I/ICEUTIL (  163): WakelockActuate: writing fildLock to /sys/power/wake_unlock
07-29 14:18:34.141 I/ICEUTIL (  163): WakelockActuate: writing fildLock to /sys/power/wake_lock
07-29 14:18:34.141 D/FILD    (  163): OBEX: Core: Received packet: 0x82 0x78 0x75 0x75 0x49
07-29 14:18:34.141 I/FILD    (  163): OBEX: File: HandleBodyEndOfBodyHeaders: write in /data/rfs/data/modem/NRAM2_USIM_MM_DATA.bin
07-29 14:18:34.141 D/FILD    (  163): OBEX: Core: obex_CoreSendSimplePacket: 0xa0 0x3
07-29 14:18:34.141 I/ICEUTIL (  163): WakelockActuate: writing fildLock to /sys/power/wake_unlock
07-29 14:18:34.141 I/ICEUTIL (  163): WakelockActuate: writing fildLock to /sys/power/wake_lock
07-29 14:18:34.141 D/FILD    (  163): OBEX: Core: Received packet: 0x82 0x3e 0x3b 0x3b 0x1
07-29 14:18:34.141 I/FILD    (  163): OBEX: File: HandlePutRequest: removing /data/rfs/data/modem/transaction.log
07-29 14:18:34.142 D/FILD    (  163): OBEX: Core: obex_CoreSendSimplePacket: 0xa0 0x3
07-29 14:18:34.142 I/ICEUTIL (  163): WakelockActuate: writing fildLock to /sys/power/wake_unlock
07-29 14:18:34.142 I/ICEUTIL (  163): WakelockActuate: writing fildLock to /sys/power/wake_lock
07-29 14:18:34.142 D/FILD    (  163): OBEX: Core: Received packet: 0x3 0x3e 0x3b 0x3b 0x1
07-29 14:18:34.142 I/FILD    (  163): OBEX: File: HandleFirstGetResponse: File /data/rfs/data/modem/transaction.log not found.
07-29 14:18:34.142 D/FILD    (  163): OBEX: Core: obex_CoreSendSimplePacket: 0xd0 0x3
07-29 14:18:34.142 I/ICEUTIL (  163): WakelockActuate: writing fildLock to /sys/power/wake_unlock
07-29 14:18:34.142 I/ICEUTIL (  163): WakelockActuate: writing fildLock to /sys/power/wake_lock
07-29 14:18:34.142 D/FILD    (  163): OBEX: Core: Received packet: 0x3 0x3e 0x3b 0x3b 0x1
07-29 14:18:34.142 I/FILD    (  163): OBEX: File: HandleFirstGetResponse: File /data/rfs/data/modem/transaction.log not found.
07-29 14:18:34.142 D/FILD    (  163): OBEX: Core: obex_CoreSendSimplePacket: 0xd0 0x3
07-29 14:18:34.142 I/ICEUTIL (  163): WakelockActuate: writing fildLock to /sys/power/wake_unlock
07-29 14:18:34.142 I/ICEUTIL (  163): WakelockActuate: writing fildLock to /sys/power/wake_lock
07-29 14:18:34.142 D/FILD    (  163): OBEX: Core: Received packet: 0x3 0x3e 0x3b 0x3b 0x1
07-29 14:18:34.142 I/FILD    (  163): OBEX: File: HandleFirstGetResponse: File /data/rfs/data/modem/transaction.log not found.
07-29 14:18:34.142 D/FILD    (  163): OBEX: Core: obex_CoreSendSimplePacket: 0xd0 0x3
07-29 14:18:34.142 I/ICEUTIL (  163): WakelockActuate: writing fildLock to /sys/power/wake_unlock
07-29 14:18:34.142 I/ICEUTIL (  163): WakelockActuate: writing fildLock to /sys/power/wake_lock
07-29 14:18:34.142 D/FILD    (  163): OBEX: Core: Received packet: 0x82 0x41 0x3e 0x3b 0x1
07-29 14:18:34.142 D/FILD    (  163): OBEX: Core: Received packet: 0x82 0x41 0x3e 0x3 0x49
07-29 14:18:34.142 D/FILD    (  163): OBEX: Core: obex_CoreSendSimplePacket: 0xa0 0x3
07-29 14:18:34.142 I/ICEUTIL (  163): WakelockActuate: writing fildLock to /sys/power/wake_unlock
07-29 14:18:34.143 I/ICEUTIL (  163): WakelockActuate: writing fildLock to /sys/power/wake_lock
07-29 14:18:34.143 D/FILD    (  163): OBEX: Core: Received packet: 0x2 0x3e 0x3b 0x3b 0x1
07-29 14:18:34.143 D/FILD    (  163): OBEX: Core: obex_CoreSendSimplePacket: 0x90 0x3
07-29 14:18:34.143 I/ICEUTIL (  163): WakelockActuate: writing fildLock to /sys/power/wake_unlock
07-29 14:18:34.143 I/ICEUTIL (  163): WakelockActuate: writing fildLock to /sys/power/wake_lock
07-29 14:18:34.143 D/FILD    (  163): OBEX: Core: Received packet: 0x82 0xfa 0xf7 0xf7 0x49
07-29 14:18:34.143 I/FILD    (  163): OBEX: File: HandleBodyEndOfBodyHeaders: write in /data/rfs/data/modem/transaction.log
07-29 14:18:34.143 D/FILD    (  163): OBEX: Core: obex_CoreSendSimplePacket: 0xa0 0x3
07-29 14:18:34.143 I/ICEUTIL (  163): WakelockActuate: writing fildLock to /sys/power/wake_unlock
07-29 14:18:34.144 I/ICEUTIL (  163): WakelockActuate: writing fildLock to /sys/power/wake_lock
07-29 14:18:34.144 D/FILD    (  163): OBEX: Core: Received packet: 0x2 0x4c 0x49 0x49 0x1
07-29 14:18:34.144 D/FILD    (  163): OBEX: Core: obex_CoreSendSimplePacket: 0x90 0x3
07-29 14:18:34.144 I/ICEUTIL (  163): WakelockActuate: writing fildLock to /sys/power/wake_unlock
07-29 14:18:34.144 I/ICEUTIL (  163): WakelockActuate: writing fildLock to /sys/power/wake_lock
07-29 14:18:34.144 D/FILD    (  163): OBEX: Core: Received packet: 0x82 0x78 0x75 0x75 0x49
07-29 14:18:34.144 I/FILD    (  163): OBEX: File: HandleBodyEndOfBodyHeaders: write in /data/rfs/data/modem/NRAM2_USIM_MM_DATA.bin
07-29 14:18:34.144 D/FILD    (  163): OBEX: Core: obex_CoreSendSimplePacket: 0xa0 0x3
07-29 14:18:34.144 I/ICEUTIL (  163): WakelockActuate: writing fildLock to /sys/power/wake_unlock
07-29 14:18:34.144 I/ICEUTIL (  163): WakelockActuate: writing fildLock to /sys/power/wake_lock
07-29 14:18:34.145 D/FILD    (  163): OBEX: Core: Received packet: 0x82 0x3e 0x3b 0x3b 0x1
07-29 14:18:34.145 I/FILD    (  163): OBEX: File: HandlePutRequest: removing /data/rfs/data/modem/transaction.log
07-29 14:18:34.145 D/FILD    (  163): OBEX: Core: obex_CoreSendSimplePacket: 0xa0 0x3
07-29 14:18:34.145 I/ICEUTIL (  163): WakelockActuate: writing fildLock to /sys/power/wake_unlock
07-29 14:18:34.384 I/ICEUTIL (  163): WakelockActuate: writing fildLock to /sys/power/wake_lock
07-29 14:18:34.384 D/FILD    (  163): OBEX: Core: Received packet: 0x2 0x42 0x3f 0x3f 0x1
07-29 14:18:34.384 D/FILD    (  163): OBEX: Core: obex_CoreSendSimplePacket: 0x90 0x3
07-29 14:18:34.384 I/ICEUTIL (  163): WakelockActuate: writing fildLock to /sys/power/wake_unlock
07-29 14:18:34.385 I/ICEUTIL (  163): WakelockActuate: writing fildLock to /sys/power/wake_lock
07-29 14:18:34.385 D/FILD    (  163): OBEX: Core: Received packet: 0x82 0xe 0xb 0xb 0x49
07-29 14:18:34.385 I/FILD    (  163): OBEX: File: HandleBodyEndOfBodyHeaders: write in /data/rfs/data/remotes/sim/sim0_enable
07-29 14:18:34.385 D/FILD    (  163): OBEX: Core: obex_CoreSendSimplePacket: 0xa0 0x3
07-29 14:18:34.385 I/ICEUTIL (  163): WakelockActuate: writing fildLock to /sys/power/wake_unlock
07-29 14:18:34.395 I/ICEUTIL (  163): WakelockActuate: writing fildLock to /sys/power/wake_lock
07-29 14:18:34.395 D/FILD    (  163): OBEX: Core: Received packet: 0x3 0x3e 0x3b 0x3b 0x1
07-29 14:18:34.395 I/FILD    (  163): OBEX: File: HandleFirstGetResponse: File /data/rfs/data/modem/transaction.log not found.
07-29 14:18:34.395 D/FILD    (  163): OBEX: Core: obex_CoreSendSimplePacket: 0xd0 0x3
07-29 14:18:34.395 I/ICEUTIL (  163): WakelockActuate: writing fildLock to /sys/power/wake_unlock
07-29 14:18:34.395 I/ICEUTIL (  163): WakelockActuate: writing fildLock to /sys/power/wake_lock
07-29 14:18:34.395 D/FILD    (  163): OBEX: Core: Received packet: 0x3 0x3e 0x3b 0x3b 0x1
07-29 14:18:34.395 I/FILD    (  163): OBEX: File: HandleFirstGetResponse: File /data/rfs/data/modem/transaction.log not found.
07-29 14:18:34.395 D/FILD    (  163): OBEX: Core: obex_CoreSendSimplePacket: 0xd0 0x3
07-29 14:18:34.395 I/ICEUTIL (  163): WakelockActuate: writing fildLock to /sys/power/wake_unlock
07-29 14:18:34.395 I/ICEUTIL (  163): WakelockActuate: writing fildLock to /sys/power/wake_lock
07-29 14:18:34.395 D/FILD    (  163): OBEX: Core: Received packet: 0x82 0x41 0x3e 0x3b 0x1
07-29 14:18:34.395 D/FILD    (  163): OBEX: Core: Received packet: 0x82 0x41 0x3e 0x3 0x49
07-29 14:18:34.395 D/FILD    (  163): OBEX: Core: obex_CoreSendSimplePacket: 0xa0 0x3
07-29 14:18:34.395 I/ICEUTIL (  163): WakelockActuate: writing fildLock to /sys/power/wake_unlock
07-29 14:18:34.395 I/ICEUTIL (  163): WakelockActuate: writing fildLock to /sys/power/wake_lock
07-29 14:18:34.395 D/FILD    (  163): OBEX: Core: Received packet: 0x2 0x3e 0x3b 0x3b 0x1
07-29 14:18:34.395 D/FILD    (  163): OBEX: Core: obex_CoreSendSimplePacket: 0x90 0x3
07-29 14:18:34.395 I/ICEUTIL (  163): WakelockActuate: writing fildLock to /sys/power/wake_unlock
07-29 14:18:34.395 I/ICEUTIL (  163): WakelockActuate: writing fildLock to /sys/power/wake_lock
07-29 14:18:34.395 D/FILD    (  163): OBEX: Core: Received packet: 0x82 0x8c 0x89 0x89 0x49
07-29 14:18:34.395 I/FILD    (  163): OBEX: File: HandleBodyEndOfBodyHeaders: write in /data/rfs/data/modem/transaction.log
07-29 14:18:34.395 D/FILD    (  163): OBEX: Core: obex_CoreSendSimplePacket: 0xa0 0x3
07-29 14:18:34.395 I/ICEUTIL (  163): WakelockActuate: writing fildLock to /sys/power/wake_unlock
07-29 14:18:34.397 I/ICEUTIL (  163): WakelockActuate: writing fildLock to /sys/power/wake_lock
07-29 14:18:34.397 D/FILD    (  163): OBEX: Core: Received packet: 0x2 0x52 0x4f 0x4f 0x1
07-29 14:18:34.397 D/FILD    (  163): OBEX: Core: obex_CoreSendSimplePacket: 0x90 0x3
07-29 14:18:34.397 I/ICEUTIL (  163): WakelockActuate: writing fildLock to /sys/power/wake_unlock
07-29 14:18:34.397 I/ICEUTIL (  163): WakelockActuate: writing fildLock to /sys/power/wake_lock
07-29 14:18:34.397 D/FILD    (  163): OBEX: Core: Received packet: 0x82 0xa 0x7 0x7 0x49
07-29 14:18:34.397 I/FILD    (  163): OBEX: File: HandleBodyEndOfBodyHeaders: write in /data/rfs/data/modem/NRAM2_SHELL_MISC_DATA.bin
07-29 14:18:34.397 D/FILD    (  163): OBEX: Core: obex_CoreSendSimplePacket: 0xa0 0x3
07-29 14:18:34.397 I/ICEUTIL (  163): WakelockActuate: writing fildLock to /sys/power/wake_unlock
07-29 14:18:34.397 I/ICEUTIL (  163): WakelockActuate: writing fildLock to /sys/power/wake_lock
07-29 14:18:34.397 D/FILD    (  163): OBEX: Core: Received packet: 0x82 0x3e 0x3b 0x3b 0x1
07-29 14:18:34.397 I/FILD    (  163): OBEX: File: HandlePutRequest: removing /data/rfs/data/modem/transaction.log
07-29 14:18:34.397 D/FILD    (  163): OBEX: Core: obex_CoreSendSimplePacket: 0xa0 0x3
07-29 14:18:34.397 I/ICEUTIL (  163): WakelockActuate: writing fildLock to /sys/power/wake_unlock
07-29 14:18:34.400 I/PowerManagerService( 1921): setBrightness mButtonLight, screenBrightness=102
07-29 14:18:34.404 I/PowerManagerService( 1921): setBrightness mButtonLight, screenBrightness=102
07-29 14:18:34.417 I/PowerManagerService( 1921): setBrightness mButtonLight, screenBrightness=102
07-29 14:18:34.433 D/MobileDataStateTracker( 1921): default: Broadcast received: android.intent.action.ANY_DATA_STATE apnType=default
07-29 14:18:34.435 D/MobileDataStateTracker( 1921): default: Received state=DISCONNECTED, old=DISCONNECTED, reason=(unspecified)
07-29 14:18:34.440 D/MobileDataStateTracker( 1921): dun: Broadcast received: android.intent.action.ANY_DATA_STATE apnType=dun
07-29 14:18:34.442 D/MobileDataStateTracker( 1921): dun: Received state=DISCONNECTED, old=DISCONNECTED, reason=radioTurnedOff
07-29 14:18:34.444 D/MobileDataStateTracker( 1921): supl: Broadcast received: android.intent.action.ANY_DATA_STATE apnType=supl
07-29 14:18:34.445 D/MobileDataStateTracker( 1921): supl: Received state=DISCONNECTED, old=DISCONNECTED, reason=radioTurnedOff
07-29 14:18:34.448 D/MobileDataStateTracker( 1921): hipri: Broadcast received: android.intent.action.ANY_DATA_STATE apnType=hipri
07-29 14:18:34.449 D/MobileDataStateTracker( 1921): hipri: Received state=DISCONNECTED, old=DISCONNECTED, reason=radioTurnedOff
07-29 14:18:34.455 D/MobileDataStateTracker( 1921): default: Broadcast received: android.intent.action.ANY_DATA_STATE apnType=default
07-29 14:18:34.457 D/MobileDataStateTracker( 1921): default: Received state=DISCONNECTED, old=DISCONNECTED, reason=radioTurnedOff
07-29 14:18:34.460 D/MobileDataStateTracker( 1921): mms: Broadcast received: android.intent.action.ANY_DATA_STATE apnType=mms
07-29 14:18:34.461 D/MobileDataStateTracker( 1921): mms: Received state=DISCONNECTED, old=DISCONNECTED, reason=radioTurnedOff
07-29 14:18:34.466 D/MobileDataStateTracker( 1921): dun: Broadcast received: android.intent.action.ANY_DATA_STATE apnType=dun
07-29 14:18:34.467 D/MobileDataStateTracker( 1921): dun: Received state=DISCONNECTED, old=DISCONNECTED, reason=radioTurnedOff
07-29 14:18:34.467 D/MobileDataStateTracker( 1921): supl: Broadcast received: android.intent.action.ANY_DATA_STATE apnType=supl
07-29 14:18:34.469 D/MobileDataStateTracker( 1921): supl: Received state=DISCONNECTED, old=DISCONNECTED, reason=radioTurnedOff
07-29 14:18:34.469 D/MobileDataStateTracker( 1921): hipri: Broadcast received: android.intent.action.ANY_DATA_STATE apnType=hipri
07-29 14:18:34.470 D/MobileDataStateTracker( 1921): hipri: Received state=DISCONNECTED, old=DISCONNECTED, reason=radioTurnedOff
07-29 14:18:34.470 D/MobileDataStateTracker( 1921): mms: Broadcast received: android.intent.action.ANY_DATA_STATE apnType=mms
07-29 14:18:34.471 I/PowerManagerService( 1921): setBrightness mButtonLight, screenBrightness=102
07-29 14:18:34.472 I/PowerManagerService( 1921): setBrightness mButtonLight, screenBrightness=102
07-29 14:18:34.472 D/MobileDataStateTracker( 1921): mms: Received state=DISCONNECTED, old=DISCONNECTED, reason=radioTurnedOff
07-29 14:18:34.472 I/PowerManagerService( 1921): setBrightness mButtonLight, screenBrightness=102
07-29 14:18:34.474 I/PowerManagerService( 1921): setBrightness mButtonLight, screenBrightness=102
07-29 14:18:34.478 D/MobileDataStateTracker( 1921): default: Broadcast received: android.intent.action.ANY_DATA_STATE apnType=default
07-29 14:18:34.480 D/MobileDataStateTracker( 1921): default: Received state=DISCONNECTED, old=DISCONNECTED, reason=dataDetached
07-29 14:18:34.480 D/MobileDataStateTracker( 1921): dun: Broadcast received: android.intent.action.ANY_DATA_STATE apnType=dun
07-29 14:18:34.482 D/MobileDataStateTracker( 1921): dun: Received state=DISCONNECTED, old=DISCONNECTED, reason=dataDetached
07-29 14:18:34.482 D/MobileDataStateTracker( 1921): supl: Broadcast received: android.intent.action.ANY_DATA_STATE apnType=supl
07-29 14:18:34.483 D/MobileDataStateTracker( 1921): supl: Received state=DISCONNECTED, old=DISCONNECTED, reason=dataDetached
07-29 14:18:34.484 D/MobileDataStateTracker( 1921): hipri: Broadcast received: android.intent.action.ANY_DATA_STATE apnType=hipri
07-29 14:18:34.487 D/MobileDataStateTracker( 1921): hipri: Received state=DISCONNECTED, old=DISCONNECTED, reason=dataDetached
07-29 14:18:34.487 D/MobileDataStateTracker( 1921): mms: Broadcast received: android.intent.action.ANY_DATA_STATE apnType=mms
07-29 14:18:34.488 D/MobileDataStateTracker( 1921): mms: Received state=DISCONNECTED, old=DISCONNECTED, reason=dataDetached
07-29 14:18:34.493 I/PowerManagerService( 1921): setBrightness mButtonLight, screenBrightness=102
07-29 14:18:34.500 W/BroadcastQueue( 1921): Permission Denial: broadcasting Intent { act=android.intent.action.SIM_STATE_CHANGED flg=0x20000010 (has extras) } from null (pid=3704, uid=1001) is not exported from uid 10061 due to receiver com.kingroot.kinguser/.receiver.BootReceiver
07-29 14:18:36.634 V/nvaudio_hw(  148): nvaudio_out_standby: hw_dev->mode: 0
07-29 14:18:36.634 V/nvaudio_hw(  148): close_alsa_dev : active stream count 1
07-29 14:18:36.669 V/nvaudio_hw(  148): trigger_dma_callback dma address 0x00000000 on 0
07-29 14:18:36.673 I/PowerManagerService( 1921): setBrightness mButtonLight, screenBrightness=102
07-29 14:18:36.940 D/PowerManagerService( 1921): userActivityNoUpdateLocked: system_ready = false
07-29 14:18:36.940 I/PowerManagerService( 1921): setBrightness mButtonLight, screenBrightness=102
07-29 14:18:36.950 E/        ( 1921): Vibrator sendit ms = 0
07-29 14:18:36.955 I/PowerManagerService( 1921): setBrightness mButtonLight, screenBrightness=102
07-29 14:18:36.957 E/        ( 1921): Vibrator sendit ms = 1
07-29 14:18:36.984 E/        ( 1921): Vibrator sendit ms = 21
07-29 14:18:37.027 I/PowerManagerService( 1921): setBrightness mButtonLight, screenBrightness=102
07-29 14:18:37.059 W/ViewRootImpl( 1921): Dropping event due to no window focus: KeyEvent { action=ACTION_DOWN, keyCode=KEYCODE_POWER, scanCode=116, metaState=0, flags=0x8, repeatCount=3, eventTime=13848890, downTime=13848288, deviceId=6, source=0x101 }
07-29 14:18:37.090 D/PhoneStatusBar( 3515): disable: < EXPAND* icons alerts ticker system_info back home recent clock search >
07-29 14:18:38.160 D/PowerManagerService( 1921): userActivityNoUpdateLocked: system_ready = false
07-29 14:18:38.160 I/PowerManagerService( 1921): setBrightness mButtonLight, screenBrightness=102
07-29 14:18:38.311 V/legacy_audio_policy_hal(  148): audio_io_handle_t android_audio_legacy::ap_get_output(audio_policy*, audio_stream_type_t, uint32_t, audio_format_t, audio_channel_mask_t, audio_output_flags_t, const audio_offload_info_t*): tid 3296
07-29 14:18:38.311 V/NvAudioPolicyManager(  148): getDeviceForStrategy() strategy 0, device 2
07-29 14:18:38.311 V/NvAudioPolicyManager(  148): getOutput() stream 1, samplingRate 0, format 0, channelMask 3, flags 0
07-29 14:18:38.311 V/NvAudioPolicyManager(  148): getOutput() returns output 2
07-29 14:18:38.311 V/legacy_audio_policy_hal(  148): audio_io_handle_t android_audio_legacy::ap_get_output(audio_policy*, audio_stream_type_t, uint32_t, audio_format_t, audio_channel_mask_t, audio_output_flags_t, const audio_offload_info_t*): tid 11907
07-29 14:18:38.311 V/NvAudioPolicyManager(  148): getDeviceForStrategy() strategy 0, device 2
07-29 14:18:38.311 V/NvAudioPolicyManager(  148): getOutput() stream 1, samplingRate 0, format 0, channelMask 3, flags 0
07-29 14:18:38.311 V/NvAudioPolicyManager(  148): getOutput() returns output 2
07-29 14:18:38.311 V/legacy_audio_policy_hal(  148): audio_io_handle_t android_audio_legacy::ap_get_output(audio_policy*, audio_stream_type_t, uint32_t, audio_format_t, audio_channel_mask_t, audio_output_flags_t, const audio_offload_info_t*): tid 3297
07-29 14:18:38.311 V/NvAudioPolicyManager(  148): getDeviceForStrategy() strategy 0, device 2
07-29 14:18:38.311 V/NvAudioPolicyManager(  148): getOutput() stream 1, samplingRate 44100, format 1, channelMask 3, flags 4
07-29 14:18:38.311 V/NvAudioPolicyManager(  148): getOutput() returns output 2
07-29 14:18:38.312 V/nvaudio_hw(  148): nvaudio_out_get_latency: latency 85
07-29 14:18:38.313 V/NvAudioPolicyManager(  148): startOutput() output 2, stream 1, session 294
07-29 14:18:38.313 V/NvAudioPolicyManager(  148): getDeviceForStrategy() from cache strategy 0, device 2
07-29 14:18:38.313 V/AudioPolicyManagerBase(  148): changeRefCount() stream 1, count 1
07-29 14:18:38.313 V/NvAudioPolicyManager(  148): getDeviceForStrategy() strategy 0, device 2
07-29 14:18:38.313 V/AudioPolicyManagerBase(  148): getNewDevice() selected device 2
07-29 14:18:38.313 V/AudioPolicyManagerBase(  148): setOutputDevice() output 2 device 0002 delayMs 0
07-29 14:18:38.313 V/AudioPolicyManagerBase(  148): setOutputDevice() prevDevice 0002
07-29 14:18:38.313 V/NvAudioPolicyManager(  148): getDeviceForStrategy() strategy 0, device 2
07-29 14:18:38.313 V/NvAudioPolicyManager(  148): getDeviceForStrategy() strategy 1, device 1
07-29 14:18:38.313 V/NvAudioPolicyManager(  148): getDeviceForStrategy() strategy 2, device 2
07-29 14:18:38.313 V/NvAudioPolicyManager(  148): getDeviceForStrategy() strategy 2, device 2
07-29 14:18:38.313 V/NvAudioPolicyManager(  148): getDeviceForStrategy() strategy 3, device 2
07-29 14:18:38.313 V/NvAudioPolicyManager(  148): getDeviceForStrategy() strategy 0, device 2
07-29 14:18:38.313 V/NvAudioPolicyManager(  148): getDeviceForStrategy() strategy 4, device 2
07-29 14:18:38.313 V/NvAudioPolicyManager(  148): getDeviceForStrategy() strategy 5, device 2
07-29 14:18:38.313 V/NvAudioPolicyManager(  148): getDeviceForStrategy() strategy 6, device 1
07-29 14:18:38.313 V/AudioPolicyManagerBase(  148): setOutputDevice() setting same device 0002 or null device for output 2
07-29 14:18:38.313 V/NvAudioPolicyManager(  148): getDeviceForStrategy() from cache strategy 0, device 2
07-29 14:18:38.313 V/NvAudioPolicyManager(  148): getDeviceForStrategy() from cache strategy 0, device 2
07-29 14:18:38.313 V/nvaudio_hw(  148): nvaudio_dev_set_parameters : nv_param_media_routing=2
07-29 14:18:38.313 V/nvaudio_hw(  148): Media is routed to :2
07-29 14:18:38.313 V/nvaudio_hw(  148): ULP supported: dev 2
07-29 14:18:38.313 I/PowerManagerService( 1921): setBrightness mButtonLight, screenBrightness=102
07-29 14:18:38.314 V/nvaudio_hw(  148): open_out_alsa_dev
07-29 14:18:38.314 V/nvaudio_hw(  148): get_active_dev_rate : card 1 device 0
07-29 14:18:38.314 V/nvaudio_hw(  148): set_route : dev id 0 ref 1 devices 0x2 -> 0x2
07-29 14:18:38.314 V/nvaudio_hw(  148): Opened Alsa OUT device music with pcm_config
07-29 14:18:38.314 V/nvaudio_hw(  148):  channels 2
07-29 14:18:38.314 V/nvaudio_hw(  148):  rate 48000
07-29 14:18:38.314 V/nvaudio_hw(  148):  format 0
07-29 14:18:38.314 V/nvaudio_hw(  148):  period_size 1024
07-29 14:18:38.314 V/nvaudio_hw(  148):  period_count 1
07-29 14:18:38.314 V/nvaudio_hw(  148):  start_threshold 1
07-29 14:18:38.314 V/nvaudio_hw(  148):  stop_threshold 2049 
07-29 14:18:38.314 V/nvaudio_hw(  148): silence_threshold 0
07-29 14:18:38.314 V/nvaudio_hw(  148):  avail_min 1
07-29 14:18:38.314 V/nvaudio_hw(  148): set_avp_render_path
07-29 14:18:38.314 V/nvaudio_hw(  148): set_out_resampler : quality 4
07-29 14:18:38.314 V/nvaudio_hw(  148): No resampler required
07-29 14:18:38.314 V/nvaudio_hw(  148): set_current_route : dev id 0
07-29 14:18:38.314 V/nvaudio_hw(  148): set_route_by_array
07-29 14:18:38.314 V/nvaudio_hw(  148): set_route_by_array
07-29 14:18:38.314 V/nvaudio_hw(  148): Set 'Right Speaker Mixer Left DAC Switch' to '1' mode = 0 r->mode = -2 srate = 48000 r->srate = 0 
07-29 14:18:38.314 V/nvaudio_hw(  148): Set 'Right Speaker Mixer Right DAC Switch' to '1' mode = 0 r->mode = -2 srate = 48000 r->srate = 0 
07-29 14:18:38.314 V/nvaudio_hw(  148): Set 'Speaker Left Switch' to '1' mode = 0 r->mode = -2 srate = 48000 r->srate = 0 
07-29 14:18:38.314 V/nvaudio_hw(  148): Set 'Speaker Right Switch' to '1' mode = 0 r->mode = -2 srate = 48000 r->srate = 0 
07-29 14:18:38.314 V/nvaudio_hw(  148): Set 'Speaker Left Volume' to '58' mode = 0 r->mode = -2 srate = 48000 r->srate = 0 
07-29 14:18:38.314 V/nvaudio_hw(  148): Set 'Speaker Right Volume' to '58' mode = 0 r->mode = -2 srate = 48000 r->srate = 0 
07-29 14:18:38.314 V/nvaudio_hw(  148): Set 'Digital Gain Volume' to '0' mode = 0 r->mode = -2 srate = 48000 r->srate = 0 
07-29 14:18:38.314 V/nvaudio_hw(  148): Set 'Digital Level Volume' to '10' mode = 0 r->mode = -2 srate = 48000 r->srate = 0 
07-29 14:18:38.315 V/AudioPolicyManagerBase(  148): releaseOutput() 2
07-29 14:18:38.315 V/nvaudio_hw(  148): Set 'Int Spk Switch' to '1' mode = 0 r->mode = -2 srate = 48000 r->srate = 0 
07-29 14:18:38.315 V/nvaudio_hw(  148): Set 'ALC Make Up Gain Volume' to '8' mode = 0 r->mode = -2 srate = 48000 r->srate = 0 
07-29 14:18:38.315 V/nvaudio_hw(  148): Set 'ALC Compression Ratio' to '3' mode = 0 r->mode = -2 srate = 48000 r->srate = 0 
07-29 14:18:38.315 V/nvaudio_hw(  148): Set 'ALC Compression Threshold Volume' to '14' mode = 0 r->mode = -2 srate = 48000 r->srate = 0 
07-29 14:18:38.315 V/nvaudio_hw(  148): Set 'ALC Expansion Ratio' to '2' mode = 0 r->mode = -2 srate = 48000 r->srate = 0 
07-29 14:18:38.315 V/nvaudio_hw(  148): Set 'ALC Expansion Threshold Volume' to '26' mode = 0 r->mode = -2 srate = 48000 r->srate = 0 
07-29 14:18:38.315 V/nvaudio_hw(  148): Set 'ALC Enable' to '1' mode = 0 r->mode = -2 srate = 48000 r->srate = 0 
07-29 14:18:38.315 V/nvaudio_hw(  148): Set 'Speaker Left Mixer Gain Volume' to '2' mode = 0 r->mode = -2 srate = 48000 r->srate = 0 
07-29 14:18:38.315 V/nvaudio_hw(  148): Set 'Speaker Right Mixer Gain Volume' to '2' mode = 0 r->mode = -2 srate = 48000 r->srate = 0 
07-29 14:18:38.319 W/InputMethodManagerService( 1921): Window already focused, ignoring focus gain of: com.android.internal.view.IInputMethodClient$Stub$Proxy@41e7b3c0 attribute=null, token = android.os.BinderProxy@41deb578
07-29 14:18:38.331 V/nvaudio_hw(  148): Set 'EQ Mode' to '3' mode = 0 r->mode = -2 srate = 48000 r->srate = 0 
07-29 14:18:38.331 V/nvaudio_hw(  148): Set 'Digital EQ 7 Band Enable' to '1' mode = 0 r->mode = -2 srate = 48000 r->srate = 0 
07-29 14:18:38.331 V/nvaudio_hw(  148): send_at_cmd_by_list: type 0
07-29 14:18:38.332 V/nvaudio_hw(  148): trigger_dma_callback dma address 0x4002C000 on 1
07-29 14:18:38.333 W/Settings( 3704): Setting airplane_mode_on has moved from android.provider.Settings.System to android.provider.Settings.Global, returning read-only value.
07-29 14:18:38.334 I/PowerManagerService( 1921): setBrightness mButtonLight, screenBrightness=102
07-29 14:18:38.338 D/CellBroadcastReceiver( 8419): onReceive Intent { act=android.intent.action.AIRPLANE_MODE flg=0x20000010 cmp=com.android.cellbroadcastreceiver/.CellBroadcastReceiver (has extras) }
07-29 14:18:38.338 D/CellBroadcastReceiver( 8419): airplaneModeOn: false
07-29 14:18:38.344 D/CellBroadcastConfigService( 8419): enabling emergency cell broadcast channels
07-29 14:18:38.344 D/IccSmsInterfaceManager( 3704): [IccSmsInterfaceManager] enableGsmBroadcastRange
07-29 14:18:38.345 D/IccSmsInterfaceManager( 3704): [IccSmsInterfaceManager] Calling setGsmBroadcastConfig with 2 configurations
07-29 14:18:38.345 I/PowerManagerService( 1921): setBrightness mButtonLight, screenBrightness=102
07-29 14:18:38.347 I/ICEUTIL (  163): WakelockActuate: writing fildLock to /sys/power/wake_lock
07-29 14:18:38.347 D/FILD    (  163): OBEX: Core: Received packet: 0x2 0x44 0x41 0x41 0x1
07-29 14:18:38.347 D/FILD    (  163): OBEX: Core: obex_CoreSendSimplePacket: 0x90 0x3
07-29 14:18:38.348 I/ICEUTIL (  163): WakelockActuate: writing fildLock to /sys/power/wake_unlock
07-29 14:18:38.348 I/ICEUTIL (  163): WakelockActuate: writing fildLock to /sys/power/wake_lock
07-29 14:18:38.348 D/FILD    (  163): OBEX: Core: Received packet: 0x82 0xd 0xa 0xa 0x49
07-29 14:18:38.348 I/FILD    (  163): OBEX: File: HandleBodyEndOfBodyHeaders: write in /data/rfs/data/remotes/sim/sim0_voltage
07-29 14:18:38.348 D/FILD    (  163): OBEX: Core: obex_CoreSendSimplePacket: 0xa0 0x3
07-29 14:18:38.348 I/ICEUTIL (  163): WakelockActuate: writing fildLock to /sys/power/wake_unlock
07-29 14:18:38.348 I/ICEUTIL (  163): WakelockActuate: writing fildLock to /sys/power/wake_lock
07-29 14:18:38.348 D/FILD    (  163): OBEX: Core: Received packet: 0x2 0x42 0x3f 0x3f 0x1
07-29 14:18:38.348 D/FILD    (  163): OBEX: Core: obex_CoreSendSimplePacket: 0x90 0x3
07-29 14:18:38.348 I/ICEUTIL (  163): WakelockActuate: writing fildLock to /sys/power/wake_unlock
07-29 14:18:38.348 I/ICEUTIL (  163): WakelockActuate: writing fildLock to /sys/power/wake_lock
07-29 14:18:38.348 D/FILD    (  163): OBEX: Core: Received packet: 0x82 0xd 0xa 0xa 0x49
