07-29 15:00:29.495 D/MobileDataStateTracker( 1921): dun: Broadcast received: android.intent.action.ANY_DATA_STATE apnType=dun
07-29 15:00:29.496 D/MobileDataStateTracker( 1921): dun: Received state=DISCONNECTED, old=DISCONNECTED, reason=simLoaded
07-29 15:00:29.499 D/MobileDataStateTracker( 1921): supl: Broadcast received: android.intent.action.ANY_DATA_STATE apnType=supl
07-29 15:00:29.506 D/MobileDataStateTracker( 1921): supl: Received state=DISCONNECTED, old=DISCONNECTED, reason=simLoaded
07-29 15:00:29.507 D/MobileDataStateTracker( 1921): hipri: Broadcast received: android.intent.action.ANY_DATA_STATE apnType=hipri
07-29 15:00:29.507 D/MobileDataStateTracker( 1921): hipri: Received state=DISCONNECTED, old=DISCONNECTED, reason=simLoaded
07-29 15:00:29.507 D/MobileDataStateTracker( 1921): default: Broadcast received: android.intent.action.ANY_DATA_STATE apnType=default
07-29 15:00:29.510 D/MobileDataStateTracker( 1921): default: Received state=DISCONNECTED, old=DISCONNECTED, reason=simLoaded
07-29 15:00:29.510 D/MobileDataStateTracker( 1921): mms: Broadcast received: android.intent.action.ANY_DATA_STATE apnType=mms
07-29 15:00:29.511 D/MobileDataStateTracker( 1921): mms: Received state=DISCONNECTED, old=DISCONNECTED, reason=simLoaded
07-29 15:00:29.520 W/BroadcastQueue( 1921): Permission Denial: broadcasting Intent { act=android.intent.action.SIM_STATE_CHANGED flg=0x20000010 (has extras) } from null (pid=3704, uid=1001) is not exported from uid 10061 due to receiver com.kingroot.kinguser/.receiver.BootReceiver
07-29 15:00:30.748 D/WifiController( 1921): battery changed pluggedType: 2
07-29 15:00:30.783 V/nvaudio_hw(  148): nvaudio_out_standby: hw_dev->mode: 0
07-29 15:00:30.783 V/nvaudio_hw(  148): close_alsa_dev : active stream count 1
07-29 15:00:30.828 V/nvaudio_hw(  148): trigger_dma_callback dma address 0x00000000 on 0
07-29 15:00:30.832 I/PowerManagerService( 1921): setBrightness mButtonLight, screenBrightness=102
07-29 15:00:31.567 I/PowerManagerService( 1921): setBrightness mButtonLight, screenBrightness=102
07-29 15:00:31.570 D/        ( 3704): Setting time of day to sec=1438174832
07-29 15:00:32.022 I/PowerManagerService( 1921): setBrightness mButtonLight, screenBrightness=102
07-29 15:00:32.052 V/AlarmClock( 4644): AlarmInitReceiver android.intent.action.TIME_SET
07-29 15:00:32.054 I/PowerManagerService( 1921): setBrightness mButtonLight, screenBrightness=102
07-29 15:00:32.070 I/AlarmClock( 4644): Displaying next alarm time: ''
07-29 15:00:32.084 V/AlarmClock( 4644): AlarmInitReceiver finished
07-29 15:00:32.085 I/PowerManagerService( 1921): setBrightness mButtonLight, screenBrightness=102
07-29 15:00:32.235 I/ICEUTIL (  163): WakelockActuate: writing fildLock to /sys/power/wake_lock
07-29 15:00:32.235 D/FILD    (  163): OBEX: Core: Received packet: 0x3 0x3e 0x3b 0x3b 0x1
07-29 15:00:32.235 I/FILD    (  163): OBEX: File: HandleFirstGetResponse: File /data/rfs/data/modem/transaction.log not found.
07-29 15:00:32.235 D/FILD    (  163): OBEX: Core: obex_CoreSendSimplePacket: 0xd0 0x3
07-29 15:00:32.235 I/ICEUTIL (  163): WakelockActuate: writing fildLock to /sys/power/wake_unlock
07-29 15:00:32.235 I/ICEUTIL (  163): WakelockActuate: writing fildLock to /sys/power/wake_lock
07-29 15:00:32.235 D/FILD    (  163): OBEX: Core: Received packet: 0x3 0x3e 0x3b 0x3b 0x1
07-29 15:00:32.235 I/FILD    (  163): OBEX: File: HandleFirstGetResponse: File /data/rfs/data/modem/transaction.log not found.
07-29 15:00:32.235 D/FILD    (  163): OBEX: Core: obex_CoreSendSimplePacket: 0xd0 0x3
07-29 15:00:32.235 I/ICEUTIL (  163): WakelockActuate: writing fildLock to /sys/power/wake_unlock
07-29 15:00:32.235 I/ICEUTIL (  163): WakelockActuate: writing fildLock to /sys/power/wake_lock
07-29 15:00:32.235 D/FILD    (  163): OBEX: Core: Received packet: 0x82 0x41 0x3e 0x3b 0x1
07-29 15:00:32.235 D/FILD    (  163): OBEX: Core: Received packet: 0x82 0x41 0x3e 0x3 0x49
07-29 15:00:32.236 D/FILD    (  163): OBEX: Core: obex_CoreSendSimplePacket: 0xa0 0x3
07-29 15:00:32.236 I/ICEUTIL (  163): WakelockActuate: writing fildLock to /sys/power/wake_unlock
07-29 15:00:32.236 I/ICEUTIL (  163): WakelockActuate: writing fildLock to /sys/power/wake_lock
07-29 15:00:32.236 D/FILD    (  163): OBEX: Core: Received packet: 0x2 0x3e 0x3b 0x3b 0x1
07-29 15:00:32.236 D/FILD    (  163): OBEX: Core: obex_CoreSendSimplePacket: 0x90 0x3
07-29 15:00:32.236 I/ICEUTIL (  163): WakelockActuate: writing fildLock to /sys/power/wake_unlock
07-29 15:00:32.236 I/ICEUTIL (  163): WakelockActuate: writing fildLock to /sys/power/wake_lock
07-29 15:00:32.236 D/FILD    (  163): OBEX: Core: Received packet: 0x82 0x198 0x195 0x195 0x49
07-29 15:00:32.236 I/FILD    (  163): OBEX: File: HandleBodyEndOfBodyHeaders: write in /data/rfs/data/modem/transaction.log
07-29 15:00:32.236 D/FILD    (  163): OBEX: Core: obex_CoreSendSimplePacket: 0xa0 0x3
07-29 15:00:32.236 I/ICEUTIL (  163): WakelockActuate: writing fildLock to /sys/power/wake_unlock
07-29 15:00:32.237 I/ICEUTIL (  163): WakelockActuate: writing fildLock to /sys/power/wake_lock
07-29 15:00:32.237 D/FILD    (  163): OBEX: Core: Received packet: 0x2 0x5a 0x57 0x57 0x1
07-29 15:00:32.237 D/FILD    (  163): OBEX: Core: obex_CoreSendSimplePacket: 0x90 0x3
07-29 15:00:32.237 I/ICEUTIL (  163): WakelockActuate: writing fildLock to /sys/power/wake_unlock
07-29 15:00:32.237 I/ICEUTIL (  163): WakelockActuate: writing fildLock to /sys/power/wake_lock
07-29 15:00:32.237 D/FILD    (  163): OBEX: Core: Received packet: 0x82 0x116 0x113 0x113 0x49
07-29 15:00:32.237 I/FILD    (  163): OBEX: File: HandleBodyEndOfBodyHeaders: write in /data/rfs/data/modem/NRAM2_ABMM_WRITEABLE_DATA.bin
07-29 15:00:32.237 D/FILD    (  163): OBEX: Core: obex_CoreSendSimplePacket: 0xa0 0x3
07-29 15:00:32.237 I/ICEUTIL (  163): WakelockActuate: writing fildLock to /sys/power/wake_unlock
07-29 15:00:32.237 I/ICEUTIL (  163): WakelockActuate: writing fildLock to /sys/power/wake_lock
07-29 15:00:32.237 D/FILD    (  163): OBEX: Core: Received packet: 0x82 0x3e 0x3b 0x3b 0x1
07-29 15:00:32.237 I/FILD    (  163): OBEX: File: HandlePutRequest: removing /data/rfs/data/modem/transaction.log
07-29 15:00:32.237 D/FILD    (  163): OBEX: Core: obex_CoreSendSimplePacket: 0xa0 0x3
07-29 15:00:32.237 I/ICEUTIL (  163): WakelockActuate: writing fildLock to /sys/power/wake_unlock
07-29 15:00:32.237 I/PowerManagerService( 1921): setBrightness mButtonLight, screenBrightness=102
07-29 15:00:32.238 I/ICEUTIL (  163): WakelockActuate: writing fildLock to /sys/power/wake_lock
07-29 15:00:32.238 D/FILD    (  163): OBEX: Core: Received packet: 0x3 0x3e 0x3b 0x3b 0x1
07-29 15:00:32.238 I/FILD    (  163): OBEX: File: HandleFirstGetResponse: File /data/rfs/data/modem/transaction.log not found.
07-29 15:00:32.238 D/FILD    (  163): OBEX: Core: obex_CoreSendSimplePacket: 0xd0 0x3
07-29 15:00:32.238 I/ICEUTIL (  163): WakelockActuate: writing fildLock to /sys/power/wake_unlock
07-29 15:00:32.238 I/ICEUTIL (  163): WakelockActuate: writing fildLock to /sys/power/wake_lock
07-29 15:00:32.238 D/FILD    (  163): OBEX: Core: Received packet: 0x3 0x3e 0x3b 0x3b 0x1
07-29 15:00:32.238 I/FILD    (  163): OBEX: File: HandleFirstGetResponse: File /data/rfs/data/modem/transaction.log not found.
07-29 15:00:32.238 D/FILD    (  163): OBEX: Core: obex_CoreSendSimplePacket: 0xd0 0x3
07-29 15:00:32.238 I/ICEUTIL (  163): WakelockActuate: writing fildLock to /sys/power/wake_unlock
07-29 15:00:32.239 I/ICEUTIL (  163): WakelockActuate: writing fildLock to /sys/power/wake_lock
07-29 15:00:32.239 D/FILD    (  163): OBEX: Core: Received packet: 0x82 0x41 0x3e 0x3b 0x1
07-29 15:00:32.239 D/FILD    (  163): OBEX: Core: Received packet: 0x82 0x41 0x3e 0x3 0x49
07-29 15:00:32.239 D/FILD    (  163): OBEX: Core: obex_CoreSendSimplePacket: 0xa0 0x3
07-29 15:00:32.239 I/ICEUTIL (  163): WakelockActuate: writing fildLock to /sys/power/wake_unlock
07-29 15:00:32.239 I/PowerManagerService( 1921): setBrightness mButtonLight, screenBrightness=102
07-29 15:00:32.239 I/PowerManagerService( 1921): setBrightness mButtonLight, screenBrightness=102
07-29 15:00:32.241 I/ICEUTIL (  163): WakelockActuate: writing fildLock to /sys/power/wake_lock
07-29 15:00:32.241 D/FILD    (  163): OBEX: Core: Received packet: 0x2 0x3e 0x3b 0x3b 0x1
07-29 15:00:32.241 D/FILD    (  163): OBEX: Core: obex_CoreSendSimplePacket: 0x90 0x3
07-29 15:00:32.241 I/ICEUTIL (  163): WakelockActuate: writing fildLock to /sys/power/wake_unlock
07-29 15:00:32.241 I/ICEUTIL (  163): WakelockActuate: writing fildLock to /sys/power/wake_lock
07-29 15:00:32.241 D/FILD    (  163): OBEX: Core: Received packet: 0x82 0x198 0x195 0x195 0x49
07-29 15:00:32.241 I/FILD    (  163): OBEX: File: HandleBodyEndOfBodyHeaders: write in /data/rfs/data/modem/transaction.log
07-29 15:00:32.242 D/FILD    (  163): OBEX: Core: obex_CoreSendSimplePacket: 0xa0 0x3
07-29 15:00:32.242 I/ICEUTIL (  163): WakelockActuate: writing fildLock to /sys/power/wake_unlock
07-29 15:00:32.242 I/ICEUTIL (  163): WakelockActuate: writing fildLock to /sys/power/wake_lock
07-29 15:00:32.242 D/FILD    (  163): OBEX: Core: Received packet: 0x2 0x5a 0x57 0x57 0x1
07-29 15:00:32.242 D/FILD    (  163): OBEX: Core: obex_CoreSendSimplePacket: 0x90 0x3
07-29 15:00:32.242 I/ICEUTIL (  163): WakelockActuate: writing fildLock to /sys/power/wake_unlock
07-29 15:00:32.242 I/ICEUTIL (  163): WakelockActuate: writing fildLock to /sys/power/wake_lock
07-29 15:00:32.242 D/FILD    (  163): OBEX: Core: Received packet: 0x82 0x116 0x113 0x113 0x49
07-29 15:00:32.242 I/FILD    (  163): OBEX: File: HandleBodyEndOfBodyHeaders: write in /data/rfs/data/modem/NRAM2_ABMM_WRITEABLE_DATA.bin
07-29 15:00:32.242 D/FILD    (  163): OBEX: Core: obex_CoreSendSimplePacket: 0xa0 0x3
07-29 15:00:32.242 I/ICEUTIL (  163): WakelockActuate: writing fildLock to /sys/power/wake_unlock
07-29 15:00:32.242 I/ICEUTIL (  163): WakelockActuate: writing fildLock to /sys/power/wake_lock
07-29 15:00:32.242 D/FILD    (  163): OBEX: Core: Received packet: 0x82 0x3e 0x3b 0x3b 0x1
07-29 15:00:32.242 I/FILD    (  163): OBEX: File: HandlePutRequest: removing /data/rfs/data/modem/transaction.log
07-29 15:00:32.242 D/FILD    (  163): OBEX: Core: obex_CoreSendSimplePacket: 0xa0 0x3
07-29 15:00:32.243 I/ICEUTIL (  163): WakelockActuate: writing fildLock to /sys/power/wake_unlock
07-29 15:00:32.243 I/PowerManagerService( 1921): setBrightness mButtonLight, screenBrightness=102
07-29 15:00:32.244 I/PowerManagerService( 1921): setBrightness mButtonLight, screenBrightness=102
07-29 15:00:32.245 I/PowerManagerService( 1921): setBrightness mButtonLight, screenBrightness=102
07-29 15:00:32.246 I/PowerManagerService( 1921): setBrightness mButtonLight, screenBrightness=102
07-29 15:00:32.246 I/PowerManagerService( 1921): setBrightness mButtonLight, screenBrightness=102
07-29 15:00:32.247 I/PowerManagerService( 1921): setBrightness mButtonLight, screenBrightness=102
07-29 15:00:32.248 I/PowerManagerService( 1921): setBrightness mButtonLight, screenBrightness=102
07-29 15:00:32.250 I/PowerManagerService( 1921): setBrightness mButtonLight, screenBrightness=102
07-29 15:00:32.251 I/PowerManagerService( 1921): setBrightness mButtonLight, screenBrightness=102
07-29 15:00:32.257 I/PowerManagerService( 1921): setBrightness mButtonLight, screenBrightness=102
07-29 15:00:37.059 I/ActivityManager( 1921): Delay finish: com.android.providers.calendar/.CalendarProviderBroadcastReceiver
07-29 15:00:37.062 I/ActivityManager( 1921): Resuming delayed broadcast
07-29 15:00:37.098 D/dalvikvm( 4524): GC_CONCURRENT freed 392K, 20% free 3192K/3948K, paused 2ms+16ms, total 31ms
07-29 15:00:44.031 D/PowerManagerService( 1921): userActivityNoUpdateLocked: system_ready = false
07-29 15:00:44.072 E/        ( 1921): Vibrator sendit ms = 0
07-29 15:00:44.259 V/PanelView( 3515): animationTick called with dtms=0; nothing to do (h=496.61203 v=3669.5134)
07-29 15:00:44.788 D/PowerManagerService( 1921): userActivityNoUpdateLocked: system_ready = false
07-29 15:00:44.860 V/legacy_audio_policy_hal(  148): audio_io_handle_t android_audio_legacy::ap_get_output(audio_policy*, audio_stream_type_t, uint32_t, audio_format_t, audio_channel_mask_t, audio_output_flags_t, const audio_offload_info_t*): tid 11907
07-29 15:00:44.860 V/NvAudioPolicyManager(  148): getDeviceForStrategy() strategy 0, device 2
07-29 15:00:44.860 V/NvAudioPolicyManager(  148): getOutput() stream 1, samplingRate 0, format 0, channelMask 3, flags 0
07-29 15:00:44.860 V/NvAudioPolicyManager(  148): getOutput() returns output 2
07-29 15:00:44.861 V/legacy_audio_policy_hal(  148): audio_io_handle_t android_audio_legacy::ap_get_output(audio_policy*, audio_stream_type_t, uint32_t, audio_format_t, audio_channel_mask_t, audio_output_flags_t, const audio_offload_info_t*): tid 3296
07-29 15:00:44.861 V/NvAudioPolicyManager(  148): getDeviceForStrategy() strategy 0, device 2
07-29 15:00:44.861 V/NvAudioPolicyManager(  148): getOutput() stream 1, samplingRate 0, format 0, channelMask 3, flags 0
07-29 15:00:44.861 V/NvAudioPolicyManager(  148): getOutput() returns output 2
07-29 15:00:44.861 V/legacy_audio_policy_hal(  148): audio_io_handle_t android_audio_legacy::ap_get_output(audio_policy*, audio_stream_type_t, uint32_t, audio_format_t, audio_channel_mask_t, audio_output_flags_t, const audio_offload_info_t*): tid 148
07-29 15:00:44.861 V/NvAudioPolicyManager(  148): getDeviceForStrategy() strategy 0, device 2
07-29 15:00:44.861 V/NvAudioPolicyManager(  148): getOutput() stream 1, samplingRate 44100, format 1, channelMask 3, flags 4
07-29 15:00:44.861 V/NvAudioPolicyManager(  148): getOutput() returns output 2
07-29 15:00:44.861 V/nvaudio_hw(  148): nvaudio_out_get_latency: latency 85
07-29 15:00:44.862 V/NvAudioPolicyManager(  148): startOutput() output 2, stream 1, session 298
07-29 15:00:44.862 V/NvAudioPolicyManager(  148): getDeviceForStrategy() from cache strategy 0, device 2
07-29 15:00:44.862 V/AudioPolicyManagerBase(  148): changeRefCount() stream 1, count 1
07-29 15:00:44.862 V/NvAudioPolicyManager(  148): getDeviceForStrategy() strategy 0, device 2
07-29 15:00:44.862 V/AudioPolicyManagerBase(  148): getNewDevice() selected device 2
07-29 15:00:44.862 V/AudioPolicyManagerBase(  148): setOutputDevice() output 2 device 0002 delayMs 0
07-29 15:00:44.862 V/AudioPolicyManagerBase(  148): setOutputDevice() prevDevice 0002
07-29 15:00:44.862 V/NvAudioPolicyManager(  148): getDeviceForStrategy() strategy 0, device 2
07-29 15:00:44.862 V/NvAudioPolicyManager(  148): getDeviceForStrategy() strategy 1, device 1
07-29 15:00:44.862 V/NvAudioPolicyManager(  148): getDeviceForStrategy() strategy 2, device 2
07-29 15:00:44.862 V/NvAudioPolicyManager(  148): getDeviceForStrategy() strategy 2, device 2
07-29 15:00:44.862 V/NvAudioPolicyManager(  148): getDeviceForStrategy() strategy 3, device 2
07-29 15:00:44.862 V/NvAudioPolicyManager(  148): getDeviceForStrategy() strategy 0, device 2
07-29 15:00:44.862 V/NvAudioPolicyManager(  148): getDeviceForStrategy() strategy 4, device 2
07-29 15:00:44.862 V/NvAudioPolicyManager(  148): getDeviceForStrategy() strategy 5, device 2
07-29 15:00:44.862 V/NvAudioPolicyManager(  148): getDeviceForStrategy() strategy 6, device 1
07-29 15:00:44.862 V/AudioPolicyManagerBase(  148): setOutputDevice() setting same device 0002 or null device for output 2
07-29 15:00:44.862 V/NvAudioPolicyManager(  148): getDeviceForStrategy() from cache strategy 0, device 2
07-29 15:00:44.862 V/NvAudioPolicyManager(  148): getDeviceForStrategy() from cache strategy 0, device 2
07-29 15:00:44.862 V/nvaudio_hw(  148): nvaudio_dev_set_parameters : nv_param_media_routing=2
07-29 15:00:44.862 V/nvaudio_hw(  148): Media is routed to :2
07-29 15:00:44.862 V/nvaudio_hw(  148): ULP supported: dev 2
07-29 15:00:44.863 V/nvaudio_hw(  148): open_out_alsa_dev
07-29 15:00:44.863 V/nvaudio_hw(  148): get_active_dev_rate : card 1 device 0
07-29 15:00:44.863 V/nvaudio_hw(  148): set_route : dev id 0 ref 1 devices 0x2 -> 0x2
07-29 15:00:44.863 V/nvaudio_hw(  148): Opened Alsa OUT device music with pcm_config
07-29 15:00:44.863 V/nvaudio_hw(  148):  channels 2
07-29 15:00:44.863 V/nvaudio_hw(  148):  rate 48000
07-29 15:00:44.863 V/nvaudio_hw(  148):  format 0
07-29 15:00:44.863 V/nvaudio_hw(  148):  period_size 1024
07-29 15:00:44.863 V/nvaudio_hw(  148):  period_count 1
07-29 15:00:44.863 V/nvaudio_hw(  148):  start_threshold 1
07-29 15:00:44.863 V/nvaudio_hw(  148):  stop_threshold 2049 
07-29 15:00:44.863 V/nvaudio_hw(  148): silence_threshold 0
07-29 15:00:44.863 V/nvaudio_hw(  148):  avail_min 1
07-29 15:00:44.863 V/nvaudio_hw(  148): set_avp_render_path
07-29 15:00:44.863 V/nvaudio_hw(  148): set_out_resampler : quality 4
07-29 15:00:44.863 V/nvaudio_hw(  148): No resampler required
07-29 15:00:44.863 V/nvaudio_hw(  148): set_current_route : dev id 0
07-29 15:00:44.863 V/nvaudio_hw(  148): set_route_by_array
07-29 15:00:44.863 V/nvaudio_hw(  148): set_route_by_array
07-29 15:00:44.863 V/nvaudio_hw(  148): Set 'Right Speaker Mixer Left DAC Switch' to '1' mode = 0 r->mode = -2 srate = 48000 r->srate = 0 
07-29 15:00:44.863 V/nvaudio_hw(  148): Set 'Right Speaker Mixer Right DAC Switch' to '1' mode = 0 r->mode = -2 srate = 48000 r->srate = 0 
07-29 15:00:44.863 V/nvaudio_hw(  148): Set 'Speaker Left Switch' to '1' mode = 0 r->mode = -2 srate = 48000 r->srate = 0 
07-29 15:00:44.863 V/nvaudio_hw(  148): Set 'Speaker Right Switch' to '1' mode = 0 r->mode = -2 srate = 48000 r->srate = 0 
07-29 15:00:44.863 V/nvaudio_hw(  148): Set 'Speaker Left Volume' to '58' mode = 0 r->mode = -2 srate = 48000 r->srate = 0 
07-29 15:00:44.863 V/nvaudio_hw(  148): Set 'Speaker Right Volume' to '58' mode = 0 r->mode = -2 srate = 48000 r->srate = 0 
07-29 15:00:44.863 V/nvaudio_hw(  148): Set 'Digital Gain Volume' to '0' mode = 0 r->mode = -2 srate = 48000 r->srate = 0 
07-29 15:00:44.863 V/nvaudio_hw(  148): Set 'Digital Level Volume' to '10' mode = 0 r->mode = -2 srate = 48000 r->srate = 0 
07-29 15:00:44.864 V/AudioPolicyManagerBase(  148): releaseOutput() 2
07-29 15:00:44.864 V/nvaudio_hw(  148): Set 'Int Spk Switch' to '1' mode = 0 r->mode = -2 srate = 48000 r->srate = 0 
07-29 15:00:44.864 V/nvaudio_hw(  148): Set 'ALC Make Up Gain Volume' to '8' mode = 0 r->mode = -2 srate = 48000 r->srate = 0 
07-29 15:00:44.864 V/nvaudio_hw(  148): Set 'ALC Compression Ratio' to '3' mode = 0 r->mode = -2 srate = 48000 r->srate = 0 
07-29 15:00:44.864 V/nvaudio_hw(  148): Set 'ALC Compression Threshold Volume' to '14' mode = 0 r->mode = -2 srate = 48000 r->srate = 0 
07-29 15:00:44.864 V/nvaudio_hw(  148): Set 'ALC Expansion Ratio' to '2' mode = 0 r->mode = -2 srate = 48000 r->srate = 0 
07-29 15:00:44.864 V/nvaudio_hw(  148): Set 'ALC Expansion Threshold Volume' to '26' mode = 0 r->mode = -2 srate = 48000 r->srate = 0 
07-29 15:00:44.864 V/nvaudio_hw(  148): Set 'ALC Enable' to '1' mode = 0 r->mode = -2 srate = 48000 r->srate = 0 
07-29 15:00:44.864 V/nvaudio_hw(  148): Set 'Speaker Left Mixer Gain Volume' to '2' mode = 0 r->mode = -2 srate = 48000 r->srate = 0 
07-29 15:00:44.864 V/nvaudio_hw(  148): Set 'Speaker Right Mixer Gain Volume' to '2' mode = 0 r->mode = -2 srate = 48000 r->srate = 0 
07-29 15:00:44.878 V/nvaudio_hw(  148): Set 'EQ Mode' to '3' mode = 0 r->mode = -2 srate = 48000 r->srate = 0 
07-29 15:00:44.878 V/nvaudio_hw(  148): Set 'Digital EQ 7 Band Enable' to '1' mode = 0 r->mode = -2 srate = 48000 r->srate = 0 
07-29 15:00:44.878 V/nvaudio_hw(  148): send_at_cmd_by_list: type 0
07-29 15:00:44.878 V/nvaudio_hw(  148): trigger_dma_callback dma address 0x4002C000 on 1
07-29 15:00:45.736 D/PowerManagerService( 1921): userActivityNoUpdateLocked: system_ready = false
07-29 15:00:45.868 V/nvaudio_hw(  148): nvaudio_out_get_latency: latency 85
07-29 15:00:45.878 V/nvaudio_hw(  148): nvaudio_out_get_latency: latency 85
07-29 15:00:45.889 V/nvaudio_hw(  148): nvaudio_out_get_latency: latency 85
07-29 15:00:45.892 V/PanelView( 3515): animationTick called with dtms=0; nothing to do (h=675.4723 v=-5059.9287)
07-29 15:00:45.899 V/nvaudio_hw(  148): nvaudio_out_get_latency: latency 85
07-29 15:00:45.915 V/nvaudio_hw(  148): nvaudio_out_get_latency: latency 85
07-29 15:00:45.926 V/nvaudio_hw(  148): nvaudio_out_get_latency: latency 85
07-29 15:00:45.931 V/nvaudio_hw(  148): nvaudio_out_get_latency: latency 85
07-29 15:00:45.942 V/nvaudio_hw(  148): nvaudio_out_get_latency: latency 85
07-29 15:00:45.957 V/nvaudio_hw(  148): nvaudio_out_get_latency: latency 85
07-29 15:00:45.968 V/NvAudioPolicyManager(  148): stopOutput() output 2, stream 1, session 298
07-29 15:00:45.968 V/NvAudioPolicyManager(  148): getDeviceForStrategy() from cache strategy 0, device 2
07-29 15:00:45.968 V/AudioPolicyManagerBase(  148): changeRefCount() stream 1, count 0
07-29 15:00:45.968 V/AudioPolicyManagerBase(  148): getNewDevice() selected device 0
07-29 15:00:45.968 V/AudioPolicyManagerBase(  148): setOutputDevice() output 2 device 0000 delayMs 170
07-29 15:00:45.968 V/AudioPolicyManagerBase(  148): setOutputDevice() prevDevice 0002
07-29 15:00:45.968 V/NvAudioPolicyManager(  148): getDeviceForStrategy() strategy 0, device 2
07-29 15:00:45.968 V/NvAudioPolicyManager(  148): getDeviceForStrategy() strategy 1, device 1
07-29 15:00:45.968 V/NvAudioPolicyManager(  148): getDeviceForStrategy() strategy 2, device 2
07-29 15:00:45.968 V/NvAudioPolicyManager(  148): getDeviceForStrategy() strategy 2, device 2
07-29 15:00:45.968 V/NvAudioPolicyManager(  148): getDeviceForStrategy() strategy 3, device 2
07-29 15:00:45.968 V/NvAudioPolicyManager(  148): getDeviceForStrategy() strategy 0, device 2
07-29 15:00:45.968 V/NvAudioPolicyManager(  148): getDeviceForStrategy() strategy 4, device 2
07-29 15:00:45.968 V/NvAudioPolicyManager(  148): getDeviceForStrategy() strategy 5, device 2
07-29 15:00:45.968 V/NvAudioPolicyManager(  148): getDeviceForStrategy() strategy 6, device 1
07-29 15:00:45.968 V/AudioPolicyManagerBase(  148): setOutputDevice() setting same device 0000 or null device for output 2
07-29 15:00:45.968 V/NvAudioPolicyManager(  148): getDeviceForStrategy() from cache strategy 0, device 2
07-29 15:00:45.968 V/NvAudioPolicyManager(  148): getDeviceForStrategy() from cache strategy 0, device 2
07-29 15:00:45.968 V/nvaudio_hw(  148): nvaudio_dev_set_parameters : nv_param_media_routing=2
07-29 15:00:45.968 V/nvaudio_hw(  148): Media is routed to :2
07-29 15:00:45.968 V/nvaudio_hw(  148): ULP supported: dev 2
07-29 15:00:46.084 E/        ( 1921): Vibrator sendit ms = 0
07-29 15:00:46.102 W/InputMethodManagerService( 1921): Window already focused, ignoring focus gain of: com.android.internal.view.IInputMethodClient$Stub$Proxy@41d85660 attribute=null, token = android.os.BinderProxy@41deb578
07-29 15:00:48.860 V/nvaudio_hw(  148): nvaudio_out_standby: hw_dev->mode: 0
07-29 15:00:48.860 V/nvaudio_hw(  148): close_alsa_dev : active stream count 1
07-29 15:00:48.902 V/nvaudio_hw(  148): trigger_dma_callback dma address 0x00000000 on 0
07-29 15:00:51.317 D/WifiController( 1921): battery changed pluggedType: 2
