07-29 13:17:43.537 V/NvAudioPolicyManager(  148): getDeviceForStrategy() strategy 1, device 1
07-29 13:17:43.537 V/NvAudioPolicyManager(  148): getDeviceForStrategy() strategy 2, device 2
07-29 13:17:43.537 V/NvAudioPolicyManager(  148): getDeviceForStrategy() strategy 2, device 2
07-29 13:17:43.537 V/NvAudioPolicyManager(  148): getDeviceForStrategy() strategy 3, device 2
07-29 13:17:43.537 V/NvAudioPolicyManager(  148): getDeviceForStrategy() strategy 0, device 2
07-29 13:17:43.537 V/NvAudioPolicyManager(  148): getDeviceForStrategy() strategy 4, device 2
07-29 13:17:43.537 V/NvAudioPolicyManager(  148): getDeviceForStrategy() strategy 5, device 2
07-29 13:17:43.537 V/NvAudioPolicyManager(  148): getDeviceForStrategy() strategy 6, device 1
07-29 13:17:43.537 V/AudioPolicyManagerBase(  148): setOutputDevice() setting same device 0000 or null device for output 2
07-29 13:17:43.537 V/NvAudioPolicyManager(  148): getDeviceForStrategy() from cache strategy 0, device 2
07-29 13:17:43.537 V/NvAudioPolicyManager(  148): getDeviceForStrategy() from cache strategy 0, device 2
07-29 13:17:43.537 V/nvaudio_hw(  148): nvaudio_dev_set_parameters : nv_param_media_routing=2
07-29 13:17:43.537 V/nvaudio_hw(  148): Media is routed to :2
07-29 13:17:43.537 V/nvaudio_hw(  148): ULP supported: dev 2
07-29 13:17:43.565 E/        ( 1921): Vibrator sendit ms = 0
07-29 13:17:43.566 D/PowerManagerService( 1921): userActivityNoUpdateLocked: system_ready = false
07-29 13:17:43.567 E/        ( 1921): Vibrator sendit ms = 10
07-29 13:17:43.567 I/PowerManagerService( 1921): setBrightness mButtonLight, screenBrightness=102
07-29 13:17:43.608 E/        ( 1921): Vibrator sendit ms = 30
07-29 13:17:43.669 I/PowerManagerService( 1921): setBrightness mButtonLight, screenBrightness=102
07-29 13:17:43.682 I/PowerManagerService( 1921): setBrightness mButtonLight, screenBrightness=102
07-29 13:17:43.692 D/BluetoothAdapter( 9251): 1102539408: getState() :  mService = null. Returning STATE_OFF
07-29 13:17:43.726 E/HDMI3DPlaySettings( 9251): Couldn't read HDMI state
07-29 13:17:43.787 I/PowerManagerService( 1921): setBrightness mButtonLight, screenBrightness=102
07-29 13:17:44.217 D/PowerManagerService( 1921): userActivityNoUpdateLocked: system_ready = false
07-29 13:17:44.217 I/PowerManagerService( 1921): setBrightness mButtonLight, screenBrightness=102
07-29 13:17:45.341 D/PowerManagerService( 1921): userActivityNoUpdateLocked: system_ready = false
07-29 13:17:45.341 I/PowerManagerService( 1921): setBrightness mButtonLight, screenBrightness=102
07-29 13:17:45.505 V/legacy_audio_policy_hal(  148): audio_io_handle_t android_audio_legacy::ap_get_output(audio_policy*, audio_stream_type_t, uint32_t, audio_format_t, audio_channel_mask_t, audio_output_flags_t, const audio_offload_info_t*): tid 11907
07-29 13:17:45.505 V/NvAudioPolicyManager(  148): getDeviceForStrategy() strategy 0, device 2
07-29 13:17:45.505 V/NvAudioPolicyManager(  148): getOutput() stream 1, samplingRate 0, format 0, channelMask 3, flags 0
07-29 13:17:45.505 V/NvAudioPolicyManager(  148): getOutput() returns output 2
07-29 13:17:45.505 V/legacy_audio_policy_hal(  148): audio_io_handle_t android_audio_legacy::ap_get_output(audio_policy*, audio_stream_type_t, uint32_t, audio_format_t, audio_channel_mask_t, audio_output_flags_t, const audio_offload_info_t*): tid 3297
07-29 13:17:45.505 V/NvAudioPolicyManager(  148): getDeviceForStrategy() strategy 0, device 2
07-29 13:17:45.505 V/NvAudioPolicyManager(  148): getOutput() stream 1, samplingRate 0, format 0, channelMask 3, flags 0
07-29 13:17:45.505 V/NvAudioPolicyManager(  148): getOutput() returns output 2
07-29 13:17:45.505 V/legacy_audio_policy_hal(  148): audio_io_handle_t android_audio_legacy::ap_get_output(audio_policy*, audio_stream_type_t, uint32_t, audio_format_t, audio_channel_mask_t, audio_output_flags_t, const audio_offload_info_t*): tid 3296
07-29 13:17:45.505 V/NvAudioPolicyManager(  148): getDeviceForStrategy() strategy 0, device 2
07-29 13:17:45.505 V/NvAudioPolicyManager(  148): getOutput() stream 1, samplingRate 44100, format 1, channelMask 3, flags 4
07-29 13:17:45.505 V/NvAudioPolicyManager(  148): getOutput() returns output 2
07-29 13:17:45.506 V/nvaudio_hw(  148): nvaudio_out_get_latency: latency 85
07-29 13:17:45.506 V/NvAudioPolicyManager(  148): startOutput() output 2, stream 1, session 275
07-29 13:17:45.506 V/NvAudioPolicyManager(  148): getDeviceForStrategy() from cache strategy 0, device 2
07-29 13:17:45.506 V/AudioPolicyManagerBase(  148): changeRefCount() stream 1, count 1
07-29 13:17:45.506 V/NvAudioPolicyManager(  148): getDeviceForStrategy() strategy 0, device 2
07-29 13:17:45.506 V/AudioPolicyManagerBase(  148): getNewDevice() selected device 2
07-29 13:17:45.506 V/AudioPolicyManagerBase(  148): setOutputDevice() output 2 device 0002 delayMs 0
07-29 13:17:45.506 V/AudioPolicyManagerBase(  148): setOutputDevice() prevDevice 0002
07-29 13:17:45.506 V/NvAudioPolicyManager(  148): getDeviceForStrategy() strategy 0, device 2
07-29 13:17:45.506 V/NvAudioPolicyManager(  148): getDeviceForStrategy() strategy 1, device 1
07-29 13:17:45.506 V/NvAudioPolicyManager(  148): getDeviceForStrategy() strategy 2, device 2
07-29 13:17:45.506 V/NvAudioPolicyManager(  148): getDeviceForStrategy() strategy 2, device 2
07-29 13:17:45.506 V/NvAudioPolicyManager(  148): getDeviceForStrategy() strategy 3, device 2
07-29 13:17:45.506 V/NvAudioPolicyManager(  148): getDeviceForStrategy() strategy 0, device 2
07-29 13:17:45.506 V/NvAudioPolicyManager(  148): getDeviceForStrategy() strategy 4, device 2
07-29 13:17:45.506 V/NvAudioPolicyManager(  148): getDeviceForStrategy() strategy 5, device 2
07-29 13:17:45.506 V/NvAudioPolicyManager(  148): getDeviceForStrategy() strategy 6, device 1
07-29 13:17:45.506 V/AudioPolicyManagerBase(  148): setOutputDevice() setting same device 0002 or null device for output 2
07-29 13:17:45.506 V/NvAudioPolicyManager(  148): getDeviceForStrategy() from cache strategy 0, device 2
07-29 13:17:45.506 V/NvAudioPolicyManager(  148): getDeviceForStrategy() from cache strategy 0, device 2
07-29 13:17:45.506 V/nvaudio_hw(  148): nvaudio_dev_set_parameters : nv_param_media_routing=2
07-29 13:17:45.506 V/nvaudio_hw(  148): Media is routed to :2
07-29 13:17:45.506 V/nvaudio_hw(  148): ULP supported: dev 2
07-29 13:17:45.507 V/AudioPolicyManagerBase(  148): releaseOutput() 2
07-29 13:17:45.507 I/ActivityManager( 1921): START u0 {act=android.intent.action.MAIN cmp=com.android.settings/.SubSettings (has extras)} from pid 9251
07-29 13:17:45.508 I/PowerManagerService( 1921): setBrightness mButtonLight, screenBrightness=102
07-29 13:17:45.553 D/SubSettings( 9251): Launching fragment com.android.settings.SecuritySettings
07-29 13:17:45.657 I/ActivityManager( 1921): Displayed com.android.settings/.SubSettings: +134ms
07-29 13:17:45.680 I/PowerManagerService( 1921): setBrightness mButtonLight, screenBrightness=102
07-29 13:17:46.514 V/nvaudio_hw(  148): nvaudio_out_get_latency: latency 85
07-29 13:17:46.526 V/nvaudio_hw(  148): nvaudio_out_get_latency: latency 85
07-29 13:17:46.536 V/nvaudio_hw(  148): nvaudio_out_get_latency: latency 85
07-29 13:17:46.546 V/nvaudio_hw(  148): nvaudio_out_get_latency: latency 85
07-29 13:17:46.556 V/nvaudio_hw(  148): nvaudio_out_get_latency: latency 85
07-29 13:17:46.566 V/nvaudio_hw(  148): nvaudio_out_get_latency: latency 85
07-29 13:17:46.577 V/nvaudio_hw(  148): nvaudio_out_get_latency: latency 85
07-29 13:17:46.587 V/nvaudio_hw(  148): nvaudio_out_get_latency: latency 85
07-29 13:17:46.603 V/nvaudio_hw(  148): nvaudio_out_get_latency: latency 85
07-29 13:17:46.614 V/NvAudioPolicyManager(  148): stopOutput() output 2, stream 1, session 275
07-29 13:17:46.614 V/NvAudioPolicyManager(  148): getDeviceForStrategy() from cache strategy 0, device 2
07-29 13:17:46.614 V/AudioPolicyManagerBase(  148): changeRefCount() stream 1, count 0
07-29 13:17:46.614 V/AudioPolicyManagerBase(  148): getNewDevice() selected device 0
07-29 13:17:46.614 V/AudioPolicyManagerBase(  148): setOutputDevice() output 2 device 0000 delayMs 170
07-29 13:17:46.614 V/AudioPolicyManagerBase(  148): setOutputDevice() prevDevice 0002
07-29 13:17:46.614 V/NvAudioPolicyManager(  148): getDeviceForStrategy() strategy 0, device 2
07-29 13:17:46.614 V/NvAudioPolicyManager(  148): getDeviceForStrategy() strategy 1, device 1
07-29 13:17:46.614 V/NvAudioPolicyManager(  148): getDeviceForStrategy() strategy 2, device 2
07-29 13:17:46.614 V/NvAudioPolicyManager(  148): getDeviceForStrategy() strategy 2, device 2
07-29 13:17:46.614 V/NvAudioPolicyManager(  148): getDeviceForStrategy() strategy 3, device 2
07-29 13:17:46.614 V/NvAudioPolicyManager(  148): getDeviceForStrategy() strategy 0, device 2
07-29 13:17:46.614 V/NvAudioPolicyManager(  148): getDeviceForStrategy() strategy 4, device 2
07-29 13:17:46.614 V/NvAudioPolicyManager(  148): getDeviceForStrategy() strategy 5, device 2
07-29 13:17:46.614 V/NvAudioPolicyManager(  148): getDeviceForStrategy() strategy 6, device 1
07-29 13:17:46.614 V/AudioPolicyManagerBase(  148): setOutputDevice() setting same device 0000 or null device for output 2
07-29 13:17:46.614 V/NvAudioPolicyManager(  148): getDeviceForStrategy() from cache strategy 0, device 2
07-29 13:17:46.614 V/NvAudioPolicyManager(  148): getDeviceForStrategy() from cache strategy 0, device 2
07-29 13:17:46.614 V/nvaudio_hw(  148): nvaudio_dev_set_parameters : nv_param_media_routing=2
07-29 13:17:46.614 V/nvaudio_hw(  148): Media is routed to :2
07-29 13:17:46.614 V/nvaudio_hw(  148): ULP supported: dev 2
07-29 13:17:47.679 D/PowerManagerService( 1921): userActivityNoUpdateLocked: system_ready = false
07-29 13:17:47.679 I/PowerManagerService( 1921): setBrightness mButtonLight, screenBrightness=102
07-29 13:17:48.188 D/PowerManagerService( 1921): userActivityNoUpdateLocked: system_ready = false
07-29 13:17:48.188 I/PowerManagerService( 1921): setBrightness mButtonLight, screenBrightness=102
07-29 13:17:49.088 D/PowerManagerService( 1921): userActivityNoUpdateLocked: system_ready = false
07-29 13:17:49.088 I/PowerManagerService( 1921): setBrightness mButtonLight, screenBrightness=102
07-29 13:17:49.499 V/nvaudio_hw(  148): nvaudio_out_standby: hw_dev->mode: 0
07-29 13:17:49.499 V/nvaudio_hw(  148): close_alsa_dev : active stream count 1
07-29 13:17:49.545 V/nvaudio_hw(  148): trigger_dma_callback dma address 0x00000000 on 0
07-29 13:17:49.546 I/PowerManagerService( 1921): setBrightness mButtonLight, screenBrightness=102
07-29 13:17:52.333 D/PowerManagerService( 1921): userActivityNoUpdateLocked: system_ready = false
07-29 13:17:52.508 V/legacy_audio_policy_hal(  148): audio_io_handle_t android_audio_legacy::ap_get_output(audio_policy*, audio_stream_type_t, uint32_t, audio_format_t, audio_channel_mask_t, audio_output_flags_t, const audio_offload_info_t*): tid 148
07-29 13:17:52.509 V/NvAudioPolicyManager(  148): getDeviceForStrategy() strategy 0, device 2
07-29 13:17:52.509 V/NvAudioPolicyManager(  148): getOutput() stream 1, samplingRate 0, format 0, channelMask 3, flags 0
07-29 13:17:52.509 V/NvAudioPolicyManager(  148): getOutput() returns output 2
07-29 13:17:52.509 V/legacy_audio_policy_hal(  148): audio_io_handle_t android_audio_legacy::ap_get_output(audio_policy*, audio_stream_type_t, uint32_t, audio_format_t, audio_channel_mask_t, audio_output_flags_t, const audio_offload_info_t*): tid 5510
07-29 13:17:52.509 V/NvAudioPolicyManager(  148): getDeviceForStrategy() strategy 0, device 2
07-29 13:17:52.509 V/NvAudioPolicyManager(  148): getOutput() stream 1, samplingRate 0, format 0, channelMask 3, flags 0
07-29 13:17:52.509 V/NvAudioPolicyManager(  148): getOutput() returns output 2
07-29 13:17:52.509 V/legacy_audio_policy_hal(  148): audio_io_handle_t android_audio_legacy::ap_get_output(audio_policy*, audio_stream_type_t, uint32_t, audio_format_t, audio_channel_mask_t, audio_output_flags_t, const audio_offload_info_t*): tid 11907
07-29 13:17:52.509 V/NvAudioPolicyManager(  148): getDeviceForStrategy() strategy 0, device 2
07-29 13:17:52.509 V/NvAudioPolicyManager(  148): getOutput() stream 1, samplingRate 44100, format 1, channelMask 3, flags 4
07-29 13:17:52.509 V/NvAudioPolicyManager(  148): getOutput() returns output 2
07-29 13:17:52.511 I/ActivityManager( 1921): START u0 {act=android.intent.action.MAIN cmp=com.android.settings/.SubSettings (has extras)} from pid 9251
07-29 13:17:52.514 V/nvaudio_hw(  148): nvaudio_out_get_latency: latency 85
07-29 13:17:52.517 V/NvAudioPolicyManager(  148): startOutput() output 2, stream 1, session 276
07-29 13:17:52.517 V/NvAudioPolicyManager(  148): getDeviceForStrategy() from cache strategy 0, device 2
07-29 13:17:52.517 V/AudioPolicyManagerBase(  148): changeRefCount() stream 1, count 1
07-29 13:17:52.517 V/NvAudioPolicyManager(  148): getDeviceForStrategy() strategy 0, device 2
07-29 13:17:52.517 V/AudioPolicyManagerBase(  148): getNewDevice() selected device 2
07-29 13:17:52.517 V/AudioPolicyManagerBase(  148): setOutputDevice() output 2 device 0002 delayMs 0
07-29 13:17:52.517 V/AudioPolicyManagerBase(  148): setOutputDevice() prevDevice 0002
07-29 13:17:52.517 V/NvAudioPolicyManager(  148): getDeviceForStrategy() strategy 0, device 2
07-29 13:17:52.517 V/NvAudioPolicyManager(  148): getDeviceForStrategy() strategy 1, device 1
07-29 13:17:52.517 V/NvAudioPolicyManager(  148): getDeviceForStrategy() strategy 2, device 2
07-29 13:17:52.517 V/NvAudioPolicyManager(  148): getDeviceForStrategy() strategy 2, device 2
07-29 13:17:52.517 V/NvAudioPolicyManager(  148): getDeviceForStrategy() strategy 3, device 2
07-29 13:17:52.517 V/NvAudioPolicyManager(  148): getDeviceForStrategy() strategy 0, device 2
07-29 13:17:52.517 V/NvAudioPolicyManager(  148): getDeviceForStrategy() strategy 4, device 2
07-29 13:17:52.517 V/NvAudioPolicyManager(  148): getDeviceForStrategy() strategy 5, device 2
07-29 13:17:52.517 V/NvAudioPolicyManager(  148): getDeviceForStrategy() strategy 6, device 1
07-29 13:17:52.517 V/AudioPolicyManagerBase(  148): setOutputDevice() setting same device 0002 or null device for output 2
07-29 13:17:52.517 V/NvAudioPolicyManager(  148): getDeviceForStrategy() from cache strategy 0, device 2
07-29 13:17:52.517 V/NvAudioPolicyManager(  148): getDeviceForStrategy() from cache strategy 0, device 2
07-29 13:17:52.517 V/nvaudio_hw(  148): nvaudio_dev_set_parameters : nv_param_media_routing=2
07-29 13:17:52.517 V/nvaudio_hw(  148): Media is routed to :2
07-29 13:17:52.517 V/nvaudio_hw(  148): ULP supported: dev 2
07-29 13:17:52.518 V/nvaudio_hw(  148): open_out_alsa_dev
07-29 13:17:52.518 V/nvaudio_hw(  148): get_active_dev_rate : card 1 device 0
07-29 13:17:52.518 V/nvaudio_hw(  148): set_route : dev id 0 ref 1 devices 0x2 -> 0x2
07-29 13:17:52.519 V/nvaudio_hw(  148): Opened Alsa OUT device music with pcm_config
07-29 13:17:52.519 V/nvaudio_hw(  148):  channels 2
07-29 13:17:52.519 V/nvaudio_hw(  148):  rate 48000
07-29 13:17:52.519 V/nvaudio_hw(  148):  format 0
07-29 13:17:52.519 V/nvaudio_hw(  148):  period_size 1024
07-29 13:17:52.519 V/nvaudio_hw(  148):  period_count 1
07-29 13:17:52.519 V/nvaudio_hw(  148):  start_threshold 1
07-29 13:17:52.519 V/nvaudio_hw(  148):  stop_threshold 2049 
07-29 13:17:52.519 V/nvaudio_hw(  148): silence_threshold 0
07-29 13:17:52.519 V/nvaudio_hw(  148):  avail_min 1
07-29 13:17:52.519 V/nvaudio_hw(  148): set_avp_render_path
07-29 13:17:52.519 V/nvaudio_hw(  148): set_out_resampler : quality 4
07-29 13:17:52.519 V/nvaudio_hw(  148): No resampler required
07-29 13:17:52.519 V/nvaudio_hw(  148): set_current_route : dev id 0
07-29 13:17:52.519 V/nvaudio_hw(  148): set_route_by_array
07-29 13:17:52.519 V/nvaudio_hw(  148): set_route_by_array
07-29 13:17:52.519 V/nvaudio_hw(  148): Set 'Right Speaker Mixer Left DAC Switch' to '1' mode = 0 r->mode = -2 srate = 48000 r->srate = 0 
07-29 13:17:52.519 V/nvaudio_hw(  148): Set 'Right Speaker Mixer Right DAC Switch' to '1' mode = 0 r->mode = -2 srate = 48000 r->srate = 0 
07-29 13:17:52.519 V/nvaudio_hw(  148): Set 'Speaker Left Switch' to '1' mode = 0 r->mode = -2 srate = 48000 r->srate = 0 
07-29 13:17:52.519 V/nvaudio_hw(  148): Set 'Speaker Right Switch' to '1' mode = 0 r->mode = -2 srate = 48000 r->srate = 0 
07-29 13:17:52.519 V/nvaudio_hw(  148): Set 'Speaker Left Volume' to '58' mode = 0 r->mode = -2 srate = 48000 r->srate = 0 
07-29 13:17:52.519 V/nvaudio_hw(  148): Set 'Speaker Right Volume' to '58' mode = 0 r->mode = -2 srate = 48000 r->srate = 0 
07-29 13:17:52.519 V/nvaudio_hw(  148): Set 'Digital Gain Volume' to '0' mode = 0 r->mode = -2 srate = 48000 r->srate = 0 
07-29 13:17:52.519 V/nvaudio_hw(  148): Set 'Digital Level Volume' to '10' mode = 0 r->mode = -2 srate = 48000 r->srate = 0 
07-29 13:17:52.519 V/AudioPolicyManagerBase(  148): releaseOutput() 2
07-29 13:17:52.519 V/nvaudio_hw(  148): Set 'Int Spk Switch' to '1' mode = 0 r->mode = -2 srate = 48000 r->srate = 0 
07-29 13:17:52.519 V/nvaudio_hw(  148): Set 'ALC Make Up Gain Volume' to '8' mode = 0 r->mode = -2 srate = 48000 r->srate = 0 
07-29 13:17:52.519 V/nvaudio_hw(  148): Set 'ALC Compression Ratio' to '3' mode = 0 r->mode = -2 srate = 48000 r->srate = 0 
07-29 13:17:52.519 V/nvaudio_hw(  148): Set 'ALC Compression Threshold Volume' to '14' mode = 0 r->mode = -2 srate = 48000 r->srate = 0 
07-29 13:17:52.519 V/nvaudio_hw(  148): Set 'ALC Expansion Ratio' to '2' mode = 0 r->mode = -2 srate = 48000 r->srate = 0 
07-29 13:17:52.519 V/nvaudio_hw(  148): Set 'ALC Expansion Threshold Volume' to '26' mode = 0 r->mode = -2 srate = 48000 r->srate = 0 
07-29 13:17:52.519 V/nvaudio_hw(  148): Set 'ALC Enable' to '1' mode = 0 r->mode = -2 srate = 48000 r->srate = 0 
07-29 13:17:52.519 V/nvaudio_hw(  148): Set 'Speaker Left Mixer Gain Volume' to '2' mode = 0 r->mode = -2 srate = 48000 r->srate = 0 
07-29 13:17:52.519 V/nvaudio_hw(  148): Set 'Speaker Right Mixer Gain Volume' to '2' mode = 0 r->mode = -2 srate = 48000 r->srate = 0 
07-29 13:17:52.536 V/nvaudio_hw(  148): Set 'EQ Mode' to '3' mode = 0 r->mode = -2 srate = 48000 r->srate = 0 
07-29 13:17:52.536 V/nvaudio_hw(  148): Set 'Digital EQ 7 Band Enable' to '1' mode = 0 r->mode = -2 srate = 48000 r->srate = 0 
07-29 13:17:52.536 V/nvaudio_hw(  148): send_at_cmd_by_list: type 0
07-29 13:17:52.536 V/nvaudio_hw(  148): trigger_dma_callback dma address 0x4002C000 on 1
07-29 13:17:52.554 D/SubSettings( 9251): Launching fragment com.android.settings.DeviceAdminSettings
07-29 13:17:52.615 I/ActivityManager( 1921): Displayed com.android.settings/.SubSettings: +90ms
07-29 13:17:53.528 V/nvaudio_hw(  148): nvaudio_out_get_latency: latency 85
07-29 13:17:53.540 V/nvaudio_hw(  148): nvaudio_out_get_latency: latency 85
07-29 13:17:53.550 V/nvaudio_hw(  148): nvaudio_out_get_latency: latency 85
07-29 13:17:53.561 V/nvaudio_hw(  148): nvaudio_out_get_latency: latency 85
07-29 13:17:53.570 V/nvaudio_hw(  148): nvaudio_out_get_latency: latency 85
07-29 13:17:53.582 V/nvaudio_hw(  148): nvaudio_out_get_latency: latency 85
07-29 13:17:53.592 V/nvaudio_hw(  148): nvaudio_out_get_latency: latency 85
07-29 13:17:53.601 V/nvaudio_hw(  148): nvaudio_out_get_latency: latency 85
07-29 13:17:53.612 V/nvaudio_hw(  148): nvaudio_out_get_latency: latency 85
07-29 13:17:53.622 V/NvAudioPolicyManager(  148): stopOutput() output 2, stream 1, session 276
07-29 13:17:53.622 V/NvAudioPolicyManager(  148): getDeviceForStrategy() from cache strategy 0, device 2
07-29 13:17:53.622 V/AudioPolicyManagerBase(  148): changeRefCount() stream 1, count 0
07-29 13:17:53.622 V/AudioPolicyManagerBase(  148): getNewDevice() selected device 0
07-29 13:17:53.622 V/AudioPolicyManagerBase(  148): setOutputDevice() output 2 device 0000 delayMs 170
07-29 13:17:53.622 V/AudioPolicyManagerBase(  148): setOutputDevice() prevDevice 0002
07-29 13:17:53.622 V/NvAudioPolicyManager(  148): getDeviceForStrategy() strategy 0, device 2
07-29 13:17:53.622 V/NvAudioPolicyManager(  148): getDeviceForStrategy() strategy 1, device 1
07-29 13:17:53.622 V/NvAudioPolicyManager(  148): getDeviceForStrategy() strategy 2, device 2
07-29 13:17:53.622 V/NvAudioPolicyManager(  148): getDeviceForStrategy() strategy 2, device 2
07-29 13:17:53.622 V/NvAudioPolicyManager(  148): getDeviceForStrategy() strategy 3, device 2
07-29 13:17:53.622 V/NvAudioPolicyManager(  148): getDeviceForStrategy() strategy 0, device 2
07-29 13:17:53.622 V/NvAudioPolicyManager(  148): getDeviceForStrategy() strategy 4, device 2
07-29 13:17:53.622 V/NvAudioPolicyManager(  148): getDeviceForStrategy() strategy 5, device 2
07-29 13:17:53.622 V/NvAudioPolicyManager(  148): getDeviceForStrategy() strategy 6, device 1
07-29 13:17:53.622 V/AudioPolicyManagerBase(  148): setOutputDevice() setting same device 0000 or null device for output 2
07-29 13:17:53.622 V/NvAudioPolicyManager(  148): getDeviceForStrategy() from cache strategy 0, device 2
07-29 13:17:53.622 V/NvAudioPolicyManager(  148): getDeviceForStrategy() from cache strategy 0, device 2
07-29 13:17:53.622 V/nvaudio_hw(  148): nvaudio_dev_set_parameters : nv_param_media_routing=2
07-29 13:17:53.622 V/nvaudio_hw(  148): Media is routed to :2
07-29 13:17:53.622 V/nvaudio_hw(  148): ULP supported: dev 2
07-29 13:17:54.131 E/        ( 1921): Vibrator sendit ms = 0
07-29 13:17:54.133 E/        ( 1921): Vibrator sendit ms = 10
07-29 13:17:54.133 D/PowerManagerService( 1921): userActivityNoUpdateLocked: system_ready = false
07-29 13:17:54.133 I/PowerManagerService( 1921): setBrightness mButtonLight, screenBrightness=102
07-29 13:17:54.175 E/        ( 1921): Vibrator sendit ms = 30
07-29 13:17:54.234 I/PowerManagerService( 1921): setBrightness mButtonLight, screenBrightness=102
07-29 13:17:54.268 I/PowerManagerService( 1921): setBrightness mButtonLight, screenBrightness=102
07-29 13:17:54.322 I/PowerManagerService( 1921): setBrightness mButtonLight, screenBrightness=102
07-29 13:17:54.626 D/PowerManagerService( 1921): userActivityNoUpdateLocked: system_ready = false
07-29 13:17:54.626 I/PowerManagerService( 1921): setBrightness mButtonLight, screenBrightness=102
07-29 13:17:55.359 D/PowerManagerService( 1921): userActivityNoUpdateLocked: system_ready = false
07-29 13:17:55.359 I/PowerManagerService( 1921): setBrightness mButtonLight, screenBrightness=102
07-29 13:17:55.868 D/PowerManagerService( 1921): userActivityNoUpdateLocked: system_ready = false
07-29 13:17:55.868 I/PowerManagerService( 1921): setBrightness mButtonLight, screenBrightness=102
07-29 13:17:56.511 V/nvaudio_hw(  148): nvaudio_out_standby: hw_dev->mode: 0
07-29 13:17:56.511 V/nvaudio_hw(  148): close_alsa_dev : active stream count 1
07-29 13:17:56.525 V/nvaudio_hw(  148): trigger_dma_callback dma address 0x00000000 on 0
07-29 13:17:56.526 I/PowerManagerService( 1921): setBrightness mButtonLight, screenBrightness=102
07-29 13:18:00.002 I/PowerManagerService( 1921): setBrightness mButtonLight, screenBrightness=102
07-29 13:18:00.048 I/PowerManagerService( 1921): setBrightness mButtonLight, screenBrightness=102
07-29 13:18:01.481 D/PowerManagerService( 1921): userActivityNoUpdateLocked: system_ready = false
07-29 13:18:01.481 I/PowerManagerService( 1921): setBrightness mButtonLight, screenBrightness=102
07-29 13:18:02.151 D/PowerManagerService( 1921): userActivityNoUpdateLocked: system_ready = false
07-29 13:18:03.658 D/PowerManagerService( 1921): userActivityNoUpdateLocked: system_ready = false
07-29 13:18:03.796 V/legacy_audio_policy_hal(  148): audio_io_handle_t android_audio_legacy::ap_get_output(audio_policy*, audio_stream_type_t, uint32_t, audio_format_t, audio_channel_mask_t, audio_output_flags_t, const audio_offload_info_t*): tid 3296
07-29 13:18:03.796 V/NvAudioPolicyManager(  148): getDeviceForStrategy() strategy 0, device 2
07-29 13:18:03.796 V/NvAudioPolicyManager(  148): getOutput() stream 1, samplingRate 0, format 0, channelMask 3, flags 0
07-29 13:18:03.796 V/NvAudioPolicyManager(  148): getOutput() returns output 2
07-29 13:18:03.796 I/ActivityManager( 1921): START u0 {act=android.intent.action.MAIN cmp=com.android.settings/.SubSettings (has extras)} from pid 9251
07-29 13:18:03.797 V/legacy_audio_policy_hal(  148): audio_io_handle_t android_audio_legacy::ap_get_output(audio_policy*, audio_stream_type_t, uint32_t, audio_format_t, audio_channel_mask_t, audio_output_flags_t, const audio_offload_info_t*): tid 5510
07-29 13:18:03.797 V/NvAudioPolicyManager(  148): getDeviceForStrategy() strategy 0, device 2
07-29 13:18:03.797 V/NvAudioPolicyManager(  148): getOutput() stream 1, samplingRate 0, format 0, channelMask 3, flags 0
07-29 13:18:03.797 V/NvAudioPolicyManager(  148): getOutput() returns output 2
07-29 13:18:03.797 V/legacy_audio_policy_hal(  148): audio_io_handle_t android_audio_legacy::ap_get_output(audio_policy*, audio_stream_type_t, uint32_t, audio_format_t, audio_channel_mask_t, audio_output_flags_t, const audio_offload_info_t*): tid 148
07-29 13:18:03.797 V/NvAudioPolicyManager(  148): getDeviceForStrategy() strategy 0, device 2
07-29 13:18:03.797 V/NvAudioPolicyManager(  148): getOutput() stream 1, samplingRate 44100, format 1, channelMask 3, flags 4
07-29 13:18:03.797 V/NvAudioPolicyManager(  148): getOutput() returns output 2
07-29 13:18:03.798 V/nvaudio_hw(  148): nvaudio_out_get_latency: latency 85
07-29 13:18:03.799 V/NvAudioPolicyManager(  148): startOutput() output 2, stream 1, session 277
07-29 13:18:03.799 V/NvAudioPolicyManager(  148): getDeviceForStrategy() from cache strategy 0, device 2
07-29 13:18:03.799 V/AudioPolicyManagerBase(  148): changeRefCount() stream 1, count 1
07-29 13:18:03.799 V/NvAudioPolicyManager(  148): getDeviceForStrategy() strategy 0, device 2
07-29 13:18:03.799 V/AudioPolicyManagerBase(  148): getNewDevice() selected device 2
07-29 13:18:03.799 V/AudioPolicyManagerBase(  148): setOutputDevice() output 2 device 0002 delayMs 0
07-29 13:18:03.799 V/AudioPolicyManagerBase(  148): setOutputDevice() prevDevice 0002
07-29 13:18:03.799 V/NvAudioPolicyManager(  148): getDeviceForStrategy() strategy 0, device 2
07-29 13:18:03.799 V/NvAudioPolicyManager(  148): getDeviceForStrategy() strategy 1, device 1
07-29 13:18:03.799 V/NvAudioPolicyManager(  148): getDeviceForStrategy() strategy 2, device 2
07-29 13:18:03.799 V/NvAudioPolicyManager(  148): getDeviceForStrategy() strategy 2, device 2
07-29 13:18:03.799 V/NvAudioPolicyManager(  148): getDeviceForStrategy() strategy 3, device 2
07-29 13:18:03.799 V/NvAudioPolicyManager(  148): getDeviceForStrategy() strategy 0, device 2
07-29 13:18:03.799 V/NvAudioPolicyManager(  148): getDeviceForStrategy() strategy 4, device 2
07-29 13:18:03.799 V/NvAudioPolicyManager(  148): getDeviceForStrategy() strategy 5, device 2
07-29 13:18:03.799 V/NvAudioPolicyManager(  148): getDeviceForStrategy() strategy 6, device 1
07-29 13:18:03.799 V/AudioPolicyManagerBase(  148): setOutputDevice() setting same device 0002 or null device for output 2
07-29 13:18:03.799 V/NvAudioPolicyManager(  148): getDeviceForStrategy() from cache strategy 0, device 2
07-29 13:18:03.799 V/NvAudioPolicyManager(  148): getDeviceForStrategy() from cache strategy 0, device 2
07-29 13:18:03.799 V/nvaudio_hw(  148): nvaudio_dev_set_parameters : nv_param_media_routing=2
07-29 13:18:03.799 V/nvaudio_hw(  148): Media is routed to :2
07-29 13:18:03.799 V/nvaudio_hw(  148): ULP supported: dev 2
07-29 13:18:03.800 V/nvaudio_hw(  148): open_out_alsa_dev
07-29 13:18:03.800 V/nvaudio_hw(  148): get_active_dev_rate : card 1 device 0
07-29 13:18:03.800 V/nvaudio_hw(  148): set_route : dev id 0 ref 1 devices 0x2 -> 0x2
07-29 13:18:03.800 V/nvaudio_hw(  148): Opened Alsa OUT device music with pcm_config
07-29 13:18:03.800 V/nvaudio_hw(  148):  channels 2
07-29 13:18:03.800 V/nvaudio_hw(  148):  rate 48000
07-29 13:18:03.800 V/nvaudio_hw(  148):  format 0
07-29 13:18:03.800 V/nvaudio_hw(  148):  period_size 1024
07-29 13:18:03.800 V/nvaudio_hw(  148):  period_count 1
07-29 13:18:03.800 V/nvaudio_hw(  148):  start_threshold 1
07-29 13:18:03.800 V/nvaudio_hw(  148):  stop_threshold 2049 
07-29 13:18:03.800 V/nvaudio_hw(  148): silence_threshold 0
07-29 13:18:03.800 V/nvaudio_hw(  148):  avail_min 1
07-29 13:18:03.800 V/nvaudio_hw(  148): set_avp_render_path
07-29 13:18:03.800 V/nvaudio_hw(  148): set_out_resampler : quality 4
07-29 13:18:03.800 V/nvaudio_hw(  148): No resampler required
07-29 13:18:03.800 V/nvaudio_hw(  148): set_current_route : dev id 0
07-29 13:18:03.800 V/nvaudio_hw(  148): set_route_by_array
07-29 13:18:03.800 V/nvaudio_hw(  148): set_route_by_array
07-29 13:18:03.800 V/nvaudio_hw(  148): Set 'Right Speaker Mixer Left DAC Switch' to '1' mode = 0 r->mode = -2 srate = 48000 r->srate = 0 
07-29 13:18:03.800 V/nvaudio_hw(  148): Set 'Right Speaker Mixer Right DAC Switch' to '1' mode = 0 r->mode = -2 srate = 48000 r->srate = 0 
07-29 13:18:03.800 V/nvaudio_hw(  148): Set 'Speaker Left Switch' to '1' mode = 0 r->mode = -2 srate = 48000 r->srate = 0 
07-29 13:18:03.800 V/nvaudio_hw(  148): Set 'Speaker Right Switch' to '1' mode = 0 r->mode = -2 srate = 48000 r->srate = 0 
07-29 13:18:03.800 V/nvaudio_hw(  148): Set 'Speaker Left Volume' to '58' mode = 0 r->mode = -2 srate = 48000 r->srate = 0 
07-29 13:18:03.800 V/nvaudio_hw(  148): Set 'Speaker Right Volume' to '58' mode = 0 r->mode = -2 srate = 48000 r->srate = 0 
07-29 13:18:03.800 V/nvaudio_hw(  148): Set 'Digital Gain Volume' to '0' mode = 0 r->mode = -2 srate = 48000 r->srate = 0 
07-29 13:18:03.800 V/nvaudio_hw(  148): Set 'Digital Level Volume' to '10' mode = 0 r->mode = -2 srate = 48000 r->srate = 0 
07-29 13:18:03.800 V/AudioPolicyManagerBase(  148): releaseOutput() 2
07-29 13:18:03.800 V/nvaudio_hw(  148): Set 'Int Spk Switch' to '1' mode = 0 r->mode = -2 srate = 48000 r->srate = 0 
07-29 13:18:03.800 V/nvaudio_hw(  148): Set 'ALC Make Up Gain Volume' to '8' mode = 0 r->mode = -2 srate = 48000 r->srate = 0 
07-29 13:18:03.800 V/nvaudio_hw(  148): Set 'ALC Compression Ratio' to '3' mode = 0 r->mode = -2 srate = 48000 r->srate = 0 
07-29 13:18:03.801 V/nvaudio_hw(  148): Set 'ALC Compression Threshold Volume' to '14' mode = 0 r->mode = -2 srate = 48000 r->srate = 0 
07-29 13:18:03.801 V/nvaudio_hw(  148): Set 'ALC Expansion Ratio' to '2' mode = 0 r->mode = -2 srate = 48000 r->srate = 0 
07-29 13:18:03.801 V/nvaudio_hw(  148): Set 'ALC Expansion Threshold Volume' to '26' mode = 0 r->mode = -2 srate = 48000 r->srate = 0 
07-29 13:18:03.801 V/nvaudio_hw(  148): Set 'ALC Enable' to '1' mode = 0 r->mode = -2 srate = 48000 r->srate = 0 
07-29 13:18:03.801 V/nvaudio_hw(  148): Set 'Speaker Left Mixer Gain Volume' to '2' mode = 0 r->mode = -2 srate = 48000 r->srate = 0 
07-29 13:18:03.801 V/nvaudio_hw(  148): Set 'Speaker Right Mixer Gain Volume' to '2' mode = 0 r->mode = -2 srate = 48000 r->srate = 0 
07-29 13:18:03.816 V/nvaudio_hw(  148): Set 'EQ Mode' to '3' mode = 0 r->mode = -2 srate = 48000 r->srate = 0 
07-29 13:18:03.816 V/nvaudio_hw(  148): Set 'Digital EQ 7 Band Enable' to '1' mode = 0 r->mode = -2 srate = 48000 r->srate = 0 
07-29 13:18:03.816 V/nvaudio_hw(  148): send_at_cmd_by_list: type 0
07-29 13:18:03.816 V/nvaudio_hw(  148): trigger_dma_callback dma address 0x4002C000 on 1
07-29 13:18:03.828 D/SubSettings( 9251): Launching fragment com.android.settings.OwnerInfoSettings
07-29 13:18:03.866 D/dalvikvm( 9251): GC_CONCURRENT freed 1144K, 14% free 9457K/10964K, paused 1ms+7ms, total 27ms
07-29 13:18:03.912 I/ActivityManager( 1921): Displayed com.android.settings/.SubSettings: +107ms
07-29 13:18:03.977 D/dalvikvm( 3678): GC_CONCURRENT freed 209K, 15% free 3404K/3976K, paused 3ms+1ms, total 12ms
07-29 13:18:03.992 I/ResourceUtils( 3678): Found default value: resource=phantom_sudden_move_event_device_list build=[HARDWARE=ceres MODEL=BP1 BRAND=SGP MANUFACTURER=NVIDIA] default=false
07-29 13:18:03.999 I/ResourceUtils( 3678): Found default value: resource=keyboard_heights build=[HARDWARE=ceres MODEL=BP1 BRAND=SGP MANUFACTURER=NVIDIA] default=
07-29 13:18:04.002 W/SubtypeSwitcher( 3678): Can't find Emoji subtype
07-29 13:18:04.003 W/SubtypeSwitcher( 3678): No input method subtype found; return dummy subtype: android.view.inputmethod.InputMethodSubtype@d78b2ed0
07-29 13:18:04.049 D/dalvikvm( 3678): GC_CONCURRENT freed 128K, 12% free 3751K/4240K, paused 2ms+3ms, total 19ms
07-29 13:18:04.081 D/dalvikvm( 3678): GC_CONCURRENT freed 104K, 11% free 4100K/4584K, paused 2ms+2ms, total 17ms
07-29 13:18:04.121 D/dalvikvm( 3678): GC_CONCURRENT freed 397K, 16% free 4202K/4960K, paused 2ms+3ms, total 14ms
07-29 13:18:04.121 D/dalvikvm( 3678): WAIT_FOR_CONCURRENT_GC blocked 1ms
07-29 13:18:04.142 I/dalvikvm-heap( 3678): Grow heap (frag case) to 6.161MB for 364560-byte allocation
07-29 13:18:04.164 D/dalvikvm( 3678): GC_CONCURRENT freed 553K, 20% free 4300K/5320K, paused 2ms+4ms, total 22ms
07-29 13:18:04.223 D/dalvikvm( 3678): GC_CONCURRENT freed 872K, 22% free 4524K/5756K, paused 2ms+8ms, total 20ms
07-29 13:18:04.223 D/dalvikvm( 3678): WAIT_FOR_CONCURRENT_GC blocked 1ms
07-29 13:18:04.256 I/dalvikvm-heap( 3678): Grow heap (frag case) to 8.414MB for 1127536-byte allocation
07-29 13:18:04.271 D/dalvikvm( 3678): GC_CONCURRENT freed 631K, 23% free 5284K/6860K, paused 2ms+5ms, total 15ms
07-29 13:18:04.296 W/ViewPager( 3678): Requested offscreen page limit 0 too small; defaulting to 1
07-29 13:18:04.308 I/InputAttributes( 3678): InputType.TYPE_NULL is specified
07-29 13:18:04.316 I/LatinIME:LogUtils( 3678): Dictionary info: dictionary = contacts.en_US.dict ; version = ? ; date = ?
07-29 13:18:04.399 I/dalvikvm-heap( 3678): Grow heap (frag case) to 10.885MB for 1278736-byte allocation
07-29 13:18:04.418 D/dalvikvm( 3678): GC_CONCURRENT freed 372K, 16% free 6878K/8112K, paused 3ms+3ms, total 19ms
07-29 13:18:04.814 V/nvaudio_hw(  148): nvaudio_out_get_latency: latency 85
07-29 13:18:04.824 V/nvaudio_hw(  148): nvaudio_out_get_latency: latency 85
07-29 13:18:04.834 V/nvaudio_hw(  148): nvaudio_out_get_latency: latency 85
07-29 13:18:04.844 V/nvaudio_hw(  148): nvaudio_out_get_latency: latency 85
07-29 13:18:04.854 V/nvaudio_hw(  148): nvaudio_out_get_latency: latency 85
07-29 13:18:04.865 V/nvaudio_hw(  148): nvaudio_out_get_latency: latency 85
07-29 13:18:04.876 V/nvaudio_hw(  148): nvaudio_out_get_latency: latency 85
07-29 13:18:04.887 V/nvaudio_hw(  148): nvaudio_out_get_latency: latency 85
07-29 13:18:04.897 V/nvaudio_hw(  148): nvaudio_out_get_latency: latency 85
07-29 13:18:04.908 V/NvAudioPolicyManager(  148): stopOutput() output 2, stream 1, session 277
07-29 13:18:04.908 V/NvAudioPolicyManager(  148): getDeviceForStrategy() from cache strategy 0, device 2
07-29 13:18:04.908 V/AudioPolicyManagerBase(  148): changeRefCount() stream 1, count 0
07-29 13:18:04.908 V/AudioPolicyManagerBase(  148): getNewDevice() selected device 0
07-29 13:18:04.908 V/AudioPolicyManagerBase(  148): setOutputDevice() output 2 device 0000 delayMs 170
07-29 13:18:04.908 V/AudioPolicyManagerBase(  148): setOutputDevice() prevDevice 0002
07-29 13:18:04.908 V/NvAudioPolicyManager(  148): getDeviceForStrategy() strategy 0, device 2
07-29 13:18:04.908 V/NvAudioPolicyManager(  148): getDeviceForStrategy() strategy 1, device 1
07-29 13:18:04.908 V/NvAudioPolicyManager(  148): getDeviceForStrategy() strategy 2, device 2
07-29 13:18:04.908 V/NvAudioPolicyManager(  148): getDeviceForStrategy() strategy 2, device 2
07-29 13:18:04.908 V/NvAudioPolicyManager(  148): getDeviceForStrategy() strategy 3, device 2
07-29 13:18:04.908 V/NvAudioPolicyManager(  148): getDeviceForStrategy() strategy 0, device 2
07-29 13:18:04.908 V/NvAudioPolicyManager(  148): getDeviceForStrategy() strategy 4, device 2
07-29 13:18:04.908 V/NvAudioPolicyManager(  148): getDeviceForStrategy() strategy 5, device 2
07-29 13:18:04.908 V/NvAudioPolicyManager(  148): getDeviceForStrategy() strategy 6, device 1
07-29 13:18:04.908 V/AudioPolicyManagerBase(  148): setOutputDevice() setting same device 0000 or null device for output 2
07-29 13:18:04.908 V/NvAudioPolicyManager(  148): getDeviceForStrategy() from cache strategy 0, device 2
07-29 13:18:04.908 V/NvAudioPolicyManager(  148): getDeviceForStrategy() from cache strategy 0, device 2
07-29 13:18:04.908 V/nvaudio_hw(  148): nvaudio_dev_set_parameters : nv_param_media_routing=2
07-29 13:18:04.908 V/nvaudio_hw(  148): Media is routed to :2
07-29 13:18:04.908 V/nvaudio_hw(  148): ULP supported: dev 2
07-29 13:18:06.744 E/        ( 1921): Vibrator sendit ms = 0
07-29 13:18:06.747 D/PowerManagerService( 1921): userActivityNoUpdateLocked: system_ready = false
07-29 13:18:06.748 I/PowerManagerService( 1921): setBrightness mButtonLight, screenBrightness=102
07-29 13:18:06.749 E/        ( 1921): Vibrator sendit ms = 10
07-29 13:18:06.790 E/        ( 1921): Vibrator sendit ms = 30
07-29 13:18:06.855 I/PowerManagerService( 1921): setBrightness mButtonLight, screenBrightness=102
07-29 13:18:07.343 E/        ( 1921): Vibrator sendit ms = 0
07-29 13:18:07.344 I/PowerManagerService( 1921): setBrightness mButtonLight, screenBrightness=102
07-29 13:18:07.345 E/        ( 1921): Vibrator sendit ms = 10
07-29 13:18:07.345 D/PowerManagerService( 1921): userActivityNoUpdateLocked: system_ready = false
07-29 13:18:07.345 I/PowerManagerService( 1921): setBrightness mButtonLight, screenBrightness=102
07-29 13:18:07.385 E/        ( 1921): Vibrator sendit ms = 30
07-29 13:18:07.446 I/PowerManagerService( 1921): setBrightness mButtonLight, screenBrightness=102
07-29 13:18:07.459 I/PowerManagerService( 1921): setBrightness mButtonLight, screenBrightness=102
07-29 13:18:07.536 I/PowerManagerService( 1921): setBrightness mButtonLight, screenBrightness=102
07-29 13:18:07.800 V/nvaudio_hw(  148): nvaudio_out_standby: hw_dev->mode: 0
07-29 13:18:07.800 V/nvaudio_hw(  148): close_alsa_dev : active stream count 1
07-29 13:18:07.832 V/nvaudio_hw(  148): trigger_dma_callback dma address 0x00000000 on 0
07-29 13:18:07.834 I/PowerManagerService( 1921): setBrightness mButtonLight, screenBrightness=102
07-29 13:18:08.444 E/        ( 1921): Vibrator sendit ms = 0
07-29 13:18:08.445 I/PowerManagerService( 1921): setBrightness mButtonLight, screenBrightness=102
07-29 13:18:08.446 D/PowerManagerService( 1921): userActivityNoUpdateLocked: system_ready = false
07-29 13:18:08.446 I/PowerManagerService( 1921): setBrightness mButtonLight, screenBrightness=102
07-29 13:18:08.447 E/        ( 1921): Vibrator sendit ms = 10
07-29 13:18:08.488 E/        ( 1921): Vibrator sendit ms = 30
07-29 13:18:08.518 I/PowerManagerService( 1921): setBrightness mButtonLight, screenBrightness=102
07-29 13:18:08.527 D/BluetoothAdapter( 9251): 1102539408: getState() :  mService = null. Returning STATE_OFF
07-29 13:18:08.549 I/PowerManagerService( 1921): setBrightness mButtonLight, screenBrightness=102
07-29 13:18:08.558 E/HDMI3DPlaySettings( 9251): Couldn't read HDMI state
07-29 13:18:08.582 I/PowerManagerService( 1921): setBrightness mButtonLight, screenBrightness=102
07-29 13:18:10.656 D/PowerManagerService( 1921): userActivityNoUpdateLocked: system_ready = false
07-29 13:18:10.657 I/PowerManagerService( 1921): setBrightness mButtonLight, screenBrightness=102
07-29 13:18:10.814 V/legacy_audio_policy_hal(  148): audio_io_handle_t android_audio_legacy::ap_get_output(audio_policy*, audio_stream_type_t, uint32_t, audio_format_t, audio_channel_mask_t, audio_output_flags_t, const audio_offload_info_t*): tid 11907
07-29 13:18:10.814 V/NvAudioPolicyManager(  148): getDeviceForStrategy() strategy 0, device 2
07-29 13:18:10.814 V/NvAudioPolicyManager(  148): getOutput() stream 1, samplingRate 0, format 0, channelMask 3, flags 0
07-29 13:18:10.814 V/NvAudioPolicyManager(  148): getOutput() returns output 2
07-29 13:18:10.814 V/legacy_audio_policy_hal(  148): audio_io_handle_t android_audio_legacy::ap_get_output(audio_policy*, audio_stream_type_t, uint32_t, audio_format_t, audio_channel_mask_t, audio_output_flags_t, const audio_offload_info_t*): tid 3297
07-29 13:18:10.814 V/NvAudioPolicyManager(  148): getDeviceForStrategy() strategy 0, device 2
07-29 13:18:10.814 V/NvAudioPolicyManager(  148): getOutput() stream 1, samplingRate 0, format 0, channelMask 3, flags 0
07-29 13:18:10.814 V/NvAudioPolicyManager(  148): getOutput() returns output 2
07-29 13:18:10.814 V/legacy_audio_policy_hal(  148): audio_io_handle_t android_audio_legacy::ap_get_output(audio_policy*, audio_stream_type_t, uint32_t, audio_format_t, audio_channel_mask_t, audio_output_flags_t, const audio_offload_info_t*): tid 3296
07-29 13:18:10.814 V/NvAudioPolicyManager(  148): getDeviceForStrategy() strategy 0, device 2
07-29 13:18:10.814 V/NvAudioPolicyManager(  148): getOutput() stream 1, samplingRate 44100, format 1, channelMask 3, flags 4
07-29 13:18:10.814 V/NvAudioPolicyManager(  148): getOutput() returns output 2
07-29 13:18:10.815 V/nvaudio_hw(  148): nvaudio_out_get_latency: latency 85
07-29 13:18:10.815 V/NvAudioPolicyManager(  148): startOutput() output 2, stream 1, session 278
07-29 13:18:10.815 V/NvAudioPolicyManager(  148): getDeviceForStrategy() from cache strategy 0, device 2
07-29 13:18:10.815 V/AudioPolicyManagerBase(  148): changeRefCount() stream 1, count 1
07-29 13:18:10.815 V/NvAudioPolicyManager(  148): getDeviceForStrategy() strategy 0, device 2
07-29 13:18:10.815 V/AudioPolicyManagerBase(  148): getNewDevice() selected device 2
07-29 13:18:10.815 V/AudioPolicyManagerBase(  148): setOutputDevice() output 2 device 0002 delayMs 0
07-29 13:18:10.815 V/AudioPolicyManagerBase(  148): setOutputDevice() prevDevice 0002
07-29 13:18:10.815 V/NvAudioPolicyManager(  148): getDeviceForStrategy() strategy 0, device 2
07-29 13:18:10.815 V/NvAudioPolicyManager(  148): getDeviceForStrategy() strategy 1, device 1
07-29 13:18:10.815 V/NvAudioPolicyManager(  148): getDeviceForStrategy() strategy 2, device 2
07-29 13:18:10.815 V/NvAudioPolicyManager(  148): getDeviceForStrategy() strategy 2, device 2
07-29 13:18:10.815 V/NvAudioPolicyManager(  148): getDeviceForStrategy() strategy 3, device 2
07-29 13:18:10.815 V/NvAudioPolicyManager(  148): getDeviceForStrategy() strategy 0, device 2
07-29 13:18:10.815 V/NvAudioPolicyManager(  148): getDeviceForStrategy() strategy 4, device 2
07-29 13:18:10.815 V/NvAudioPolicyManager(  148): getDeviceForStrategy() strategy 5, device 2
07-29 13:18:10.815 V/NvAudioPolicyManager(  148): getDeviceForStrategy() strategy 6, device 1
07-29 13:18:10.815 V/AudioPolicyManagerBase(  148): setOutputDevice() setting same device 0002 or null device for output 2
07-29 13:18:10.815 V/NvAudioPolicyManager(  148): getDeviceForStrategy() from cache strategy 0, device 2
07-29 13:18:10.815 V/NvAudioPolicyManager(  148): getDeviceForStrategy() from cache strategy 0, device 2
07-29 13:18:10.816 V/nvaudio_hw(  148): nvaudio_dev_set_parameters : nv_param_media_routing=2
07-29 13:18:10.816 V/nvaudio_hw(  148): Media is routed to :2
07-29 13:18:10.816 V/nvaudio_hw(  148): ULP supported: dev 2
07-29 13:18:10.816 I/PowerManagerService( 1921): setBrightness mButtonLight, screenBrightness=102
07-29 13:18:10.816 I/ActivityManager( 1921): START u0 {act=android.intent.action.MAIN cmp=com.android.settings/.SubSettings (has extras)} from pid 9251
07-29 13:18:10.817 V/nvaudio_hw(  148): open_out_alsa_dev
07-29 13:18:10.817 V/nvaudio_hw(  148): get_active_dev_rate : card 1 device 0
07-29 13:18:10.817 V/nvaudio_hw(  148): set_route : dev id 0 ref 1 devices 0x2 -> 0x2
07-29 13:18:10.817 V/nvaudio_hw(  148): Opened Alsa OUT device music with pcm_config
07-29 13:18:10.817 V/nvaudio_hw(  148):  channels 2
07-29 13:18:10.817 V/nvaudio_hw(  148):  rate 48000
07-29 13:18:10.817 V/nvaudio_hw(  148):  format 0
07-29 13:18:10.817 V/nvaudio_hw(  148):  period_size 1024
07-29 13:18:10.817 V/nvaudio_hw(  148):  period_count 1
07-29 13:18:10.817 V/nvaudio_hw(  148):  start_threshold 1
07-29 13:18:10.817 V/nvaudio_hw(  148):  stop_threshold 2049 
07-29 13:18:10.817 V/nvaudio_hw(  148): silence_threshold 0
07-29 13:18:10.817 V/nvaudio_hw(  148):  avail_min 1
07-29 13:18:10.817 V/nvaudio_hw(  148): set_avp_render_path
07-29 13:18:10.817 V/nvaudio_hw(  148): set_out_resampler : quality 4
07-29 13:18:10.817 V/nvaudio_hw(  148): No resampler required
07-29 13:18:10.817 V/nvaudio_hw(  148): set_current_route : dev id 0
07-29 13:18:10.817 V/nvaudio_hw(  148): set_route_by_array
07-29 13:18:10.817 V/nvaudio_hw(  148): set_route_by_array
07-29 13:18:10.817 V/nvaudio_hw(  148): Set 'Right Speaker Mixer Left DAC Switch' to '1' mode = 0 r->mode = -2 srate = 48000 r->srate = 0 
07-29 13:18:10.817 V/nvaudio_hw(  148): Set 'Right Speaker Mixer Right DAC Switch' to '1' mode = 0 r->mode = -2 srate = 48000 r->srate = 0 
07-29 13:18:10.817 V/nvaudio_hw(  148): Set 'Speaker Left Switch' to '1' mode = 0 r->mode = -2 srate = 48000 r->srate = 0 
07-29 13:18:10.817 V/nvaudio_hw(  148): Set 'Speaker Right Switch' to '1' mode = 0 r->mode = -2 srate = 48000 r->srate = 0 
07-29 13:18:10.817 V/nvaudio_hw(  148): Set 'Speaker Left Volume' to '58' mode = 0 r->mode = -2 srate = 48000 r->srate = 0 
07-29 13:18:10.817 V/nvaudio_hw(  148): Set 'Speaker Right Volume' to '58' mode = 0 r->mode = -2 srate = 48000 r->srate = 0 
07-29 13:18:10.817 V/nvaudio_hw(  148): Set 'Digital Gain Volume' to '0' mode = 0 r->mode = -2 srate = 48000 r->srate = 0 
07-29 13:18:10.817 V/nvaudio_hw(  148): Set 'Digital Level Volume' to '10' mode = 0 r->mode = -2 srate = 48000 r->srate = 0 
07-29 13:18:10.817 V/nvaudio_hw(  148): Set 'Int Spk Switch' to '1' mode = 0 r->mode = -2 srate = 48000 r->srate = 0 
07-29 13:18:10.817 V/nvaudio_hw(  148): Set 'ALC Make Up Gain Volume' to '8' mode = 0 r->mode = -2 srate = 48000 r->srate = 0 
07-29 13:18:10.817 V/nvaudio_hw(  148): Set 'ALC Compression Ratio' to '3' mode = 0 r->mode = -2 srate = 48000 r->srate = 0 
07-29 13:18:10.817 V/nvaudio_hw(  148): Set 'ALC Compression Threshold Volume' to '14' mode = 0 r->mode = -2 srate = 48000 r->srate = 0 
07-29 13:18:10.817 I/PowerManagerService( 1921): setBrightness mButtonLight, screenBrightness=102
07-29 13:18:10.818 V/nvaudio_hw(  148): Set 'ALC Expansion Ratio' to '2' mode = 0 r->mode = -2 srate = 48000 r->srate = 0 
07-29 13:18:10.818 V/nvaudio_hw(  148): Set 'ALC Expansion Threshold Volume' to '26' mode = 0 r->mode = -2 srate = 48000 r->srate = 0 
07-29 13:18:10.818 V/nvaudio_hw(  148): Set 'ALC Enable' to '1' mode = 0 r->mode = -2 srate = 48000 r->srate = 0 
07-29 13:18:10.818 V/nvaudio_hw(  148): Set 'Speaker Left Mixer Gain Volume' to '2' mode = 0 r->mode = -2 srate = 48000 r->srate = 0 
07-29 13:18:10.818 V/nvaudio_hw(  148): Set 'Speaker Right Mixer Gain Volume' to '2' mode = 0 r->mode = -2 srate = 48000 r->srate = 0 
07-29 13:18:10.818 V/AudioPolicyManagerBase(  148): releaseOutput() 2
07-29 13:18:10.833 V/nvaudio_hw(  148): Set 'EQ Mode' to '3' mode = 0 r->mode = -2 srate = 48000 r->srate = 0 
07-29 13:18:10.833 V/nvaudio_hw(  148): Set 'Digital EQ 7 Band Enable' to '1' mode = 0 r->mode = -2 srate = 48000 r->srate = 0 
07-29 13:18:10.833 V/nvaudio_hw(  148): send_at_cmd_by_list: type 0
07-29 13:18:10.834 V/nvaudio_hw(  148): trigger_dma_callback dma address 0x4002C000 on 1
07-29 13:18:10.852 D/SubSettings( 9251): Launching fragment com.android.settings.applications.ManageApplications
07-29 13:18:10.858 W/ContextImpl( 9251): Calling a method in the system process without a qualified user: android.app.ContextImpl.bindService:1543 android.content.ContextWrapper.bindService:517 com.android.settings.applications.ManageApplications.onCreate:873 android.app.Fragment.performCreate:1678 android.app.FragmentManagerImpl.moveToState:859 
07-29 13:18:10.874 W/Environment(12314): EXTERNAL_STORAGE mExternalDirsForApp[0] =/storage/emulated/0 ,userId =0
07-29 13:18:10.874 W/Environment(12314): EXTERNAL_STORAGE mExternalDirsForApp[1] =/storage/sdcard1 ,userId =0
07-29 13:18:10.877 I/ActivityManager( 1921): Start proc com.android.defcontainer for service com.android.defcontainer/.DefaultContainerService: pid=12314 uid=10005 gids={50005, 1028, 1015, 1023, 2001, 1035}
07-29 13:18:10.918 D/dalvikvm( 1921): GC_CONCURRENT freed 1574K, 30% free 9924K/13992K, paused 3ms+5ms, total 59ms
07-29 13:18:11.011 W/ResourceType( 9251): Failure getting entry for 0x7f050000 (t=4 e=0) in package 0 (error -75)
07-29 13:18:11.011 W/PackageManager( 9251): Failure retrieving text 0x7f050000 in package com.android.keyguard
07-29 13:18:11.011 W/PackageManager( 9251): android.content.res.Resources$NotFoundException: String resource ID #0x7f050000
07-29 13:18:11.011 W/PackageManager( 9251): 	at android.content.res.Resources.getText(Resources.java:244)
07-29 13:18:11.011 W/PackageManager( 9251): 	at android.app.ApplicationPackageManager.getText(ApplicationPackageManager.java:994)
07-29 13:18:11.011 W/PackageManager( 9251): 	at android.content.pm.PackageItemInfo.loadLabel(PackageItemInfo.java:115)
07-29 13:18:11.011 W/PackageManager( 9251): 	at com.android.settings.applications.ApplicationsState$AppEntry.ensureLabel(ApplicationsState.java:134)
07-29 13:18:11.011 W/PackageManager( 9251): 	at com.android.settings.applications.ApplicationsState$AppEntry.<init>(ApplicationsState.java:124)
07-29 13:18:11.011 W/PackageManager( 9251): 	at com.android.settings.applications.ApplicationsState.getEntryLocked(ApplicationsState.java:832)
07-29 13:18:11.011 W/PackageManager( 9251): 	at com.android.settings.applications.ApplicationsState$BackgroundHandler.handleMessage(ApplicationsState.java:971)
07-29 13:18:11.011 W/PackageManager( 9251): 	at android.os.Handler.dispatchMessage(Handler.java:102)
07-29 13:18:11.011 W/PackageManager( 9251): 	at android.os.Looper.loop(Looper.java:136)
07-29 13:18:11.011 W/PackageManager( 9251): 	at android.os.HandlerThread.run(HandlerThread.java:61)
07-29 13:18:11.063 D/dalvikvm( 9251): GC_FOR_ALLOC freed 2015K, 23% free 9306K/11976K, paused 17ms, total 17ms
07-29 13:18:11.092 V/RenderScript( 9251): 0x60dd42b8 Launching thread(s), CPUs 4
07-29 13:18:11.117 I/ActivityManager( 1921): Displayed com.android.settings/.SubSettings: +291ms
07-29 13:18:11.161 I/dalvikvm-heap( 9251): Grow heap (frag case) to 16.104MB for 2009296-byte allocation
