07-29 15:00:15.396 D/GsmSST  ( 3704): [GsmSST] updateSpnDisplay: changed sending intent rule=2 showPlmn='false' plmn='null' showSpn='false' spn=''
07-29 15:00:15.397 D/use-Rlog/RLOG-RIL AT{0}( 9096): AT(18)< ERROR
07-29 15:00:15.397 D/use-Rlog/RLOG-RIL AT{0}( 9096): AT(18)> AT+CUSATD=1,0
07-29 15:00:15.398 D/use-Rlog/RLOG-RIL AT{0}( 9096): AT(18)< OK
07-29 15:00:15.398 D/use-Rlog/RLOG-RIL{0}( 9096): b89adee8 onHandleRequest:[-1] [INTERNAL]SIM_POLL
07-29 15:00:15.398 D/use-Rlog/RLOG-RIL{0}( 9096): b89adee8 onHandleRequest:[-1639824968] GET_SIM_STATUS
07-29 15:00:15.398 D/use-Rlog/RLOG-RIL AT{0}( 9096): AT(18)> AT+CPIN?
07-29 15:00:15.399 D/GsmSST  ( 3704): [GsmSST] operatorNumeric is null
07-29 15:00:15.401 D/use-Rlog/RLOG-RIL AT{0}( 9096): AT(18)< ERROR
07-29 15:00:15.401 D/use-Rlog/RLOG-RIL AT{0}( 9096): AT(18)> AT*TSIMINS?
07-29 15:00:15.403 D/use-Rlog/RLOG-RIL AT{0}( 9096): AT(18)< *TSIMINS: 1,1,1
07-29 15:00:15.403 D/use-Rlog/RLOG-RIL AT{0}( 9096): AT(18)< OK
07-29 15:00:15.403 D/use-Rlog/RLOG-RIL AT{0}( 9096): AT(18)> AT%PINNUM?
07-29 15:00:15.404 D/use-Rlog/RLOG-RIL AT{0}( 9096): AT(18)< +CME ERROR: 14
07-29 15:00:15.405 D/RILJ    ( 3704): [8680]< GET_SIM_STATUS IccCardState {CARDSTATE_PRESENT,PINSTATE_UNKNOWN,num_apps=1,gsm_id=0{APPTYPE_USIM,APPSTATE_DETECTED,pin1=PINSTATE_UNKNOWN,pin2=PINSTATE_UNKNOWN},cdma_id=8,ims_id=8}
07-29 15:00:15.409 D/GsmSST  ( 3704): [GsmSST] notifyDataRegStateRilRadioTechnologyChanged: drs=3 rat=0
07-29 15:00:15.410 D/DCT     ( 3704): get all active apn types
07-29 15:00:15.410 D/DCT     ( 3704): isDataAllowed: not allowed due to - desiredPowerState= false
07-29 15:00:15.410 D/DCT     ( 3704): [ApnContext:default] getApnSetting: apnSetting=null
07-29 15:00:15.413 D/DCT     ( 3704): handleMessage msg={ when=-22ms what=270342 obj=android.os.AsyncResult@419f0cb0 target=com.android.internal.telephony.dataconnection.DcTracker }
07-29 15:00:15.413 D/DCT     ( 3704): onRadioOffOrNotAvailable: is off and clean up all connections
07-29 15:00:15.413 D/DCT     ( 3704): cleanUpAllConnections: tearDown=false reason=radioTurnedOff
07-29 15:00:15.413 D/DCT     ( 3704): cleanUpConnection: E tearDown=false reason=radioTurnedOff apnContext={mApnType=dun mState=IDLE mWaitingApns={null} mWaitingApnsPermanentFailureCountDown=0 mApnSetting={null} mReason=radioTurnedOff mDataEnabled=false mDependencyMet=true}
07-29 15:00:15.413 D/DCT     ( 3704): isDataAllowed: not allowed due to - desiredPowerState= false
07-29 15:00:15.413 D/DCT     ( 3704): [ApnContext:dun] getApnSetting: apnSetting=null
07-29 15:00:15.415 D/DCT     ( 3704): cleanUpConnection: X tearDown=false reason=radioTurnedOff apnContext={mApnType=dun mState=IDLE mWaitingApns={null} mWaitingApnsPermanentFailureCountDown=0 mApnSetting={null} mReason=radioTurnedOff mDataEnabled=false mDependencyMet=true} dcac=null
07-29 15:00:15.415 D/DCT     ( 3704): cleanUpConnection: E tearDown=false reason=radioTurnedOff apnContext={mApnType=supl mState=IDLE mWaitingApns={null} mWaitingApnsPermanentFailureCountDown=0 mApnSetting={null} mReason=radioTurnedOff mDataEnabled=false mDependencyMet=true}
07-29 15:00:15.415 D/DCT     ( 3704): isDataAllowed: not allowed due to - desiredPowerState= false
07-29 15:00:15.415 D/DCT     ( 3704): [ApnContext:supl] getApnSetting: apnSetting=null
07-29 15:00:15.417 D/DCT     ( 3704): cleanUpConnection: X tearDown=false reason=radioTurnedOff apnContext={mApnType=supl mState=IDLE mWaitingApns={null} mWaitingApnsPermanentFailureCountDown=0 mApnSetting={null} mReason=radioTurnedOff mDataEnabled=false mDependencyMet=true} dcac=null
07-29 15:00:15.417 D/DCT     ( 3704): cleanUpConnection: E tearDown=false reason=radioTurnedOff apnContext={mApnType=hipri mState=IDLE mWaitingApns={null} mWaitingApnsPermanentFailureCountDown=0 mApnSetting={null} mReason=radioTurnedOff mDataEnabled=false mDependencyMet=true}
07-29 15:00:15.418 D/DCT     ( 3704): isDataAllowed: not allowed due to - desiredPowerState= false
07-29 15:00:15.418 D/DCT     ( 3704): [ApnContext:hipri] getApnSetting: apnSetting=null
07-29 15:00:15.421 D/DCT     ( 3704): cleanUpConnection: X tearDown=false reason=radioTurnedOff apnContext={mApnType=hipri mState=IDLE mWaitingApns={null} mWaitingApnsPermanentFailureCountDown=0 mApnSetting={null} mReason=radioTurnedOff mDataEnabled=false mDependencyMet=true} dcac=null
07-29 15:00:15.421 D/DCT     ( 3704): cleanUpConnection: E tearDown=false reason=radioTurnedOff apnContext={mApnType=default mState=IDLE mWaitingApns={null} mWaitingApnsPermanentFailureCountDown=0 mApnSetting={null} mReason=radioTurnedOff mDataEnabled=true mDependencyMet=true}
07-29 15:00:15.421 D/DCT     ( 3704): isDataAllowed: not allowed due to - desiredPowerState= false
07-29 15:00:15.421 D/DCT     ( 3704): [ApnContext:default] getApnSetting: apnSetting=null
07-29 15:00:15.423 D/DCT     ( 3704): cleanUpConnection: X tearDown=false reason=radioTurnedOff apnContext={mApnType=default mState=IDLE mWaitingApns={null} mWaitingApnsPermanentFailureCountDown=0 mApnSetting={null} mReason=radioTurnedOff mDataEnabled=true mDependencyMet=true} dcac=null
07-29 15:00:15.424 D/DCT     ( 3704): cleanUpConnection: E tearDown=false reason=radioTurnedOff apnContext={mApnType=mms mState=IDLE mWaitingApns={null} mWaitingApnsPermanentFailureCountDown=0 mApnSetting={null} mReason=radioTurnedOff mDataEnabled=false mDependencyMet=true}
07-29 15:00:15.424 D/DCT     ( 3704): isDataAllowed: not allowed due to - desiredPowerState= false
07-29 15:00:15.424 D/DCT     ( 3704): [ApnContext:mms] getApnSetting: apnSetting=null
07-29 15:00:15.425 D/DCT     ( 3704): cleanUpConnection: X tearDown=false reason=radioTurnedOff apnContext={mApnType=mms mState=IDLE mWaitingApns={null} mWaitingApnsPermanentFailureCountDown=0 mApnSetting={null} mReason=radioTurnedOff mDataEnabled=false mDependencyMet=true} dcac=null
07-29 15:00:15.425 D/DCT     ( 3704): stopNetStatPoll
07-29 15:00:15.425 D/DCT     ( 3704): stopDataStallAlarm: current tag=23003 mDataStallAlarmIntent=null
07-29 15:00:15.425 D/DCT     ( 3704): isDataAllowed: not allowed due to - desiredPowerState= false
07-29 15:00:15.425 D/DCT     ( 3704): [ApnContext:dun] getApnSetting: apnSetting=null
07-29 15:00:15.426 D/DCT     ( 3704): isDataAllowed: not allowed due to - desiredPowerState= false
07-29 15:00:15.426 D/DCT     ( 3704): [ApnContext:supl] getApnSetting: apnSetting=null
07-29 15:00:15.429 D/DCT     ( 3704): isDataAllowed: not allowed due to - desiredPowerState= false
07-29 15:00:15.429 D/DCT     ( 3704): [ApnContext:hipri] getApnSetting: apnSetting=null
07-29 15:00:15.430 D/DCT     ( 3704): isDataAllowed: not allowed due to - desiredPowerState= false
07-29 15:00:15.430 D/DCT     ( 3704): [ApnContext:mms] getApnSetting: apnSetting=null
07-29 15:00:15.432 D/PHONE   ( 3704): [ServiceState] setNullState=3
07-29 15:00:15.432 D/GsmSST  ( 3704): [GsmSST] Poll ServiceState done:  oldSS=[3 3 home null null null  Unknown Unknown CSS not supported -1 -1 RoamInd=-1 DefRoamInd=-1 EmergOnly=false] newSS=[3 3 home null null null  Unknown Unknown CSS not supported -1 -1 RoamInd=-1 DefRoamInd=-1 EmergOnly=false] oldMaxDataCalls=2 mNewMaxDataCalls=2 oldReasonDataDenied=-1 mNewReasonDataDenied=-1
07-29 15:00:15.433 D/PHONE   ( 3704): [ServiceState] setNullState=1
07-29 15:00:15.433 D/PHONE   ( 3704): [ServiceState] setNullState=3
07-29 15:00:15.433 D/GsmSST  ( 3704): [GsmSST] Poll ServiceState done:  oldSS=[3 3 home null null null  Unknown Unknown CSS not supported -1 -1 RoamInd=-1 DefRoamInd=-1 EmergOnly=false] newSS=[3 3 home null null null  Unknown Unknown CSS not supported -1 -1 RoamInd=-1 DefRoamInd=-1 EmergOnly=false] oldMaxDataCalls=2 mNewMaxDataCalls=2 oldReasonDataDenied=-1 mNewReasonDataDenied=-1
07-29 15:00:15.433 D/PHONE   ( 3704): [ServiceState] setNullState=1
07-29 15:00:15.433 D/PHONE   ( 3704): [ServiceState] setNullState=3
07-29 15:00:15.433 D/GsmSST  ( 3704): [GsmSST] Poll ServiceState done:  oldSS=[3 3 home null null null  Unknown Unknown CSS not supported -1 -1 RoamInd=-1 DefRoamInd=-1 EmergOnly=false] newSS=[3 3 home null null null  Unknown Unknown CSS not supported -1 -1 RoamInd=-1 DefRoamInd=-1 EmergOnly=false] oldMaxDataCalls=2 mNewMaxDataCalls=2 oldReasonDataDenied=-1 mNewReasonDataDenied=-1
07-29 15:00:15.433 D/PHONE   ( 3704): [ServiceState] setNullState=1
07-29 15:00:15.433 D/UiccController( 3704): Received EVENT_ICC_STATUS_CHANGED, calling getIccCardStatus
07-29 15:00:15.433 D/RILJ    ( 3704): [8681]> GET_SIM_STATUS
07-29 15:00:15.434 D/UiccController( 3704): Received EVENT_ICC_STATUS_CHANGED, calling getIccCardStatus
07-29 15:00:15.434 D/RILJ    ( 3704): [8682]> GET_SIM_STATUS
07-29 15:00:15.434 D/use-Rlog/RLOG-RIL{0}( 9096): b89ad420 onRequest:[-1639824967] GET_SIM_STATUS
07-29 15:00:15.434 I/use-Rlog/RLOG-RIL{0}( 9096): sending request GET_SIM_STATUS on channel 0
07-29 15:00:15.434 D/use-Rlog/RLOG-RIL{0}( 9096): b89adee8 onHandleRequest:[-1639824967] GET_SIM_STATUS
07-29 15:00:15.434 D/use-Rlog/RLOG-RIL AT{0}( 9096): AT(18)> AT+CPIN?
07-29 15:00:15.435 D/UiccController( 3704): Received EVENT_ICC_STATUS_CHANGED, calling getIccCardStatus
07-29 15:00:15.435 D/RILJ    ( 3704): [8683]> GET_SIM_STATUS
07-29 15:00:15.436 D/use-Rlog/RLOG-RIL{0}( 9096): b89ad420 onRequest:[-1639824966] GET_SIM_STATUS
07-29 15:00:15.436 I/use-Rlog/RLOG-RIL{0}( 9096): sending request GET_SIM_STATUS on channel 0
07-29 15:00:15.436 D/use-Rlog/RLOG-RIL AT{0}( 9096): AT(18)< ERROR
07-29 15:00:15.436 D/use-Rlog/RLOG-RIL AT{0}( 9096): AT(18)> AT*TSIMINS?
07-29 15:00:15.436 D/UiccController( 3704): Received EVENT_ICC_STATUS_CHANGED, calling getIccCardStatus
07-29 15:00:15.436 D/use-Rlog/RLOG-RIL{0}( 9096): b89ad420 onRequest:[-1639824965] GET_SIM_STATUS
07-29 15:00:15.436 I/use-Rlog/RLOG-RIL{0}( 9096): sending request GET_SIM_STATUS on channel 0
07-29 15:00:15.436 D/RILJ    ( 3704): [8684]> GET_SIM_STATUS
07-29 15:00:15.436 D/PhoneProxy( 3704): [PhoneProxy] phoneObjectUpdater: newVoiceRadioTech=0
07-29 15:00:15.436 D/TelephonyManager( 3704): getLteOnCdmaMode=0 curVal=-1 product_type='' lteOnCdmaProductType=''
07-29 15:00:15.437 D/PhoneProxy( 3704): [PhoneProxy] phoneObjectUpdater: Unknown rat ignore,  newVoiceRadioTech=Unknown. mActivePhone=GSM
07-29 15:00:15.437 D/UiccController( 3704): Received EVENT_GET_ICC_STATUS_DONE
07-29 15:00:15.437 D/UiccCard( 3704): 1 applications
07-29 15:00:15.437 D/UiccCardApplication( 3704): APPTYPE_USIM update. New {APPTYPE_USIM,APPSTATE_DETECTED,pin1=PINSTATE_UNKNOWN,pin2=PINSTATE_UNKNOWN}
07-29 15:00:15.437 D/UiccCardApplication( 3704): APPTYPE_USIM changed state: APPSTATE_READY -> APPSTATE_DETECTED
07-29 15:00:15.437 D/CAT     ( 3704): CatService: Return current sInstance
07-29 15:00:15.437 E/UiccCard( 3704): App index 8 is invalid since there are no applications
07-29 15:00:15.437 E/UiccCard( 3704): App index 8 is invalid since there are no applications
07-29 15:00:15.437 D/UiccCard( 3704): update: radioState=RADIO_OFF mLastRadioState=RADIO_ON
07-29 15:00:15.437 D/UiccController( 3704): Notifying IccChangedRegistrants
07-29 15:00:15.437 D/DCT     ( 3704): handleMessage msg={ when=-28ms what=270345 obj=android.os.AsyncResult@41c89fa0 target=com.android.internal.telephony.dataconnection.DcTracker }
07-29 15:00:15.437 D/DCT     ( 3704): onDataConnectionDetached: stop polling and notify detached
07-29 15:00:15.437 D/DCT     ( 3704): stopNetStatPoll
07-29 15:00:15.437 D/DCT     ( 3704): stopDataStallAlarm: current tag=23004 mDataStallAlarmIntent=null
07-29 15:00:15.437 D/DCT     ( 3704): notifyDataConnection: reason=dataDetached
07-29 15:00:15.437 D/DCT     ( 3704): notifyDataConnection: type:default
07-29 15:00:15.437 D/DCT     ( 3704): isDataAllowed: not allowed due to - desiredPowerState= false
07-29 15:00:15.437 D/DCT     ( 3704): [ApnContext:default] getApnSetting: apnSetting=null
07-29 15:00:15.437 D/use-Rlog/RLOG-RIL{0}( 9096): b89ad420 onRequest:[-1639824964] GET_SIM_STATUS
07-29 15:00:15.437 I/use-Rlog/RLOG-RIL{0}( 9096): sending request GET_SIM_STATUS on channel 0
07-29 15:00:15.437 D/use-Rlog/RLOG-RIL AT{0}( 9096): AT(18)< *TSIMINS: 1,1,1
07-29 15:00:15.437 D/use-Rlog/RLOG-RIL AT{0}( 9096): AT(18)< OK
07-29 15:00:15.437 D/use-Rlog/RLOG-RIL AT{0}( 9096): AT(18)> AT%PINNUM?
07-29 15:00:15.438 D/DCT     ( 3704): isDataAllowed: not allowed due to - desiredPowerState= false
07-29 15:00:15.438 D/DCT     ( 3704): [ApnContext:dun] getApnSetting: apnSetting=null
07-29 15:00:15.439 D/use-Rlog/RLOG-RIL AT{0}( 9096): AT(18)< +CME ERROR: 14
07-29 15:00:15.439 D/use-Rlog/RLOG-RIL{0}( 9096): b89adee8 onHandleRequest:[-1639824966] GET_SIM_STATUS
07-29 15:00:15.439 D/use-Rlog/RLOG-RIL AT{0}( 9096): AT(18)> AT+CPIN?
07-29 15:00:15.439 D/RILJ    ( 3704): [8681]< GET_SIM_STATUS IccCardState {CARDSTATE_PRESENT,PINSTATE_UNKNOWN,num_apps=1,gsm_id=0{APPTYPE_USIM,APPSTATE_DETECTED,pin1=PINSTATE_UNKNOWN,pin2=PINSTATE_UNKNOWN},cdma_id=8,ims_id=8}
07-29 15:00:15.439 D/DCT     ( 3704): isDataAllowed: not allowed due to - desiredPowerState= false
07-29 15:00:15.440 D/DCT     ( 3704): [ApnContext:supl] getApnSetting: apnSetting=null
07-29 15:00:15.441 D/use-Rlog/RLOG-RIL AT{0}( 9096): AT(18)< ERROR
07-29 15:00:15.441 D/use-Rlog/RLOG-RIL AT{0}( 9096): AT(18)> AT*TSIMINS?
07-29 15:00:15.441 D/DCT     ( 3704): isDataAllowed: not allowed due to - desiredPowerState= false
07-29 15:00:15.441 D/DCT     ( 3704): [ApnContext:hipri] getApnSetting: apnSetting=null
07-29 15:00:15.442 D/DCT     ( 3704): isDataAllowed: not allowed due to - desiredPowerState= false
07-29 15:00:15.442 D/DCT     ( 3704): [ApnContext:mms] getApnSetting: apnSetting=null
07-29 15:00:15.443 D/use-Rlog/RLOG-RIL AT{0}( 9096): AT(18)< *TSIMINS: 1,1,1
07-29 15:00:15.443 D/use-Rlog/RLOG-RIL AT{0}( 9096): AT(18)< OK
07-29 15:00:15.443 D/use-Rlog/RLOG-RIL AT{0}( 9096): AT(18)> AT%PINNUM?
07-29 15:00:15.444 D/use-Rlog/RLOG-RIL AT{0}( 9096): AT(18)< +CME ERROR: 14
07-29 15:00:15.444 D/use-Rlog/RLOG-RIL{0}( 9096): b89adee8 onHandleRequest:[-1639824965] GET_SIM_STATUS
07-29 15:00:15.444 D/use-Rlog/RLOG-RIL AT{0}( 9096): AT(18)> AT+CPIN?
07-29 15:00:15.445 D/RILJ    ( 3704): [8682]< GET_SIM_STATUS IccCardState {CARDSTATE_PRESENT,PINSTATE_UNKNOWN,num_apps=1,gsm_id=0{APPTYPE_USIM,APPSTATE_DETECTED,pin1=PINSTATE_UNKNOWN,pin2=PINSTATE_UNKNOWN},cdma_id=8,ims_id=8}
07-29 15:00:15.446 D/use-Rlog/RLOG-RIL AT{0}( 9096): AT(18)< ERROR
07-29 15:00:15.446 D/use-Rlog/RLOG-RIL AT{0}( 9096): AT(18)> AT*TSIMINS?
07-29 15:00:15.447 D/DCT     ( 3704): handleMessage msg={ when=-9ms what=270369 obj=android.os.AsyncResult@41cbfa50 target=com.android.internal.telephony.dataconnection.DcTracker }
07-29 15:00:15.447 D/IccCardProxy( 3704): Broadcasting intent ACTION_SIM_STATE_CHANGED UNKNOWN reason null
07-29 15:00:15.448 D/use-Rlog/RLOG-RIL AT{0}( 9096): AT(18)< *TSIMINS: 1,1,1
07-29 15:00:15.448 D/use-Rlog/RLOG-RIL AT{0}( 9096): AT(18)< OK
07-29 15:00:15.448 D/use-Rlog/RLOG-RIL AT{0}( 9096): AT(18)> AT%PINNUM?
07-29 15:00:15.449 D/UiccController( 3704): Received EVENT_GET_ICC_STATUS_DONE
07-29 15:00:15.449 D/UiccCard( 3704): 1 applications
07-29 15:00:15.449 D/UiccCardApplication( 3704): APPTYPE_USIM update. New {APPTYPE_USIM,APPSTATE_DETECTED,pin1=PINSTATE_UNKNOWN,pin2=PINSTATE_UNKNOWN}
07-29 15:00:15.449 D/CAT     ( 3704): CatService: Return current sInstance
07-29 15:00:15.449 E/UiccCard( 3704): App index 8 is invalid since there are no applications
07-29 15:00:15.449 E/UiccCard( 3704): App index 8 is invalid since there are no applications
07-29 15:00:15.449 D/UiccCard( 3704): update: radioState=RADIO_OFF mLastRadioState=RADIO_OFF
07-29 15:00:15.449 D/UiccController( 3704): Notifying IccChangedRegistrants
07-29 15:00:15.449 D/use-Rlog/RLOG-RIL AT{0}( 9096): AT(18)< +CME ERROR: 14
07-29 15:00:15.449 D/use-Rlog/RLOG-RIL{0}( 9096): b89adee8 onHandleRequest:[-1639824964] GET_SIM_STATUS
07-29 15:00:15.449 D/use-Rlog/RLOG-RIL AT{0}( 9096): AT(18)> AT+CPIN?
07-29 15:00:15.450 D/RILJ    ( 3704): [8683]< GET_SIM_STATUS IccCardState {CARDSTATE_PRESENT,PINSTATE_UNKNOWN,num_apps=1,gsm_id=0{APPTYPE_USIM,APPSTATE_DETECTED,pin1=PINSTATE_UNKNOWN,pin2=PINSTATE_UNKNOWN},cdma_id=8,ims_id=8}
07-29 15:00:15.451 D/use-Rlog/RLOG-RIL AT{0}( 9096): AT(18)< ERROR
07-29 15:00:15.451 D/use-Rlog/RLOG-RIL AT{0}( 9096): AT(18)> AT*TSIMINS?
07-29 15:00:15.451 D/UiccController( 3704): Received EVENT_GET_ICC_STATUS_DONE
07-29 15:00:15.451 D/UiccCard( 3704): 1 applications
07-29 15:00:15.451 D/UiccCardApplication( 3704): APPTYPE_USIM update. New {APPTYPE_USIM,APPSTATE_DETECTED,pin1=PINSTATE_UNKNOWN,pin2=PINSTATE_UNKNOWN}
07-29 15:00:15.451 D/CAT     ( 3704): CatService: Return current sInstance
07-29 15:00:15.451 E/UiccCard( 3704): App index 8 is invalid since there are no applications
07-29 15:00:15.451 E/UiccCard( 3704): App index 8 is invalid since there are no applications
07-29 15:00:15.451 D/UiccCard( 3704): update: radioState=RADIO_OFF mLastRadioState=RADIO_OFF
07-29 15:00:15.451 D/UiccController( 3704): Notifying IccChangedRegistrants
07-29 15:00:15.453 D/use-Rlog/RLOG-RIL AT{0}( 9096): AT(18)< *TSIMINS: 1,1,1
07-29 15:00:15.453 D/use-Rlog/RLOG-RIL AT{0}( 9096): AT(18)< OK
07-29 15:00:15.453 D/use-Rlog/RLOG-RIL AT{0}( 9096): AT(18)> AT%PINNUM?
07-29 15:00:15.454 D/use-Rlog/RLOG-RIL AT{0}( 9096): AT(18)< +CME ERROR: 14
07-29 15:00:15.454 D/UiccController( 3704): Received EVENT_GET_ICC_STATUS_DONE
07-29 15:00:15.455 D/UiccCard( 3704): 1 applications
07-29 15:00:15.455 D/UiccCardApplication( 3704): APPTYPE_USIM update. New {APPTYPE_USIM,APPSTATE_DETECTED,pin1=PINSTATE_UNKNOWN,pin2=PINSTATE_UNKNOWN}
07-29 15:00:15.455 D/RILJ    ( 3704): [8684]< GET_SIM_STATUS IccCardState {CARDSTATE_PRESENT,PINSTATE_UNKNOWN,num_apps=1,gsm_id=0{APPTYPE_USIM,APPSTATE_DETECTED,pin1=PINSTATE_UNKNOWN,pin2=PINSTATE_UNKNOWN},cdma_id=8,ims_id=8}
07-29 15:00:15.455 D/CAT     ( 3704): CatService: Return current sInstance
07-29 15:00:15.455 E/UiccCard( 3704): App index 8 is invalid since there are no applications
07-29 15:00:15.455 E/UiccCard( 3704): App index 8 is invalid since there are no applications
07-29 15:00:15.455 D/UiccCard( 3704): update: radioState=RADIO_OFF mLastRadioState=RADIO_OFF
07-29 15:00:15.455 D/UiccController( 3704): Notifying IccChangedRegistrants
07-29 15:00:15.455 D/DCT     ( 3704): handleMessage msg={ when=-4ms what=270369 obj=android.os.AsyncResult@41c42308 target=com.android.internal.telephony.dataconnection.DcTracker }
07-29 15:00:15.456 D/DCT     ( 3704): handleMessage msg={ when=-5ms what=270369 obj=android.os.AsyncResult@41c94b08 target=com.android.internal.telephony.dataconnection.DcTracker }
07-29 15:00:15.456 D/UiccController( 3704): Received EVENT_GET_ICC_STATUS_DONE
07-29 15:00:15.456 D/UiccCard( 3704): 1 applications
07-29 15:00:15.456 D/UiccCardApplication( 3704): APPTYPE_USIM update. New {APPTYPE_USIM,APPSTATE_DETECTED,pin1=PINSTATE_UNKNOWN,pin2=PINSTATE_UNKNOWN}
07-29 15:00:15.456 D/CAT     ( 3704): CatService: Return current sInstance
07-29 15:00:15.456 E/UiccCard( 3704): App index 8 is invalid since there are no applications
07-29 15:00:15.456 E/UiccCard( 3704): App index 8 is invalid since there are no applications
07-29 15:00:15.456 D/UiccCard( 3704): update: radioState=RADIO_OFF mLastRadioState=RADIO_OFF
07-29 15:00:15.456 D/UiccController( 3704): Notifying IccChangedRegistrants
07-29 15:00:15.456 D/DCT     ( 3704): handleMessage msg={ when=-1ms what=270369 obj=android.os.AsyncResult@41ccd100 target=com.android.internal.telephony.dataconnection.DcTracker }
07-29 15:00:15.456 D/DCT     ( 3704): handleMessage msg={ when=0 what=270369 obj=android.os.AsyncResult@41cce8d0 target=com.android.internal.telephony.dataconnection.DcTracker }
07-29 15:00:26.814 D/RILJ    ( 3704): [8685]> RADIO_POWER on
07-29 15:00:26.815 D/use-Rlog/RLOG-RIL{0}( 9096): b89ad420 onRequest:[-1639824963] RADIO_POWER
07-29 15:00:26.815 I/use-Rlog/RLOG-RIL{0}( 9096): sending request RADIO_POWER on channel 0
07-29 15:00:26.815 D/use-Rlog/RLOG-RIL{0}( 9096): b89adee8 onHandleRequest:[-1639824963] RADIO_POWER
07-29 15:00:26.815 D/use-Rlog/RLOG-RIL AT{0}( 9096): AT(18)> AT+CFUN=1
07-29 15:00:26.823 D/RILJ    ( 3704): [8686]> RIL_REQUEST_GSM_SET_BROADCAST_CONFIG with 2 configs : 
07-29 15:00:26.823 D/RILJ    ( 3704): SmsBroadcastConfigInfo: Id [4370,4379] Code [0,255] ENABLED
07-29 15:00:26.823 D/RILJ    ( 3704): SmsBroadcastConfigInfo: Id [4352,4354] Code [0,255] ENABLED
07-29 15:00:26.823 D/use-Rlog/RLOG-RIL{0}( 9096): b89ad420 onRequest:[-1639824962] GSM_SET_BROADCAST_SMS_CONFIG
07-29 15:00:26.823 I/use-Rlog/RLOG-RIL{0}( 9096): sending request GSM_SET_BROADCAST_SMS_CONFIG on channel 0
07-29 15:00:26.832 D/use-Rlog/RLOG-RIL AT{0}( 9096): AT(18)< OK
07-29 15:00:26.832 D/use-Rlog/RLOG-RIL AT{0}( 9096): AT(18)> AT+CPIN?
07-29 15:00:26.832 D/RILJ    ( 3704): [UNSL]< UNSOL_RESPONSE_SIM_STATUS_CHANGED
07-29 15:00:26.833 D/UiccController( 3704): Received EVENT_ICC_STATUS_CHANGED, calling getIccCardStatus
07-29 15:00:26.833 D/RILJ    ( 3704): [UNSL]< UNSOL_RESPONSE_RADIO_STATE_CHANGED RADIO_ON
07-29 15:00:26.833 D/RILJ    ( 3704): [8687]> GET_SIM_STATUS
07-29 15:00:26.834 D/RILJ    ( 3704): [8688]> OPERATOR
07-29 15:00:26.834 D/use-Rlog/RLOG-RIL AT{0}( 9096): AT(18)< +CME ERROR: 14
07-29 15:00:26.835 D/RILJ    ( 3704): [8689]> DATA_REGISTRATION_STATE
07-29 15:00:26.835 D/use-Rlog/RLOG-RIL{0}( 9096): b89ad420 onRequest:[-1639824961] GET_SIM_STATUS
07-29 15:00:26.835 I/use-Rlog/RLOG-RIL{0}( 9096): sending request GET_SIM_STATUS on channel 0
07-29 15:00:26.835 D/use-Rlog/RLOG-RIL{0}( 9096): b89ad420 onRequest:[-1639824960] OPERATOR
07-29 15:00:26.835 I/use-Rlog/RLOG-RIL{0}( 9096): sending request OPERATOR on channel 0
07-29 15:00:26.836 D/RILJ    ( 3704): [8690]> VOICE_REGISTRATION_STATE
07-29 15:00:26.836 D/use-Rlog/RLOG-RIL{0}( 9096): b89ad420 onRequest:[-1639824959] DATA_REGISTRATION_STATE
07-29 15:00:26.836 I/use-Rlog/RLOG-RIL{0}( 9096): sending request DATA_REGISTRATION_STATE on channel 0
07-29 15:00:26.836 D/RILJ    ( 3704): [8691]> QUERY_NETWORK_SELECTION_MODE
07-29 15:00:26.837 D/use-Rlog/RLOG-RIL{0}( 9096): b89ad420 onRequest:[-1639824958] VOICE_REGISTRATION_STATE
07-29 15:00:26.837 I/use-Rlog/RLOG-RIL{0}( 9096): sending request VOICE_REGISTRATION_STATE on channel 0
07-29 15:00:26.837 D/UiccController( 3704): Received EVENT_ICC_STATUS_CHANGED, calling getIccCardStatus
07-29 15:00:26.837 D/RILJ    ( 3704): [8692]> GET_SIM_STATUS
07-29 15:00:26.837 D/use-Rlog/RLOG-RIL{0}( 9096): b89ad420 onRequest:[-1639824957] QUERY_NETWORK_SELECTION_MODE
07-29 15:00:26.837 I/use-Rlog/RLOG-RIL{0}( 9096): sending request QUERY_NETWORK_SELECTION_MODE on channel 0
07-29 15:00:26.838 D/RILJ    ( 3704): [8693]> GET_CURRENT_CALLS
07-29 15:00:26.838 D/use-Rlog/RLOG-RIL{0}( 9096): b89ad420 onRequest:[-1639824956] GET_SIM_STATUS
07-29 15:00:26.838 I/use-Rlog/RLOG-RIL{0}( 9096): sending request GET_SIM_STATUS on channel 0
07-29 15:00:26.838 D/RILJ    ( 3704): [8694]> RIL_REQUEST_IMS_REGISTRATION_STATE
07-29 15:00:26.838 D/use-Rlog/RLOG-RIL{0}( 9096): b89ad420 onRequest:[-1639824955] GET_CURRENT_CALLS
07-29 15:00:26.838 I/use-Rlog/RLOG-RIL{0}( 9096): sending request GET_CURRENT_CALLS on channel 0
07-29 15:00:26.838 D/RILJ    ( 3704): [8695]> RIL_REQUEST_VOICE_RADIO_TECH
07-29 15:00:26.838 D/use-Rlog/RLOG-RIL{0}( 9096): b89ad420 onRequest:[-1639824954] IMS_REGISTRATION_STATE
07-29 15:00:26.838 I/use-Rlog/RLOG-RIL{0}( 9096): sending request IMS_REGISTRATION_STATE on channel 0
07-29 15:00:26.839 D/RILJ    ( 3704): [8696]> RIL_REQUEST_CDMA_GET_SUBSCRIPTION_SOURCE
07-29 15:00:26.839 D/use-Rlog/RLOG-RIL{0}( 9096): b89ad420 onRequest:[-1639824953] VOICE_RADIO_TECH
07-29 15:00:26.839 I/use-Rlog/RLOG-RIL{0}( 9096): sending request VOICE_RADIO_TECH on channel 0
07-29 15:00:26.839 D/use-Rlog/RLOG-RIL{0}( 9096): b89ad420 onRequest:[-1639824952] CDMA_GET_SUBSCRIPTION_SOURCE
07-29 15:00:26.839 I/use-Rlog/RLOG-RIL{0}( 9096): sending request CDMA_GET_SUBSCRIPTION_SOURCE on channel 0
07-29 15:00:27.134 D/use-Rlog/RLOG-RIL AT{0}( 9096): AT(18)> AT+CPIN?
07-29 15:00:27.136 D/use-Rlog/RLOG-RIL AT{0}( 9096): AT(18)< +CME ERROR: 14
07-29 15:00:27.425 D/use-Rlog/RLOG-RIL AT{0}( 9096): AT(18)< *TSIMINS: 1,1,1
07-29 15:00:27.425 D/use-Rlog/RLOG-RIL{0}( 9096): Kernel time: [16359.805856]
07-29 15:00:27.425 D/use-Rlog/RLOG-RIL{0}( 9096): b89ae710 onUnsolicited: *TSIMINS: 1,1,1 null
07-29 15:00:27.428 D/use-Rlog/RLOG-RIL AT{0}( 9096): AT(18)< %ISIMINIT: 2,0,0
07-29 15:00:27.428 D/use-Rlog/RLOG-RIL{0}( 9096): Kernel time: [16359.808100]
07-29 15:00:27.428 D/use-Rlog/RLOG-RIL{0}( 9096): b89ae710 onUnsolicited: %ISIMINIT: 2,0,0 null
07-29 15:00:27.436 D/use-Rlog/RLOG-RIL AT{0}( 9096): AT(18)> AT+CPIN?
07-29 15:00:27.438 D/use-Rlog/RLOG-RIL AT{0}( 9096): AT(18)< +CME ERROR: 14
07-29 15:00:27.739 D/use-Rlog/RLOG-RIL AT{0}( 9096): AT(18)> AT+CPIN?
07-29 15:00:27.741 D/use-Rlog/RLOG-RIL AT{0}( 9096): AT(18)< +CME ERROR: 14
07-29 15:00:27.953 D/use-Rlog/RLOG-RIL AT{0}( 9096): AT(18)< %ISIMINIT: 1,0,0
07-29 15:00:27.953 D/use-Rlog/RLOG-RIL{0}( 9096): Kernel time: [16360.333777]
07-29 15:00:27.953 D/use-Rlog/RLOG-RIL{0}( 9096): b89ae710 onUnsolicited: %ISIMINIT: 1,0,0 null
07-29 15:00:27.954 D/use-Rlog/RLOG-RIL AT{0}( 9096): AT(18)< +CREG: 2
07-29 15:00:27.954 D/use-Rlog/RLOG-RIL{0}( 9096): Kernel time: [16360.334149]
07-29 15:00:27.954 D/use-Rlog/RLOG-RIL{0}( 9096): b89ae710 onUnsolicited: +CREG: 2 null
07-29 15:00:27.954 D/use-Rlog/RLOG-RIL AT{0}( 9096): AT(18)< %NWSTATE: 0,00000,0,-,0
07-29 15:00:27.954 D/use-Rlog/RLOG-RIL{0}( 9096): Kernel time: [16360.334275]
07-29 15:00:27.954 D/use-Rlog/RLOG-RIL{0}( 9096): b89ae710 onUnsolicited: %NWSTATE: 0,00000,0,-,0 null
07-29 15:00:28.040 D/use-Rlog/RLOG-RIL AT{0}( 9096): AT(18)> AT+CPIN?
07-29 15:00:28.043 D/use-Rlog/RLOG-RIL AT{0}( 9096): AT(18)< +CPIN: READY
07-29 15:00:28.043 D/use-Rlog/RLOG-RIL AT{0}( 9096): AT(18)< OK
07-29 15:00:28.043 D/use-Rlog/RLOG-RIL AT{0}( 9096): AT(18)> AT+CSMS=1
07-29 15:00:28.044 D/RILJ    ( 3704): [UNSL]< UNSOL_RESPONSE_SIM_STATUS_CHANGED
07-29 15:00:28.044 D/UiccController( 3704): Received EVENT_ICC_STATUS_CHANGED, calling getIccCardStatus
07-29 15:00:28.044 D/RILJ    ( 3704): [8697]> GET_SIM_STATUS
07-29 15:00:28.045 D/use-Rlog/RLOG-RIL{0}( 9096): b89ad420 onRequest:[-1639824951] GET_SIM_STATUS
07-29 15:00:28.045 I/use-Rlog/RLOG-RIL{0}( 9096): sending request GET_SIM_STATUS on channel 0
07-29 15:00:28.045 D/use-Rlog/RLOG-RIL AT{0}( 9096): AT(18)< +CSMS: 1,1,1
07-29 15:00:28.045 D/use-Rlog/RLOG-RIL AT{0}( 9096): AT(18)< OK
07-29 15:00:28.045 D/use-Rlog/RLOG-RIL AT{0}( 9096): AT(18)> AT+CNMI=1,2,2,1,0
07-29 15:00:28.046 D/use-Rlog/RLOG-RIL AT{0}( 9096): AT(18)< OK
07-29 15:00:28.046 D/use-Rlog/RLOG-RIL AT{0}( 9096): AT(18)> AT*TSIMINS=1
07-29 15:00:28.048 D/use-Rlog/RLOG-RIL AT{0}( 9096): AT(18)< OK
07-29 15:00:28.048 D/use-Rlog/RLOG-RIL AT{0}( 9096): AT(18)> AT%IPDPACTU=1
07-29 15:00:28.049 D/use-Rlog/RLOG-RIL AT{0}( 9096): AT(18)< OK
07-29 15:00:28.049 D/use-Rlog/RLOG-RIL AT{0}( 9096): AT(18)> AT+CGEREP=1
07-29 15:00:28.050 D/use-Rlog/RLOG-RIL AT{0}( 9096): AT(18)< OK
07-29 15:00:28.050 D/use-Rlog/RLOG-RIL AT{0}( 9096): AT(18)> AT%IPSRB=1
07-29 15:00:28.051 D/use-Rlog/RLOG-RIL AT{0}( 9096): AT(18)< OK
07-29 15:00:28.051 D/use-Rlog/RLOG-RIL AT{0}( 9096): AT(18)> AT+CUSATA=1
07-29 15:00:28.052 D/use-Rlog/RLOG-RIL AT{0}( 9096): AT(18)< OK
07-29 15:00:28.052 D/use-Rlog/RLOG-RIL AT{0}( 9096): AT(18)> AT+CEREG?
07-29 15:00:28.053 D/use-Rlog/RLOG-RIL AT{0}( 9096): AT(18)< +CEREG: 2,0
07-29 15:00:28.053 D/use-Rlog/RLOG-RIL{0}( 9096): Kernel time: [16360.433516]
07-29 15:00:28.053 D/use-Rlog/RLOG-RIL{0}( 9096): b89ae710 onUnsolicited: +CEREG: 2,0 null
07-29 15:00:28.053 D/use-Rlog/RLOG-RIL AT{0}( 9096): AT(18)< OK
07-29 15:00:28.053 D/use-Rlog/RLOG-RIL AT{0}( 9096): AT(18)> AT+CREG=2;+CGREG=2;+CEREG=2;+CREG?;+CGREG?;+CEREG?
07-29 15:00:28.055 D/use-Rlog/RLOG-RIL AT{0}( 9096): AT(18)< +CREG: 2,2
07-29 15:00:28.055 D/use-Rlog/RLOG-RIL{0}( 9096): Kernel time: [16360.435168]
07-29 15:00:28.055 D/use-Rlog/RLOG-RIL{0}( 9096): b89ae710 onUnsolicited: +CREG: 2,2 null
07-29 15:00:28.055 D/use-Rlog/RLOG-RIL AT{0}( 9096): AT(18)< +CGREG: 2,0
07-29 15:00:28.055 D/use-Rlog/RLOG-RIL{0}( 9096): Kernel time: [16360.435651]
07-29 15:00:28.055 D/use-Rlog/RLOG-RIL{0}( 9096): b89ae710 onUnsolicited: +CGREG: 2,0 null
07-29 15:00:28.056 D/use-Rlog/RLOG-RIL AT{0}( 9096): AT(18)< +CEREG: 2,0
07-29 15:00:28.056 D/use-Rlog/RLOG-RIL{0}( 9096): Kernel time: [16360.436210]
07-29 15:00:28.056 D/use-Rlog/RLOG-RIL{0}( 9096): b89ae710 onUnsolicited: +CEREG: 2,0 null
07-29 15:00:28.056 D/use-Rlog/RLOG-RIL AT{0}( 9096): AT(18)< OK
07-29 15:00:28.056 D/use-Rlog/RLOG-RIL AT{0}( 9096): AT(18)> AT*TUNSOL="SM",1
07-29 15:00:28.057 D/use-Rlog/RLOG-RIL AT{0}( 9096): AT(18)< OK
07-29 15:00:28.057 D/use-Rlog/RLOG-RIL AT{0}( 9096): AT(18)> AT%ICESQU=1,5,6,1,6,12,12,6
07-29 15:00:28.058 D/use-Rlog/RLOG-RIL AT{0}( 9096): AT(18)< OK
07-29 15:00:28.058 D/use-Rlog/RLOG-RIL AT{0}( 9096): AT(18)> AT+CESQ
07-29 15:00:28.058 D/use-Rlog/RLOG-RIL AT{0}( 9096): AT(18)< +CESQ: 99,99,255,255,255,255
07-29 15:00:28.058 D/use-Rlog/RLOG-RIL{0}( 9096): Kernel time: [16360.438725]
07-29 15:00:28.058 D/use-Rlog/RLOG-RIL{0}( 9096): b89ae710 onUnsolicited: +CESQ: 99,99,255,255,255,255 null
07-29 15:00:28.058 D/use-Rlog/RLOG-RIL AT{0}( 9096): AT(18)< OK
07-29 15:00:28.058 D/use-Rlog/RLOG-RIL AT{0}( 9096): AT(18)> AT+CREG=2;+CGREG=2;+CEREG=2
07-29 15:00:28.060 D/use-Rlog/RLOG-RIL AT{0}( 9096): AT(18)< OK
07-29 15:00:28.060 D/use-Rlog/RLOG-RIL AT{0}( 9096): AT(18)> AT%NWSTATE=3
07-29 15:00:28.061 D/use-Rlog/RLOG-RIL AT{0}( 9096): AT(18)< %NWSTATE: 0,00000,0,-,0
07-29 15:00:28.061 D/use-Rlog/RLOG-RIL{0}( 9096): Kernel time: [16360.441690]
07-29 15:00:28.061 D/use-Rlog/RLOG-RIL{0}( 9096): b89ae710 onUnsolicited: %NWSTATE: 0,00000,0,-,0 null
07-29 15:00:28.061 D/use-Rlog/RLOG-RIL AT{0}( 9096): AT(18)< OK
07-29 15:00:28.061 D/use-Rlog/RLOG-RIL AT{0}( 9096): AT(18)> AT%IFD=36
07-29 15:00:28.062 D/use-Rlog/RLOG-RIL AT{0}( 9096): AT(18)< OK
07-29 15:00:28.062 D/use-Rlog/RLOG-RIL AT{0}( 9096): AT(18)> AT%ISCREEN=1
07-29 15:00:28.063 D/use-Rlog/RLOG-RIL AT{0}( 9096): AT(18)< +CME ERROR: 769
07-29 15:00:28.063 D/use-Rlog/RLOG-RIL AT{0}( 9096): AT(18)> AT%IDRVSTAT
07-29 15:00:28.067 D/use-Rlog/RLOG-RIL AT{0}( 9096): AT(18)< {
07-29 15:00:28.067 D/use-Rlog/RLOG-RIL AT{0}( 9096): AT(18)<    'wakesch':{
07-29 15:00:28.067 D/use-Rlog/RLOG-RIL AT{0}( 9096): AT(18)<       'min_restore_time':[0,295,0,0,0,0,0,0,0,0,0,0,0,0,0,0],
07-29 15:00:28.067 D/use-Rlog/RLOG-RIL AT{0}( 9096): AT(18)<       'max_restore_time':[0,432,0,0,0,0,0,0,0,0,0,0,0,0,0,0],
07-29 15:00:28.067 D/use-Rlog/RLOG-RIL AT{0}( 9096): AT(18)<       'emc_wait_count':0
07-29 15:00:28.067 D/use-Rlog/RLOG-RIL AT{0}( 9096): AT(18)<    },
07-29 15:00:28.067 D/use-Rlog/RLOG-RIL AT{0}( 9096): AT(18)<    'cal32k':{
07-29 15:00:28.067 D/use-Rlog/RLOG-RIL AT{0}( 9096): AT(18)<       'low_res_freq_millihz':32768702,
07-29 15:00:28.067 D/use-Rlog/RLOG-RIL AT{0}( 9096): AT(18)<       'state_stats':[59,272,65022],
07-29 15:00:28.067 D/use-Rlog/RLOG-RIL AT{0}( 9096): AT(18)<       'cal_time':[0,26566,754,3891,10,807,232,52,84,5,2,11,51,139,163]
07-29 15:00:28.067 D/use-Rlog/RLOG-RIL AT{0}( 9096): AT(18)<    },
07-29 15:00:28.067 D/use-Rlog/RLOG-RIL AT{0}( 9096): AT(18)<    'IPM':{
07-29 15:00:28.067 D/use-Rlog/RLOG-RIL AT{0}( 9096): AT(18)<       'system_time':'0d5h16m34s',
07-29 15:00:28.067 D/use-Rlog/RLOG-RIL AT{0}( 9096): AT(18)<       'uptime':6977623,
07-29 15:00:28.067 D/use-Rlog/RLOG-RIL AT{0}( 9096): AT(18)<       'downtime':15090277,
07-29 15:00:28.067 D/use-Rlog/RLOG-RIL AT{0}( 9096): AT(18)<       'load_1000':316,
07-29 15:00:28.068 D/use-Rlog/RLOG-RIL AT{0}( 9096): AT(18)<       'idle_time_dist':[46322,3719,1195,5061,4426,5757,492,8,0,0],
07-29 15:00:28.068 D/use-Rlog/RLOG-RIL AT{0}( 9096): AT(18)<       'dxp0':{
07-29 15:00:28.068 D/use-Rlog/RLOG-RIL AT{0}( 9096): AT(18)<          'n_dmem_active':0,
07-29 15:00:28.068 D/use-Rlog/RLOG-RIL AT{0}( 9096): AT(18)<          'n_dxp_idle':6931370,
07-29 15:00:28.068 D/use-Rlog/RLOG-RIL AT{0}( 9096): AT(18)<          'n_soc_idle':0,
07-29 15:00:28.068 D/use-Rlog/RLOG-RIL AT{0}( 9096): AT(18)<          'n_power_off':32767
07-29 15:00:28.068 D/use-Rlog/RLOG-RIL AT{0}( 9096): AT(18)<       }
07-29 15:00:28.068 D/use-Rlog/RLOG-RIL AT{0}( 9096): AT(18)<    },
07-29 15:00:28.068 D/use-Rlog/RLOG-RIL AT{0}( 9096): AT(18)<    'shm':{
07-29 15:00:28.068 D/use-Rlog/RLOG-RIL AT{0}( 9096): AT(18)<       'queue':{
07-29 15:00:28.068 D/use-Rlog/RLOG-RIL AT{0}( 9096): AT(18)<          'put':11389,
07-29 15:00:28.068 D/use-Rlog/RLOG-RIL AT{0}( 9096): AT(18)<          'get':10370
07-29 15:00:28.068 D/use-Rlog/RLOG-RIL AT{0}( 9096): AT(18)<       },
07-29 15:00:28.068 D/use-Rlog/RLOG-RIL AT{0}( 9096): AT(18)<       'if':{
07-29 15:00:28.068 D/use-Rlog/RLOG-RIL AT{0}( 9096): AT(18)<          'sent':[192446,65010,2219,64,17168708,2332,2255,2186,2186,2186,2186,2186,2186,0,0,0,0,0,4552],
07-29 15:00:28.068 D/use-Rlog/RLOG-RIL AT{0}( 9096): AT(18)<          'received':[140098,20625,23,44,360,184,94,0,0,0,0,0,0,0,0,0,0,0,1932],
07-29 15:00:28.069 D/use-Rlog/RLOG-RIL AT{0}( 9096): AT(18)<          'given':[1418,1724,22,8,9974,33,29,18,18,18,18,18,18,0,0,0,0,0,69],
07-29 15:00:28.069 D/use-Rlog/RLOG-RIL AT{0}( 9096): AT(18)<          'taken':[1418,1724,22,8,9974,33,29,18,18,18,18,18,18,0,0,0,0,0,69]
07-29 15:00:28.069 D/use-Rlog/RLOG-RIL AT{0}( 9096): AT(18)<       },
07-29 15:00:28.069 D/use-Rlog/RLOG-RIL AT{0}( 9096): AT(18)<       'signal':{
07-29 15:00:28.069 D/use-Rlog/RLOG-RIL AT{0}( 9096): AT(18)<          'ul':9049,
07-29 15:00:28.069 D/use-Rlog/RLOG-RIL AT{0}( 9096): AT(18)<          'dl':9970
07-29 15:00:28.069 D/use-Rlog/RLOG-RIL AT{0}( 9096): AT(18)<       }
07-29 15:00:28.069 D/use-Rlog/RLOG-RIL AT{0}( 9096): AT(18)<    },
07-29 15:00:28.069 D/use-Rlog/RLOG-RIL AT{0}( 9096): AT(18)< }
07-29 15:00:28.069 D/use-Rlog/RLOG-RIL AT{0}( 9096): AT(18)< OK
07-29 15:00:28.069 D/use-Rlog/RLOG-RIL AT{0}( 9096): AT(18)> AT*TLTS=1
07-29 15:00:28.069 D/RILJ    ( 3704): [UNSL]< UNSOL_RESPONSE_VOICE_NETWORK_STATE_CHANGED
07-29 15:00:28.069 D/RILJ    ( 3704): [8698]> OPERATOR
07-29 15:00:28.070 D/RILJ    ( 3704): [8699]> DATA_REGISTRATION_STATE
07-29 15:00:28.070 D/use-Rlog/RLOG-RIL AT{0}( 9096): AT(18)< OK
07-29 15:00:28.070 D/use-Rlog/RLOG-RIL AT{0}( 9096): AT(18)> AT%INWMODE=2,2
07-29 15:00:28.070 D/use-Rlog/RLOG-RIL{0}( 9096): b89ad420 onRequest:[-1639824950] OPERATOR
07-29 15:00:28.070 I/use-Rlog/RLOG-RIL{0}( 9096): sending request OPERATOR on channel 0
07-29 15:00:28.070 D/RILJ    ( 3704): [8700]> VOICE_REGISTRATION_STATE
07-29 15:00:28.070 D/use-Rlog/RLOG-RIL{0}( 9096): b89ad420 onRequest:[-1639824949] DATA_REGISTRATION_STATE
07-29 15:00:28.070 I/use-Rlog/RLOG-RIL{0}( 9096): sending request DATA_REGISTRATION_STATE on channel 0
07-29 15:00:28.071 D/use-Rlog/RLOG-RIL{0}( 9096): b89ad420 onRequest:[-1639824948] VOICE_REGISTRATION_STATE
07-29 15:00:28.071 I/use-Rlog/RLOG-RIL{0}( 9096): sending request VOICE_REGISTRATION_STATE on channel 0
07-29 15:00:28.071 D/RILJ    ( 3704): [8701]> QUERY_NETWORK_SELECTION_MODE
07-29 15:00:28.071 D/use-Rlog/RLOG-RIL AT{0}( 9096): AT(18)< OK
07-29 15:00:28.071 D/use-Rlog/RLOG-RIL AT{0}( 9096): AT(18)> AT+CGSMS=1
07-29 15:00:28.071 D/use-Rlog/RLOG-RIL{0}( 9096): b89ad420 onRequest:[-1639824947] QUERY_NETWORK_SELECTION_MODE
07-29 15:00:28.071 I/use-Rlog/RLOG-RIL{0}( 9096): sending request QUERY_NETWORK_SELECTION_MODE on channel 0
07-29 15:00:28.072 D/use-Rlog/RLOG-RIL AT{0}( 9096): AT(18)< +CME ERROR: 769
07-29 15:00:28.072 D/use-Rlog/RLOG-RIL AT{0}( 9096): AT(18)> AT+CCWA=1
07-29 15:00:28.074 D/use-Rlog/RLOG-RIL AT{0}( 9096): AT(18)< OK
07-29 15:00:28.074 D/use-Rlog/RLOG-RIL AT{0}( 9096): AT(18)> AT+CSSN=0,1
07-29 15:00:28.076 D/use-Rlog/RLOG-RIL AT{0}( 9096): AT(18)< OK
07-29 15:00:28.076 D/use-Rlog/RLOG-RIL AT{0}( 9096): AT(18)> AT+CUSD=1
07-29 15:00:28.078 D/use-Rlog/RLOG-RIL AT{0}( 9096): AT(18)< OK
07-29 15:00:28.078 D/use-Rlog/RLOG-RIL AT{0}( 9096): AT(18)> AT%ILCC=1
07-29 15:00:28.079 D/use-Rlog/RLOG-RIL AT{0}( 9096): AT(18)< OK
07-29 15:00:28.079 D/use-Rlog/RLOG-RIL AT{0}( 9096): AT(18)> AT+CGAUTO=1
07-29 15:00:28.081 D/use-Rlog/RLOG-RIL AT{0}( 9096): AT(18)< +CME ERROR: 107
07-29 15:00:28.081 D/use-Rlog/RLOG-RIL AT{0}( 9096): AT(18)> AT%INWRESTRICTU=1
07-29 15:00:28.083 D/use-Rlog/RLOG-RIL AT{0}( 9096): AT(18)< ERROR
07-29 15:00:28.083 D/use-Rlog/RLOG-RIL AT{0}( 9096): AT(18)> AT%INWRESTRICTU
07-29 15:00:28.086 D/use-Rlog/RLOG-RIL AT{0}( 9096): AT(18)< ERROR
07-29 15:00:28.086 D/use-Rlog/RLOG-RIL AT{0}( 9096): AT(18)> AT%ICESQU?
07-29 15:00:28.086 D/use-Rlog/RLOG-RIL AT{0}( 9096): AT(18)< %ICESQU: 1,5,6,1,6,12,12,6
07-29 15:00:28.086 D/use-Rlog/RLOG-RIL AT{0}( 9096): AT(18)< OK
07-29 15:00:28.086 D/use-Rlog/RLOG-RIL AT{0}( 9096): AT(18)> AT%ICESQU=1,5,6,1,6,12,12,6
07-29 15:00:28.087 D/use-Rlog/RLOG-RIL AT{0}( 9096): AT(18)< OK
07-29 15:00:28.087 D/use-Rlog/RLOG-RIL AT{0}( 9096): AT(18)> AT+CESQ
07-29 15:00:28.087 D/use-Rlog/RLOG-RIL AT{0}( 9096): AT(18)< +CESQ: 99,99,255,255,255,255
07-29 15:00:28.087 D/use-Rlog/RLOG-RIL{0}( 9096): Kernel time: [16360.467957]
07-29 15:00:28.087 D/use-Rlog/RLOG-RIL{0}( 9096): b89ae710 onUnsolicited: +CESQ: 99,99,255,255,255,255 null
07-29 15:00:28.087 D/use-Rlog/RLOG-RIL AT{0}( 9096): AT(18)< OK
07-29 15:00:28.087 D/use-Rlog/RLOG-RIL AT{0}( 9096): AT(18)> AT+CPIN?
07-29 15:00:28.089 D/use-Rlog/RLOG-RIL AT{0}( 9096): AT(18)< +CPIN: READY
07-29 15:00:28.089 D/use-Rlog/RLOG-RIL AT{0}( 9096): AT(18)< OK
07-29 15:00:28.089 D/use-Rlog/RLOG-RIL{0}( 9096): b89adee8 onHandleUnsolicited: *TSIMINS: 1,1,1 null
07-29 15:00:28.089 D/use-Rlog/RLOG-RIL{0}( 9096): b89adee8 onHandleUnsolicited: %ISIMINIT: 2,0,0 null
07-29 15:00:28.089 D/use-Rlog/RLOG-RIL{0}( 9096): b89adee8 onHandleUnsolicited: %ISIMINIT: 1,0,0 null
07-29 15:00:28.089 D/use-Rlog/RLOG-RIL{0}( 9096): b89adee8 onHandleUnsolicited: +CREG: 2 null
07-29 15:00:28.089 D/use-Rlog/RLOG-RIL{0}( 9096): b89adee8 onHandleUnsolicited: %NWSTATE: 0,00000,0,-,0 null
07-29 15:00:28.090 D/use-Rlog/RLOG-RIL{0}( 9096): b89adee8 onHandleUnsolicited: +CEREG: 2,0 null
07-29 15:00:28.090 D/use-Rlog/RLOG-RIL{0}( 9096): b89adee8 onHandleUnsolicited: +CREG: 2,2 null
07-29 15:00:28.090 D/use-Rlog/RLOG-RIL{0}( 9096): b89adee8 onHandleUnsolicited: +CGREG: 2,0 null
07-29 15:00:28.090 D/use-Rlog/RLOG-RIL{0}( 9096): b89adee8 onHandleUnsolicited: +CEREG: 2,0 null
07-29 15:00:28.090 D/use-Rlog/RLOG-RIL{0}( 9096): b89adee8 onHandleUnsolicited: +CESQ: 99,99,255,255,255,255 null
07-29 15:00:28.090 I/use-Rlog/RLOG-RIL{0}( 9096): Invalid/empty measurement report
07-29 15:00:28.090 D/use-Rlog/RLOG-RIL{0}( 9096): b89adee8 onHandleUnsolicited: %NWSTATE: 0,00000,0,-,0 null
07-29 15:00:28.090 D/use-Rlog/RLOG-RIL{0}( 9096): b89adee8 onHandleUnsolicited: +CESQ: 99,99,255,255,255,255 null
07-29 15:00:28.090 I/use-Rlog/RLOG-RIL{0}( 9096): Invalid/empty measurement report
07-29 15:00:28.090 D/use-Rlog/RLOG-RIL{0}( 9096): b89adee8 onHandleRequest:[-1639824962] GSM_SET_BROADCAST_SMS_CONFIG
07-29 15:00:28.090 D/use-Rlog/RLOG-RIL{0}( 9096): requestGSMSetBroadcastSMSConfig param 0 - 4370, 4379, 0, 255, 1
07-29 15:00:28.090 D/use-Rlog/RLOG-RIL AT{0}( 9096): AT(18)> AT+CSCB=0,"4370-4379","0-15"
07-29 15:00:28.090 D/RILJ    ( 3704): [8685]< RADIO_POWER 
07-29 15:00:28.090 D/RILJ    ( 3704): [UNSL]< UNSOL_SIM_REFRESH {1, null, 0}
07-29 15:00:28.090 D/RILJ    ( 3704): [UNSL]< UNSOL_RESPONSE_SIM_STATUS_CHANGED
07-29 15:00:28.090 D/RILJ    ( 3704): [UNSL]< UNSOL_RESPONSE_SIM_STATUS_CHANGED
07-29 15:00:28.090 D/SIMRecords( 3704): [SIMRecords] Sim REFRESH with exception: null
07-29 15:00:28.090 D/RILJ    ( 3704): [UNSL]< UNSOL_RESPONSE_VOICE_NETWORK_STATE_CHANGED
07-29 15:00:28.090 D/SIMRecords( 3704): [SIMRecords] handleSimRefresh with SIM_REFRESH_INIT
07-29 15:00:28.090 D/UiccController( 3704): Received EVENT_ICC_STATUS_CHANGED, calling getIccCardStatus
07-29 15:00:28.090 D/RILJ    ( 3704): [8702]> GET_SIM_STATUS
07-29 15:00:28.091 D/use-Rlog/RLOG-RIL AT{0}( 9096): AT(18)< +CMS ERROR: 521
07-29 15:00:28.091 D/use-Rlog/RLOG-RIL{0}( 9096): b89adee8 onHandleRequest:[-1639824961] GET_SIM_STATUS
07-29 15:00:28.091 D/use-Rlog/RLOG-RIL AT{0}( 9096): AT(18)> AT+CPIN?
07-29 15:00:28.091 D/use-Rlog/RLOG-RIL{0}( 9096): b89ad420 onRequest:[-1639824946] GET_SIM_STATUS
07-29 15:00:28.091 D/UiccController( 3704): Received EVENT_ICC_STATUS_CHANGED, calling getIccCardStatus
07-29 15:00:28.091 I/use-Rlog/RLOG-RIL{0}( 9096): sending request GET_SIM_STATUS on channel 0
07-29 15:00:28.091 D/RilRequest( 3704): [8686]< RIL_REQUEST_GSM_SET_BROADCAST_CONFIG error: com.android.internal.telephony.CommandException: GENERIC_FAILURE ret=
07-29 15:00:28.091 D/RILJ    ( 3704): [8703]> GET_SIM_STATUS
07-29 15:00:28.092 D/use-Rlog/RLOG-RIL{0}( 9096): b89ad420 onRequest:[-1639824945] GET_SIM_STATUS
07-29 15:00:28.092 I/use-Rlog/RLOG-RIL{0}( 9096): sending request GET_SIM_STATUS on channel 0
07-29 15:00:28.092 D/RILJ    ( 3704): [8704]> OPERATOR
07-29 15:00:28.092 D/use-Rlog/RLOG-RIL{0}( 9096): b89ad420 onRequest:[-1639824944] OPERATOR
07-29 15:00:28.092 I/use-Rlog/RLOG-RIL{0}( 9096): sending request OPERATOR on channel 0
07-29 15:00:28.092 D/RILJ    ( 3704): [8705]> DATA_REGISTRATION_STATE
07-29 15:00:28.093 D/use-Rlog/RLOG-RIL{0}( 9096): b89ad420 onRequest:[-1639824943] DATA_REGISTRATION_STATE
07-29 15:00:28.093 D/RILJ    ( 3704): [8706]> VOICE_REGISTRATION_STATE
07-29 15:00:28.093 I/use-Rlog/RLOG-RIL{0}( 9096): sending request DATA_REGISTRATION_STATE on channel 0
07-29 15:00:28.093 D/use-Rlog/RLOG-RIL AT{0}( 9096): AT(18)< +CPIN: READY
07-29 15:00:28.093 D/use-Rlog/RLOG-RIL AT{0}( 9096): AT(18)< OK
07-29 15:00:28.093 D/use-Rlog/RLOG-RIL AT{0}( 9096): AT(18)> AT*TSIMINS?
07-29 15:00:28.094 D/use-Rlog/RLOG-RIL{0}( 9096): b89ad420 onRequest:[-1639824942] VOICE_REGISTRATION_STATE
07-29 15:00:28.094 I/use-Rlog/RLOG-RIL{0}( 9096): sending request VOICE_REGISTRATION_STATE on channel 0
07-29 15:00:28.094 D/RILJ    ( 3704): [8707]> QUERY_NETWORK_SELECTION_MODE
07-29 15:00:28.094 D/use-Rlog/RLOG-RIL{0}( 9096): b89ad420 onRequest:[-1639824941] QUERY_NETWORK_SELECTION_MODE
07-29 15:00:28.094 I/use-Rlog/RLOG-RIL{0}( 9096): sending request QUERY_NETWORK_SELECTION_MODE on channel 0
07-29 15:00:28.095 D/use-Rlog/RLOG-RIL AT{0}( 9096): AT(18)< *TSIMINS: 1,1,1
07-29 15:00:28.095 D/use-Rlog/RLOG-RIL AT{0}( 9096): AT(18)< OK
07-29 15:00:28.095 D/use-Rlog/RLOG-RIL AT{0}( 9096): AT(18)> AT%PINNUM?
07-29 15:00:28.097 D/RILJ    ( 3704): [8708]> RIL_REQUEST_GSM_SET_BROADCAST_CONFIG with 2 configs : 
07-29 15:00:28.097 D/RILJ    ( 3704): SmsBroadcastConfigInfo: Id [4370,4379] Code [0,255] ENABLED
07-29 15:00:28.097 D/RILJ    ( 3704): SmsBroadcastConfigInfo: Id [4356,4356] Code [0,255] ENABLED
07-29 15:00:28.097 D/use-Rlog/RLOG-RIL AT{0}( 9096): AT(18)< %PINNUM: 3, 10, 3, 10
07-29 15:00:28.097 D/use-Rlog/RLOG-RIL AT{0}( 9096): AT(18)< OK
07-29 15:00:28.097 D/use-Rlog/RLOG-RIL{0}( 9096): b89adee8 onHandleRequest:[-1639824960] OPERATOR
07-29 15:00:28.097 D/use-Rlog/RLOG-RIL AT{0}( 9096): AT(18)> AT+COPS=3,0;+COPS?;+COPS=3,1;+COPS?;+COPS=3,2;+COPS?
07-29 15:00:28.097 D/use-Rlog/RLOG-RIL{0}( 9096): b89ad420 onRequest:[-1639824940] GSM_SET_BROADCAST_SMS_CONFIG
07-29 15:00:28.097 I/use-Rlog/RLOG-RIL{0}( 9096): sending request GSM_SET_BROADCAST_SMS_CONFIG on channel 0
07-29 15:00:28.098 D/RILJ    ( 3704): [8687]< GET_SIM_STATUS IccCardState {CARDSTATE_PRESENT,PINSTATE_UNKNOWN,num_apps=1,gsm_id=0{APPTYPE_USIM,APPSTATE_READY,pin1=PINSTATE_UNKNOWN,pin2=PINSTATE_UNKNOWN},cdma_id=8,ims_id=8}
07-29 15:00:28.098 D/use-Rlog/RLOG-RIL AT{0}( 9096): AT(18)< +COPS: 1
07-29 15:00:28.098 D/use-Rlog/RLOG-RIL AT{0}( 9096): AT(18)< +COPS: 1
07-29 15:00:28.098 D/use-Rlog/RLOG-RIL AT{0}( 9096): AT(18)< +COPS: 1
07-29 15:00:28.098 D/use-Rlog/RLOG-RIL AT{0}( 9096): AT(18)< OK
07-29 15:00:28.099 D/use-Rlog/RLOG-RIL{0}( 9096): b89adee8 onHandleRequest:[-1639824959] DATA_REGISTRATION_STATE
07-29 15:00:28.099 D/use-Rlog/RLOG-RIL{0}( 9096): b89adee8 onHandleRequest:[-1639824958] VOICE_REGISTRATION_STATE
07-29 15:00:28.099 D/use-Rlog/RLOG-RIL{0}( 9096): b89adee8 onHandleRequest:[-1639824957] QUERY_NETWORK_SELECTION_MODE
07-29 15:00:28.099 D/use-Rlog/RLOG-RIL{0}( 9096): Providing cached network selection details
07-29 15:00:28.099 D/use-Rlog/RLOG-RIL{0}( 9096): b89adee8 onHandleRequest:[-1639824956] GET_SIM_STATUS
07-29 15:00:28.099 D/use-Rlog/RLOG-RIL AT{0}( 9096): AT(18)> AT+CPIN?
07-29 15:00:28.099 D/UiccController( 3704): Received EVENT_GET_ICC_STATUS_DONE
07-29 15:00:28.099 D/UiccCard( 3704): 1 applications
07-29 15:00:28.099 D/UiccCardApplication( 3704): APPTYPE_USIM update. New {APPTYPE_USIM,APPSTATE_READY,pin1=PINSTATE_UNKNOWN,pin2=PINSTATE_UNKNOWN}
07-29 15:00:28.099 D/UiccCardApplication( 3704): APPTYPE_USIM changed state: APPSTATE_DETECTED -> APPSTATE_READY
07-29 15:00:28.099 D/RILJ    ( 3704): [8688]< OPERATOR {null, null, null}
07-29 15:00:28.099 D/RILJ    ( 3704): [8709]> QUERY_FACILITY_LOCK [FD 7 null]
07-29 15:00:28.099 D/RILJ    ( 3704): [8689]< DATA_REGISTRATION_STATE {0, null, null, 0, null, 2}
07-29 15:00:28.100 D/use-Rlog/RLOG-RIL{0}( 9096): b89ad420 onRequest:[-1639824939] QUERY_FACILITY_LOCK
07-29 15:00:28.100 I/use-Rlog/RLOG-RIL{0}( 9096): sending request QUERY_FACILITY_LOCK on channel 0
07-29 15:00:28.100 D/RILJ    ( 3704): [8710]> QUERY_FACILITY_LOCK [SC 7 null]
07-29 15:00:28.100 D/RILJ    ( 3704): [8690]< VOICE_REGISTRATION_STATE {2, null, null, 0}
07-29 15:00:28.100 D/UiccCardApplication( 3704): Notifying registrants: READY
07-29 15:00:28.100 D/use-Rlog/RLOG-RIL{0}( 9096): b89ad420 onRequest:[-1639824938] QUERY_FACILITY_LOCK
07-29 15:00:28.100 I/use-Rlog/RLOG-RIL{0}( 9096): sending request QUERY_FACILITY_LOCK on channel 0
07-29 15:00:28.100 D/RILJ    ( 3704): [8691]< QUERY_NETWORK_SELECTION_MODE {1}
07-29 15:00:28.100 D/CAT     ( 3704): CatService: Return current sInstance
07-29 15:00:28.100 E/UiccCard( 3704): App index 8 is invalid since there are no applications
07-29 15:00:28.100 E/UiccCard( 3704): App index 8 is invalid since there are no applications
07-29 15:00:28.101 D/UiccCard( 3704): update: radioState=RADIO_ON mLastRadioState=RADIO_OFF
07-29 15:00:28.101 D/UiccController( 3704): Notifying IccChangedRegistrants
07-29 15:00:28.101 D/use-Rlog/RLOG-RIL AT{0}( 9096): AT(18)< +CPIN: READY
07-29 15:00:28.101 D/use-Rlog/RLOG-RIL AT{0}( 9096): AT(18)< OK
07-29 15:00:28.101 D/SIMRecords( 3704): [SIMRecords] fetchSimRecords 0
07-29 15:00:28.101 D/use-Rlog/RLOG-RIL AT{0}( 9096): AT(18)> AT*TSIMINS?
07-29 15:00:28.101 D/RILJ    ( 3704): [8711]> getIMSI: GET_IMSI aid: null
07-29 15:00:28.101 D/use-Rlog/RLOG-RIL{0}( 9096): b89ad420 onRequest:[-1639824937] GET_IMSI
07-29 15:00:28.101 I/use-Rlog/RLOG-RIL{0}( 9096): sending request GET_IMSI on channel 0
07-29 15:00:28.101 D/RILJ    ( 3704): [8712]> iccIO: SIM_IO 0xc0 0x2fe2  path: 3F00,0,0,15 aid: null
07-29 15:00:28.102 D/use-Rlog/RLOG-RIL{0}( 9096): b89ad420 onRequest:[-1639824936] SIM_IO
07-29 15:00:28.102 I/use-Rlog/RLOG-RIL{0}( 9096): sending request SIM_IO on channel 0
07-29 15:00:28.102 D/RILJ    ( 3704): [8713]> iccIO: SIM_IO 0xc0 0x6f40  path: 3F007FFF,0,0,15 aid: null
07-29 15:00:28.103 D/use-Rlog/RLOG-RIL AT{0}( 9096): AT(18)< *TSIMINS: 1,1,1
07-29 15:00:28.103 D/use-Rlog/RLOG-RIL AT{0}( 9096): AT(18)< OK
07-29 15:00:28.103 D/use-Rlog/RLOG-RIL AT{0}( 9096): AT(18)> AT%PINNUM?
07-29 15:00:28.103 D/RILJ    ( 3704): [8714]> iccIO: SIM_IO 0xc0 0x6fc9  path: 3F007FFF,0,0,15 aid: null
07-29 15:00:28.103 D/use-Rlog/RLOG-RIL{0}( 9096): b89ad420 onRequest:[-1639824935] SIM_IO
07-29 15:00:28.103 I/use-Rlog/RLOG-RIL{0}( 9096): sending request SIM_IO on channel 0
07-29 15:00:28.103 D/use-Rlog/RLOG-RIL{0}( 9096): b89ad420 onRequest:[-1639824934] SIM_IO
07-29 15:00:28.103 I/use-Rlog/RLOG-RIL{0}( 9096): sending request SIM_IO on channel 0
07-29 15:00:28.103 D/RILJ    ( 3704): [8715]> iccIO: SIM_IO 0xc0 0x6fad  path: 3F007FFF,0,0,15 aid: null
07-29 15:00:28.104 D/use-Rlog/RLOG-RIL{0}( 9096): b89ad420 onRequest:[-1639824933] SIM_IO
07-29 15:00:28.104 I/use-Rlog/RLOG-RIL{0}( 9096): sending request SIM_IO on channel 0
07-29 15:00:28.104 D/RILJ    ( 3704): [8716]> iccIO: SIM_IO 0xc0 0x6fca  path: 3F007FFF,0,0,15 aid: null
07-29 15:00:28.104 D/use-Rlog/RLOG-RIL AT{0}( 9096): AT(18)< %PINNUM: 3, 10, 3, 10
07-29 15:00:28.104 D/use-Rlog/RLOG-RIL AT{0}( 9096): AT(18)< OK
07-29 15:00:28.105 D/use-Rlog/RLOG-RIL{0}( 9096): b89adee8 onHandleRequest:[-1639824955] GET_CURRENT_CALLS
07-29 15:00:28.105 D/use-Rlog/RLOG-RIL AT{0}( 9096): AT(18)> AT+CLCC
07-29 15:00:28.105 D/use-Rlog/RLOG-RIL{0}( 9096): b89ad420 onRequest:[-1639824932] SIM_IO
07-29 15:00:28.105 I/use-Rlog/RLOG-RIL{0}( 9096): sending request SIM_IO on channel 0
07-29 15:00:28.105 D/RILJ    ( 3704): [8692]< GET_SIM_STATUS IccCardState {CARDSTATE_PRESENT,PINSTATE_UNKNOWN,num_apps=1,gsm_id=0{APPTYPE_USIM,APPSTATE_READY,pin1=PINSTATE_UNKNOWN,pin2=PINSTATE_UNKNOWN},cdma_id=8,ims_id=8}
07-29 15:00:28.105 D/RILJ    ( 3704): [8717]> iccIO: SIM_IO 0xc0 0x6f11  path: 3F007FFF,0,0,15 aid: null
07-29 15:00:28.106 D/use-Rlog/RLOG-RIL{0}( 9096): b89ad420 onRequest:[-1639824931] SIM_IO
07-29 15:00:28.106 I/use-Rlog/RLOG-RIL{0}( 9096): sending request SIM_IO on channel 0
07-29 15:00:28.106 D/RILJ    ( 3704): [8718]> iccIO: SIM_IO 0xc0 0x6fcb  path: 3F007FFF,0,0,15 aid: null
07-29 15:00:28.107 D/use-Rlog/RLOG-RIL AT{0}( 9096): AT(18)< OK
07-29 15:00:28.107 D/use-Rlog/RLOG-RIL{0}( 9096): requestGetCurrentCalls: 0 calls
07-29 15:00:28.107 D/use-Rlog/RLOG-RIL{0}( 9096): requestGetCurrentCalls: 0 valid calls
07-29 15:00:28.107 D/use-Rlog/RLOG-RIL{0}( 9096): b89adee8 onHandleRequest:[-1639824954] IMS_REGISTRATION_STATE
07-29 15:00:28.107 D/use-Rlog/RLOG-RIL{0}( 9096): b89adee8 onHandleRequest:[-1639824953] VOICE_RADIO_TECH
07-29 15:00:28.107 D/use-Rlog/RLOG-RIL{0}( 9096): b89adee8 onHandleRequest:[-1639824952] CDMA_GET_SUBSCRIPTION_SOURCE
07-29 15:00:28.107 E/use-Rlog/RLOG-RIL{0}( 9096): Request 104 [CDMA_GET_SUBSCRIPTION_SOURCE] not supported
