--------- beginning of /dev/log/system
07-29 14:08:04.677 D/WifiController( 1921): battery changed pluggedType: 2
--------- beginning of /dev/log/main
07-29 14:09:00.190 D/dalvikvm( 3515): GC_CONCURRENT freed 3840K, 70% free 10428K/34152K, paused 19ms+22ms, total 133ms
07-29 14:09:05.387 D/WifiController( 1921): battery changed pluggedType: 2
07-29 14:09:17.795 D/dalvikvm( 4880): GC_CONCURRENT freed 378K, 28% free 3345K/4628K, paused 20ms+5ms, total 68ms
07-29 14:09:18.159 D/dalvikvm( 1921): GC_CONCURRENT freed 1448K, 33% free 9023K/13436K, paused 9ms+10ms, total 175ms
07-29 14:09:25.411 D/WifiController( 1921): battery changed pluggedType: 2
07-29 14:09:45.504 D/WifiController( 1921): battery changed pluggedType: 2
07-29 14:10:05.623 D/WifiController( 1921): battery changed pluggedType: 2
07-29 14:11:05.966 D/WifiController( 1921): battery changed pluggedType: 2
07-29 14:11:26.212 D/WifiController( 1921): battery changed pluggedType: 2
07-29 14:11:46.474 D/WifiController( 1921): battery changed pluggedType: 2
07-29 14:12:06.929 D/WifiController( 1921): battery changed pluggedType: 2
07-29 14:12:27.024 D/WifiController( 1921): battery changed pluggedType: 2
07-29 14:12:47.136 D/WifiController( 1921): battery changed pluggedType: 2
07-29 14:13:07.287 D/WifiController( 1921): battery changed pluggedType: 2
07-29 14:13:27.373 D/WifiController( 1921): battery changed pluggedType: 2
07-29 14:13:47.475 D/WifiController( 1921): battery changed pluggedType: 2
07-29 14:14:07.535 D/WifiController( 1921): battery changed pluggedType: 2
07-29 14:14:27.667 D/WifiController( 1921): battery changed pluggedType: 2
07-29 14:14:47.901 D/WifiController( 1921): battery changed pluggedType: 2
07-29 14:15:18.106 D/dalvikvm( 4880): GC_CONCURRENT freed 402K, 28% free 3338K/4628K, paused 5ms+15ms, total 99ms
07-29 14:16:08.741 D/WifiController( 1921): battery changed pluggedType: 2
07-29 14:16:48.934 D/WifiController( 1921): battery changed pluggedType: 2
07-29 14:17:09.153 D/WifiController( 1921): battery changed pluggedType: 2
07-29 14:17:29.314 D/WifiController( 1921): battery changed pluggedType: 2
07-29 14:17:49.660 D/WifiController( 1921): battery changed pluggedType: 2
07-29 14:18:00.363 I/ICEUTIL (  163): WakelockActuate: writing fildLock to /sys/power/wake_lock
07-29 14:18:00.363 D/FILD    (  163): OBEX: Core: Received packet: 0x3 0x3e 0x3b 0x3b 0x1
07-29 14:18:00.364 I/FILD    (  163): OBEX: File: HandleFirstGetResponse: File /data/rfs/data/modem/transaction.log not found.
07-29 14:18:00.364 D/FILD    (  163): OBEX: Core: obex_CoreSendSimplePacket: 0xd0 0x3
07-29 14:18:00.365 I/ICEUTIL (  163): WakelockActuate: writing fildLock to /sys/power/wake_unlock
07-29 14:18:00.366 I/ICEUTIL (  163): WakelockActuate: writing fildLock to /sys/power/wake_lock
07-29 14:18:00.366 D/FILD    (  163): OBEX: Core: Received packet: 0x3 0x3e 0x3b 0x3b 0x1
07-29 14:18:00.366 I/FILD    (  163): OBEX: File: HandleFirstGetResponse: File /data/rfs/data/modem/transaction.log not found.
07-29 14:18:00.366 D/FILD    (  163): OBEX: Core: obex_CoreSendSimplePacket: 0xd0 0x3
07-29 14:18:00.367 I/ICEUTIL (  163): WakelockActuate: writing fildLock to /sys/power/wake_unlock
07-29 14:18:00.368 I/ICEUTIL (  163): WakelockActuate: writing fildLock to /sys/power/wake_lock
07-29 14:18:00.368 D/FILD    (  163): OBEX: Core: Received packet: 0x82 0x41 0x3e 0x3b 0x1
07-29 14:18:00.368 D/FILD    (  163): OBEX: Core: Received packet: 0x82 0x41 0x3e 0x3 0x49
07-29 14:18:00.370 D/FILD    (  163): OBEX: Core: obex_CoreSendSimplePacket: 0xa0 0x3
07-29 14:18:00.371 I/ICEUTIL (  163): WakelockActuate: writing fildLock to /sys/power/wake_unlock
07-29 14:18:00.371 I/ICEUTIL (  163): WakelockActuate: writing fildLock to /sys/power/wake_lock
07-29 14:18:00.371 D/FILD    (  163): OBEX: Core: Received packet: 0x2 0x3e 0x3b 0x3b 0x1
07-29 14:18:00.371 D/FILD    (  163): OBEX: Core: obex_CoreSendSimplePacket: 0x90 0x3
07-29 14:18:00.372 I/ICEUTIL (  163): WakelockActuate: writing fildLock to /sys/power/wake_unlock
07-29 14:18:00.373 I/ICEUTIL (  163): WakelockActuate: writing fildLock to /sys/power/wake_lock
07-29 14:18:00.373 D/FILD    (  163): OBEX: Core: Received packet: 0x82 0x4c4 0x4c1 0x4c1 0x49
07-29 14:18:00.373 I/FILD    (  163): OBEX: File: HandleBodyEndOfBodyHeaders: write in /data/rfs/data/modem/transaction.log
07-29 14:18:00.374 D/FILD    (  163): OBEX: Core: obex_CoreSendSimplePacket: 0xa0 0x3
07-29 14:18:00.375 I/ICEUTIL (  163): WakelockActuate: writing fildLock to /sys/power/wake_unlock
07-29 14:18:00.376 I/ICEUTIL (  163): WakelockActuate: writing fildLock to /sys/power/wake_lock
07-29 14:18:00.376 D/FILD    (  163): OBEX: Core: Received packet: 0x2 0x60 0x5d 0x5d 0x1
07-29 14:18:00.376 D/FILD    (  163): OBEX: Core: obex_CoreSendSimplePacket: 0x90 0x3
07-29 14:18:00.377 I/ICEUTIL (  163): WakelockActuate: writing fildLock to /sys/power/wake_unlock
07-29 14:18:00.377 I/ICEUTIL (  163): WakelockActuate: writing fildLock to /sys/power/wake_lock
07-29 14:18:00.377 D/FILD    (  163): OBEX: Core: Received packet: 0x82 0x442 0x43f 0x43f 0x49
07-29 14:18:00.378 I/FILD    (  163): OBEX: File: HandleBodyEndOfBodyHeaders: write in /data/rfs/data/modem/NRAM2_PLMN_CARRIER_LIST_DATA.bin
07-29 14:18:00.378 D/FILD    (  163): OBEX: Core: obex_CoreSendSimplePacket: 0xa0 0x3
07-29 14:18:00.379 I/ICEUTIL (  163): WakelockActuate: writing fildLock to /sys/power/wake_unlock
07-29 14:18:00.380 I/ICEUTIL (  163): WakelockActuate: writing fildLock to /sys/power/wake_lock
07-29 14:18:00.380 D/FILD    (  163): OBEX: Core: Received packet: 0x82 0x3e 0x3b 0x3b 0x1
07-29 14:18:00.380 I/FILD    (  163): OBEX: File: HandlePutRequest: removing /data/rfs/data/modem/transaction.log
07-29 14:18:00.381 D/FILD    (  163): OBEX: Core: obex_CoreSendSimplePacket: 0xa0 0x3
07-29 14:18:00.382 I/ICEUTIL (  163): WakelockActuate: writing fildLock to /sys/power/wake_unlock
07-29 14:18:00.383 I/ICEUTIL (  163): WakelockActuate: writing fildLock to /sys/power/wake_lock
07-29 14:18:00.383 D/FILD    (  163): OBEX: Core: Received packet: 0x3 0x3e 0x3b 0x3b 0x1
07-29 14:18:00.383 I/FILD    (  163): OBEX: File: HandleFirstGetResponse: File /data/rfs/data/modem/transaction.log not found.
07-29 14:18:00.384 D/FILD    (  163): OBEX: Core: obex_CoreSendSimplePacket: 0xd0 0x3
07-29 14:18:00.385 I/ICEUTIL (  163): WakelockActuate: writing fildLock to /sys/power/wake_unlock
07-29 14:18:00.385 I/ICEUTIL (  163): WakelockActuate: writing fildLock to /sys/power/wake_lock
07-29 14:18:00.385 D/FILD    (  163): OBEX: Core: Received packet: 0x3 0x3e 0x3b 0x3b 0x1
07-29 14:18:00.386 I/FILD    (  163): OBEX: File: HandleFirstGetResponse: File /data/rfs/data/modem/transaction.log not found.
07-29 14:18:00.386 D/FILD    (  163): OBEX: Core: obex_CoreSendSimplePacket: 0xd0 0x3
07-29 14:18:00.386 I/ICEUTIL (  163): WakelockActuate: writing fildLock to /sys/power/wake_unlock
07-29 14:18:00.387 I/ICEUTIL (  163): WakelockActuate: writing fildLock to /sys/power/wake_lock
07-29 14:18:00.387 D/FILD    (  163): OBEX: Core: Received packet: 0x82 0x41 0x3e 0x3b 0x1
07-29 14:18:00.387 D/FILD    (  163): OBEX: Core: Received packet: 0x82 0x41 0x3e 0x3 0x49
07-29 14:18:00.388 D/FILD    (  163): OBEX: Core: obex_CoreSendSimplePacket: 0xa0 0x3
07-29 14:18:00.389 I/ICEUTIL (  163): WakelockActuate: writing fildLock to /sys/power/wake_unlock
07-29 14:18:00.390 I/ICEUTIL (  163): WakelockActuate: writing fildLock to /sys/power/wake_lock
07-29 14:18:00.390 D/FILD    (  163): OBEX: Core: Received packet: 0x2 0x3e 0x3b 0x3b 0x1
07-29 14:18:00.390 D/FILD    (  163): OBEX: Core: obex_CoreSendSimplePacket: 0x90 0x3
07-29 14:18:00.391 I/ICEUTIL (  163): WakelockActuate: writing fildLock to /sys/power/wake_unlock
07-29 14:18:00.391 I/ICEUTIL (  163): WakelockActuate: writing fildLock to /sys/power/wake_lock
07-29 14:18:00.392 D/FILD    (  163): OBEX: Core: Received packet: 0x82 0x19c 0x199 0x199 0x49
07-29 14:18:00.392 I/FILD    (  163): OBEX: File: HandleBodyEndOfBodyHeaders: write in /data/rfs/data/modem/transaction.log
07-29 14:18:00.393 D/FILD    (  163): OBEX: Core: obex_CoreSendSimplePacket: 0xa0 0x3
07-29 14:18:00.394 I/ICEUTIL (  163): WakelockActuate: writing fildLock to /sys/power/wake_unlock
07-29 14:18:00.394 I/ICEUTIL (  163): WakelockActuate: writing fildLock to /sys/power/wake_lock
07-29 14:18:00.394 D/FILD    (  163): OBEX: Core: Received packet: 0x2 0x5e 0x5b 0x5b 0x1
07-29 14:18:00.395 D/FILD    (  163): OBEX: Core: obex_CoreSendSimplePacket: 0x90 0x3
07-29 14:18:00.395 I/ICEUTIL (  163): WakelockActuate: writing fildLock to /sys/power/wake_unlock
07-29 14:18:00.396 I/ICEUTIL (  163): WakelockActuate: writing fildLock to /sys/power/wake_lock
07-29 14:18:00.396 D/FILD    (  163): OBEX: Core: Received packet: 0x82 0x11a 0x117 0x117 0x49
07-29 14:18:00.396 I/FILD    (  163): OBEX: File: HandleBodyEndOfBodyHeaders: write in /data/rfs/data/modem/NRAM2_MCC_CARRIER_LIST_DATA.bin
07-29 14:18:00.397 D/FILD    (  163): OBEX: Core: obex_CoreSendSimplePacket: 0xa0 0x3
07-29 14:18:00.398 I/ICEUTIL (  163): WakelockActuate: writing fildLock to /sys/power/wake_unlock
07-29 14:18:00.398 I/ICEUTIL (  163): WakelockActuate: writing fildLock to /sys/power/wake_lock
07-29 14:18:00.398 D/FILD    (  163): OBEX: Core: Received packet: 0x82 0x3e 0x3b 0x3b 0x1
07-29 14:18:00.399 I/FILD    (  163): OBEX: File: HandlePutRequest: removing /data/rfs/data/modem/transaction.log
07-29 14:18:00.400 D/FILD    (  163): OBEX: Core: obex_CoreSendSimplePacket: 0xa0 0x3
07-29 14:18:00.400 I/ICEUTIL (  163): WakelockActuate: writing fildLock to /sys/power/wake_unlock
07-29 14:18:00.401 I/ICEUTIL (  163): WakelockActuate: writing fildLock to /sys/power/wake_lock
07-29 14:18:00.401 D/FILD    (  163): OBEX: Core: Received packet: 0x3 0x3e 0x3b 0x3b 0x1
07-29 14:18:00.402 I/FILD    (  163): OBEX: File: HandleFirstGetResponse: File /data/rfs/data/modem/transaction.log not found.
07-29 14:18:00.402 D/FILD    (  163): OBEX: Core: obex_CoreSendSimplePacket: 0xd0 0x3
07-29 14:18:00.403 I/ICEUTIL (  163): WakelockActuate: writing fildLock to /sys/power/wake_unlock
07-29 14:18:00.403 I/ICEUTIL (  163): WakelockActuate: writing fildLock to /sys/power/wake_lock
07-29 14:18:00.404 D/FILD    (  163): OBEX: Core: Received packet: 0x3 0x3e 0x3b 0x3b 0x1
07-29 14:18:00.404 I/FILD    (  163): OBEX: File: HandleFirstGetResponse: File /data/rfs/data/modem/transaction.log not found.
07-29 14:18:00.404 D/FILD    (  163): OBEX: Core: obex_CoreSendSimplePacket: 0xd0 0x3
07-29 14:18:00.405 I/ICEUTIL (  163): WakelockActuate: writing fildLock to /sys/power/wake_unlock
07-29 14:18:00.405 I/ICEUTIL (  163): WakelockActuate: writing fildLock to /sys/power/wake_lock
07-29 14:18:00.405 D/FILD    (  163): OBEX: Core: Received packet: 0x82 0x41 0x3e 0x3b 0x1
07-29 14:18:00.406 D/FILD    (  163): OBEX: Core: Received packet: 0x82 0x41 0x3e 0x3 0x49
07-29 14:18:00.407 D/FILD    (  163): OBEX: Core: obex_CoreSendSimplePacket: 0xa0 0x3
07-29 14:18:00.408 I/ICEUTIL (  163): WakelockActuate: writing fildLock to /sys/power/wake_unlock
07-29 14:18:00.408 I/ICEUTIL (  163): WakelockActuate: writing fildLock to /sys/power/wake_lock
07-29 14:18:00.408 D/FILD    (  163): OBEX: Core: Received packet: 0x2 0x3e 0x3b 0x3b 0x1
07-29 14:18:00.408 D/FILD    (  163): OBEX: Core: obex_CoreSendSimplePacket: 0x90 0x3
07-29 14:18:00.409 I/ICEUTIL (  163): WakelockActuate: writing fildLock to /sys/power/wake_unlock
07-29 14:18:00.410 I/ICEUTIL (  163): WakelockActuate: writing fildLock to /sys/power/wake_lock
07-29 14:18:00.410 D/FILD    (  163): OBEX: Core: Received packet: 0x82 0x198 0x195 0x195 0x49
07-29 14:18:00.410 I/FILD    (  163): OBEX: File: HandleBodyEndOfBodyHeaders: write in /data/rfs/data/modem/transaction.log
07-29 14:18:00.411 D/FILD    (  163): OBEX: Core: obex_CoreSendSimplePacket: 0xa0 0x3
07-29 14:18:00.412 I/ICEUTIL (  163): WakelockActuate: writing fildLock to /sys/power/wake_unlock
07-29 14:18:00.412 I/ICEUTIL (  163): WakelockActuate: writing fildLock to /sys/power/wake_lock
07-29 14:18:00.413 D/FILD    (  163): OBEX: Core: Received packet: 0x2 0x5a 0x57 0x57 0x1
07-29 14:18:00.413 D/FILD    (  163): OBEX: Core: obex_CoreSendSimplePacket: 0x90 0x3
07-29 14:18:00.414 I/ICEUTIL (  163): WakelockActuate: writing fildLock to /sys/power/wake_unlock
07-29 14:18:00.414 I/ICEUTIL (  163): WakelockActuate: writing fildLock to /sys/power/wake_lock
07-29 14:18:00.414 D/FILD    (  163): OBEX: Core: Received packet: 0x82 0x116 0x113 0x113 0x49
07-29 14:18:00.416 I/FILD    (  163): OBEX: File: HandleBodyEndOfBodyHeaders: write in /data/rfs/data/modem/NRAM2_ABMM_WRITEABLE_DATA.bin
07-29 14:18:00.416 D/FILD    (  163): OBEX: Core: obex_CoreSendSimplePacket: 0xa0 0x3
07-29 14:18:00.417 I/ICEUTIL (  163): WakelockActuate: writing fildLock to /sys/power/wake_unlock
07-29 14:18:00.418 I/ICEUTIL (  163): WakelockActuate: writing fildLock to /sys/power/wake_lock
07-29 14:18:00.418 D/FILD    (  163): OBEX: Core: Received packet: 0x82 0x3e 0x3b 0x3b 0x1
07-29 14:18:00.418 I/FILD    (  163): OBEX: File: HandlePutRequest: removing /data/rfs/data/modem/transaction.log
07-29 14:18:00.419 D/FILD    (  163): OBEX: Core: obex_CoreSendSimplePacket: 0xa0 0x3
07-29 14:18:00.420 I/ICEUTIL (  163): WakelockActuate: writing fildLock to /sys/power/wake_unlock
07-29 14:18:00.421 I/ICEUTIL (  163): WakelockActuate: writing fildLock to /sys/power/wake_lock
07-29 14:18:00.421 D/FILD    (  163): OBEX: Core: Received packet: 0x3 0x3e 0x3b 0x3b 0x1
07-29 14:18:00.421 I/FILD    (  163): OBEX: File: HandleFirstGetResponse: File /data/rfs/data/modem/transaction.log not found.
07-29 14:18:00.421 D/FILD    (  163): OBEX: Core: obex_CoreSendSimplePacket: 0xd0 0x3
07-29 14:18:00.422 I/ICEUTIL (  163): WakelockActuate: writing fildLock to /sys/power/wake_unlock
07-29 14:18:00.423 I/ICEUTIL (  163): WakelockActuate: writing fildLock to /sys/power/wake_lock
07-29 14:18:00.423 D/FILD    (  163): OBEX: Core: Received packet: 0x3 0x3e 0x3b 0x3b 0x1
07-29 14:18:00.423 I/FILD    (  163): OBEX: File: HandleFirstGetResponse: File /data/rfs/data/modem/transaction.log not found.
07-29 14:18:00.423 D/FILD    (  163): OBEX: Core: obex_CoreSendSimplePacket: 0xd0 0x3
07-29 14:18:00.424 I/ICEUTIL (  163): WakelockActuate: writing fildLock to /sys/power/wake_unlock
07-29 14:18:00.425 I/ICEUTIL (  163): WakelockActuate: writing fildLock to /sys/power/wake_lock
07-29 14:18:00.425 D/FILD    (  163): OBEX: Core: Received packet: 0x82 0x41 0x3e 0x3b 0x1
07-29 14:18:00.425 D/FILD    (  163): OBEX: Core: Received packet: 0x82 0x41 0x3e 0x3 0x49
07-29 14:18:00.426 D/FILD    (  163): OBEX: Core: obex_CoreSendSimplePacket: 0xa0 0x3
07-29 14:18:00.427 I/ICEUTIL (  163): WakelockActuate: writing fildLock to /sys/power/wake_unlock
07-29 14:18:00.428 I/ICEUTIL (  163): WakelockActuate: writing fildLock to /sys/power/wake_lock
07-29 14:18:00.428 D/FILD    (  163): OBEX: Core: Received packet: 0x2 0x3e 0x3b 0x3b 0x1
07-29 14:18:00.428 D/FILD    (  163): OBEX: Core: obex_CoreSendSimplePacket: 0x90 0x3
07-29 14:18:00.433 I/ICEUTIL (  163): WakelockActuate: writing fildLock to /sys/power/wake_unlock
07-29 14:18:00.433 I/ICEUTIL (  163): WakelockActuate: writing fildLock to /sys/power/wake_lock
07-29 14:18:00.434 D/FILD    (  163): OBEX: Core: Received packet: 0x82 0x198 0x195 0x195 0x49
07-29 14:18:00.434 I/FILD    (  163): OBEX: File: HandleBodyEndOfBodyHeaders: write in /data/rfs/data/modem/transaction.log
07-29 14:18:00.435 D/FILD    (  163): OBEX: Core: obex_CoreSendSimplePacket: 0xa0 0x3
07-29 14:18:00.436 I/ICEUTIL (  163): WakelockActuate: writing fildLock to /sys/power/wake_unlock
07-29 14:18:00.436 I/ICEUTIL (  163): WakelockActuate: writing fildLock to /sys/power/wake_lock
07-29 14:18:00.436 D/FILD    (  163): OBEX: Core: Received packet: 0x2 0x5a 0x57 0x57 0x1
07-29 14:18:00.436 D/FILD    (  163): OBEX: Core: obex_CoreSendSimplePacket: 0x90 0x3
07-29 14:18:00.437 I/ICEUTIL (  163): WakelockActuate: writing fildLock to /sys/power/wake_unlock
07-29 14:18:00.438 I/ICEUTIL (  163): WakelockActuate: writing fildLock to /sys/power/wake_lock
07-29 14:18:00.438 D/FILD    (  163): OBEX: Core: Received packet: 0x82 0x116 0x113 0x113 0x49
07-29 14:18:00.438 I/FILD    (  163): OBEX: File: HandleBodyEndOfBodyHeaders: write in /data/rfs/data/modem/NRAM2_ABMM_WRITEABLE_DATA.bin
07-29 14:18:00.439 D/FILD    (  163): OBEX: Core: obex_CoreSendSimplePacket: 0xa0 0x3
07-29 14:18:00.442 I/ICEUTIL (  163): WakelockActuate: writing fildLock to /sys/power/wake_unlock
07-29 14:18:00.442 I/ICEUTIL (  163): WakelockActuate: writing fildLock to /sys/power/wake_lock
07-29 14:18:00.443 D/FILD    (  163): OBEX: Core: Received packet: 0x82 0x3e 0x3b 0x3b 0x1
07-29 14:18:00.443 I/FILD    (  163): OBEX: File: HandlePutRequest: removing /data/rfs/data/modem/transaction.log
07-29 14:18:00.444 D/FILD    (  163): OBEX: Core: obex_CoreSendSimplePacket: 0xa0 0x3
07-29 14:18:00.445 I/ICEUTIL (  163): WakelockActuate: writing fildLock to /sys/power/wake_unlock
07-29 14:18:00.445 I/ICEUTIL (  163): WakelockActuate: writing fildLock to /sys/power/wake_lock
07-29 14:18:00.446 D/FILD    (  163): OBEX: Core: Received packet: 0x3 0x3e 0x3b 0x3b 0x1
07-29 14:18:00.446 I/FILD    (  163): OBEX: File: HandleFirstGetResponse: File /data/rfs/data/modem/transaction.log not found.
07-29 14:18:00.446 D/FILD    (  163): OBEX: Core: obex_CoreSendSimplePacket: 0xd0 0x3
07-29 14:18:00.447 I/ICEUTIL (  163): WakelockActuate: writing fildLock to /sys/power/wake_unlock
07-29 14:18:00.448 I/ICEUTIL (  163): WakelockActuate: writing fildLock to /sys/power/wake_lock
07-29 14:18:00.448 D/FILD    (  163): OBEX: Core: Received packet: 0x3 0x3e 0x3b 0x3b 0x1
07-29 14:18:00.448 I/FILD    (  163): OBEX: File: HandleFirstGetResponse: File /data/rfs/data/modem/transaction.log not found.
07-29 14:18:00.448 D/FILD    (  163): OBEX: Core: obex_CoreSendSimplePacket: 0xd0 0x3
07-29 14:18:00.449 I/ICEUTIL (  163): WakelockActuate: writing fildLock to /sys/power/wake_unlock
07-29 14:18:00.450 I/ICEUTIL (  163): WakelockActuate: writing fildLock to /sys/power/wake_lock
07-29 14:18:00.450 D/FILD    (  163): OBEX: Core: Received packet: 0x82 0x41 0x3e 0x3b 0x1
07-29 14:18:00.450 D/FILD    (  163): OBEX: Core: Received packet: 0x82 0x41 0x3e 0x3 0x49
07-29 14:18:00.451 D/FILD    (  163): OBEX: Core: obex_CoreSendSimplePacket: 0xa0 0x3
07-29 14:18:00.454 I/ICEUTIL (  163): WakelockActuate: writing fildLock to /sys/power/wake_unlock
07-29 14:18:00.454 I/ICEUTIL (  163): WakelockActuate: writing fildLock to /sys/power/wake_lock
07-29 14:18:00.455 D/FILD    (  163): OBEX: Core: Received packet: 0x2 0x3e 0x3b 0x3b 0x1
07-29 14:18:00.455 D/FILD    (  163): OBEX: Core: obex_CoreSendSimplePacket: 0x90 0x3
07-29 14:18:00.455 I/ICEUTIL (  163): WakelockActuate: writing fildLock to /sys/power/wake_unlock
07-29 14:18:00.456 I/ICEUTIL (  163): WakelockActuate: writing fildLock to /sys/power/wake_lock
07-29 14:18:00.456 D/FILD    (  163): OBEX: Core: Received packet: 0x82 0x198 0x195 0x195 0x49
07-29 14:18:00.457 I/FILD    (  163): OBEX: File: HandleBodyEndOfBodyHeaders: write in /data/rfs/data/modem/transaction.log
07-29 14:18:00.457 D/FILD    (  163): OBEX: Core: obex_CoreSendSimplePacket: 0xa0 0x3
07-29 14:18:00.458 I/ICEUTIL (  163): WakelockActuate: writing fildLock to /sys/power/wake_unlock
07-29 14:18:00.459 I/ICEUTIL (  163): WakelockActuate: writing fildLock to /sys/power/wake_lock
07-29 14:18:00.459 D/FILD    (  163): OBEX: Core: Received packet: 0x2 0x5a 0x57 0x57 0x1
07-29 14:18:00.459 D/FILD    (  163): OBEX: Core: obex_CoreSendSimplePacket: 0x90 0x3
07-29 14:18:00.462 I/ICEUTIL (  163): WakelockActuate: writing fildLock to /sys/power/wake_unlock
07-29 14:18:00.462 I/ICEUTIL (  163): WakelockActuate: writing fildLock to /sys/power/wake_lock
07-29 14:18:00.462 D/FILD    (  163): OBEX: Core: Received packet: 0x82 0x116 0x113 0x113 0x49
07-29 14:18:00.463 I/FILD    (  163): OBEX: File: HandleBodyEndOfBodyHeaders: write in /data/rfs/data/modem/NRAM2_ABMM_WRITEABLE_DATA.bin
07-29 14:18:00.463 D/FILD    (  163): OBEX: Core: obex_CoreSendSimplePacket: 0xa0 0x3
07-29 14:18:00.465 I/ICEUTIL (  163): WakelockActuate: writing fildLock to /sys/power/wake_unlock
07-29 14:18:00.465 I/ICEUTIL (  163): WakelockActuate: writing fildLock to /sys/power/wake_lock
07-29 14:18:00.465 D/FILD    (  163): OBEX: Core: Received packet: 0x82 0x3e 0x3b 0x3b 0x1
07-29 14:18:00.465 I/FILD    (  163): OBEX: File: HandlePutRequest: removing /data/rfs/data/modem/transaction.log
07-29 14:18:00.466 D/FILD    (  163): OBEX: Core: obex_CoreSendSimplePacket: 0xa0 0x3
07-29 14:18:00.466 I/ICEUTIL (  163): WakelockActuate: writing fildLock to /sys/power/wake_unlock
07-29 14:18:02.234 I/ICEUTIL (  163): WakelockActuate: writing fildLock to /sys/power/wake_lock
07-29 14:18:02.234 D/FILD    (  163): OBEX: Core: Received packet: 0x3 0x3e 0x3b 0x3b 0x1
07-29 14:18:02.234 I/FILD    (  163): OBEX: File: HandleFirstGetResponse: File /data/rfs/data/modem/transaction.log not found.
07-29 14:18:02.234 D/FILD    (  163): OBEX: Core: obex_CoreSendSimplePacket: 0xd0 0x3
07-29 14:18:02.235 I/ICEUTIL (  163): WakelockActuate: writing fildLock to /sys/power/wake_unlock
07-29 14:18:02.235 I/ICEUTIL (  163): WakelockActuate: writing fildLock to /sys/power/wake_lock
07-29 14:18:02.235 D/FILD    (  163): OBEX: Core: Received packet: 0x3 0x3e 0x3b 0x3b 0x1
07-29 14:18:02.236 I/FILD    (  163): OBEX: File: HandleFirstGetResponse: File /data/rfs/data/modem/transaction.log not found.
07-29 14:18:02.236 D/FILD    (  163): OBEX: Core: obex_CoreSendSimplePacket: 0xd0 0x3
07-29 14:18:02.236 I/ICEUTIL (  163): WakelockActuate: writing fildLock to /sys/power/wake_unlock
07-29 14:18:02.236 I/ICEUTIL (  163): WakelockActuate: writing fildLock to /sys/power/wake_lock
07-29 14:18:02.236 D/FILD    (  163): OBEX: Core: Received packet: 0x82 0x41 0x3e 0x3b 0x1
07-29 14:18:02.236 D/FILD    (  163): OBEX: Core: Received packet: 0x82 0x41 0x3e 0x3 0x49
07-29 14:18:02.237 D/FILD    (  163): OBEX: Core: obex_CoreSendSimplePacket: 0xa0 0x3
07-29 14:18:02.238 I/ICEUTIL (  163): WakelockActuate: writing fildLock to /sys/power/wake_unlock
07-29 14:18:02.238 I/ICEUTIL (  163): WakelockActuate: writing fildLock to /sys/power/wake_lock
07-29 14:18:02.238 D/FILD    (  163): OBEX: Core: Received packet: 0x2 0x3e 0x3b 0x3b 0x1
07-29 14:18:02.238 D/FILD    (  163): OBEX: Core: obex_CoreSendSimplePacket: 0x90 0x3
07-29 14:18:02.239 I/ICEUTIL (  163): WakelockActuate: writing fildLock to /sys/power/wake_unlock
07-29 14:18:02.239 I/ICEUTIL (  163): WakelockActuate: writing fildLock to /sys/power/wake_lock
07-29 14:18:02.239 D/FILD    (  163): OBEX: Core: Received packet: 0x82 0xd2 0xcf 0xcf 0x49
07-29 14:18:02.239 I/FILD    (  163): OBEX: File: HandleBodyEndOfBodyHeaders: write in /data/rfs/data/modem/transaction.log
07-29 14:18:02.239 D/FILD    (  163): OBEX: Core: obex_CoreSendSimplePacket: 0xa0 0x3
07-29 14:18:02.240 I/ICEUTIL (  163): WakelockActuate: writing fildLock to /sys/power/wake_unlock
07-29 14:18:02.240 I/ICEUTIL (  163): WakelockActuate: writing fildLock to /sys/power/wake_lock
07-29 14:18:02.240 D/FILD    (  163): OBEX: Core: Received packet: 0x2 0x4a 0x47 0x47 0x1
07-29 14:18:02.240 D/FILD    (  163): OBEX: Core: obex_CoreSendSimplePacket: 0x90 0x3
07-29 14:18:02.241 I/ICEUTIL (  163): WakelockActuate: writing fildLock to /sys/power/wake_unlock
07-29 14:18:02.241 I/ICEUTIL (  163): WakelockActuate: writing fildLock to /sys/power/wake_lock
07-29 14:18:02.241 D/FILD    (  163): OBEX: Core: Received packet: 0x82 0x50 0x4d 0x4d 0x49
07-29 14:18:02.241 I/FILD    (  163): OBEX: File: HandleBodyEndOfBodyHeaders: write in /data/rfs/data/modem/NRAM2_EQUIV_PLMNS.bin
07-29 14:18:02.242 D/FILD    (  163): OBEX: Core: obex_CoreSendSimplePacket: 0xa0 0x3
07-29 14:18:02.242 I/ICEUTIL (  163): WakelockActuate: writing fildLock to /sys/power/wake_unlock
07-29 14:18:02.242 I/ICEUTIL (  163): WakelockActuate: writing fildLock to /sys/power/wake_lock
07-29 14:18:02.242 D/FILD    (  163): OBEX: Core: Received packet: 0x82 0x3e 0x3b 0x3b 0x1
07-29 14:18:02.243 I/FILD    (  163): OBEX: File: HandlePutRequest: removing /data/rfs/data/modem/transaction.log
07-29 14:18:02.243 D/FILD    (  163): OBEX: Core: obex_CoreSendSimplePacket: 0xa0 0x3
07-29 14:18:02.243 I/ICEUTIL (  163): WakelockActuate: writing fildLock to /sys/power/wake_unlock
07-29 14:18:04.225 D/ConnectivityService( 1921): Sampling interval elapsed, updating statistics ..
07-29 14:18:04.234 D/ConnectivityService( 1921): Done.
07-29 14:18:04.234 D/ConnectivityService( 1921): Setting timer for 720seconds
07-29 14:18:04.273 I/ICEUTIL (  163): WakelockActuate: writing fildLock to /sys/power/wake_lock
07-29 14:18:04.273 D/FILD    (  163): OBEX: Core: Received packet: 0x3 0x3e 0x3b 0x3b 0x1
07-29 14:18:04.274 I/FILD    (  163): OBEX: File: HandleFirstGetResponse: File /data/rfs/data/modem/transaction.log not found.
07-29 14:18:04.274 D/FILD    (  163): OBEX: Core: obex_CoreSendSimplePacket: 0xd0 0x3
07-29 14:18:04.274 I/ICEUTIL (  163): WakelockActuate: writing fildLock to /sys/power/wake_unlock
07-29 14:18:04.275 I/ICEUTIL (  163): WakelockActuate: writing fildLock to /sys/power/wake_lock
07-29 14:18:04.276 D/FILD    (  163): OBEX: Core: Received packet: 0x3 0x3e 0x3b 0x3b 0x1
07-29 14:18:04.276 I/FILD    (  163): OBEX: File: HandleFirstGetResponse: File /data/rfs/data/modem/transaction.log not found.
07-29 14:18:04.276 D/FILD    (  163): OBEX: Core: obex_CoreSendSimplePacket: 0xd0 0x3
07-29 14:18:04.276 I/ICEUTIL (  163): WakelockActuate: writing fildLock to /sys/power/wake_unlock
07-29 14:18:04.277 I/ICEUTIL (  163): WakelockActuate: writing fildLock to /sys/power/wake_lock
07-29 14:18:04.278 D/FILD    (  163): OBEX: Core: Received packet: 0x3 0x3e 0x3b 0x3b 0x1
07-29 14:18:04.278 I/FILD    (  163): OBEX: File: HandleFirstGetResponse: File /data/rfs/data/modem/transaction.log not found.
07-29 14:18:04.278 D/FILD    (  163): OBEX: Core: obex_CoreSendSimplePacket: 0xd0 0x3
07-29 14:18:04.279 I/ICEUTIL (  163): WakelockActuate: writing fildLock to /sys/power/wake_unlock
07-29 14:18:04.279 I/ICEUTIL (  163): WakelockActuate: writing fildLock to /sys/power/wake_lock
07-29 14:18:04.279 D/FILD    (  163): OBEX: Core: Received packet: 0x82 0x41 0x3e 0x3b 0x1
07-29 14:18:04.280 D/FILD    (  163): OBEX: Core: Received packet: 0x82 0x41 0x3e 0x3 0x49
07-29 14:18:04.281 D/FILD    (  163): OBEX: Core: obex_CoreSendSimplePacket: 0xa0 0x3
07-29 14:18:04.285 I/ICEUTIL (  163): WakelockActuate: writing fildLock to /sys/power/wake_unlock
07-29 14:18:04.286 I/ICEUTIL (  163): WakelockActuate: writing fildLock to /sys/power/wake_lock
07-29 14:18:04.286 D/FILD    (  163): OBEX: Core: Received packet: 0x2 0x3e 0x3b 0x3b 0x1
07-29 14:18:04.286 D/FILD    (  163): OBEX: Core: obex_CoreSendSimplePacket: 0x90 0x3
07-29 14:18:04.287 I/ICEUTIL (  163): WakelockActuate: writing fildLock to /sys/power/wake_unlock
07-29 14:18:04.287 I/ICEUTIL (  163): WakelockActuate: writing fildLock to /sys/power/wake_lock
07-29 14:18:04.287 D/FILD    (  163): OBEX: Core: Received packet: 0x82 0xfa 0xf7 0xf7 0x49
07-29 14:18:04.288 I/FILD    (  163): OBEX: File: HandleBodyEndOfBodyHeaders: write in /data/rfs/data/modem/transaction.log
07-29 14:18:04.288 D/FILD    (  163): OBEX: Core: obex_CoreSendSimplePacket: 0xa0 0x3
07-29 14:18:04.292 I/ICEUTIL (  163): WakelockActuate: writing fildLock to /sys/power/wake_unlock
07-29 14:18:04.293 I/ICEUTIL (  163): WakelockActuate: writing fildLock to /sys/power/wake_lock
07-29 14:18:04.293 D/FILD    (  163): OBEX: Core: Received packet: 0x2 0x4c 0x49 0x49 0x1
07-29 14:18:04.293 D/FILD    (  163): OBEX: Core: obex_CoreSendSimplePacket: 0x90 0x3
07-29 14:18:04.302 I/ICEUTIL (  163): WakelockActuate: writing fildLock to /sys/power/wake_unlock
07-29 14:18:04.302 I/ICEUTIL (  163): WakelockActuate: writing fildLock to /sys/power/wake_lock
07-29 14:18:04.302 D/FILD    (  163): OBEX: Core: Received packet: 0x82 0x78 0x75 0x75 0x49
07-29 14:18:04.303 I/FILD    (  163): OBEX: File: HandleBodyEndOfBodyHeaders: write in /data/rfs/data/modem/NRAM2_USIM_MM_DATA.bin
07-29 14:18:04.303 D/FILD    (  163): OBEX: Core: obex_CoreSendSimplePacket: 0xa0 0x3
07-29 14:18:04.305 I/ICEUTIL (  163): WakelockActuate: writing fildLock to /sys/power/wake_unlock
07-29 14:18:04.305 I/ICEUTIL (  163): WakelockActuate: writing fildLock to /sys/power/wake_lock
07-29 14:18:04.305 D/FILD    (  163): OBEX: Core: Received packet: 0x82 0x3e 0x3b 0x3b 0x1
07-29 14:18:04.305 I/FILD    (  163): OBEX: File: HandlePutRequest: removing /data/rfs/data/modem/transaction.log
07-29 14:18:04.307 D/FILD    (  163): OBEX: Core: obex_CoreSendSimplePacket: 0xa0 0x3
07-29 14:18:04.307 I/ICEUTIL (  163): WakelockActuate: writing fildLock to /sys/power/wake_unlock
07-29 14:18:04.450 D/MobileDataStateTracker( 1921): dun: Broadcast received: android.intent.action.ANY_DATA_STATE apnType=dun
07-29 14:18:04.456 D/MobileDataStateTracker( 1921): dun: Received state=DISCONNECTED, old=DISCONNECTED, reason=dataAttached
07-29 14:18:04.472 D/MobileDataStateTracker( 1921): supl: Broadcast received: android.intent.action.ANY_DATA_STATE apnType=supl
07-29 14:18:04.481 D/MobileDataStateTracker( 1921): supl: Received state=DISCONNECTED, old=DISCONNECTED, reason=dataAttached
07-29 14:18:04.488 D/MobileDataStateTracker( 1921): hipri: Broadcast received: android.intent.action.ANY_DATA_STATE apnType=hipri
07-29 14:18:04.499 D/MobileDataStateTracker( 1921): hipri: Received state=DISCONNECTED, old=DISCONNECTED, reason=dataAttached
07-29 14:18:04.505 D/MobileDataStateTracker( 1921): mms: Broadcast received: android.intent.action.ANY_DATA_STATE apnType=mms
07-29 14:18:04.521 D/MobileDataStateTracker( 1921): mms: Received state=DISCONNECTED, old=DISCONNECTED, reason=dataAttached
07-29 14:18:04.528 D/MobileDataStateTracker( 1921): dun: Broadcast received: android.intent.action.ANY_DATA_STATE apnType=dun
07-29 14:18:04.534 D/MobileDataStateTracker( 1921): dun: Received state=DISCONNECTED, old=DISCONNECTED, reason=dataAttached
07-29 14:18:04.545 D/MobileDataStateTracker( 1921): supl: Broadcast received: android.intent.action.ANY_DATA_STATE apnType=supl
07-29 14:18:04.560 D/MobileDataStateTracker( 1921): supl: Received state=DISCONNECTED, old=DISCONNECTED, reason=dataAttached
07-29 14:18:04.573 D/MobileDataStateTracker( 1921): hipri: Broadcast received: android.intent.action.ANY_DATA_STATE apnType=hipri
07-29 14:18:04.576 D/MobileDataStateTracker( 1921): hipri: Received state=DISCONNECTED, old=DISCONNECTED, reason=dataAttached
07-29 14:18:04.576 D/MobileDataStateTracker( 1921): mms: Broadcast received: android.intent.action.ANY_DATA_STATE apnType=mms
07-29 14:18:04.580 D/MobileDataStateTracker( 1921): mms: Received state=DISCONNECTED, old=DISCONNECTED, reason=dataAttached
07-29 14:18:04.172 V/AlarmClock( 4644): AlarmInitReceiver android.intent.action.TIME_SET
07-29 14:18:04.176 D/dalvikvm( 3921): GC_CONCURRENT freed 396K, 35% free 3436K/5256K, paused 3ms+2ms, total 32ms
07-29 14:18:04.203 I/AlarmClock( 4644): Displaying next alarm time: ''
07-29 14:18:04.213 V/AlarmClock( 4644): AlarmInitReceiver finished
07-29 14:18:04.589 D/        ( 3704): Setting time of day to sec=1438172284
07-29 14:18:09.236 I/ActivityManager( 1921): Delay finish: com.android.providers.calendar/.CalendarProviderBroadcastReceiver
07-29 14:18:09.277 I/ActivityManager( 1921): Resuming delayed broadcast
07-29 14:18:25.212 W/ContextImpl( 4486): Calling a method in the system process without a qualified user: android.app.ContextImpl.startService:1479 android.content.ContextWrapper.startService:494 android.content.ContextWrapper.startService:494 com.karumi.blackphone.wipe.service.receiver.AutoLaunchReceiver.onReceive:20 android.app.ActivityThread.handleReceiver:2419 
07-29 14:18:25.812 I/PowerManagerService( 1921): Waking up from sleep...
07-29 14:18:25.812 D/PowerManagerService( 1921): userActivityNoUpdateLocked: system_ready = false
07-29 14:18:25.833 D/Sensors ( 1921): AccSensor: Control set 1
07-29 14:18:25.833 D/Sensors ( 1921): AccSensor: mEnabled = 1
07-29 14:18:25.844 V/KeyguardServiceDelegate( 1921): onScreenTurnedOn(showListener = com.android.internal.policy.impl.PhoneWindowManager$17@41cee0a0)
07-29 14:18:25.847 V/KeyguardServiceDelegate( 1921): **** SHOWN CALLED ****
07-29 14:18:25.847 I/WindowManager( 1921): No lock screen! windowToken=null
07-29 14:18:25.915 W/BroadcastQueue( 1921): Permission Denial: broadcasting Intent { act=android.intent.action.USER_PRESENT flg=0x24000010 } from com.android.keyguard (pid=3515, uid=10009) is not exported from uid 10061 due to receiver com.kingroot.kinguser/.receiver.ScreenEventReceiver
07-29 14:18:25.925 I/powerHAL::common( 1921): Enabling input device:0
07-29 14:18:25.927 I/powerHAL::common( 1921): Enabling input device:1
07-29 14:18:25.931 D/SurfaceFlinger(  145): Screen acquired, type=0 flinger=0xb764f450
07-29 14:18:25.931 D/hwcomposer(  145): hwc_blank: display 0: unblank
07-29 14:18:25.931 D/hwcomposer(  145): hwc_blank_display: display 0: [1 -> 0]
07-29 14:18:25.931 D/hwcomposer(  145): Display 0 layer clip is 720 x 1280
07-29 14:18:25.931 D/hwcomposer(  145): Display 0 device clip is 720 x 1280
07-29 14:18:25.931 D/hwcomposer(  145): dc_blank: display 0, [1 -> 0]
07-29 14:18:25.933 W/System.err( 3655): com.kingroot.kinguser.jr: no connecition!
07-29 14:18:25.934 W/System.err( 3655): 	at com.kingroot.kinguser.ja.n(SourceFile:84)
07-29 14:18:25.934 W/System.err( 3655): 	at com.kingroot.kinguser.jv.a(SourceFile:333)
07-29 14:18:25.934 W/System.err( 3655): 	at com.kingroot.kinguser.jv.X(SourceFile:718)
07-29 14:18:25.934 W/System.err( 3655): 	at com.kingroot.kinguser.cv.run(SourceFile:58)
07-29 14:18:25.934 W/System.err( 3655): 	at com.kingroot.kinguser.st.a(SourceFile:137)
07-29 14:18:25.934 W/System.err( 3655): 	at com.kingroot.kinguser.su.b(SourceFile:99)
07-29 14:18:25.935 W/System.err( 3655): 	at com.kingroot.kinguser.sw.run(SourceFile:242)
07-29 14:18:25.952 V/nvaudio_hw(  148): nvaudio_dev_set_parameters : screen_state=on
07-29 14:18:25.976 W/System.err( 3655): com.kingroot.kinguser.jr: no connecition!
07-29 14:18:25.977 W/System.err( 3655): 	at com.kingroot.kinguser.ja.n(SourceFile:84)
07-29 14:18:25.992 W/System.err( 3655): 	at com.kingroot.kinguser.jr: no connecition!
07-29 14:18:25.992 W/System.err( 3655): 	at com.kingroot.kinguser.ja.n(SourceFile:84)
07-29 14:18:25.992 W/System.err( 3655): 	at com.kingroot.kinguser.jv.a(SourceFile:333)
07-29 14:18:25.992 W/System.err( 3655): 	at com.kingroot.kinguser.jv.a(SourceFile:488)
07-29 14:18:25.992 W/System.err( 3655): 	at com.kingroot.kinguser.kh.is(SourceFile:116)
07-29 14:18:25.993 W/System.err( 3655): 	at com.kingroot.kinguser.kh.a(SourceFile:39)
07-29 14:18:25.993 W/System.err( 3655): 	at com.kingroot.kinguser.kj.f(SourceFile:100)
07-29 14:18:25.993 W/System.err( 3655): 	at com.kingroot.kinguser.fc.a(SourceFile:89)
07-29 14:18:25.993 W/System.err( 3655): 	at com.kingroot.kinguser.ki.run(SourceFile:97)
07-29 14:18:25.993 W/System.err( 3655): 	at com.kingroot.kinguser.st.a(SourceFile:137)
07-29 14:18:25.994 W/System.err( 3655): 	at com.kingroot.kinguser.su.b(SourceFile:99)
07-29 14:18:25.994 W/System.err( 3655): 	at com.kingroot.kinguser.sw.run(SourceFile:242)
07-29 14:18:25.995 W/System.err( 3655): com.kingroot.kinguser.jr: no connecition!
07-29 14:18:25.996 W/System.err( 3655): 	at com.kingroot.kinguser.ja.n(SourceFile:84)
07-29 14:18:25.996 W/System.err( 3655): 	at com.kingroot.kinguser.jv.a(SourceFile:333)
07-29 14:18:25.996 W/System.err( 3655): 	at com.kingroot.kinguser.jv.a(SourceFile:768)
07-29 14:18:25.996 W/System.err( 3655): 	at com.kingroot.kinguser.ps.ki(SourceFile:144)
07-29 14:18:25.996 W/System.err( 3655): 	at com.kingroot.kinguser.ps.cd(SourceFile:21)
07-29 14:18:25.996 W/System.err( 3655): 	at com.kingroot.kinguser.pv.run(SourceFile:127)
07-29 14:18:25.996 W/System.err( 3655): 	at com.kingroot.kinguser.st.a(SourceFile:137)
07-29 14:18:25.996 W/System.err( 3655): 	at com.kingroot.kinguser.su.b(SourceFile:99)
07-29 14:18:25.996 W/System.err( 3655): 	at com.kingroot.kinguser.sw.run(SourceFile:242)
07-29 14:18:25.996 W/System.err( 3655): com.kingroot.kinguser.jv.a(SourceFile:333)
07-29 14:18:25.997 W/System.err( 3655): 	at com.kingroot.kinguser.jv.a(SourceFile:768)
07-29 14:18:25.997 W/System.err( 3655): 	at com.kingroot.kinguser.ps.kk(SourceFile:178)
07-29 14:18:25.997 W/System.err( 3655): 	at com.kingroot.kinguser.ps.km(SourceFile:21)
07-29 14:18:25.997 W/System.err( 3655): 	at com.kingroot.kinguser.pw.run(SourceFile:164)
07-29 14:18:25.997 W/System.err( 3655): 	at com.kingroot.kinguser.st.a(SourceFile:137)
07-29 14:18:25.997 W/System.err( 3655): 	at com.kingroot.kinguser.su.b(SourceFile:99)
07-29 14:18:25.997 W/System.err( 3655): 	at com.kingroot.kinguser.sw.run(SourceFile:242)
07-29 14:18:25.998 W/System.err( 3655): com.kingroot.kinguser.jr: no connecition!
07-29 14:18:25.998 W/System.err( 3655): 	at com.kingroot.kinguser.ja.n(SourceFile:84)
07-29 14:18:26.001 W/System.err( 3655): 	at com.kingroot.kinguser.jv.a(SourceFile:333)
07-29 14:18:26.001 W/System.err( 3655): 	at com.kingroot.kinguser.jv.a(SourceFile:768)
07-29 14:18:26.006 W/System.err( 3655): 	at com.kingroot.kinguser.ps.kg(SourceFile:99)
07-29 14:18:26.006 W/System.err( 3655): 	at com.kingroot.kinguser.ps.kl(SourceFile:21)
07-29 14:18:26.006 W/System.err( 3655): 	at com.kingroot.kinguser.pu.run(SourceFile:82)
07-29 14:18:26.006 W/System.err( 3655): 	at com.kingroot.kinguser.st.a(SourceFile:137)
07-29 14:18:26.006 W/System.err( 3655): 	at com.kingroot.kinguser.su.b(SourceFile:99)
07-29 14:18:26.007 W/System.err( 3655): 	at com.kingroot.kinguser.sw.run(SourceFile:242)
07-29 14:18:26.011 D/MobileDataStateTracker( 1921): default: Broadcast received: android.intent.action.ANY_DATA_STATE apnType=default
07-29 14:18:26.012 D/MobileDataStateTracker( 1921): default: Received state=DISCONNECTED, old=DISCONNECTED, reason=(unspecified)
07-29 14:18:26.018 D/dalvikvm( 3655): GC_CONCURRENT freed 1892K, 39% free 3538K/5788K, paused 2ms+9ms, total 41ms
07-29 14:18:26.510 D/SurfaceControl( 1921): Excessive delay in unblankDisplay() while turning screen on: 581ms
07-29 14:18:26.513 W/ContextImpl( 4486): Calling a method in the system process without a qualified user: android.app.ContextImpl.startService:1479 android.content.ContextWrapper.startService:494 com.karumi.blackphone.wipe.service.receiver.PhoneUnLockReceiver.onReceive:21 android.app.LoadedApk$ReceiverDispatcher$Args.run:768 android.os.Handler.handleCallback:733 
07-29 14:18:28.100 D/PowerManagerService( 1921): userActivityNoUpdateLocked: system_ready = false
07-29 14:18:28.146 E/        ( 1921): Vibrator sendit ms = 0
07-29 14:18:28.306 V/PanelView( 3515): animationTick called with dtms=0; nothing to do (h=632.301 v=4494.969)
07-29 14:18:28.306 V/PanelView( 3515): animationTick called with dtms=-3; nothing to do (h=632.301 v=4494.969)
07-29 14:18:28.698 D/PowerManagerService( 1921): userActivityNoUpdateLocked: system_ready = false
07-29 14:18:28.834 V/legacy_audio_policy_hal(  148): audio_io_handle_t android_audio_legacy::ap_get_output(audio_policy*, audio_stream_type_t, uint32_t, audio_format_t, audio_channel_mask_t, audio_output_flags_t, const audio_offload_info_t*): tid 3297
07-29 14:18:28.834 V/NvAudioPolicyManager(  148): getDeviceForStrategy() strategy 0, device 2
07-29 14:18:28.834 V/NvAudioPolicyManager(  148): getOutput() stream 1, samplingRate 0, format 0, channelMask 3, flags 0
07-29 14:18:28.834 V/NvAudioPolicyManager(  148): getOutput() returns output 2
07-29 14:18:28.834 V/legacy_audio_policy_hal(  148): audio_io_handle_t android_audio_legacy::ap_get_output(audio_policy*, audio_stream_type_t, uint32_t, audio_format_t, audio_channel_mask_t, audio_output_flags_t, const audio_offload_info_t*): tid 5510
07-29 14:18:28.834 V/NvAudioPolicyManager(  148): getDeviceForStrategy() strategy 0, device 2
07-29 14:18:28.834 V/NvAudioPolicyManager(  148): getOutput() stream 1, samplingRate 0, format 0, channelMask 3, flags 0
07-29 14:18:28.834 V/NvAudioPolicyManager(  148): getOutput() returns output 2
07-29 14:18:28.834 V/legacy_audio_policy_hal(  148): audio_io_handle_t android_audio_legacy::ap_get_output(audio_policy*, audio_stream_type_t, uint32_t, audio_format_t, audio_channel_mask_t, audio_output_flags_t, const audio_offload_info_t*): tid 148
07-29 14:18:28.834 V/NvAudioPolicyManager(  148): getDeviceForStrategy() strategy 0, device 2
07-29 14:18:28.834 V/NvAudioPolicyManager(  148): getOutput() stream 1, samplingRate 44100, format 1, channelMask 3, flags 4
07-29 14:18:28.834 V/NvAudioPolicyManager(  148): getOutput() returns output 2
07-29 14:18:28.834 V/nvaudio_hw(  148): nvaudio_out_get_latency: latency 85
07-29 14:18:28.836 V/NvAudioPolicyManager(  148): startOutput() output 2, stream 1, session 292
07-29 14:18:28.836 V/NvAudioPolicyManager(  148): getDeviceForStrategy() from cache strategy 0, device 2
07-29 14:18:28.836 V/AudioPolicyManagerBase(  148): changeRefCount() stream 1, count 1
07-29 14:18:28.836 V/NvAudioPolicyManager(  148): getDeviceForStrategy() strategy 0, device 2
07-29 14:18:28.836 V/AudioPolicyManagerBase(  148): getNewDevice() selected device 2
07-29 14:18:28.836 V/AudioPolicyManagerBase(  148): setOutputDevice() output 2 device 0002 delayMs 0
07-29 14:18:28.836 V/AudioPolicyManagerBase(  148): setOutputDevice() prevDevice 0002
07-29 14:18:28.836 V/NvAudioPolicyManager(  148): getDeviceForStrategy() strategy 0, device 2
07-29 14:18:28.836 V/NvAudioPolicyManager(  148): getDeviceForStrategy() strategy 1, device 1
07-29 14:18:28.836 V/NvAudioPolicyManager(  148): getDeviceForStrategy() strategy 2, device 2
07-29 14:18:28.836 V/NvAudioPolicyManager(  148): getDeviceForStrategy() strategy 2, device 2
07-29 14:18:28.836 V/NvAudioPolicyManager(  148): getDeviceForStrategy() strategy 3, device 2
07-29 14:18:28.836 V/NvAudioPolicyManager(  148): getDeviceForStrategy() strategy 0, device 2
07-29 14:18:28.836 V/NvAudioPolicyManager(  148): getDeviceForStrategy() strategy 4, device 2
07-29 14:18:28.836 V/NvAudioPolicyManager(  148): getDeviceForStrategy() strategy 5, device 2
07-29 14:18:28.836 V/NvAudioPolicyManager(  148): getDeviceForStrategy() strategy 6, device 1
07-29 14:18:28.836 V/AudioPolicyManagerBase(  148): setOutputDevice() setting same device 0002 or null device for output 2
07-29 14:18:28.836 V/NvAudioPolicyManager(  148): getDeviceForStrategy() from cache strategy 0, device 2
07-29 14:18:28.836 V/NvAudioPolicyManager(  148): getDeviceForStrategy() from cache strategy 0, device 2
07-29 14:18:28.836 V/nvaudio_hw(  148): nvaudio_dev_set_parameters : nv_param_media_routing=2
07-29 14:18:28.836 V/nvaudio_hw(  148): Media is routed to :2
07-29 14:18:28.836 V/nvaudio_hw(  148): ULP supported: dev 2
07-29 14:18:28.837 V/nvaudio_hw(  148): open_out_alsa_dev
07-29 14:18:28.837 V/nvaudio_hw(  148): get_active_dev_rate : card 1 device 0
07-29 14:18:28.837 V/nvaudio_hw(  148): set_route : dev id 0 ref 1 devices 0x2 -> 0x2
07-29 14:18:28.837 V/AudioPolicyManagerBase(  148): releaseOutput() 2
07-29 14:18:28.837 V/nvaudio_hw(  148): Opened Alsa OUT device music with pcm_config
07-29 14:18:28.837 V/nvaudio_hw(  148):  channels 2
07-29 14:18:28.837 V/nvaudio_hw(  148):  rate 48000
07-29 14:18:28.837 V/nvaudio_hw(  148):  format 0
07-29 14:18:28.837 V/nvaudio_hw(  148):  period_size 1024
07-29 14:18:28.837 V/nvaudio_hw(  148):  period_count 1
07-29 14:18:28.837 V/nvaudio_hw(  148):  start_threshold 1
07-29 14:18:28.837 V/nvaudio_hw(  148):  stop_threshold 2049 
07-29 14:18:28.837 V/nvaudio_hw(  148): silence_threshold 0
07-29 14:18:28.837 V/nvaudio_hw(  148):  avail_min 1
07-29 14:18:28.837 V/nvaudio_hw(  148): set_avp_render_path
07-29 14:18:28.838 V/nvaudio_hw(  148): set_out_resampler : quality 4
07-29 14:18:28.838 V/nvaudio_hw(  148): No resampler required
07-29 14:18:28.838 V/nvaudio_hw(  148): set_current_route : dev id 0
07-29 14:18:28.838 V/nvaudio_hw(  148): set_route_by_array
07-29 14:18:28.838 V/nvaudio_hw(  148): set_route_by_array
07-29 14:18:28.838 V/nvaudio_hw(  148): Set 'Right Speaker Mixer Left DAC Switch' to '1' mode = 0 r->mode = -2 srate = 48000 r->srate = 0 
07-29 14:18:28.838 V/nvaudio_hw(  148): Set 'Right Speaker Mixer Right DAC Switch' to '1' mode = 0 r->mode = -2 srate = 48000 r->srate = 0 
07-29 14:18:28.838 V/nvaudio_hw(  148): Set 'Speaker Left Switch' to '1' mode = 0 r->mode = -2 srate = 48000 r->srate = 0 
07-29 14:18:28.838 V/nvaudio_hw(  148): Set 'Speaker Right Switch' to '1' mode = 0 r->mode = -2 srate = 48000 r->srate = 0 
07-29 14:18:28.838 V/nvaudio_hw(  148): Set 'Speaker Left Volume' to '58' mode = 0 r->mode = -2 srate = 48000 r->srate = 0 
07-29 14:18:28.838 V/nvaudio_hw(  148): Set 'Speaker Right Volume' to '58' mode = 0 r->mode = -2 srate = 48000 r->srate = 0 
07-29 14:18:28.838 V/nvaudio_hw(  148): Set 'Digital Gain Volume' to '0' mode = 0 r->mode = -2 srate = 48000 r->srate = 0 
07-29 14:18:28.838 V/nvaudio_hw(  148): Set 'Digital Level Volume' to '10' mode = 0 r->mode = -2 srate = 48000 r->srate = 0 
07-29 14:18:28.838 V/nvaudio_hw(  148): Set 'Int Spk Switch' to '1' mode = 0 r->mode = -2 srate = 48000 r->srate = 0 
07-29 14:18:28.838 V/nvaudio_hw(  148): Set 'ALC Make Up Gain Volume' to '8' mode = 0 r->mode = -2 srate = 48000 r->srate = 0 
07-29 14:18:28.838 V/nvaudio_hw(  148): Set 'ALC Compression Ratio' to '3' mode = 0 r->mode = -2 srate = 48000 r->srate = 0 
07-29 14:18:28.838 V/nvaudio_hw(  148): Set 'ALC Compression Threshold Volume' to '14' mode = 0 r->mode = -2 srate = 48000 r->srate = 0 
07-29 14:18:28.838 V/nvaudio_hw(  148): Set 'ALC Expansion Ratio' to '2' mode = 0 r->mode = -2 srate = 48000 r->srate = 0 
07-29 14:18:28.838 V/nvaudio_hw(  148): Set 'ALC Expansion Threshold Volume' to '26' mode = 0 r->mode = -2 srate = 48000 r->srate = 0 
07-29 14:18:28.838 V/nvaudio_hw(  148): Set 'ALC Enable' to '1' mode = 0 r->mode = -2 srate = 48000 r->srate = 0 
07-29 14:18:28.838 V/nvaudio_hw(  148): Set 'Speaker Left Mixer Gain Volume' to '2' mode = 0 r->mode = -2 srate = 48000 r->srate = 0 
07-29 14:18:28.838 V/nvaudio_hw(  148): Set 'Speaker Right Mixer Gain Volume' to '2' mode = 0 r->mode = -2 srate = 48000 r->srate = 0 
07-29 14:18:28.852 V/nvaudio_hw(  148): Set 'EQ Mode' to '3' mode = 0 r->mode = -2 srate = 48000 r->srate = 0 
07-29 14:18:28.852 V/nvaudio_hw(  148): Set 'Digital EQ 7 Band Enable' to '1' mode = 0 r->mode = -2 srate = 48000 r->srate = 0 
07-29 14:18:28.852 V/nvaudio_hw(  148): send_at_cmd_by_list: type 0
07-29 14:18:28.853 V/nvaudio_hw(  148): trigger_dma_callback dma address 0x4002C000 on 1
07-29 14:18:29.329 D/WifiController( 1921): battery changed pluggedType: 2
07-29 14:18:29.838 V/nvaudio_hw(  148): nvaudio_out_get_latency: latency 85
07-29 14:18:29.848 V/nvaudio_hw(  148): nvaudio_out_get_latency: latency 85
07-29 14:18:29.859 V/nvaudio_hw(  148): nvaudio_out_get_latency: latency 85
07-29 14:18:29.869 V/nvaudio_hw(  148): nvaudio_out_get_latency: latency 85
07-29 14:18:29.879 V/nvaudio_hw(  148): nvaudio_out_get_latency: latency 85
07-29 14:18:29.889 V/nvaudio_hw(  148): nvaudio_out_get_latency: latency 85
07-29 14:18:29.906 V/nvaudio_hw(  148): nvaudio_out_get_latency: latency 85
07-29 14:18:29.915 V/nvaudio_hw(  148): nvaudio_out_get_latency: latency 85
07-29 14:18:29.921 V/nvaudio_hw(  148): nvaudio_out_get_latency: latency 85
07-29 14:18:29.932 V/NvAudioPolicyManager(  148): stopOutput() output 2, stream 1, session 292
07-29 14:18:29.932 V/NvAudioPolicyManager(  148): getDeviceForStrategy() from cache strategy 0, device 2
07-29 14:18:29.932 V/AudioPolicyManagerBase(  148): changeRefCount() stream 1, count 0
07-29 14:18:29.932 V/AudioPolicyManagerBase(  148): getNewDevice() selected device 0
07-29 14:18:29.932 V/AudioPolicyManagerBase(  148): setOutputDevice() output 2 device 0000 delayMs 170
07-29 14:18:29.932 V/AudioPolicyManagerBase(  148): setOutputDevice() prevDevice 0002
07-29 14:18:29.932 V/NvAudioPolicyManager(  148): getDeviceForStrategy() strategy 0, device 2
07-29 14:18:29.932 V/NvAudioPolicyManager(  148): getDeviceForStrategy() strategy 1, device 1
07-29 14:18:29.932 V/NvAudioPolicyManager(  148): getDeviceForStrategy() strategy 2, device 2
07-29 14:18:29.932 V/NvAudioPolicyManager(  148): getDeviceForStrategy() strategy 2, device 2
07-29 14:18:29.932 V/NvAudioPolicyManager(  148): getDeviceForStrategy() strategy 3, device 2
07-29 14:18:29.932 V/NvAudioPolicyManager(  148): getDeviceForStrategy() strategy 0, device 2
07-29 14:18:29.932 V/NvAudioPolicyManager(  148): getDeviceForStrategy() strategy 4, device 2
07-29 14:18:29.932 V/NvAudioPolicyManager(  148): getDeviceForStrategy() strategy 5, device 2
07-29 14:18:29.932 V/NvAudioPolicyManager(  148): getDeviceForStrategy() strategy 6, device 1
07-29 14:18:29.932 V/AudioPolicyManagerBase(  148): setOutputDevice() setting same device 0000 or null device for output 2
07-29 14:18:29.932 V/NvAudioPolicyManager(  148): getDeviceForStrategy() from cache strategy 0, device 2
07-29 14:18:29.932 V/NvAudioPolicyManager(  148): getDeviceForStrategy() from cache strategy 0, device 2
07-29 14:18:29.932 V/nvaudio_hw(  148): nvaudio_dev_set_parameters : nv_param_media_routing=2
07-29 14:18:29.932 V/nvaudio_hw(  148): Media is routed to :2
07-29 14:18:29.932 V/nvaudio_hw(  148): ULP supported: dev 2
07-29 14:18:30.076 D/PowerManagerService( 1921): userActivityNoUpdateLocked: system_ready = false
07-29 14:18:30.212 V/PanelView( 3515): animationTick called with dtms=0; nothing to do (h=786.3857 v=-4389.69)
07-29 14:18:30.439 E/        ( 1921): Vibrator sendit ms = 0
07-29 14:18:30.460 W/InputMethodManagerService( 1921): Window already focused, ignoring focus gain of: com.android.internal.view.IInputMethodClient$Stub$Proxy@41caf6f0 attribute=android.view.inputmethod.EditorInfo@41d9a150, token = android.os.BinderProxy@41deb578
07-29 14:18:31.644 D/PowerManagerService( 1921): userActivityNoUpdateLocked: system_ready = false
07-29 14:18:31.645 E/        ( 1921): Vibrator sendit ms = 0
