07-29 14:18:34.487 D/RILJ    ( 3704): [8565]< GET_SIM_STATUS IccCardState {CARDSTATE_PRESENT,PINSTATE_UNKNOWN,num_apps=1,gsm_id=0{APPTYPE_USIM,APPSTATE_DETECTED,pin1=PINSTATE_UNKNOWN,pin2=PINSTATE_UNKNOWN},cdma_id=8,ims_id=8}
07-29 14:18:34.488 D/IccCardProxy( 3704): Broadcasting intent ACTION_SIM_STATE_CHANGED UNKNOWN reason null
07-29 14:18:34.489 D/use-Rlog/RLOG-RIL AT{0}( 9096): AT(18)< ERROR
07-29 14:18:34.489 D/use-Rlog/RLOG-RIL AT{0}( 9096): AT(18)> AT*TSIMINS?
07-29 14:18:34.489 D/UiccController( 3704): Received EVENT_GET_ICC_STATUS_DONE
07-29 14:18:34.489 D/UiccCard( 3704): 1 applications
07-29 14:18:34.489 D/UiccCardApplication( 3704): APPTYPE_USIM update. New {APPTYPE_USIM,APPSTATE_DETECTED,pin1=PINSTATE_UNKNOWN,pin2=PINSTATE_UNKNOWN}
07-29 14:18:34.489 D/CAT     ( 3704): CatService: Return current sInstance
07-29 14:18:34.489 E/UiccCard( 3704): App index 8 is invalid since there are no applications
07-29 14:18:34.489 E/UiccCard( 3704): App index 8 is invalid since there are no applications
07-29 14:18:34.489 D/UiccCard( 3704): update: radioState=RADIO_OFF mLastRadioState=RADIO_OFF
07-29 14:18:34.489 D/UiccController( 3704): Notifying IccChangedRegistrants
07-29 14:18:34.490 D/UiccController( 3704): Received EVENT_GET_ICC_STATUS_DONE
07-29 14:18:34.490 D/UiccCard( 3704): 1 applications
07-29 14:18:34.490 D/UiccCardApplication( 3704): APPTYPE_USIM update. New {APPTYPE_USIM,APPSTATE_DETECTED,pin1=PINSTATE_UNKNOWN,pin2=PINSTATE_UNKNOWN}
07-29 14:18:34.490 D/CAT     ( 3704): CatService: Return current sInstance
07-29 14:18:34.490 E/UiccCard( 3704): App index 8 is invalid since there are no applications
07-29 14:18:34.490 E/UiccCard( 3704): App index 8 is invalid since there are no applications
07-29 14:18:34.490 D/UiccCard( 3704): update: radioState=RADIO_OFF mLastRadioState=RADIO_OFF
07-29 14:18:34.490 D/UiccController( 3704): Notifying IccChangedRegistrants
07-29 14:18:34.491 D/use-Rlog/RLOG-RIL AT{0}( 9096): AT(18)< *TSIMINS: 1,1,1
07-29 14:18:34.491 D/use-Rlog/RLOG-RIL AT{0}( 9096): AT(18)< OK
07-29 14:18:34.491 D/use-Rlog/RLOG-RIL AT{0}( 9096): AT(18)> AT%PINNUM?
07-29 14:18:34.492 D/use-Rlog/RLOG-RIL AT{0}( 9096): AT(18)< +CME ERROR: 14
07-29 14:18:34.493 D/RILJ    ( 3704): [8566]< GET_SIM_STATUS IccCardState {CARDSTATE_PRESENT,PINSTATE_UNKNOWN,num_apps=1,gsm_id=0{APPTYPE_USIM,APPSTATE_DETECTED,pin1=PINSTATE_UNKNOWN,pin2=PINSTATE_UNKNOWN},cdma_id=8,ims_id=8}
07-29 14:18:34.496 D/UiccController( 3704): Received EVENT_GET_ICC_STATUS_DONE
07-29 14:18:34.496 D/UiccCard( 3704): 1 applications
07-29 14:18:34.496 D/UiccCardApplication( 3704): APPTYPE_USIM update. New {APPTYPE_USIM,APPSTATE_DETECTED,pin1=PINSTATE_UNKNOWN,pin2=PINSTATE_UNKNOWN}
07-29 14:18:34.496 D/CAT     ( 3704): CatService: Return current sInstance
07-29 14:18:34.496 E/UiccCard( 3704): App index 8 is invalid since there are no applications
07-29 14:18:34.496 E/UiccCard( 3704): App index 8 is invalid since there are no applications
07-29 14:18:34.496 D/UiccCard( 3704): update: radioState=RADIO_OFF mLastRadioState=RADIO_OFF
07-29 14:18:34.496 D/UiccController( 3704): Notifying IccChangedRegistrants
07-29 14:18:34.497 D/DCT     ( 3704): handleMessage msg={ when=-7ms what=270369 obj=android.os.AsyncResult@41c1c580 target=com.android.internal.telephony.dataconnection.DcTracker }
07-29 14:18:34.497 D/DCT     ( 3704): handleMessage msg={ when=-7ms what=270369 obj=android.os.AsyncResult@41c1d500 target=com.android.internal.telephony.dataconnection.DcTracker }
07-29 14:18:34.498 D/UiccController( 3704): Received EVENT_GET_ICC_STATUS_DONE
07-29 14:18:34.498 D/UiccCard( 3704): 1 applications
07-29 14:18:34.498 D/UiccCardApplication( 3704): APPTYPE_USIM update. New {APPTYPE_USIM,APPSTATE_DETECTED,pin1=PINSTATE_UNKNOWN,pin2=PINSTATE_UNKNOWN}
07-29 14:18:34.498 D/CAT     ( 3704): CatService: Return current sInstance
07-29 14:18:34.498 E/UiccCard( 3704): App index 8 is invalid since there are no applications
07-29 14:18:34.498 E/UiccCard( 3704): App index 8 is invalid since there are no applications
07-29 14:18:34.498 D/UiccCard( 3704): update: radioState=RADIO_OFF mLastRadioState=RADIO_OFF
07-29 14:18:34.498 D/UiccController( 3704): Notifying IccChangedRegistrants
07-29 14:18:34.499 D/DCT     ( 3704): handleMessage msg={ when=-2ms what=270369 obj=android.os.AsyncResult@41c1f288 target=com.android.internal.telephony.dataconnection.DcTracker }
07-29 14:18:34.499 D/DCT     ( 3704): handleMessage msg={ when=-1ms what=270369 obj=android.os.AsyncResult@41c20aa0 target=com.android.internal.telephony.dataconnection.DcTracker }
07-29 14:18:38.334 D/RILJ    ( 3704): [8567]> RADIO_POWER on
07-29 14:18:38.335 D/use-Rlog/RLOG-RIL{0}( 9096): b89ad420 onRequest:[-1639825081] RADIO_POWER
07-29 14:18:38.335 I/use-Rlog/RLOG-RIL{0}( 9096): sending request RADIO_POWER on channel 0
07-29 14:18:38.335 D/use-Rlog/RLOG-RIL{0}( 9096): b89adee8 onHandleRequest:[-1639825081] RADIO_POWER
07-29 14:18:38.335 D/use-Rlog/RLOG-RIL AT{0}( 9096): AT(18)> AT+CFUN=1
07-29 14:18:38.345 D/RILJ    ( 3704): [8568]> RIL_REQUEST_GSM_SET_BROADCAST_CONFIG with 2 configs : 
07-29 14:18:38.345 D/RILJ    ( 3704): SmsBroadcastConfigInfo: Id [4370,4379] Code [0,255] ENABLED
07-29 14:18:38.345 D/RILJ    ( 3704): SmsBroadcastConfigInfo: Id [4352,4354] Code [0,255] ENABLED
07-29 14:18:38.345 D/use-Rlog/RLOG-RIL{0}( 9096): b89ad420 onRequest:[-1639825080] GSM_SET_BROADCAST_SMS_CONFIG
07-29 14:18:38.346 I/use-Rlog/RLOG-RIL{0}( 9096): sending request GSM_SET_BROADCAST_SMS_CONFIG on channel 0
07-29 14:18:38.351 D/use-Rlog/RLOG-RIL AT{0}( 9096): AT(18)< OK
07-29 14:18:38.351 D/use-Rlog/RLOG-RIL AT{0}( 9096): AT(18)> AT+CPIN?
07-29 14:18:38.352 D/RILJ    ( 3704): [UNSL]< UNSOL_RESPONSE_SIM_STATUS_CHANGED
07-29 14:18:38.352 D/UiccController( 3704): Received EVENT_ICC_STATUS_CHANGED, calling getIccCardStatus
07-29 14:18:38.352 D/RILJ    ( 3704): [8569]> GET_SIM_STATUS
07-29 14:18:38.352 D/RILJ    ( 3704): [UNSL]< UNSOL_RESPONSE_RADIO_STATE_CHANGED RADIO_ON
07-29 14:18:38.353 D/RILJ    ( 3704): [8570]> OPERATOR
07-29 14:18:38.353 D/use-Rlog/RLOG-RIL AT{0}( 9096): AT(18)< +CME ERROR: 14
07-29 14:18:38.355 D/use-Rlog/RLOG-RIL{0}( 9096): b89ad420 onRequest:[-1639825079] GET_SIM_STATUS
07-29 14:18:38.355 I/use-Rlog/RLOG-RIL{0}( 9096): sending request GET_SIM_STATUS on channel 0
07-29 14:18:38.357 D/RILJ    ( 3704): [8571]> DATA_REGISTRATION_STATE
07-29 14:18:38.358 D/use-Rlog/RLOG-RIL{0}( 9096): b89ad420 onRequest:[-1639825078] OPERATOR
07-29 14:18:38.358 I/use-Rlog/RLOG-RIL{0}( 9096): sending request OPERATOR on channel 0
07-29 14:18:38.361 D/RILJ    ( 3704): [8572]> VOICE_REGISTRATION_STATE
07-29 14:18:38.361 D/use-Rlog/RLOG-RIL{0}( 9096): b89ad420 onRequest:[-1639825077] DATA_REGISTRATION_STATE
07-29 14:18:38.361 I/use-Rlog/RLOG-RIL{0}( 9096): sending request DATA_REGISTRATION_STATE on channel 0
07-29 14:18:38.362 D/RILJ    ( 3704): [8573]> QUERY_NETWORK_SELECTION_MODE
07-29 14:18:38.362 D/use-Rlog/RLOG-RIL{0}( 9096): b89ad420 onRequest:[-1639825076] VOICE_REGISTRATION_STATE
07-29 14:18:38.362 I/use-Rlog/RLOG-RIL{0}( 9096): sending request VOICE_REGISTRATION_STATE on channel 0
07-29 14:18:38.363 D/UiccController( 3704): Received EVENT_ICC_STATUS_CHANGED, calling getIccCardStatus
07-29 14:18:38.363 D/RILJ    ( 3704): [8574]> GET_SIM_STATUS
07-29 14:18:38.363 D/use-Rlog/RLOG-RIL{0}( 9096): b89ad420 onRequest:[-1639825075] QUERY_NETWORK_SELECTION_MODE
07-29 14:18:38.363 I/use-Rlog/RLOG-RIL{0}( 9096): sending request QUERY_NETWORK_SELECTION_MODE on channel 0
07-29 14:18:38.363 D/RILJ    ( 3704): [8575]> GET_CURRENT_CALLS
07-29 14:18:38.364 D/use-Rlog/RLOG-RIL{0}( 9096): b89ad420 onRequest:[-1639825074] GET_SIM_STATUS
07-29 14:18:38.364 I/use-Rlog/RLOG-RIL{0}( 9096): sending request GET_SIM_STATUS on channel 0
07-29 14:18:38.364 D/RILJ    ( 3704): [8576]> RIL_REQUEST_IMS_REGISTRATION_STATE
07-29 14:18:38.365 D/use-Rlog/RLOG-RIL{0}( 9096): b89ad420 onRequest:[-1639825073] GET_CURRENT_CALLS
07-29 14:18:38.365 I/use-Rlog/RLOG-RIL{0}( 9096): sending request GET_CURRENT_CALLS on channel 0
07-29 14:18:38.365 D/RILJ    ( 3704): [8577]> RIL_REQUEST_VOICE_RADIO_TECH
07-29 14:18:38.365 D/use-Rlog/RLOG-RIL{0}( 9096): b89ad420 onRequest:[-1639825072] IMS_REGISTRATION_STATE
07-29 14:18:38.365 I/use-Rlog/RLOG-RIL{0}( 9096): sending request IMS_REGISTRATION_STATE on channel 0
07-29 14:18:38.366 D/RILJ    ( 3704): [8578]> RIL_REQUEST_CDMA_GET_SUBSCRIPTION_SOURCE
07-29 14:18:38.366 D/use-Rlog/RLOG-RIL{0}( 9096): b89ad420 onRequest:[-1639825071] VOICE_RADIO_TECH
07-29 14:18:38.366 I/use-Rlog/RLOG-RIL{0}( 9096): sending request VOICE_RADIO_TECH on channel 0
07-29 14:18:38.367 D/use-Rlog/RLOG-RIL{0}( 9096): b89ad420 onRequest:[-1639825070] CDMA_GET_SUBSCRIPTION_SOURCE
07-29 14:18:38.367 I/use-Rlog/RLOG-RIL{0}( 9096): sending request CDMA_GET_SUBSCRIPTION_SOURCE on channel 0
07-29 14:18:38.653 D/use-Rlog/RLOG-RIL AT{0}( 9096): AT(18)> AT+CPIN?
07-29 14:18:38.655 D/use-Rlog/RLOG-RIL AT{0}( 9096): AT(18)< +CME ERROR: 14
07-29 14:18:38.942 D/use-Rlog/RLOG-RIL AT{0}( 9096): AT(18)< *TSIMINS: 1,1,1
07-29 14:18:38.942 D/use-Rlog/RLOG-RIL{0}( 9096): Kernel time: [13850.792975]
07-29 14:18:38.942 D/use-Rlog/RLOG-RIL{0}( 9096): b89ae710 onUnsolicited: *TSIMINS: 1,1,1 null
07-29 14:18:38.945 D/use-Rlog/RLOG-RIL AT{0}( 9096): AT(18)< %ISIMINIT: 2,0,0
07-29 14:18:38.945 D/use-Rlog/RLOG-RIL{0}( 9096): Kernel time: [13850.795230]
07-29 14:18:38.945 D/use-Rlog/RLOG-RIL{0}( 9096): b89ae710 onUnsolicited: %ISIMINIT: 2,0,0 null
07-29 14:18:38.955 D/use-Rlog/RLOG-RIL AT{0}( 9096): AT(18)> AT+CPIN?
07-29 14:18:38.958 D/use-Rlog/RLOG-RIL AT{0}( 9096): AT(18)< +CME ERROR: 14
07-29 14:18:39.258 D/use-Rlog/RLOG-RIL AT{0}( 9096): AT(18)> AT+CPIN?
07-29 14:18:39.260 D/use-Rlog/RLOG-RIL AT{0}( 9096): AT(18)< +CME ERROR: 14
07-29 14:18:39.470 D/use-Rlog/RLOG-RIL AT{0}( 9096): AT(18)< %ISIMINIT: 1,0,0
07-29 14:18:39.470 D/use-Rlog/RLOG-RIL{0}( 9096): Kernel time: [13851.320562]
07-29 14:18:39.470 D/use-Rlog/RLOG-RIL{0}( 9096): b89ae710 onUnsolicited: %ISIMINIT: 1,0,0 null
07-29 14:18:39.470 D/use-Rlog/RLOG-RIL AT{0}( 9096): AT(18)< +CREG: 2
07-29 14:18:39.470 D/use-Rlog/RLOG-RIL{0}( 9096): Kernel time: [13851.320913]
07-29 14:18:39.470 D/use-Rlog/RLOG-RIL{0}( 9096): b89ae710 onUnsolicited: +CREG: 2 null
07-29 14:18:39.471 D/use-Rlog/RLOG-RIL AT{0}( 9096): AT(18)< %NWSTATE: 0,00000,0,-,0
07-29 14:18:39.471 D/use-Rlog/RLOG-RIL{0}( 9096): Kernel time: [13851.321072]
07-29 14:18:39.471 D/use-Rlog/RLOG-RIL{0}( 9096): b89ae710 onUnsolicited: %NWSTATE: 0,00000,0,-,0 null
07-29 14:18:39.560 D/use-Rlog/RLOG-RIL AT{0}( 9096): AT(18)> AT+CPIN?
07-29 14:18:39.562 D/use-Rlog/RLOG-RIL AT{0}( 9096): AT(18)< +CPIN: READY
07-29 14:18:39.562 D/use-Rlog/RLOG-RIL AT{0}( 9096): AT(18)< OK
07-29 14:18:39.562 D/use-Rlog/RLOG-RIL AT{0}( 9096): AT(18)> AT+CSMS=1
07-29 14:18:39.562 D/RILJ    ( 3704): [UNSL]< UNSOL_RESPONSE_SIM_STATUS_CHANGED
07-29 14:18:39.562 D/UiccController( 3704): Received EVENT_ICC_STATUS_CHANGED, calling getIccCardStatus
07-29 14:18:39.563 D/RILJ    ( 3704): [8579]> GET_SIM_STATUS
07-29 14:18:39.563 D/use-Rlog/RLOG-RIL{0}( 9096): b89ad420 onRequest:[-1639825069] GET_SIM_STATUS
07-29 14:18:39.563 I/use-Rlog/RLOG-RIL{0}( 9096): sending request GET_SIM_STATUS on channel 0
07-29 14:18:39.564 D/use-Rlog/RLOG-RIL AT{0}( 9096): AT(18)< +CSMS: 1,1,1
07-29 14:18:39.564 D/use-Rlog/RLOG-RIL AT{0}( 9096): AT(18)< OK
07-29 14:18:39.564 D/use-Rlog/RLOG-RIL AT{0}( 9096): AT(18)> AT+CNMI=1,2,2,1,0
07-29 14:18:39.565 D/use-Rlog/RLOG-RIL AT{0}( 9096): AT(18)< OK
07-29 14:18:39.565 D/use-Rlog/RLOG-RIL AT{0}( 9096): AT(18)> AT*TSIMINS=1
07-29 14:18:39.568 D/use-Rlog/RLOG-RIL AT{0}( 9096): AT(18)< OK
07-29 14:18:39.568 D/use-Rlog/RLOG-RIL AT{0}( 9096): AT(18)> AT%IPDPACTU=1
07-29 14:18:39.568 D/use-Rlog/RLOG-RIL AT{0}( 9096): AT(18)< OK
07-29 14:18:39.568 D/use-Rlog/RLOG-RIL AT{0}( 9096): AT(18)> AT+CGEREP=1
07-29 14:18:39.570 D/use-Rlog/RLOG-RIL AT{0}( 9096): AT(18)< OK
07-29 14:18:39.570 D/use-Rlog/RLOG-RIL AT{0}( 9096): AT(18)> AT%IPSRB=1
07-29 14:18:39.570 D/use-Rlog/RLOG-RIL AT{0}( 9096): AT(18)< OK
07-29 14:18:39.570 D/use-Rlog/RLOG-RIL AT{0}( 9096): AT(18)> AT+CUSATA=1
07-29 14:18:39.571 D/use-Rlog/RLOG-RIL AT{0}( 9096): AT(18)< OK
07-29 14:18:39.571 D/use-Rlog/RLOG-RIL AT{0}( 9096): AT(18)> AT+CEREG?
07-29 14:18:39.572 D/use-Rlog/RLOG-RIL AT{0}( 9096): AT(18)< +CEREG: 2,0
07-29 14:18:39.572 D/use-Rlog/RLOG-RIL{0}( 9096): Kernel time: [13851.422089]
07-29 14:18:39.572 D/use-Rlog/RLOG-RIL{0}( 9096): b89ae710 onUnsolicited: +CEREG: 2,0 null
07-29 14:18:39.572 D/use-Rlog/RLOG-RIL AT{0}( 9096): AT(18)< OK
07-29 14:18:39.572 D/use-Rlog/RLOG-RIL AT{0}( 9096): AT(18)> AT+CREG=2;+CGREG=2;+CEREG=2;+CREG?;+CGREG?;+CEREG?
07-29 14:18:39.574 D/use-Rlog/RLOG-RIL AT{0}( 9096): AT(18)< +CREG: 2,2
07-29 14:18:39.574 D/use-Rlog/RLOG-RIL{0}( 9096): Kernel time: [13851.423693]
07-29 14:18:39.574 D/use-Rlog/RLOG-RIL{0}( 9096): b89ae710 onUnsolicited: +CREG: 2,2 null
07-29 14:18:39.574 D/use-Rlog/RLOG-RIL AT{0}( 9096): AT(18)< +CGREG: 2,0
07-29 14:18:39.574 D/use-Rlog/RLOG-RIL{0}( 9096): Kernel time: [13851.424198]
07-29 14:18:39.574 D/use-Rlog/RLOG-RIL{0}( 9096): b89ae710 onUnsolicited: +CGREG: 2,0 null
07-29 14:18:39.574 D/use-Rlog/RLOG-RIL AT{0}( 9096): AT(18)< +CEREG: 2,0
07-29 14:18:39.574 D/use-Rlog/RLOG-RIL{0}( 9096): Kernel time: [13851.424753]
07-29 14:18:39.574 D/use-Rlog/RLOG-RIL{0}( 9096): b89ae710 onUnsolicited: +CEREG: 2,0 null
07-29 14:18:39.574 D/use-Rlog/RLOG-RIL AT{0}( 9096): AT(18)< OK
07-29 14:18:39.574 D/use-Rlog/RLOG-RIL AT{0}( 9096): AT(18)> AT*TUNSOL="SM",1
07-29 14:18:39.576 D/use-Rlog/RLOG-RIL AT{0}( 9096): AT(18)< OK
07-29 14:18:39.576 D/use-Rlog/RLOG-RIL AT{0}( 9096): AT(18)> AT%ICESQU=1,5,6,1,6,12,12,6
07-29 14:18:39.576 D/use-Rlog/RLOG-RIL AT{0}( 9096): AT(18)< OK
07-29 14:18:39.576 D/use-Rlog/RLOG-RIL AT{0}( 9096): AT(18)> AT+CESQ
07-29 14:18:39.577 D/use-Rlog/RLOG-RIL AT{0}( 9096): AT(18)< +CESQ: 99,99,255,255,255,255
07-29 14:18:39.577 D/use-Rlog/RLOG-RIL{0}( 9096): Kernel time: [13851.427258]
07-29 14:18:39.577 D/use-Rlog/RLOG-RIL{0}( 9096): b89ae710 onUnsolicited: +CESQ: 99,99,255,255,255,255 null
07-29 14:18:39.577 D/use-Rlog/RLOG-RIL AT{0}( 9096): AT(18)< OK
07-29 14:18:39.577 D/use-Rlog/RLOG-RIL AT{0}( 9096): AT(18)> AT+CREG=2;+CGREG=2;+CEREG=2
07-29 14:18:39.579 D/use-Rlog/RLOG-RIL AT{0}( 9096): AT(18)< OK
07-29 14:18:39.579 D/use-Rlog/RLOG-RIL AT{0}( 9096): AT(18)> AT%NWSTATE=3
07-29 14:18:39.580 D/use-Rlog/RLOG-RIL AT{0}( 9096): AT(18)< %NWSTATE: 0,00000,0,-,0
07-29 14:18:39.580 D/use-Rlog/RLOG-RIL{0}( 9096): Kernel time: [13851.430365]
07-29 14:18:39.580 D/use-Rlog/RLOG-RIL{0}( 9096): b89ae710 onUnsolicited: %NWSTATE: 0,00000,0,-,0 null
07-29 14:18:39.580 D/use-Rlog/RLOG-RIL AT{0}( 9096): AT(18)< OK
07-29 14:18:39.580 D/use-Rlog/RLOG-RIL AT{0}( 9096): AT(18)> AT%IFD=36
07-29 14:18:39.582 D/use-Rlog/RLOG-RIL AT{0}( 9096): AT(18)< OK
07-29 14:18:39.582 D/use-Rlog/RLOG-RIL AT{0}( 9096): AT(18)> AT%ISCREEN=1
07-29 14:18:39.582 D/use-Rlog/RLOG-RIL AT{0}( 9096): AT(18)< +CME ERROR: 769
07-29 14:18:39.582 D/use-Rlog/RLOG-RIL AT{0}( 9096): AT(18)> AT%IDRVSTAT
07-29 14:18:39.585 D/use-Rlog/RLOG-RIL AT{0}( 9096): AT(18)< {
07-29 14:18:39.585 D/use-Rlog/RLOG-RIL AT{0}( 9096): AT(18)<    'wakesch':{
07-29 14:18:39.585 D/use-Rlog/RLOG-RIL AT{0}( 9096): AT(18)<       'min_restore_time':[0,295,0,0,0,0,0,0,0,0,0,0,0,0,0,0],
07-29 14:18:39.585 D/use-Rlog/RLOG-RIL AT{0}( 9096): AT(18)<       'max_restore_time':[0,432,0,0,0,0,0,0,0,0,0,0,0,0,0,0],
07-29 14:18:39.585 D/use-Rlog/RLOG-RIL AT{0}( 9096): AT(18)<       'emc_wait_count':0
07-29 14:18:39.585 D/use-Rlog/RLOG-RIL AT{0}( 9096): AT(18)<    },
07-29 14:18:39.585 D/use-Rlog/RLOG-RIL AT{0}( 9096): AT(18)<    'cal32k':{
07-29 14:18:39.585 D/use-Rlog/RLOG-RIL AT{0}( 9096): AT(18)<       'low_res_freq_millihz':32768686,
07-29 14:18:39.585 D/use-Rlog/RLOG-RIL AT{0}( 9096): AT(18)<       'state_stats':[46,220,56238],
07-29 14:18:39.585 D/use-Rlog/RLOG-RIL AT{0}( 9096): AT(18)<       'cal_time':[0,23067,559,3363,10,700,194,51,65,3,2,10,51,117,130]
07-29 14:18:39.585 D/use-Rlog/RLOG-RIL AT{0}( 9096): AT(18)<    },
07-29 14:18:39.585 D/use-Rlog/RLOG-RIL AT{0}( 9096): AT(18)<    'IPM':{
07-29 14:18:39.585 D/use-Rlog/RLOG-RIL AT{0}( 9096): AT(18)<       'system_time':'0d4h34m45s',
07-29 14:18:39.585 D/use-Rlog/RLOG-RIL AT{0}( 9096): AT(18)<       'uptime':6094944,
07-29 14:18:39.585 D/use-Rlog/RLOG-RIL AT{0}( 9096): AT(18)<       'downtime':13077091,
07-29 14:18:39.585 D/use-Rlog/RLOG-RIL AT{0}( 9096): AT(18)<       'load_1000':317,
07-29 14:18:39.587 D/use-Rlog/RLOG-RIL AT{0}( 9096): AT(18)<       'idle_time_dist':[37196,3200,1023,4397,3894,4928,448,8,0,0],
07-29 14:18:39.587 D/use-Rlog/RLOG-RIL AT{0}( 9096): AT(18)<       'dxp0':{
07-29 14:18:39.587 D/use-Rlog/RLOG-RIL AT{0}( 9096): AT(18)<          'n_dmem_active':0,
07-29 14:18:39.587 D/use-Rlog/RLOG-RIL AT{0}( 9096): AT(18)<          'n_dxp_idle':6108240,
07-29 14:18:39.587 D/use-Rlog/RLOG-RIL AT{0}( 9096): AT(18)<          'n_soc_idle':0,
07-29 14:18:39.587 D/use-Rlog/RLOG-RIL AT{0}( 9096): AT(18)<          'n_power_off':28322
07-29 14:18:39.587 D/use-Rlog/RLOG-RIL AT{0}( 9096): AT(18)<       }
07-29 14:18:39.587 D/use-Rlog/RLOG-RIL AT{0}( 9096): AT(18)<    },
07-29 14:18:39.587 D/use-Rlog/RLOG-RIL AT{0}( 9096): AT(18)<    'shm':{
07-29 14:18:39.587 D/use-Rlog/RLOG-RIL AT{0}( 9096): AT(18)<       'queue':{
07-29 14:18:39.587 D/use-Rlog/RLOG-RIL AT{0}( 9096): AT(18)<          'put':8288,
07-29 14:18:39.587 D/use-Rlog/RLOG-RIL AT{0}( 9096): AT(18)<          'get':7812
07-29 14:18:39.587 D/use-Rlog/RLOG-RIL AT{0}( 9096): AT(18)<       },
07-29 14:18:39.587 D/use-Rlog/RLOG-RIL AT{0}( 9096): AT(18)<       'if':{
07-29 14:18:39.587 D/use-Rlog/RLOG-RIL AT{0}( 9096): AT(18)<          'sent':[165248,56412,1902,64,8869604,2009,1938,1869,1869,1869,1869,1869,1869,0,0,0,0,0,3224],
07-29 14:18:39.587 D/use-Rlog/RLOG-RIL AT{0}( 9096): AT(18)<          'received':[139468,17714,23,44,180,164,94,0,0,0,0,0,0,0,0,0,0,0,1372],
07-29 14:18:39.588 D/use-Rlog/RLOG-RIL AT{0}( 9096): AT(18)<          'given':[1208,1481,20,8,5155,30,27,16,16,16,16,16,16,0,0,0,0,0,49],
07-29 14:18:39.588 D/use-Rlog/RLOG-RIL AT{0}( 9096): AT(18)<          'taken':[1208,1481,20,8,5155,30,27,16,16,16,16,16,16,0,0,0,0,0,49]
07-29 14:18:39.588 D/use-Rlog/RLOG-RIL AT{0}( 9096): AT(18)<       },
07-29 14:18:39.588 D/use-Rlog/RLOG-RIL AT{0}( 9096): AT(18)<       'signal':{
07-29 14:18:39.588 D/use-Rlog/RLOG-RIL AT{0}( 9096): AT(18)<          'ul':6673,
07-29 14:18:39.588 D/use-Rlog/RLOG-RIL AT{0}( 9096): AT(18)<          'dl':7563
07-29 14:18:39.588 D/use-Rlog/RLOG-RIL AT{0}( 9096): AT(18)<       }
07-29 14:18:39.588 D/use-Rlog/RLOG-RIL AT{0}( 9096): AT(18)<    },
07-29 14:18:39.588 D/use-Rlog/RLOG-RIL AT{0}( 9096): AT(18)< }
07-29 14:18:39.588 D/use-Rlog/RLOG-RIL AT{0}( 9096): AT(18)< OK
07-29 14:18:39.588 D/use-Rlog/RLOG-RIL AT{0}( 9096): AT(18)> AT*TLTS=1
07-29 14:18:39.588 D/RILJ    ( 3704): [UNSL]< UNSOL_RESPONSE_VOICE_NETWORK_STATE_CHANGED
07-29 14:18:39.588 D/RILJ    ( 3704): [8580]> OPERATOR
07-29 14:18:39.589 D/RILJ    ( 3704): [8581]> DATA_REGISTRATION_STATE
07-29 14:18:39.589 D/use-Rlog/RLOG-RIL AT{0}( 9096): AT(18)< OK
07-29 14:18:39.589 D/use-Rlog/RLOG-RIL AT{0}( 9096): AT(18)> AT%INWMODE=2,2
07-29 14:18:39.589 D/use-Rlog/RLOG-RIL{0}( 9096): b89ad420 onRequest:[-1639825068] OPERATOR
07-29 14:18:39.589 I/use-Rlog/RLOG-RIL{0}( 9096): sending request OPERATOR on channel 0
07-29 14:18:39.589 D/RILJ    ( 3704): [8582]> VOICE_REGISTRATION_STATE
07-29 14:18:39.590 D/use-Rlog/RLOG-RIL{0}( 9096): b89ad420 onRequest:[-1639825067] DATA_REGISTRATION_STATE
07-29 14:18:39.590 I/use-Rlog/RLOG-RIL{0}( 9096): sending request DATA_REGISTRATION_STATE on channel 0
07-29 14:18:39.590 D/RILJ    ( 3704): [8583]> QUERY_NETWORK_SELECTION_MODE
07-29 14:18:39.590 D/use-Rlog/RLOG-RIL AT{0}( 9096): AT(18)< OK
07-29 14:18:39.590 D/use-Rlog/RLOG-RIL AT{0}( 9096): AT(18)> AT+CGSMS=1
07-29 14:18:39.590 D/use-Rlog/RLOG-RIL{0}( 9096): b89ad420 onRequest:[-1639825066] VOICE_REGISTRATION_STATE
07-29 14:18:39.590 I/use-Rlog/RLOG-RIL{0}( 9096): sending request VOICE_REGISTRATION_STATE on channel 0
07-29 14:18:39.590 D/use-Rlog/RLOG-RIL{0}( 9096): b89ad420 onRequest:[-1639825065] QUERY_NETWORK_SELECTION_MODE
07-29 14:18:39.590 I/use-Rlog/RLOG-RIL{0}( 9096): sending request QUERY_NETWORK_SELECTION_MODE on channel 0
07-29 14:18:39.591 D/use-Rlog/RLOG-RIL AT{0}( 9096): AT(18)< +CME ERROR: 769
07-29 14:18:39.591 D/use-Rlog/RLOG-RIL AT{0}( 9096): AT(18)> AT+CCWA=1
07-29 14:18:39.593 D/use-Rlog/RLOG-RIL AT{0}( 9096): AT(18)< OK
07-29 14:18:39.593 D/use-Rlog/RLOG-RIL AT{0}( 9096): AT(18)> AT+CSSN=0,1
07-29 14:18:39.594 D/use-Rlog/RLOG-RIL AT{0}( 9096): AT(18)< OK
07-29 14:18:39.594 D/use-Rlog/RLOG-RIL AT{0}( 9096): AT(18)> AT+CUSD=1
07-29 14:18:39.596 D/use-Rlog/RLOG-RIL AT{0}( 9096): AT(18)< OK
07-29 14:18:39.596 D/use-Rlog/RLOG-RIL AT{0}( 9096): AT(18)> AT%ILCC=1
07-29 14:18:39.598 D/use-Rlog/RLOG-RIL AT{0}( 9096): AT(18)< OK
07-29 14:18:39.598 D/use-Rlog/RLOG-RIL AT{0}( 9096): AT(18)> AT+CGAUTO=1
07-29 14:18:39.599 D/use-Rlog/RLOG-RIL AT{0}( 9096): AT(18)< +CME ERROR: 107
07-29 14:18:39.599 D/use-Rlog/RLOG-RIL AT{0}( 9096): AT(18)> AT%INWRESTRICTU=1
07-29 14:18:39.602 D/use-Rlog/RLOG-RIL AT{0}( 9096): AT(18)< ERROR
07-29 14:18:39.602 D/use-Rlog/RLOG-RIL AT{0}( 9096): AT(18)> AT%INWRESTRICTU
07-29 14:18:39.605 D/use-Rlog/RLOG-RIL AT{0}( 9096): AT(18)< ERROR
07-29 14:18:39.605 D/use-Rlog/RLOG-RIL AT{0}( 9096): AT(18)> AT%ICESQU?
07-29 14:18:39.605 D/use-Rlog/RLOG-RIL AT{0}( 9096): AT(18)< %ICESQU: 1,5,6,1,6,12,12,6
07-29 14:18:39.605 D/use-Rlog/RLOG-RIL AT{0}( 9096): AT(18)< OK
07-29 14:18:39.605 D/use-Rlog/RLOG-RIL AT{0}( 9096): AT(18)> AT%ICESQU=1,5,6,1,6,12,12,6
07-29 14:18:39.606 D/use-Rlog/RLOG-RIL AT{0}( 9096): AT(18)< OK
07-29 14:18:39.606 D/use-Rlog/RLOG-RIL AT{0}( 9096): AT(18)> AT+CESQ
07-29 14:18:39.607 D/use-Rlog/RLOG-RIL AT{0}( 9096): AT(18)< +CESQ: 99,99,255,255,255,255
07-29 14:18:39.607 D/use-Rlog/RLOG-RIL{0}( 9096): Kernel time: [13851.457318]
07-29 14:18:39.607 D/use-Rlog/RLOG-RIL{0}( 9096): b89ae710 onUnsolicited: +CESQ: 99,99,255,255,255,255 null
07-29 14:18:39.607 D/use-Rlog/RLOG-RIL AT{0}( 9096): AT(18)< OK
07-29 14:18:39.607 D/use-Rlog/RLOG-RIL AT{0}( 9096): AT(18)> AT+CPIN?
07-29 14:18:39.609 D/use-Rlog/RLOG-RIL AT{0}( 9096): AT(18)< +CPIN: READY
07-29 14:18:39.609 D/use-Rlog/RLOG-RIL AT{0}( 9096): AT(18)< OK
07-29 14:18:39.609 D/use-Rlog/RLOG-RIL{0}( 9096): b89adee8 onHandleUnsolicited: *TSIMINS: 1,1,1 null
07-29 14:18:39.609 D/use-Rlog/RLOG-RIL{0}( 9096): b89adee8 onHandleUnsolicited: %ISIMINIT: 2,0,0 null
07-29 14:18:39.609 D/use-Rlog/RLOG-RIL{0}( 9096): b89adee8 onHandleUnsolicited: %ISIMINIT: 1,0,0 null
07-29 14:18:39.609 D/use-Rlog/RLOG-RIL{0}( 9096): b89adee8 onHandleUnsolicited: +CREG: 2 null
07-29 14:18:39.609 D/use-Rlog/RLOG-RIL{0}( 9096): b89adee8 onHandleUnsolicited: %NWSTATE: 0,00000,0,-,0 null
07-29 14:18:39.609 D/use-Rlog/RLOG-RIL{0}( 9096): b89adee8 onHandleUnsolicited: +CEREG: 2,0 null
07-29 14:18:39.609 D/use-Rlog/RLOG-RIL{0}( 9096): b89adee8 onHandleUnsolicited: +CREG: 2,2 null
07-29 14:18:39.609 D/use-Rlog/RLOG-RIL{0}( 9096): b89adee8 onHandleUnsolicited: +CGREG: 2,0 null
07-29 14:18:39.609 D/use-Rlog/RLOG-RIL{0}( 9096): b89adee8 onHandleUnsolicited: +CEREG: 2,0 null
07-29 14:18:39.609 D/use-Rlog/RLOG-RIL{0}( 9096): b89adee8 onHandleUnsolicited: +CESQ: 99,99,255,255,255,255 null
07-29 14:18:39.609 I/use-Rlog/RLOG-RIL{0}( 9096): Invalid/empty measurement report
07-29 14:18:39.609 D/use-Rlog/RLOG-RIL{0}( 9096): b89adee8 onHandleUnsolicited: %NWSTATE: 0,00000,0,-,0 null
07-29 14:18:39.609 D/use-Rlog/RLOG-RIL{0}( 9096): b89adee8 onHandleUnsolicited: +CESQ: 99,99,255,255,255,255 null
07-29 14:18:39.609 I/use-Rlog/RLOG-RIL{0}( 9096): Invalid/empty measurement report
07-29 14:18:39.609 D/use-Rlog/RLOG-RIL{0}( 9096): b89adee8 onHandleRequest:[-1639825080] GSM_SET_BROADCAST_SMS_CONFIG
07-29 14:18:39.609 D/use-Rlog/RLOG-RIL{0}( 9096): requestGSMSetBroadcastSMSConfig param 0 - 4370, 4379, 0, 255, 1
07-29 14:18:39.609 D/use-Rlog/RLOG-RIL AT{0}( 9096): AT(18)> AT+CSCB=0,"4370-4379","0-15"
07-29 14:18:39.609 D/RILJ    ( 3704): [8567]< RADIO_POWER 
07-29 14:18:39.609 D/RILJ    ( 3704): [UNSL]< UNSOL_SIM_REFRESH {1, null, 0}
07-29 14:18:39.610 D/RILJ    ( 3704): [UNSL]< UNSOL_RESPONSE_SIM_STATUS_CHANGED
07-29 14:18:39.610 D/SIMRecords( 3704): [SIMRecords] Sim REFRESH with exception: null
07-29 14:18:39.610 D/RILJ    ( 3704): [UNSL]< UNSOL_RESPONSE_SIM_STATUS_CHANGED
07-29 14:18:39.610 D/SIMRecords( 3704): [SIMRecords] handleSimRefresh with SIM_REFRESH_INIT
07-29 14:18:39.610 D/RILJ    ( 3704): [UNSL]< UNSOL_RESPONSE_VOICE_NETWORK_STATE_CHANGED
07-29 14:18:39.610 D/UiccController( 3704): Received EVENT_ICC_STATUS_CHANGED, calling getIccCardStatus
07-29 14:18:39.610 D/RILJ    ( 3704): [8584]> GET_SIM_STATUS
07-29 14:18:39.610 D/use-Rlog/RLOG-RIL AT{0}( 9096): AT(18)< +CMS ERROR: 521
07-29 14:18:39.610 D/use-Rlog/RLOG-RIL{0}( 9096): b89adee8 onHandleRequest:[-1639825079] GET_SIM_STATUS
07-29 14:18:39.610 D/use-Rlog/RLOG-RIL AT{0}( 9096): AT(18)> AT+CPIN?
07-29 14:18:39.610 D/UiccController( 3704): Received EVENT_ICC_STATUS_CHANGED, calling getIccCardStatus
07-29 14:18:39.610 D/RILJ    ( 3704): [8585]> GET_SIM_STATUS
07-29 14:18:39.610 D/RilRequest( 3704): [8568]< RIL_REQUEST_GSM_SET_BROADCAST_CONFIG error: com.android.internal.telephony.CommandException: GENERIC_FAILURE ret=
07-29 14:18:39.611 D/use-Rlog/RLOG-RIL{0}( 9096): b89ad420 onRequest:[-1639825064] GET_SIM_STATUS
07-29 14:18:39.611 I/use-Rlog/RLOG-RIL{0}( 9096): sending request GET_SIM_STATUS on channel 0
07-29 14:18:39.611 D/RILJ    ( 3704): [8586]> OPERATOR
07-29 14:18:39.611 D/use-Rlog/RLOG-RIL{0}( 9096): b89ad420 onRequest:[-1639825063] GET_SIM_STATUS
07-29 14:18:39.611 I/use-Rlog/RLOG-RIL{0}( 9096): sending request GET_SIM_STATUS on channel 0
07-29 14:18:39.611 D/RILJ    ( 3704): [8587]> DATA_REGISTRATION_STATE
07-29 14:18:39.612 D/use-Rlog/RLOG-RIL{0}( 9096): b89ad420 onRequest:[-1639825062] OPERATOR
07-29 14:18:39.612 I/use-Rlog/RLOG-RIL{0}( 9096): sending request OPERATOR on channel 0
07-29 14:18:39.612 D/RILJ    ( 3704): [8588]> VOICE_REGISTRATION_STATE
07-29 14:18:39.612 D/use-Rlog/RLOG-RIL AT{0}( 9096): AT(18)< +CPIN: READY
07-29 14:18:39.612 D/use-Rlog/RLOG-RIL AT{0}( 9096): AT(18)< OK
07-29 14:18:39.612 D/use-Rlog/RLOG-RIL AT{0}( 9096): AT(18)> AT*TSIMINS?
07-29 14:18:39.612 D/use-Rlog/RLOG-RIL{0}( 9096): b89ad420 onRequest:[-1639825061] DATA_REGISTRATION_STATE
07-29 14:18:39.612 I/use-Rlog/RLOG-RIL{0}( 9096): sending request DATA_REGISTRATION_STATE on channel 0
07-29 14:18:39.612 D/RILJ    ( 3704): [8589]> QUERY_NETWORK_SELECTION_MODE
07-29 14:18:39.613 D/use-Rlog/RLOG-RIL{0}( 9096): b89ad420 onRequest:[-1639825060] VOICE_REGISTRATION_STATE
07-29 14:18:39.613 I/use-Rlog/RLOG-RIL{0}( 9096): sending request VOICE_REGISTRATION_STATE on channel 0
07-29 14:18:39.613 D/use-Rlog/RLOG-RIL{0}( 9096): b89ad420 onRequest:[-1639825059] QUERY_NETWORK_SELECTION_MODE
07-29 14:18:39.613 I/use-Rlog/RLOG-RIL{0}( 9096): sending request QUERY_NETWORK_SELECTION_MODE on channel 0
07-29 14:18:39.614 D/use-Rlog/RLOG-RIL AT{0}( 9096): AT(18)< *TSIMINS: 1,1,1
07-29 14:18:39.614 D/use-Rlog/RLOG-RIL AT{0}( 9096): AT(18)< OK
07-29 14:18:39.614 D/use-Rlog/RLOG-RIL AT{0}( 9096): AT(18)> AT%PINNUM?
07-29 14:18:39.616 D/use-Rlog/RLOG-RIL AT{0}( 9096): AT(18)< %PINNUM: 3, 10, 3, 10
07-29 14:18:39.616 D/use-Rlog/RLOG-RIL AT{0}( 9096): AT(18)< OK
07-29 14:18:39.616 D/use-Rlog/RLOG-RIL{0}( 9096): b89adee8 onHandleRequest:[-1639825078] OPERATOR
07-29 14:18:39.616 D/use-Rlog/RLOG-RIL AT{0}( 9096): AT(18)> AT+COPS=3,0;+COPS?;+COPS=3,1;+COPS?;+COPS=3,2;+COPS?
07-29 14:18:39.616 D/RILJ    ( 3704): [8569]< GET_SIM_STATUS IccCardState {CARDSTATE_PRESENT,PINSTATE_UNKNOWN,num_apps=1,gsm_id=0{APPTYPE_USIM,APPSTATE_READY,pin1=PINSTATE_UNKNOWN,pin2=PINSTATE_UNKNOWN},cdma_id=8,ims_id=8}
07-29 14:18:39.617 D/use-Rlog/RLOG-RIL AT{0}( 9096): AT(18)< +COPS: 1
07-29 14:18:39.617 D/use-Rlog/RLOG-RIL AT{0}( 9096): AT(18)< +COPS: 1
07-29 14:18:39.617 D/use-Rlog/RLOG-RIL AT{0}( 9096): AT(18)< +COPS: 1
07-29 14:18:39.617 D/use-Rlog/RLOG-RIL AT{0}( 9096): AT(18)< OK
07-29 14:18:39.617 D/use-Rlog/RLOG-RIL{0}( 9096): b89adee8 onHandleRequest:[-1639825077] DATA_REGISTRATION_STATE
07-29 14:18:39.618 D/use-Rlog/RLOG-RIL{0}( 9096): b89adee8 onHandleRequest:[-1639825076] VOICE_REGISTRATION_STATE
07-29 14:18:39.618 D/use-Rlog/RLOG-RIL{0}( 9096): b89adee8 onHandleRequest:[-1639825075] QUERY_NETWORK_SELECTION_MODE
07-29 14:18:39.618 D/use-Rlog/RLOG-RIL{0}( 9096): Providing cached network selection details
07-29 14:18:39.618 D/use-Rlog/RLOG-RIL{0}( 9096): b89adee8 onHandleRequest:[-1639825074] GET_SIM_STATUS
07-29 14:18:39.618 D/use-Rlog/RLOG-RIL AT{0}( 9096): AT(18)> AT+CPIN?
07-29 14:18:39.618 D/RILJ    ( 3704): [8570]< OPERATOR {null, null, null}
07-29 14:18:39.618 D/RILJ    ( 3704): [8571]< DATA_REGISTRATION_STATE {0, null, null, 0, null, 2}
07-29 14:18:39.618 D/RILJ    ( 3704): [8572]< VOICE_REGISTRATION_STATE {2, null, null, 0}
07-29 14:18:39.618 D/RILJ    ( 3704): [8573]< QUERY_NETWORK_SELECTION_MODE {1}
07-29 14:18:39.618 D/UiccController( 3704): Received EVENT_GET_ICC_STATUS_DONE
07-29 14:18:39.618 D/UiccCard( 3704): 1 applications
07-29 14:18:39.618 D/UiccCardApplication( 3704): APPTYPE_USIM update. New {APPTYPE_USIM,APPSTATE_READY,pin1=PINSTATE_UNKNOWN,pin2=PINSTATE_UNKNOWN}
07-29 14:18:39.618 D/UiccCardApplication( 3704): APPTYPE_USIM changed state: APPSTATE_DETECTED -> APPSTATE_READY
07-29 14:18:39.618 D/RILJ    ( 3704): [8590]> QUERY_FACILITY_LOCK [FD 7 null]
07-29 14:18:39.619 D/RILJ    ( 3704): [8591]> QUERY_FACILITY_LOCK [SC 7 null]
07-29 14:18:39.619 D/use-Rlog/RLOG-RIL{0}( 9096): b89ad420 onRequest:[-1639825058] QUERY_FACILITY_LOCK
07-29 14:18:39.619 I/use-Rlog/RLOG-RIL{0}( 9096): sending request QUERY_FACILITY_LOCK on channel 0
07-29 14:18:39.619 D/use-Rlog/RLOG-RIL AT{0}( 9096): AT(18)< +CPIN: READY
07-29 14:18:39.619 D/use-Rlog/RLOG-RIL AT{0}( 9096): AT(18)< OK
07-29 14:18:39.620 D/use-Rlog/RLOG-RIL AT{0}( 9096): AT(18)> AT*TSIMINS?
07-29 14:18:39.620 D/RILJ    ( 3704): [8592]> RIL_REQUEST_GSM_SET_BROADCAST_CONFIG with 2 configs : 
07-29 14:18:39.620 D/RILJ    ( 3704): SmsBroadcastConfigInfo: Id [4370,4379] Code [0,255] ENABLED
07-29 14:18:39.620 D/RILJ    ( 3704): SmsBroadcastConfigInfo: Id [4356,4356] Code [0,255] ENABLED
07-29 14:18:39.621 D/UiccCardApplication( 3704): Notifying registrants: READY
07-29 14:18:39.621 D/CAT     ( 3704): CatService: Return current sInstance
07-29 14:18:39.621 E/UiccCard( 3704): App index 8 is invalid since there are no applications
07-29 14:18:39.621 E/UiccCard( 3704): App index 8 is invalid since there are no applications
07-29 14:18:39.621 D/UiccCard( 3704): update: radioState=RADIO_ON mLastRadioState=RADIO_OFF
07-29 14:18:39.621 D/UiccController( 3704): Notifying IccChangedRegistrants
07-29 14:18:39.621 D/SIMRecords( 3704): [SIMRecords] fetchSimRecords 0
07-29 14:18:39.621 D/RILJ    ( 3704): [8593]> getIMSI: GET_IMSI aid: null
07-29 14:18:39.622 D/use-Rlog/RLOG-RIL AT{0}( 9096): AT(18)< *TSIMINS: 1,1,1
07-29 14:18:39.622 D/use-Rlog/RLOG-RIL AT{0}( 9096): AT(18)< OK
07-29 14:18:39.622 D/use-Rlog/RLOG-RIL AT{0}( 9096): AT(18)> AT%PINNUM?
07-29 14:18:39.622 D/use-Rlog/RLOG-RIL{0}( 9096): b89ad420 onRequest:[-1639825056] GSM_SET_BROADCAST_SMS_CONFIG
07-29 14:18:39.622 I/use-Rlog/RLOG-RIL{0}( 9096): sending request GSM_SET_BROADCAST_SMS_CONFIG on channel 0
07-29 14:18:39.622 D/RILJ    ( 3704): [8594]> iccIO: SIM_IO 0xc0 0x2fe2  path: 3F00,0,0,15 aid: null
07-29 14:18:39.622 D/use-Rlog/RLOG-RIL{0}( 9096): b89ad420 onRequest:[-1639825057] QUERY_FACILITY_LOCK
07-29 14:18:39.622 I/use-Rlog/RLOG-RIL{0}( 9096): sending request QUERY_FACILITY_LOCK on channel 0
07-29 14:18:39.622 D/use-Rlog/RLOG-RIL{0}( 9096): b89ad420 onRequest:[-1639825055] GET_IMSI
07-29 14:18:39.622 I/use-Rlog/RLOG-RIL{0}( 9096): sending request GET_IMSI on channel 0
07-29 14:18:39.623 D/RILJ    ( 3704): [8595]> iccIO: SIM_IO 0xc0 0x6f40  path: 3F007FFF,0,0,15 aid: null
07-29 14:18:39.623 D/RILJ    ( 3704): [8596]> iccIO: SIM_IO 0xc0 0x6fc9  path: 3F007FFF,0,0,15 aid: null
07-29 14:18:39.623 D/use-Rlog/RLOG-RIL AT{0}( 9096): AT(18)< %PINNUM: 3, 10, 3, 10
07-29 14:18:39.623 D/use-Rlog/RLOG-RIL AT{0}( 9096): AT(18)< OK
07-29 14:18:39.624 D/use-Rlog/RLOG-RIL{0}( 9096): b89adee8 onHandleRequest:[-1639825073] GET_CURRENT_CALLS
07-29 14:18:39.624 D/use-Rlog/RLOG-RIL AT{0}( 9096): AT(18)> AT+CLCC
07-29 14:18:39.624 D/use-Rlog/RLOG-RIL{0}( 9096): b89ad420 onRequest:[-1639825054] SIM_IO
07-29 14:18:39.624 I/use-Rlog/RLOG-RIL{0}( 9096): sending request SIM_IO on channel 0
07-29 14:18:39.624 D/RILJ    ( 3704): [8597]> iccIO: SIM_IO 0xc0 0x6fad  path: 3F007FFF,0,0,15 aid: null
07-29 14:18:39.624 D/use-Rlog/RLOG-RIL{0}( 9096): b89ad420 onRequest:[-1639825053] SIM_IO
07-29 14:18:39.624 I/use-Rlog/RLOG-RIL{0}( 9096): sending request SIM_IO on channel 0
07-29 14:18:39.624 D/use-Rlog/RLOG-RIL{0}( 9096): b89ad420 onRequest:[-1639825052] SIM_IO
07-29 14:18:39.624 I/use-Rlog/RLOG-RIL{0}( 9096): sending request SIM_IO on channel 0
07-29 14:18:39.624 D/RILJ    ( 3704): [8598]> iccIO: SIM_IO 0xc0 0x6fca  path: 3F007FFF,0,0,15 aid: null
07-29 14:18:39.624 D/RILJ    ( 3704): [8574]< GET_SIM_STATUS IccCardState {CARDSTATE_PRESENT,PINSTATE_UNKNOWN,num_apps=1,gsm_id=0{APPTYPE_USIM,APPSTATE_READY,pin1=PINSTATE_UNKNOWN,pin2=PINSTATE_UNKNOWN},cdma_id=8,ims_id=8}
07-29 14:18:39.625 D/use-Rlog/RLOG-RIL{0}( 9096): b89ad420 onRequest:[-1639825051] SIM_IO
07-29 14:18:39.625 I/use-Rlog/RLOG-RIL{0}( 9096): sending request SIM_IO on channel 0
07-29 14:18:39.625 D/RILJ    ( 3704): [8599]> iccIO: SIM_IO 0xc0 0x6f11  path: 3F007FFF,0,0,15 aid: null
07-29 14:18:39.626 D/use-Rlog/RLOG-RIL{0}( 9096): b89ad420 onRequest:[-1639825050] SIM_IO
07-29 14:18:39.626 I/use-Rlog/RLOG-RIL{0}( 9096): sending request SIM_IO on channel 0
07-29 14:18:39.626 D/use-Rlog/RLOG-RIL{0}( 9096): b89ad420 onRequest:[-1639825049] SIM_IO
07-29 14:18:39.626 D/RILJ    ( 3704): [8600]> iccIO: SIM_IO 0xc0 0x6fcb  path: 3F007FFF,0,0,15 aid: null
07-29 14:18:39.626 I/use-Rlog/RLOG-RIL{0}( 9096): sending request SIM_IO on channel 0
07-29 14:18:39.626 D/use-Rlog/RLOG-RIL AT{0}( 9096): AT(18)< OK
07-29 14:18:39.626 D/use-Rlog/RLOG-RIL{0}( 9096): requestGetCurrentCalls: 0 calls
07-29 14:18:39.626 D/use-Rlog/RLOG-RIL{0}( 9096): requestGetCurrentCalls: 0 valid calls
07-29 14:18:39.626 D/use-Rlog/RLOG-RIL{0}( 9096): b89adee8 onHandleRequest:[-1639825072] IMS_REGISTRATION_STATE
07-29 14:18:39.626 D/use-Rlog/RLOG-RIL{0}( 9096): b89adee8 onHandleRequest:[-1639825071] VOICE_RADIO_TECH
07-29 14:18:39.626 D/use-Rlog/RLOG-RIL{0}( 9096): b89adee8 onHandleRequest:[-1639825070] CDMA_GET_SUBSCRIPTION_SOURCE
07-29 14:18:39.626 E/use-Rlog/RLOG-RIL{0}( 9096): Request 104 [CDMA_GET_SUBSCRIPTION_SOURCE] not supported
07-29 14:18:39.626 D/use-Rlog/RLOG-RIL{0}( 9096): b89adee8 onHandleRequest:[-1639825069] GET_SIM_STATUS
07-29 14:18:39.626 D/use-Rlog/RLOG-RIL AT{0}( 9096): AT(18)> AT+CPIN?
07-29 14:18:39.627 D/use-Rlog/RLOG-RIL AT{0}( 9096): AT(18)< +CUSATP:"D0818B8103012500820281828508566F6461666F6E658F1180566F6461666F6E6520736572766963658F13814F7076726167656E2062656C7465676F65648F0C824F7077616172646572656E8F0D83496E7374656C6C696E67656E8F158447726174697320534D532042657269636874656E8F0F85534D532046756E202620496E666F8F09864D4D5320696E666F"
07-29 14:18:39.627 D/use-Rlog/RLOG-RIL{0}( 9096): Kernel time: [13851.477218]
07-29 14:18:39.627 D/use-Rlog/RLOG-RIL{0}( 9096): b89ae710 onUnsolicited: +CUSATP:"D0818B8103012500820281828508566F6461666F6E658F1180566F6461666F6E6520736572766963658F13814F7076726167656E2062656C7465676F65648F0C824F7077616172646572656E8F0D83496E7374656C6C696E67656E8F158447726174697320534D532042657269636874656E8F0F85534D532046756E202620496E666F8F09864D4D5320696E666F" null
07-29 14:18:39.627 D/use-Rlog/RLOG-RIL AT{0}( 9096): AT(17)< +CUSATP:"D0818B8103012500820281828508566F6461666F6E658F1180566F6461666F6E6520736572766963658F13814F7076726167656E2062656C7465676F65648F0C824F7077616172646572656E8F0D83496E7374656C6C696E67656E8F158447726174697320534D532042657269636874656E8F0F85534D532046756E202620496E666F8F09864D4D5320696E666F"
07-29 14:18:39.627 D/RILJ    ( 3704): [8575]< GET_CURRENT_CALLS  
07-29 14:18:39.627 D/use-Rlog/RLOG-RIL AT{0}( 9096): AT(16)< +CUSATP:"D0818B8103012500820281828508566F6461666F6E658F1180566F6461666F6E6520736572766963658F13814F7076726167656E2062656C7465676F65648F0C824F7077616172646572656E8F0D83496E7374656C6C696E67656E8F158447726174697320534D532042657269636874656E8F0F85534D532046756E202620496E666F8F09864D4D5320696E666F"
07-29 14:18:39.627 D/RILJ    ( 3704): [8576]< RIL_REQUEST_IMS_REGISTRATION_STATE {0, 0}
07-29 14:18:39.628 D/RILJ    ( 3704): [8577]< RIL_REQUEST_VOICE_RADIO_TECH {3}
07-29 14:18:39.628 D/RilRequest( 3704): [8578]< RIL_REQUEST_CDMA_GET_SUBSCRIPTION_SOURCE error: com.android.internal.telephony.CommandException: REQUEST_NOT_SUPPORTED ret=
07-29 14:18:39.629 D/use-Rlog/RLOG-RIL{0}( 9096): b89ad420 onRequest:[-1639825048] SIM_IO
07-29 14:18:39.629 I/use-Rlog/RLOG-RIL{0}( 9096): sending request SIM_IO on channel 0
07-29 14:18:39.629 D/RILJ    ( 3704): [8601]> iccIO: SIM_IO 0xc0 0x6f13  path: 3F007FFF,0,0,15 aid: null
07-29 14:18:39.630 D/use-Rlog/RLOG-RIL{0}( 9096): b89ad420 onRequest:[-1639825047] SIM_IO
07-29 14:18:39.630 I/use-Rlog/RLOG-RIL{0}( 9096): sending request SIM_IO on channel 0
07-29 14:18:39.630 D/RILJ    ( 3704): [8602]> iccIO: SIM_IO 0xc0 0x6f46  path: 3F007FFF,0,0,15 aid: null
07-29 14:18:39.630 D/use-Rlog/RLOG-RIL{0}( 9096): b89ad420 onRequest:[-1639825046] SIM_IO
07-29 14:18:39.630 I/use-Rlog/RLOG-RIL{0}( 9096): sending request SIM_IO on channel 0
07-29 14:18:39.630 D/RILJ    ( 3704): [8603]> iccIO: SIM_IO 0xc0 0x6fcd  path: 3F007FFF,0,0,15 aid: null
07-29 14:18:39.630 D/use-Rlog/RLOG-RIL AT{0}( 9096): AT(18)< +CPIN: READY
07-29 14:18:39.630 D/use-Rlog/RLOG-RIL AT{0}( 9096): AT(18)< OK
07-29 14:18:39.630 D/use-Rlog/RLOG-RIL AT{0}( 9096): AT(18)> AT*TSIMINS?
07-29 14:18:39.631 D/use-Rlog/RLOG-RIL{0}( 9096): b89ad420 onRequest:[-1639825045] SIM_IO
07-29 14:18:39.631 I/use-Rlog/RLOG-RIL{0}( 9096): sending request SIM_IO on channel 0
07-29 14:18:39.631 D/RILJ    ( 3704): [8604]> iccIO: SIM_IO 0xc0 0x6fc5  path: 3F007FFF,0,0,15 aid: null
07-29 14:18:39.632 D/use-Rlog/RLOG-RIL{0}( 9096): b89ad420 onRequest:[-1639825044] SIM_IO
07-29 14:18:39.632 I/use-Rlog/RLOG-RIL{0}( 9096): sending request SIM_IO on channel 0
07-29 14:18:39.632 D/RILJ    ( 3704): [8605]> iccIO: SIM_IO 0xc0 0x6f38  path: 3F007FFF,0,0,15 aid: null
07-29 14:18:39.632 D/use-Rlog/RLOG-RIL{0}( 9096): b89ad420 onRequest:[-1639825043] SIM_IO
07-29 14:18:39.632 I/use-Rlog/RLOG-RIL{0}( 9096): sending request SIM_IO on channel 0
07-29 14:18:39.632 D/RILJ    ( 3704): [8606]> iccIO: SIM_IO 0xc0 0x6f16  path: 3F007FFF,0,0,15 aid: null
07-29 14:18:39.632 D/use-Rlog/RLOG-RIL AT{0}( 9096): AT(18)< *TSIMINS: 1,1,1
07-29 14:18:39.632 D/use-Rlog/RLOG-RIL AT{0}( 9096): AT(18)< OK
07-29 14:18:39.632 D/use-Rlog/RLOG-RIL AT{0}( 9096): AT(18)> AT%PINNUM?
07-29 14:18:39.633 D/use-Rlog/RLOG-RIL{0}( 9096): b89ad420 onRequest:[-1639825042] SIM_IO
07-29 14:18:39.633 I/use-Rlog/RLOG-RIL{0}( 9096): sending request SIM_IO on channel 0
07-29 14:18:39.633 D/RILJ    ( 3704): [8607]> iccIO: SIM_IO 0xc0 0x6f15  path: 3F007FFF,0,0,15 aid: null
07-29 14:18:39.634 D/use-Rlog/RLOG-RIL{0}( 9096): b89ad420 onRequest:[-1639825041] SIM_IO
07-29 14:18:39.634 I/use-Rlog/RLOG-RIL{0}( 9096): sending request SIM_IO on channel 0
07-29 14:18:39.634 D/RILJ    ( 3704): [8608]> iccIO: SIM_IO 0xc0 0x6f3e  path: 3F007FFF,0,0,15 aid: null
07-29 14:18:39.634 D/use-Rlog/RLOG-RIL AT{0}( 9096): AT(18)< %PINNUM: 3, 10, 3, 10
07-29 14:18:39.634 D/use-Rlog/RLOG-RIL AT{0}( 9096): AT(18)< OK
07-29 14:18:39.634 D/use-Rlog/RLOG-RIL{0}( 9096): b89adee8 onHandleUnsolicited: +CUSATP:"D0818B8103012500820281828508566F6461666F6E658F1180566F6461666F6E6520736572766963658F13814F7076726167656E2062656C7465676F65648F0C824F7077616172646572656E8F0D83496E7374656C6C696E67656E8F158447726174697320534D532042657269636874656E8F0F85534D532046756E202620496E666F8F09864D4D5320696E666F" null
07-29 14:18:39.634 D/use-Rlog/RLOG-RIL{0}( 9096): b89adee8 onHandleRequest:[-1639825068] OPERATOR
07-29 14:18:39.634 D/use-Rlog/RLOG-RIL{0}( 9096): Providing cached Operator details
07-29 14:18:39.634 D/use-Rlog/RLOG-RIL{0}( 9096): b89adee8 onHandleRequest:[-1639825067] DATA_REGISTRATION_STATE
07-29 14:18:39.634 D/use-Rlog/RLOG-RIL{0}( 9096): b89adee8 onHandleRequest:[-1639825066] VOICE_REGISTRATION_STATE
07-29 14:18:39.634 D/use-Rlog/RLOG-RIL{0}( 9096): b89adee8 onHandleRequest:[-1639825065] QUERY_NETWORK_SELECTION_MODE
07-29 14:18:39.634 D/use-Rlog/RLOG-RIL{0}( 9096): Providing cached network selection details
07-29 14:18:39.634 D/use-Rlog/RLOG-RIL{0}( 9096): b89adee8 onHandleRequest:[-1] [INTERNAL]SIM_POLL
07-29 14:18:39.634 D/use-Rlog/RLOG-RIL AT{0}( 9096): AT(18)> AT+CPIN?
07-29 14:18:39.634 D/use-Rlog/RLOG-RIL{0}( 9096): b89ad420 onRequest:[-1639825040] SIM_IO
07-29 14:18:39.635 I/use-Rlog/RLOG-RIL{0}( 9096): sending request SIM_IO on channel 0
07-29 14:18:39.635 D/SIMRecords( 3704): [SIMRecords] fetchSimRecords 16 requested: true
07-29 14:18:39.635 D/CAT     ( 3704): CatService: SIM ready. Reporting STK service running now...
07-29 14:18:39.635 D/RILJ    ( 3704): [8609]> RIL_REQUEST_REPORT_STK_SERVICE_IS_RUNNING
07-29 14:18:39.635 D/RILJ    ( 3704): [8579]< GET_SIM_STATUS IccCardState {CARDSTATE_PRESENT,PINSTATE_UNKNOWN,num_apps=1,gsm_id=0{APPTYPE_USIM,APPSTATE_READY,pin1=PINSTATE_UNKNOWN,pin2=PINSTATE_UNKNOWN},cdma_id=8,ims_id=8}
07-29 14:18:39.635 D/use-Rlog/RLOG-RIL{0}( 9096): b89ad420 onRequest:[-1639825039] REPORT_STK_SERVICE_IS_RUNNING
07-29 14:18:39.635 I/use-Rlog/RLOG-RIL{0}( 9096): sending request REPORT_STK_SERVICE_IS_RUNNING on channel 0
07-29 14:18:39.636 D/RILJ    ( 3704): [UNSL]< UNSOL_STK_PROACTIVE_COMMAND D0818B8103012500820281828508566F6461666F6E658F1180566F6461666F6E6520736572766963658F13814F7076726167656E2062656C7465676F65648F0C824F7077616172646572656E8F0D83496E7374656C6C696E67656E8F158447726174697320534D532042657269636874656E8F0F85534D532046756E202620496E666F8F09864D4D5320696E666F
07-29 14:18:39.636 D/RILJ    ( 3704): setCurrentPreferredNetworkType: 1
07-29 14:18:39.636 D/RILJ    ( 3704): [8610]> REQUEST_SET_PREFERRED_NETWORK_TYPE : 1
07-29 14:18:39.636 D/RILJ    ( 3704): [8580]< OPERATOR {null, null, null}
07-29 14:18:39.636 D/use-Rlog/RLOG-RIL AT{0}( 9096): AT(18)< +CPIN: READY
07-29 14:18:39.636 D/use-Rlog/RLOG-RIL AT{0}( 9096): AT(18)< OK
07-29 14:18:39.636 D/use-Rlog/RLOG-RIL{0}( 9096): b89adee8 onHandleRequest:[-1] [INTERNAL]UPDATE_SIM_LOADED
07-29 14:18:39.636 D/use-Rlog/RLOG-RIL AT{0}( 9096): AT(18)> AT+CGSMS=1
07-29 14:18:39.637 D/use-Rlog/RLOG-RIL AT{0}( 9096): AT(18)< +CME ERROR: 769
07-29 14:18:39.637 I/use-Rlog/RLOG-RIL{0}( 9096): checkAndAmendEmergencyNumbers
07-29 14:18:39.637 D/use-Rlog/RLOG-RIL AT{0}( 9096): AT(18)> AT+CPBS="EN"
07-29 14:18:39.638 D/RILJ    ( 3704): [8581]< DATA_REGISTRATION_STATE {0, null, null, 0, null, 2}
07-29 14:18:39.638 D/RILJ    ( 3704): [8582]< VOICE_REGISTRATION_STATE {2, null, null, 0}
07-29 14:18:39.638 D/RILJ    ( 3704): [8583]< QUERY_NETWORK_SELECTION_MODE {1}
07-29 14:18:39.638 D/use-Rlog/RLOG-RIL{0}( 9096): b89ad420 onRequest:[-1639825038] SET_PREFERRED_NETWORK_TYPE
07-29 14:18:39.638 I/use-Rlog/RLOG-RIL{0}( 9096): sending request SET_PREFERRED_NETWORK_TYPE on channel 0
07-29 14:18:39.638 D/RILJ    ( 3704): [8611]> SET_NETWORK_SELECTION_MANUAL 00101
07-29 14:18:39.639 D/use-Rlog/RLOG-RIL AT{0}( 9096): AT(18)< OK
07-29 14:18:39.639 D/use-Rlog/RLOG-RIL AT{0}( 9096): AT(18)> AT+CPBR=?
07-29 14:18:39.639 D/use-Rlog/RLOG-RIL{0}( 9096): b89ad420 onRequest:[-1639825037] SET_NETWORK_SELECTION_MANUAL
07-29 14:18:39.639 I/use-Rlog/RLOG-RIL{0}( 9096): sending request SET_NETWORK_SELECTION_MANUAL on channel 1
07-29 14:18:39.639 D/RILJ    ( 3704): [8612]> OPERATOR
07-29 14:18:39.639 D/use-Rlog/RLOG-RIL{0}( 9096): b89ae1d8 onHandleRequest:[-1639825037] SET_NETWORK_SELECTION_MANUAL
07-29 14:18:39.639 D/use-Rlog/RLOG-RIL AT{0}( 9096): AT(17)> AT+COPS=1,2,"00101"
07-29 14:18:39.640 D/use-Rlog/RLOG-RIL{0}( 9096): b89ad420 onRequest:[-1639825036] OPERATOR
07-29 14:18:39.640 I/use-Rlog/RLOG-RIL{0}( 9096): sending request OPERATOR on channel 0
07-29 14:18:39.640 D/RILJ    ( 3704): [8613]> DATA_REGISTRATION_STATE
07-29 14:18:39.640 D/use-Rlog/RLOG-RIL AT{0}( 9096): AT(18)< +CME ERROR: 769
07-29 14:18:39.641 D/RILJ    ( 3704): [8614]> VOICE_REGISTRATION_STATE
07-29 14:18:39.641 D/use-Rlog/RLOG-RIL{0}( 9096): b89ad420 onRequest:[-1639825035] DATA_REGISTRATION_STATE
07-29 14:18:39.641 I/use-Rlog/RLOG-RIL{0}( 9096): sending request DATA_REGISTRATION_STATE on channel 0
07-29 14:18:39.641 D/use-Rlog/RLOG-RIL{0}( 9096): Emergency call list updated
07-29 14:18:39.641 D/use-Rlog/RLOG-RIL AT{0}( 9096): AT(18)> AT+CNAP=1
07-29 14:18:39.641 D/use-Rlog/RLOG-RIL{0}( 9096): b89ad420 onRequest:[-1639825034] VOICE_REGISTRATION_STATE
07-29 14:18:39.641 I/use-Rlog/RLOG-RIL{0}( 9096): sending request VOICE_REGISTRATION_STATE on channel 0
07-29 14:18:39.642 D/RILJ    ( 3704): [8615]> QUERY_NETWORK_SELECTION_MODE
07-29 14:18:39.642 D/use-Rlog/RLOG-RIL{0}( 9096): b89ad420 onRequest:[-1639825033] QUERY_NETWORK_SELECTION_MODE
07-29 14:18:39.642 I/use-Rlog/RLOG-RIL{0}( 9096): sending request QUERY_NETWORK_SELECTION_MODE on channel 0
07-29 14:18:39.643 D/IccCardProxy( 3704): Broadcasting intent ACTION_SIM_STATE_CHANGED READY reason null
07-29 14:18:39.644 D/use-Rlog/RLOG-RIL AT{0}( 9096): AT(18)< OK
07-29 14:18:39.644 D/use-Rlog/RLOG-RIL AT{0}( 9096): AT(18)> AT+CUSATD=1,0
07-29 14:18:39.645 D/use-Rlog/RLOG-RIL AT{0}( 9096): AT(18)< OK
07-29 14:18:39.645 D/use-Rlog/RLOG-RIL{0}( 9096): b89adee8 onHandleRequest:[-1] [INTERNAL]SIM_POLL
07-29 14:18:39.645 D/use-Rlog/RLOG-RIL AT{0}( 9096): AT(18)> AT+CPIN?
07-29 14:18:39.648 D/use-Rlog/RLOG-RIL AT{0}( 9096): AT(18)< +CPIN: READY
07-29 14:18:39.648 D/use-Rlog/RLOG-RIL AT{0}( 9096): AT(18)< OK
07-29 14:18:39.648 D/use-Rlog/RLOG-RIL{0}( 9096): b89adee8 onHandleRequest:[-1639825064] GET_SIM_STATUS
07-29 14:18:39.648 D/DCT     ( 3704): handleMessage msg={ when=-27ms what=270369 obj=android.os.AsyncResult@41c29bb0 target=com.android.internal.telephony.dataconnection.DcTracker }
07-29 14:18:39.648 D/use-Rlog/RLOG-RIL AT{0}( 9096): AT(18)> AT+CPIN?
07-29 14:18:39.648 D/UiccController( 3704): Received EVENT_GET_ICC_STATUS_DONE
07-29 14:18:39.648 D/UiccCard( 3704): 1 applications
07-29 14:18:39.648 D/UiccCardApplication( 3704): APPTYPE_USIM update. New {APPTYPE_USIM,APPSTATE_READY,pin1=PINSTATE_UNKNOWN,pin2=PINSTATE_UNKNOWN}
07-29 14:18:39.648 D/CAT     ( 3704): CatService: Return current sInstance
07-29 14:18:39.648 E/UiccCard( 3704): App index 8 is invalid since there are no applications
07-29 14:18:39.648 E/UiccCard( 3704): App index 8 is invalid since there are no applications
07-29 14:18:39.648 D/UiccCard( 3704): update: radioState=RADIO_ON mLastRadioState=RADIO_ON
07-29 14:18:39.648 D/UiccController( 3704): Notifying IccChangedRegistrants
07-29 14:18:39.648 D/RIL_ImsSms( 3704): IMS is NOT registered!
07-29 14:18:39.648 E/RIL_ImsSms( 3704): IMS format was unknown!
07-29 14:18:39.648 D/PhoneProxy( 3704): [PhoneProxy] EVENT_REQUEST_VOICE_RADIO_TECH_DONE: newVoiceTech=3
07-29 14:18:39.648 D/PhoneProxy( 3704): [PhoneProxy] phoneObjectUpdater: newVoiceRadioTech=3
07-29 14:18:39.648 D/TelephonyManager( 3704): getLteOnCdmaMode=0 curVal=-1 product_type='' lteOnCdmaProductType=''
07-29 14:18:39.648 D/PhoneProxy( 3704): [PhoneProxy] phoneObjectUpdater: No change ignore, newVoiceRadioTech=3 mActivePhone=GSM
07-29 14:18:39.648 D/CdmaSSM ( 3704): CDMA_SUBSCRIPTION_SOURCE event = 2
07-29 14:18:39.648 W/CdmaSSM ( 3704): Unable to get CDMA Subscription Source, Exception: com.android.internal.telephony.CommandException: REQUEST_NOT_SUPPORTED, result: null
07-29 14:18:39.648 D/UiccController( 3704): Received EVENT_GET_ICC_STATUS_DONE
07-29 14:18:39.648 D/UiccCard( 3704): 1 applications
07-29 14:18:39.648 D/UiccCardApplication( 3704): APPTYPE_USIM update. New {APPTYPE_USIM,APPSTATE_READY,pin1=PINSTATE_UNKNOWN,pin2=PINSTATE_UNKNOWN}
07-29 14:18:39.648 D/CAT     ( 3704): CatService: Return current sInstance
07-29 14:18:39.649 E/UiccCard( 3704): App index 8 is invalid since there are no applications
07-29 14:18:39.649 E/UiccCard( 3704): App index 8 is invalid since there are no applications
07-29 14:18:39.649 D/UiccCard( 3704): update: radioState=RADIO_ON mLastRadioState=RADIO_ON
07-29 14:18:39.649 D/UiccController( 3704): Notifying IccChangedRegistrants
07-29 14:18:39.649 D/CAT     ( 3704): CatService: ril message arrived
07-29 14:18:39.649 D/CAT     ( 3704): CommandParamsFactory: process SelectItem
07-29 14:18:39.649 D/DCT     ( 3704): handleMessage msg={ when=-1ms what=270369 obj=android.os.AsyncResult@41c941c8 target=com.android.internal.telephony.dataconnection.DcTracker }
07-29 14:18:39.649 D/DCT     ( 3704): handleMessage msg={ when=0 what=270369 obj=android.os.AsyncResult@41c95d48 target=com.android.internal.telephony.dataconnection.DcTracker }
07-29 14:18:39.650 D/use-Rlog/RLOG-RIL AT{0}( 9096): AT(18)< +CPIN: READY
07-29 14:18:39.650 D/use-Rlog/RLOG-RIL AT{0}( 9096): AT(18)< OK
07-29 14:18:39.650 D/use-Rlog/RLOG-RIL AT{0}( 9096): AT(18)> AT*TSIMINS?
07-29 14:18:39.651 D/CAT     ( 3704): CatService: SET_UP_MENU
07-29 14:18:39.651 D/CAT     ( 3704): CatService: encodeOptionalTags() Unsupported Cmd details=CmdDetails: compRequired=true commandNumber=1 typeOfCommand=37 commandQualifier=0
07-29 14:18:39.651 D/RILJ    ( 3704): [8616]> REQUEST_STK_SEND_TERMINAL_RESPONSE
07-29 14:18:39.652 D/use-Rlog/RLOG-RIL{0}( 9096): b89ad420 onRequest:[-1639825032] STK_SEND_TERMINAL_RESPONSE
07-29 14:18:39.652 I/use-Rlog/RLOG-RIL{0}( 9096): sending request STK_SEND_TERMINAL_RESPONSE on channel 0
07-29 14:18:39.652 D/use-Rlog/RLOG-RIL AT{0}( 9096): AT(18)< *TSIMINS: 1,1,1
