07-29 14:18:02.869 D/use-Rlog/RLOG-RIL AT{0}( 9096): AT(18)< %IPSRB: 1
07-29 14:18:02.870 D/use-Rlog/RLOG-RIL{0}( 9096): Kernel time: [13814.207229]
07-29 14:18:02.870 D/use-Rlog/RLOG-RIL{0}( 9096): b89ae710 onUnsolicited: %IPSRB: 1 null
07-29 14:18:02.870 D/use-Rlog/RLOG-RIL{0}( 9096): b89adee8 onHandleUnsolicited: %IPSRB: 1 null
07-29 14:18:04.254 D/use-Rlog/RLOG-RIL AT{0}( 9096): AT(18)< +CGREG: 1
07-29 14:18:04.254 D/use-Rlog/RLOG-RIL{0}( 9096): Kernel time: [13815.590881]
07-29 14:18:04.255 D/use-Rlog/RLOG-RIL{0}( 9096): b89ae710 onUnsolicited: +CGREG: 1 null
07-29 14:18:04.256 D/use-Rlog/RLOG-RIL{0}( 9096): b89adee8 onHandleUnsolicited: +CGREG: 1 null
07-29 14:18:04.259 D/RILJ    ( 3704): [UNSL]< UNSOL_RESPONSE_VOICE_NETWORK_STATE_CHANGED
07-29 14:18:04.265 D/RILJ    ( 3704): [8548]> OPERATOR
07-29 14:18:04.295 D/use-Rlog/RLOG-RIL{0}( 9096): b89ad420 onRequest:[-1639825100] OPERATOR
07-29 14:18:04.295 I/use-Rlog/RLOG-RIL{0}( 9096): sending request OPERATOR on channel 0
07-29 14:18:04.295 D/use-Rlog/RLOG-RIL{0}( 9096): b89adee8 onHandleRequest:[-1639825100] OPERATOR
07-29 14:18:04.296 D/use-Rlog/RLOG-RIL AT{0}( 9096): AT(18)> AT+COPS=3,0;+COPS?;+COPS=3,1;+COPS?;+COPS=3,2;+COPS?
07-29 14:18:04.297 D/use-Rlog/RLOG-RIL AT{0}( 9096): AT(18)< +COPS: 1,0,"vodafone NL",0
07-29 14:18:04.297 D/use-Rlog/RLOG-RIL AT{0}( 9096): AT(18)< +COPS: 1,1,"voda NL",0
07-29 14:18:04.298 D/use-Rlog/RLOG-RIL AT{0}( 9096): AT(18)< +COPS: 1,2,"20404",0
07-29 14:18:04.298 D/use-Rlog/RLOG-RIL AT{0}( 9096): AT(18)< OK
07-29 14:18:04.308 D/RILJ    ( 3704): [8549]> DATA_REGISTRATION_STATE
07-29 14:18:04.312 D/RILJ    ( 3704): [8548]< OPERATOR {vodafone NL, voda NL, 20404}
07-29 14:18:04.320 D/use-Rlog/RLOG-RIL{0}( 9096): b89ad420 onRequest:[-1639825099] DATA_REGISTRATION_STATE
07-29 14:18:04.320 I/use-Rlog/RLOG-RIL{0}( 9096): sending request DATA_REGISTRATION_STATE on channel 0
07-29 14:18:04.321 D/use-Rlog/RLOG-RIL{0}( 9096): b89adee8 onHandleRequest:[-1639825099] DATA_REGISTRATION_STATE
07-29 14:18:04.323 D/RILJ    ( 3704): [8549]< DATA_REGISTRATION_STATE {1, null, null, 0, null, 2}
07-29 14:18:04.325 D/RILJ    ( 3704): [8550]> VOICE_REGISTRATION_STATE
07-29 14:18:04.341 D/use-Rlog/RLOG-RIL{0}( 9096): b89ad420 onRequest:[-1639825098] VOICE_REGISTRATION_STATE
07-29 14:18:04.341 I/use-Rlog/RLOG-RIL{0}( 9096): sending request VOICE_REGISTRATION_STATE on channel 0
07-29 14:18:04.341 D/use-Rlog/RLOG-RIL{0}( 9096): b89adee8 onHandleRequest:[-1639825098] VOICE_REGISTRATION_STATE
07-29 14:18:04.344 D/RILJ    ( 3704): [8550]< VOICE_REGISTRATION_STATE {1, 3e8, a, 16}
07-29 14:18:04.346 D/RILJ    ( 3704): [8551]> QUERY_NETWORK_SELECTION_MODE
07-29 14:18:04.362 D/use-Rlog/RLOG-RIL{0}( 9096): b89ad420 onRequest:[-1639825097] QUERY_NETWORK_SELECTION_MODE
07-29 14:18:04.362 I/use-Rlog/RLOG-RIL{0}( 9096): sending request QUERY_NETWORK_SELECTION_MODE on channel 0
07-29 14:18:04.362 D/use-Rlog/RLOG-RIL{0}( 9096): b89adee8 onHandleRequest:[-1639825097] QUERY_NETWORK_SELECTION_MODE
07-29 14:18:04.362 D/use-Rlog/RLOG-RIL{0}( 9096): Providing cached network selection details
07-29 14:18:04.365 D/PHONE   ( 3704): [ServiceState] setDataRegState=0
07-29 14:18:04.365 D/PHONE   ( 3704): [ServiceState] setDataRadioTechnology=0
07-29 14:18:04.366 D/GsmSST  ( 3704): [GsmSST] handlPollStateResultMessage: GsmSST setDataRegState=0 regState=1 dataRadioTechnology=0
07-29 14:18:04.367 D/RILJ    ( 3704): [8551]< QUERY_NETWORK_SELECTION_MODE {1}
07-29 14:18:04.369 D/PHONE   ( 3704): [ServiceState] setVoiceRegState=0
07-29 14:18:04.369 E/PHONE   ( 3704): [ServiceState] setState deprecated use setVoiceRegState()
07-29 14:18:04.374 D/GsmSST  ( 3704): [GsmSST] Poll ServiceState done:  oldSS=[0 1 home 00101 00101 00101 (manual) GSM Unknown CSS not supported -1 -1 RoamInd=-1 DefRoamInd=-1 EmergOnly=false] newSS=[0 0 home vodafone NL voda NL 20404 (manual) GSM Unknown CSS not supported -1 -1 RoamInd=-1 DefRoamInd=-1 EmergOnly=false] oldMaxDataCalls=2 mNewMaxDataCalls=2 oldReasonDataDenied=-1 mNewReasonDataDenied=-1
07-29 14:18:04.374 D/PHONE   ( 3704): [ServiceState] setNullState=1
07-29 14:18:04.375 D/GsmSST  ( 3704): [GsmSST] updateSpnDisplay: changed sending intent rule=2 showPlmn='true' plmn='vodafone NL' showSpn='false' spn=''
07-29 14:18:04.406 D/GsmSST  ( 3704): [GsmSST] shouldFixTimeZoneNow: retVal=true iccCardExist=true operatorNumeric=20404 mcc=204 prevOperatorNumeric=00101 prevMcc=1 needToFixTimeZone=false ltod=07-29 14:18:04.404
07-29 14:18:04.406 D/GsmSST  ( 3704): [GsmSST] pollStateDone: fix time zone zoneName='Europe/Amsterdam' mZoneOffset=-25200000 mZoneDst=false iso-cc='nl' iso-cc-idx=-16
07-29 14:18:04.412 D/GsmSST  ( 3704): [GsmSST] pollStateDone: using getTimeZone(off, dst, time, iso)
07-29 14:18:04.412 D/GsmSST  ( 3704): [GsmSST] pollStateDone: zone == null
07-29 14:18:04.437 D/GsmSST  ( 3704): [GsmSST] notifyDataRegStateRilRadioTechnologyChanged: drs=0 rat=0
07-29 14:18:04.441 D/DCT     ( 3704): get all active apn types
07-29 14:18:04.442 D/DCT     ( 3704): handleMessage msg={ when=-6ms what=270352 obj=android.os.AsyncResult@41a900e8 target=com.android.internal.telephony.dataconnection.DcTracker }
07-29 14:18:04.442 D/DCT     ( 3704): onDataConnectionAttached
07-29 14:18:04.443 D/DCT     ( 3704): overall state is IDLE
07-29 14:18:04.443 D/DCT     ( 3704): [ApnContext:dun] getApnSetting: apnSetting=null
07-29 14:18:04.460 D/DCT     ( 3704): [ApnContext:supl] getApnSetting: apnSetting=null
07-29 14:18:04.482 D/DCT     ( 3704): [ApnContext:hipri] getApnSetting: apnSetting=null
07-29 14:18:04.495 D/DCT     ( 3704): [ApnContext:mms] getApnSetting: apnSetting=null
07-29 14:18:04.510 D/DCT     ( 3704): setupDataOnConnectableApns: dataAttached
07-29 14:18:04.511 D/use-Rlog/RLOG-RIL AT{0}( 9096): AT(18)< *TLTS: "15/07/29,12:18:04+08,01"
07-29 14:18:04.511 D/use-Rlog/RLOG-RIL{0}( 9096): Kernel time: [13815.847777]
07-29 14:18:04.511 D/use-Rlog/RLOG-RIL{0}( 9096): b89ae710 onUnsolicited: *TLTS: "15/07/29,12:18:04+08,01" null
07-29 14:18:04.511 D/use-Rlog/RLOG-RIL{0}( 9096): b89adee8 onHandleUnsolicited: *TLTS: "15/07/29,12:18:04+08,01" null
07-29 14:18:04.512 D/RILJ    ( 3704): [UNSL]< UNSOL_NITZ_TIME_RECEIVED 15/07/29,12:18:04+08,01
07-29 14:18:04.513 D/DCT     ( 3704): setupDataOnConnectableApns: apnContext {mApnType=hipri mState=IDLE mWaitingApns={null} mWaitingApnsPermanentFailureCountDown=0 mApnSetting={null} mReason=radioTurnedOff mDataEnabled=false mDependencyMet=true}
07-29 14:18:04.513 D/DCT     ( 3704): setupDataOnConnectableApns: apnContext {mApnType=mms mState=IDLE mWaitingApns={null} mWaitingApnsPermanentFailureCountDown=0 mApnSetting={null} mReason=radioTurnedOff mDataEnabled=false mDependencyMet=true}
07-29 14:18:04.513 D/DCT     ( 3704): setupDataOnConnectableApns: apnContext {mApnType=supl mState=IDLE mWaitingApns={null} mWaitingApnsPermanentFailureCountDown=0 mApnSetting={null} mReason=radioTurnedOff mDataEnabled=false mDependencyMet=true}
07-29 14:18:04.517 D/DCT     ( 3704): setupDataOnConnectableApns: apnContext {mApnType=default mState=IDLE mWaitingApns={null} mWaitingApnsPermanentFailureCountDown=0 mApnSetting={null} mReason=simLoaded mDataEnabled=true mDependencyMet=true}
07-29 14:18:04.517 D/DCT     ( 3704): setupDataOnConnectableApns: isConnectable() call trySetupData
07-29 14:18:04.517 D/DCT     ( 3704): trySetupData for type:default due to dataAttached apnContext={mApnType=default mState=IDLE mWaitingApns={null} mWaitingApnsPermanentFailureCountDown=0 mApnSetting={null} mReason=dataAttached mDataEnabled=true mDependencyMet=true}
07-29 14:18:04.517 D/DCT     ( 3704): trySetupData with mIsPsRestricted=false
07-29 14:18:04.518 D/DCT     ( 3704): [ApnContext:dun] getApnSetting: apnSetting=null
07-29 14:18:04.532 D/DCT     ( 3704): [ApnContext:supl] getApnSetting: apnSetting=null
07-29 14:18:04.544 D/DCT     ( 3704): [ApnContext:hipri] getApnSetting: apnSetting=null
07-29 14:18:04.559 D/DCT     ( 3704): [ApnContext:mms] getApnSetting: apnSetting=null
07-29 14:18:04.567 D/DCT     ( 3704): trySetupData: X apnContext not 'ready' retValue=false
07-29 14:18:04.567 D/DCT     ( 3704): setupDataOnConnectableApns: apnContext {mApnType=dun mState=IDLE mWaitingApns={null} mWaitingApnsPermanentFailureCountDown=0 mApnSetting={null} mReason=radioTurnedOff mDataEnabled=false mDependencyMet=true}
07-29 14:18:04.570 D/GsmSST  ( 3704): [GsmSST] NITZ: 15/07/29,12:18:04+08,01,17105614 start=17105672 delay=58
07-29 14:18:04.589 D/GsmSST  ( 3704): [GsmSST] NITZ: Setting time of day to Wed Jul 29 14:18:04 CEST 2015 NITZ receive delay(ms): 76 gained(ms): -513 from 15/07/29,12:18:04+08,01
07-29 14:18:04.092 I/GsmSST  ( 3704): NITZ: after Setting time of day
07-29 14:18:04.589 D/GsmSST  ( 3704): [GsmSST] setAndBroadcastNetworkSetTime: time=1438172284076ms
07-29 14:18:04.999 D/use-Rlog/RLOG-RIL{0}( 9096): b89adee8 onHandleRequest:[-1] <unknown request>
07-29 14:18:06.637 D/use-Rlog/RLOG-RIL AT{0}( 9096): AT(18)< %IPSRB: 0
07-29 14:18:06.637 D/use-Rlog/RLOG-RIL{0}( 9096): Kernel time: [13818.487226]
07-29 14:18:06.637 D/use-Rlog/RLOG-RIL{0}( 9096): b89ae710 onUnsolicited: %IPSRB: 0 null
07-29 14:18:06.637 D/use-Rlog/RLOG-RIL{0}( 9096): b89adee8 onHandleUnsolicited: %IPSRB: 0 null
07-29 14:18:25.960 D/RILJ    ( 3704): [8552]> SCREEN_STATE: true
07-29 14:18:25.962 D/use-Rlog/RLOG-RIL{0}( 9096): b89ad420 onRequest:[-1639825096] SCREEN_STATE
07-29 14:18:25.962 I/use-Rlog/RLOG-RIL{0}( 9096): sending request SCREEN_STATE on channel 0
07-29 14:18:25.962 D/use-Rlog/RLOG-RIL{0}( 9096): b89adee8 onHandleRequest:[-1639825096] SCREEN_STATE
07-29 14:18:25.962 D/use-Rlog/RLOG-RIL{0}( 9096): Kernel time: [13837.812360]
07-29 14:18:25.962 D/use-Rlog/RLOG-RIL AT{0}( 9096): AT(18)> AT*TUNSOL="SM",1
07-29 14:18:25.962 D/DCT     ( 3704): onReceive: action=android.intent.action.SCREEN_ON
07-29 14:18:25.962 D/DCT     ( 3704): stopNetStatPoll
07-29 14:18:25.962 D/DCT     ( 3704): overall state is IDLE
07-29 14:18:25.972 D/use-Rlog/RLOG-RIL AT{0}( 9096): AT(18)< OK
07-29 14:18:25.972 D/use-Rlog/RLOG-RIL AT{0}( 9096): AT(18)> AT%ICESQU=1,5,6,1,6,12,12,6
07-29 14:18:25.973 D/use-Rlog/RLOG-RIL AT{0}( 9096): AT(18)< OK
07-29 14:18:25.973 D/use-Rlog/RLOG-RIL AT{0}( 9096): AT(18)> AT+CESQ
07-29 14:18:25.974 D/use-Rlog/RLOG-RIL AT{0}( 9096): AT(18)< +CESQ: 51,0,255,255,255,255
07-29 14:18:25.974 D/use-Rlog/RLOG-RIL{0}( 9096): Kernel time: [13837.824119]
07-29 14:18:25.974 D/use-Rlog/RLOG-RIL{0}( 9096): b89ae710 onUnsolicited: +CESQ: 51,0,255,255,255,255 null
07-29 14:18:25.974 D/use-Rlog/RLOG-RIL AT{0}( 9096): AT(18)< OK
07-29 14:18:25.974 D/use-Rlog/RLOG-RIL AT{0}( 9096): AT(18)> AT+CREG=2;+CGREG=2;+CEREG=2
07-29 14:18:25.975 D/use-Rlog/RLOG-RIL AT{0}( 9096): AT(18)< OK
07-29 14:18:25.975 D/use-Rlog/RLOG-RIL AT{0}( 9096): AT(18)> AT%NWSTATE=3
07-29 14:18:25.976 D/use-Rlog/RLOG-RIL AT{0}( 9096): AT(18)< %NWSTATE: 4,20404,2G-GPRS,-,0
07-29 14:18:25.976 D/use-Rlog/RLOG-RIL{0}( 9096): Kernel time: [13837.826700]
07-29 14:18:25.976 D/use-Rlog/RLOG-RIL{0}( 9096): b89ae710 onUnsolicited: %NWSTATE: 4,20404,2G-GPRS,-,0 null
07-29 14:18:25.976 D/use-Rlog/RLOG-RIL AT{0}( 9096): AT(18)< OK
07-29 14:18:25.976 D/use-Rlog/RLOG-RIL AT{0}( 9096): AT(18)> AT%IFD=36
07-29 14:18:25.977 D/use-Rlog/RLOG-RIL AT{0}( 9096): AT(18)< OK
07-29 14:18:25.977 D/use-Rlog/RLOG-RIL AT{0}( 9096): AT(18)> AT%ISCREEN=1
07-29 14:18:25.978 D/use-Rlog/RLOG-RIL AT{0}( 9096): AT(18)< OK
07-29 14:18:25.978 D/use-Rlog/RLOG-RIL AT{0}( 9096): AT(18)> AT%IDRVSTAT
07-29 14:18:25.981 D/use-Rlog/RLOG-RIL AT{0}( 9096): AT(18)< {
07-29 14:18:25.981 D/use-Rlog/RLOG-RIL AT{0}( 9096): AT(18)<    'wakesch':{
07-29 14:18:25.981 D/use-Rlog/RLOG-RIL AT{0}( 9096): AT(18)<       'min_restore_time':[0,295,0,0,0,0,0,0,0,0,0,0,0,0,0,0],
07-29 14:18:25.981 D/use-Rlog/RLOG-RIL AT{0}( 9096): AT(18)<       'max_restore_time':[0,432,0,0,0,0,0,0,0,0,0,0,0,0,0,0],
07-29 14:18:25.981 D/use-Rlog/RLOG-RIL AT{0}( 9096): AT(18)<       'emc_wait_count':0
07-29 14:18:25.981 D/use-Rlog/RLOG-RIL AT{0}( 9096): AT(18)<    },
07-29 14:18:25.981 D/use-Rlog/RLOG-RIL AT{0}( 9096): AT(18)<    'cal32k':{
07-29 14:18:25.981 D/use-Rlog/RLOG-RIL AT{0}( 9096): AT(18)<       'low_res_freq_millihz':32768686,
07-29 14:18:25.981 D/use-Rlog/RLOG-RIL AT{0}( 9096): AT(18)<       'state_stats':[46,220,56212],
07-29 14:18:25.981 D/use-Rlog/RLOG-RIL AT{0}( 9096): AT(18)<       'cal_time':[0,23065,556,3360,10,700,193,50,65,3,2,10,51,116,128]
07-29 14:18:25.981 D/use-Rlog/RLOG-RIL AT{0}( 9096): AT(18)<    },
07-29 14:18:25.981 D/use-Rlog/RLOG-RIL AT{0}( 9096): AT(18)<    'IPM':{
07-29 14:18:25.981 D/use-Rlog/RLOG-RIL AT{0}( 9096): AT(18)<       'system_time':'0d4h34m32s',
07-29 14:18:25.981 D/use-Rlog/RLOG-RIL AT{0}( 9096): AT(18)<       'uptime':6092390,
07-29 14:18:25.981 D/use-Rlog/RLOG-RIL AT{0}( 9096): AT(18)<       'downtime':13067283,
07-29 14:18:25.981 D/use-Rlog/RLOG-RIL AT{0}( 9096): AT(18)<       'load_1000':317,
07-29 14:18:25.982 D/use-Rlog/RLOG-RIL AT{0}( 9096): AT(18)<       'idle_time_dist':[36972,3182,1022,4391,3892,4928,418,8,0,0],
07-29 14:18:25.982 D/use-Rlog/RLOG-RIL AT{0}( 9096): AT(18)<       'dxp0':{
07-29 14:18:25.982 D/use-Rlog/RLOG-RIL AT{0}( 9096): AT(18)<          'n_dmem_active':0,
07-29 14:18:25.982 D/use-Rlog/RLOG-RIL AT{0}( 9096): AT(18)<          'n_dxp_idle':6103257,
07-29 14:18:25.982 D/use-Rlog/RLOG-RIL AT{0}( 9096): AT(18)<          'n_soc_idle':0,
07-29 14:18:25.982 D/use-Rlog/RLOG-RIL AT{0}( 9096): AT(18)<          'n_power_off':28309
07-29 14:18:25.982 D/use-Rlog/RLOG-RIL AT{0}( 9096): AT(18)<       }
07-29 14:18:25.982 D/use-Rlog/RLOG-RIL AT{0}( 9096): AT(18)<    },
07-29 14:18:25.982 D/use-Rlog/RLOG-RIL AT{0}( 9096): AT(18)<    'shm':{
07-29 14:18:25.982 D/use-Rlog/RLOG-RIL AT{0}( 9096): AT(18)<       'queue':{
07-29 14:18:25.982 D/use-Rlog/RLOG-RIL AT{0}( 9096): AT(18)<          'put':7940,
07-29 14:18:25.982 D/use-Rlog/RLOG-RIL AT{0}( 9096): AT(18)<          'get':7461
07-29 14:18:25.982 D/use-Rlog/RLOG-RIL AT{0}( 9096): AT(18)<       },
07-29 14:18:25.982 D/use-Rlog/RLOG-RIL AT{0}( 9096): AT(18)<       'if':{
07-29 14:18:25.982 D/use-Rlog/RLOG-RIL AT{0}( 9096): AT(18)<          'sent':[154868,54083,1902,64,8869604,2009,1938,1869,1869,1869,1869,1869,1869,0,0,0,0,0,2892],
07-29 14:18:25.982 D/use-Rlog/RLOG-RIL AT{0}( 9096): AT(18)<          'received':[139189,17147,23,44,180,164,94,0,0,0,0,0,0,0,0,0,0,0,1232],
07-29 14:18:25.982 D/use-Rlog/RLOG-RIL AT{0}( 9096): AT(18)<          'given':[1115,1413,20,8,5155,30,27,16,16,16,16,16,16,0,0,0,0,0,44],
07-29 14:18:25.982 D/use-Rlog/RLOG-RIL AT{0}( 9096): AT(18)<          'taken':[1115,1412,20,8,5155,30,27,16,16,16,16,16,16,0,0,0,0,0,44]
07-29 14:18:25.982 D/use-Rlog/RLOG-RIL AT{0}( 9096): AT(18)<       },
07-29 14:18:25.982 D/use-Rlog/RLOG-RIL AT{0}( 9096): AT(18)<       'signal':{
07-29 14:18:25.982 D/use-Rlog/RLOG-RIL AT{0}( 9096): AT(18)<          'ul':6366,
07-29 14:18:25.982 D/use-Rlog/RLOG-RIL AT{0}( 9096): AT(18)<          'dl':7217
07-29 14:18:25.982 D/use-Rlog/RLOG-RIL AT{0}( 9096): AT(18)<       }
07-29 14:18:25.982 D/use-Rlog/RLOG-RIL AT{0}( 9096): AT(18)<    },
07-29 14:18:25.983 D/use-Rlog/RLOG-RIL AT{0}( 9096): AT(18)< }
07-29 14:18:25.983 D/use-Rlog/RLOG-RIL AT{0}( 9096): AT(18)< OK
07-29 14:18:25.983 D/use-Rlog/RLOG-RIL{0}( 9096): b89adee8 onHandleUnsolicited: +CESQ: 51,0,255,255,255,255 null
07-29 14:18:25.983 D/use-Rlog/RLOG-RIL{0}( 9096): b89adee8 onHandleUnsolicited: %NWSTATE: 4,20404,2G-GPRS,-,0 null
07-29 14:18:25.983 D/RILJ    ( 3704): [UNSL]< UNSOL_RESPONSE_VOICE_NETWORK_STATE_CHANGED
07-29 14:18:25.983 D/RILJ    ( 3704): [8552]< SCREEN_STATE 
07-29 14:18:25.983 D/RILJ    ( 3704): [8553]> OPERATOR
07-29 14:18:25.986 D/RILJ    ( 3704): [UNSL]< UNSOL_RESPONSE_VOICE_NETWORK_STATE_CHANGED
07-29 14:18:25.987 D/RILJ    ( 3704): [8554]> DATA_REGISTRATION_STATE
07-29 14:18:25.987 D/use-Rlog/RLOG-RIL{0}( 9096): b89ad420 onRequest:[-1639825095] OPERATOR
07-29 14:18:25.987 I/use-Rlog/RLOG-RIL{0}( 9096): sending request OPERATOR on channel 0
07-29 14:18:25.987 D/use-Rlog/RLOG-RIL{0}( 9096): b89adee8 onHandleRequest:[-1639825095] OPERATOR
07-29 14:18:25.987 D/use-Rlog/RLOG-RIL{0}( 9096): Providing cached Operator details
07-29 14:18:25.987 D/RILJ    ( 3704): [8555]> VOICE_REGISTRATION_STATE
07-29 14:18:25.987 D/use-Rlog/RLOG-RIL{0}( 9096): b89ad420 onRequest:[-1639825094] DATA_REGISTRATION_STATE
07-29 14:18:25.987 I/use-Rlog/RLOG-RIL{0}( 9096): sending request DATA_REGISTRATION_STATE on channel 0
07-29 14:18:25.987 D/use-Rlog/RLOG-RIL{0}( 9096): b89adee8 onHandleRequest:[-1639825094] DATA_REGISTRATION_STATE
07-29 14:18:25.988 D/RILJ    ( 3704): [8553]< OPERATOR {vodafone NL, voda NL, 20404}
07-29 14:18:25.988 D/RILJ    ( 3704): [8556]> QUERY_NETWORK_SELECTION_MODE
07-29 14:18:25.988 D/use-Rlog/RLOG-RIL{0}( 9096): b89ad420 onRequest:[-1639825093] VOICE_REGISTRATION_STATE
07-29 14:18:25.988 I/use-Rlog/RLOG-RIL{0}( 9096): sending request VOICE_REGISTRATION_STATE on channel 0
07-29 14:18:25.988 D/use-Rlog/RLOG-RIL{0}( 9096): b89adee8 onHandleRequest:[-1639825093] VOICE_REGISTRATION_STATE
07-29 14:18:25.991 D/use-Rlog/RLOG-RIL{0}( 9096): b89ad420 onRequest:[-1639825092] QUERY_NETWORK_SELECTION_MODE
07-29 14:18:25.991 I/use-Rlog/RLOG-RIL{0}( 9096): sending request QUERY_NETWORK_SELECTION_MODE on channel 0
07-29 14:18:25.991 D/use-Rlog/RLOG-RIL{0}( 9096): b89adee8 onHandleRequest:[-1639825092] QUERY_NETWORK_SELECTION_MODE
07-29 14:18:25.991 D/use-Rlog/RLOG-RIL{0}( 9096): Providing cached network selection details
07-29 14:18:25.991 D/RILJ    ( 3704): [8554]< DATA_REGISTRATION_STATE {1, null, null, 1, null, 2}
07-29 14:18:25.991 D/RILJ    ( 3704): [8555]< VOICE_REGISTRATION_STATE {1, 3e8, a, 1}
07-29 14:18:25.992 D/RILJ    ( 3704): [8556]< QUERY_NETWORK_SELECTION_MODE {1}
07-29 14:18:25.995 D/RILJ    ( 3704): [8557]> OPERATOR
07-29 14:18:25.996 D/RILJ    ( 3704): [8558]> DATA_REGISTRATION_STATE
07-29 14:18:25.997 D/RILJ    ( 3704): [8559]> VOICE_REGISTRATION_STATE
07-29 14:18:25.997 D/use-Rlog/RLOG-RIL{0}( 9096): b89ad420 onRequest:[-1639825091] OPERATOR
07-29 14:18:25.997 I/use-Rlog/RLOG-RIL{0}( 9096): sending request OPERATOR on channel 0
07-29 14:18:25.997 D/use-Rlog/RLOG-RIL{0}( 9096): b89adee8 onHandleRequest:[-1639825091] OPERATOR
07-29 14:18:25.997 D/use-Rlog/RLOG-RIL{0}( 9096): Providing cached Operator details
07-29 14:18:25.998 D/use-Rlog/RLOG-RIL{0}( 9096): b89ad420 onRequest:[-1639825090] DATA_REGISTRATION_STATE
07-29 14:18:25.998 I/use-Rlog/RLOG-RIL{0}( 9096): sending request DATA_REGISTRATION_STATE on channel 0
07-29 14:18:25.998 D/use-Rlog/RLOG-RIL{0}( 9096): b89adee8 onHandleRequest:[-1639825090] DATA_REGISTRATION_STATE
07-29 14:18:25.998 D/RILJ    ( 3704): [8560]> QUERY_NETWORK_SELECTION_MODE
07-29 14:18:25.998 D/use-Rlog/RLOG-RIL{0}( 9096): b89ad420 onRequest:[-1639825089] VOICE_REGISTRATION_STATE
07-29 14:18:25.998 I/use-Rlog/RLOG-RIL{0}( 9096): sending request VOICE_REGISTRATION_STATE on channel 0
07-29 14:18:25.998 D/use-Rlog/RLOG-RIL{0}( 9096): b89adee8 onHandleRequest:[-1639825089] VOICE_REGISTRATION_STATE
07-29 14:18:25.999 D/use-Rlog/RLOG-RIL{0}( 9096): b89ad420 onRequest:[-1639825088] QUERY_NETWORK_SELECTION_MODE
07-29 14:18:25.999 I/use-Rlog/RLOG-RIL{0}( 9096): sending request QUERY_NETWORK_SELECTION_MODE on channel 0
07-29 14:18:25.999 D/use-Rlog/RLOG-RIL{0}( 9096): b89adee8 onHandleRequest:[-1639825088] QUERY_NETWORK_SELECTION_MODE
07-29 14:18:25.999 D/use-Rlog/RLOG-RIL{0}( 9096): Providing cached network selection details
07-29 14:18:25.999 D/RILJ    ( 3704): [8557]< OPERATOR {vodafone NL, voda NL, 20404}
07-29 14:18:25.999 D/RILJ    ( 3704): [8558]< DATA_REGISTRATION_STATE {1, null, null, 1, null, 2}
07-29 14:18:25.999 D/PHONE   ( 3704): [ServiceState] setDataRegState=0
07-29 14:18:25.999 D/PHONE   ( 3704): [ServiceState] setDataRadioTechnology=1
07-29 14:18:25.999 D/GsmSST  ( 3704): [GsmSST] handlPollStateResultMessage: GsmSST setDataRegState=0 regState=1 dataRadioTechnology=1
07-29 14:18:26.000 D/RILJ    ( 3704): [8559]< VOICE_REGISTRATION_STATE {1, 3e8, a, 1}
07-29 14:18:26.000 D/RILJ    ( 3704): [8560]< QUERY_NETWORK_SELECTION_MODE {1}
07-29 14:18:26.000 D/PHONE   ( 3704): [ServiceState] setVoiceRegState=0
07-29 14:18:26.000 E/PHONE   ( 3704): [ServiceState] setState deprecated use setVoiceRegState()
07-29 14:18:26.000 D/GsmSST  ( 3704): [GsmSST] Poll ServiceState done:  oldSS=[0 0 home vodafone NL voda NL 20404 (manual) GSM Unknown CSS not supported -1 -1 RoamInd=-1 DefRoamInd=-1 EmergOnly=false] newSS=[0 0 home vodafone NL voda NL 20404 (manual) GPRS GPRS CSS not supported -1 -1 RoamInd=-1 DefRoamInd=-1 EmergOnly=false] oldMaxDataCalls=2 mNewMaxDataCalls=2 oldReasonDataDenied=-1 mNewReasonDataDenied=-1
07-29 14:18:26.000 D/GsmSST  ( 3704): [GsmSST] RAT switched GSM -> GPRS at cell 10
07-29 14:18:26.000 D/PHONE   ( 3704): [ServiceState] setNullState=1
07-29 14:18:26.000 D/PhoneProxy( 3704): [PhoneProxy] updatePhoneObject: radioTechnology=1
07-29 14:18:26.006 D/GsmSST  ( 3704): [GsmSST] shouldFixTimeZoneNow: retVal=true iccCardExist=true operatorNumeric=20404 mcc=204 prevOperatorNumeric=20404 prevMcc=204 needToFixTimeZone=true ltod=07-29 14:18:26.006
07-29 14:18:26.006 D/GsmSST  ( 3704): [GsmSST] pollStateDone: fix time zone zoneName='Europe/Amsterdam' mZoneOffset=7200000 mZoneDst=true iso-cc='nl' iso-cc-idx=-16
07-29 14:18:26.006 D/GsmSST  ( 3704): [GsmSST] pollStateDone: using getTimeZone(off, dst, time, iso)
07-29 14:18:26.006 D/GsmSST  ( 3704): [GsmSST] pollStateDone: zone != null zone.getID=Europe/Amsterdam
07-29 14:18:26.008 D/GsmSST  ( 3704): [GsmSST] notifyDataRegStateRilRadioTechnologyChanged: drs=0 rat=1
07-29 14:18:26.008 D/DCT     ( 3704): get all active apn types
07-29 14:18:26.008 D/DCT     ( 3704): [ApnContext:default] getApnSetting: apnSetting=null
07-29 14:18:26.010 D/PhoneProxy( 3704): [PhoneProxy] phoneObjectUpdater: newVoiceRadioTech=1
07-29 14:18:26.010 D/TelephonyManager( 3704): getLteOnCdmaMode=0 curVal=-1 product_type='' lteOnCdmaProductType=''
07-29 14:18:26.010 D/PhoneProxy( 3704): [PhoneProxy] phoneObjectUpdater: No change ignore, newVoiceRadioTech=1 mActivePhone=GSM
07-29 14:18:31.508 D/use-Rlog/RLOG-RIL AT{0}( 9096): AT(18)< %ICESQU: 45,0,255,255,255,255
07-29 14:18:31.508 D/use-Rlog/RLOG-RIL{0}( 9096): Kernel time: [13843.357558]
07-29 14:18:31.508 D/use-Rlog/RLOG-RIL{0}( 9096): b89ae710 onUnsolicited: %ICESQU: 45,0,255,255,255,255 null
07-29 14:18:31.508 D/use-Rlog/RLOG-RIL{0}( 9096): b89adee8 onHandleUnsolicited: %ICESQU: 45,0,255,255,255,255 null
07-29 14:18:32.680 D/GsmSST  ( 3704): [GsmSST] Data disconnected, turn off radio right away.
07-29 14:18:32.680 D/RILJ    ( 3704): [8561]> RADIO_POWER off
07-29 14:18:32.681 D/DCT     ( 3704): handleMessage msg={ when=-1ms what=270365 obj=radioTurnedOff target=com.android.internal.telephony.dataconnection.DcTracker }
07-29 14:18:32.681 D/DCT     ( 3704): cleanUpAllConnections: tearDown=true reason=radioTurnedOff
07-29 14:18:32.681 D/use-Rlog/RLOG-RIL{0}( 9096): b89ad420 onRequest:[-1639825087] RADIO_POWER
07-29 14:18:32.681 I/use-Rlog/RLOG-RIL{0}( 9096): sending request RADIO_POWER on channel 0
07-29 14:18:32.681 D/use-Rlog/RLOG-RIL{0}( 9096): b89adee8 onHandleRequest:[-1639825087] RADIO_POWER
07-29 14:18:32.681 D/use-Rlog/RLOG-RIL AT{0}( 9096): AT(18)> AT+CUSATD=1,0
07-29 14:18:32.681 D/DCT     ( 3704): cleanUpConnection: E tearDown=true reason=radioTurnedOff apnContext={mApnType=dun mState=IDLE mWaitingApns={null} mWaitingApnsPermanentFailureCountDown=0 mApnSetting={null} mReason=radioTurnedOff mDataEnabled=false mDependencyMet=true}
07-29 14:18:32.681 D/DCT     ( 3704): cleanUpConnection: X tearDown=true reason=radioTurnedOff apnContext={mApnType=dun mState=IDLE mWaitingApns={null} mWaitingApnsPermanentFailureCountDown=0 mApnSetting={null} mReason=radioTurnedOff mDataEnabled=false mDependencyMet=true} dcac=null
07-29 14:18:32.681 D/DCT     ( 3704): cleanUpConnection: E tearDown=true reason=radioTurnedOff apnContext={mApnType=supl mState=IDLE mWaitingApns={null} mWaitingApnsPermanentFailureCountDown=0 mApnSetting={null} mReason=radioTurnedOff mDataEnabled=false mDependencyMet=true}
07-29 14:18:32.681 D/DCT     ( 3704): cleanUpConnection: X tearDown=true reason=radioTurnedOff apnContext={mApnType=supl mState=IDLE mWaitingApns={null} mWaitingApnsPermanentFailureCountDown=0 mApnSetting={null} mReason=radioTurnedOff mDataEnabled=false mDependencyMet=true} dcac=null
07-29 14:18:32.681 D/DCT     ( 3704): cleanUpConnection: E tearDown=true reason=radioTurnedOff apnContext={mApnType=hipri mState=IDLE mWaitingApns={null} mWaitingApnsPermanentFailureCountDown=0 mApnSetting={null} mReason=radioTurnedOff mDataEnabled=false mDependencyMet=true}
07-29 14:18:32.681 D/DCT     ( 3704): cleanUpConnection: X tearDown=true reason=radioTurnedOff apnContext={mApnType=hipri mState=IDLE mWaitingApns={null} mWaitingApnsPermanentFailureCountDown=0 mApnSetting={null} mReason=radioTurnedOff mDataEnabled=false mDependencyMet=true} dcac=null
07-29 14:18:32.681 D/DCT     ( 3704): cleanUpConnection: E tearDown=true reason=radioTurnedOff apnContext={mApnType=default mState=IDLE mWaitingApns={null} mWaitingApnsPermanentFailureCountDown=0 mApnSetting={null} mReason=radioTurnedOff mDataEnabled=true mDependencyMet=true}
07-29 14:18:32.681 D/DCT     ( 3704): cleanUpConnection: X tearDown=true reason=radioTurnedOff apnContext={mApnType=default mState=IDLE mWaitingApns={null} mWaitingApnsPermanentFailureCountDown=0 mApnSetting={null} mReason=radioTurnedOff mDataEnabled=true mDependencyMet=true} dcac=null
07-29 14:18:32.681 D/DCT     ( 3704): cleanUpConnection: E tearDown=true reason=radioTurnedOff apnContext={mApnType=mms mState=IDLE mWaitingApns={null} mWaitingApnsPermanentFailureCountDown=0 mApnSetting={null} mReason=radioTurnedOff mDataEnabled=false mDependencyMet=true}
07-29 14:18:32.681 D/DCT     ( 3704): cleanUpConnection: X tearDown=true reason=radioTurnedOff apnContext={mApnType=mms mState=IDLE mWaitingApns={null} mWaitingApnsPermanentFailureCountDown=0 mApnSetting={null} mReason=radioTurnedOff mDataEnabled=false mDependencyMet=true} dcac=null
07-29 14:18:32.681 D/DCT     ( 3704): stopNetStatPoll
07-29 14:18:32.681 D/DCT     ( 3704): stopDataStallAlarm: current tag=22999 mDataStallAlarmIntent=null
07-29 14:18:32.691 D/use-Rlog/RLOG-RIL AT{0}( 9096): AT(18)< OK
07-29 14:18:32.691 D/use-Rlog/RLOG-RIL AT{0}( 9096): AT(18)> AT+CFUN=0
07-29 14:18:32.692 D/use-Rlog/RLOG-RIL AT{0}( 9096): AT(18)< %NWSTATE: 4,20404,2G-GPRS,-,0
07-29 14:18:32.692 D/use-Rlog/RLOG-RIL{0}( 9096): Kernel time: [13844.542912]
07-29 14:18:32.692 D/use-Rlog/RLOG-RIL{0}( 9096): b89ae710 onUnsolicited: %NWSTATE: 4,20404,2G-GPRS,-,0 null
07-29 14:18:32.693 D/use-Rlog/RLOG-RIL AT{0}( 9096): AT(18)< %NWSTATE: 4,20404,2G-GPRS,-,0
07-29 14:18:32.693 D/use-Rlog/RLOG-RIL{0}( 9096): Kernel time: [13844.543130]
07-29 14:18:32.693 D/use-Rlog/RLOG-RIL{0}( 9096): b89ae710 onUnsolicited: %NWSTATE: 4,20404,2G-GPRS,-,0 null
07-29 14:18:32.693 D/use-Rlog/RLOG-RIL AT{0}( 9096): AT(18)< %NWSTATE: 4,20404,2G-GPRS,-,0
07-29 14:18:32.693 D/use-Rlog/RLOG-RIL{0}( 9096): Kernel time: [13844.543184]
07-29 14:18:32.693 D/use-Rlog/RLOG-RIL{0}( 9096): b89ae710 onUnsolicited: %NWSTATE: 4,20404,2G-GPRS,-,0 null
07-29 14:18:32.693 D/use-Rlog/RLOG-RIL AT{0}( 9096): AT(18)< %NWSTATE: 4,20404,2G-GPRS,-,0
07-29 14:18:32.693 D/use-Rlog/RLOG-RIL{0}( 9096): Kernel time: [13844.543317]
07-29 14:18:32.693 D/use-Rlog/RLOG-RIL{0}( 9096): b89ae710 onUnsolicited: %NWSTATE: 4,20404,2G-GPRS,-,0 null
07-29 14:18:32.693 D/use-Rlog/RLOG-RIL AT{0}( 9096): AT(18)< %NWSTATE: 4,20404,2G-GPRS,-,0
07-29 14:18:32.693 D/use-Rlog/RLOG-RIL{0}( 9096): Kernel time: [13844.543470]
07-29 14:18:32.693 D/use-Rlog/RLOG-RIL{0}( 9096): b89ae710 onUnsolicited: %NWSTATE: 4,20404,2G-GPRS,-,0 null
07-29 14:18:33.814 D/use-Rlog/RLOG-RIL AT{0}( 9096): AT(18)< %IPSRB: 1
07-29 14:18:33.814 D/use-Rlog/RLOG-RIL{0}( 9096): Kernel time: [13845.664702]
07-29 14:18:33.814 D/use-Rlog/RLOG-RIL{0}( 9096): b89ae710 onUnsolicited: %IPSRB: 1 null
07-29 14:18:34.379 D/use-Rlog/RLOG-RIL AT{0}( 9096): AT(18)< +CREG: 0
07-29 14:18:34.379 D/use-Rlog/RLOG-RIL{0}( 9096): Kernel time: [13846.229115]
07-29 14:18:34.379 D/use-Rlog/RLOG-RIL{0}( 9096): b89ae710 onUnsolicited: +CREG: 0 null
07-29 14:18:34.379 D/use-Rlog/RLOG-RIL AT{0}( 9096): AT(18)< %NWSTATE: 0,00000,0,-,0
07-29 14:18:34.379 D/use-Rlog/RLOG-RIL{0}( 9096): Kernel time: [13846.229320]
07-29 14:18:34.379 D/use-Rlog/RLOG-RIL{0}( 9096): b89ae710 onUnsolicited: %NWSTATE: 0,00000,0,-,0 null
07-29 14:18:34.379 D/use-Rlog/RLOG-RIL AT{0}( 9096): AT(18)< +CGEV: ME DETACH
07-29 14:18:34.379 D/use-Rlog/RLOG-RIL{0}( 9096): Kernel time: [13846.229521]
07-29 14:18:34.379 D/use-Rlog/RLOG-RIL{0}( 9096): b89ae710 onUnsolicited: +CGEV: ME DETACH null
07-29 14:18:34.379 D/use-Rlog/RLOG-RIL AT{0}( 9096): AT(18)< +CGREG: 0
07-29 14:18:34.379 D/use-Rlog/RLOG-RIL{0}( 9096): Kernel time: [13846.229792]
07-29 14:18:34.379 D/use-Rlog/RLOG-RIL{0}( 9096): b89ae710 onUnsolicited: +CGREG: 0 null
07-29 14:18:34.380 D/use-Rlog/RLOG-RIL AT{0}( 9096): AT(18)< %ISIMINIT: 1,0,1
07-29 14:18:34.380 D/use-Rlog/RLOG-RIL{0}( 9096): Kernel time: [13846.230125]
07-29 14:18:34.380 D/use-Rlog/RLOG-RIL{0}( 9096): b89ae710 onUnsolicited: %ISIMINIT: 1,0,1 null
07-29 14:18:34.380 D/use-Rlog/RLOG-RIL AT{0}( 9096): AT(18)< %ISIMINIT: 2,0,1
07-29 14:18:34.380 D/use-Rlog/RLOG-RIL{0}( 9096): Kernel time: [13846.230365]
07-29 14:18:34.380 D/use-Rlog/RLOG-RIL{0}( 9096): b89ae710 onUnsolicited: %ISIMINIT: 2,0,1 null
07-29 14:18:34.380 D/use-Rlog/RLOG-RIL AT{0}( 9096): AT(18)< %ISIMINIT: 2,0,0
07-29 14:18:34.380 D/use-Rlog/RLOG-RIL{0}( 9096): Kernel time: [13846.230620]
07-29 14:18:34.380 D/use-Rlog/RLOG-RIL{0}( 9096): b89ae710 onUnsolicited: %ISIMINIT: 2,0,0 null
07-29 14:18:34.398 D/use-Rlog/RLOG-RIL AT{0}( 9096): AT(18)< %ISIMINIT: 0,0,0
07-29 14:18:34.398 D/use-Rlog/RLOG-RIL{0}( 9096): Kernel time: [13846.248217]
07-29 14:18:34.398 D/use-Rlog/RLOG-RIL{0}( 9096): b89ae710 onUnsolicited: %ISIMINIT: 0,0,0 null
07-29 14:18:34.398 D/use-Rlog/RLOG-RIL AT{0}( 9096): AT(18)< OK
07-29 14:18:34.398 D/use-Rlog/RLOG-RIL{0}( 9096): b89adee8 onHandleUnsolicited: %NWSTATE: 4,20404,2G-GPRS,-,0 null
07-29 14:18:34.398 D/use-Rlog/RLOG-RIL{0}( 9096): b89adee8 onHandleUnsolicited: %NWSTATE: 4,20404,2G-GPRS,-,0 null
07-29 14:18:34.398 D/use-Rlog/RLOG-RIL{0}( 9096): b89adee8 onHandleUnsolicited: %NWSTATE: 4,20404,2G-GPRS,-,0 null
07-29 14:18:34.398 D/use-Rlog/RLOG-RIL{0}( 9096): b89adee8 onHandleUnsolicited: %NWSTATE: 4,20404,2G-GPRS,-,0 null
07-29 14:18:34.398 D/use-Rlog/RLOG-RIL{0}( 9096): b89adee8 onHandleUnsolicited: %NWSTATE: 4,20404,2G-GPRS,-,0 null
07-29 14:18:34.398 D/use-Rlog/RLOG-RIL{0}( 9096): b89adee8 onHandleUnsolicited: %IPSRB: 1 null
07-29 14:18:34.398 D/use-Rlog/RLOG-RIL{0}( 9096): b89adee8 onHandleUnsolicited: +CREG: 0 null
07-29 14:18:34.398 D/use-Rlog/RLOG-RIL{0}( 9096): b89adee8 onHandleUnsolicited: %NWSTATE: 0,00000,0,-,0 null
07-29 14:18:34.398 D/use-Rlog/RLOG-RIL{0}( 9096): b89adee8 onHandleUnsolicited: +CGEV: ME DETACH null
07-29 14:18:34.398 D/use-Rlog/RLOG-RIL{0}( 9096): Unsol not processed: +CGEV: ME DETACH
07-29 14:18:34.398 D/use-Rlog/RLOG-RIL{0}( 9096): b89adee8 onHandleUnsolicited: +CGREG: 0 null
07-29 14:18:34.398 D/use-Rlog/RLOG-RIL{0}( 9096): b89adee8 onHandleUnsolicited: %ISIMINIT: 1,0,1 null
07-29 14:18:34.398 D/use-Rlog/RLOG-RIL{0}( 9096): b89adee8 onHandleUnsolicited: %ISIMINIT: 2,0,1 null
07-29 14:18:34.398 D/use-Rlog/RLOG-RIL{0}( 9096): b89adee8 onHandleUnsolicited: %ISIMINIT: 2,0,0 null
07-29 14:18:34.398 D/use-Rlog/RLOG-RIL{0}( 9096): b89adee8 onHandleUnsolicited: %ISIMINIT: 0,0,0 null
07-29 14:18:34.398 D/use-Rlog/RLOG-RIL{0}( 9096): b89adee8 onHandleRequest:[-1] [INTERNAL]SIM_POLL
07-29 14:18:34.398 D/use-Rlog/RLOG-RIL{0}( 9096): b89adee8 onHandleRequest:[-1] [INTERNAL]SIM_POLL
07-29 14:18:34.398 D/use-Rlog/RLOG-RIL{0}( 9096): b89adee8 onHandleRequest:[-1] [INTERNAL]SIM_POLL
07-29 14:18:34.398 D/use-Rlog/RLOG-RIL{0}( 9096): b89adee8 onHandleRequest:[-1] [INTERNAL]UPDATE_SIM_LOADED
07-29 14:18:34.398 D/use-Rlog/RLOG-RIL AT{0}( 9096): AT(18)> AT+CGSMS=1
07-29 14:18:34.399 D/RILJ    ( 3704): [UNSL]< UNSOL_RESPONSE_SIM_STATUS_CHANGED
07-29 14:18:34.399 D/RILJ    ( 3704): [UNSL]< UNSOL_RESPONSE_RADIO_STATE_CHANGED RADIO_OFF
07-29 14:18:34.399 D/RILJ    ( 3704): [8561]< RADIO_POWER 
07-29 14:18:34.399 D/UiccController( 3704): Received EVENT_ICC_STATUS_CHANGED, calling getIccCardStatus
07-29 14:18:34.400 D/RILJ    ( 3704): [8562]> GET_SIM_STATUS
07-29 14:18:34.401 D/use-Rlog/RLOG-RIL AT{0}( 9096): AT(18)< ERROR
07-29 14:18:34.401 I/use-Rlog/RLOG-RIL{0}( 9096): checkAndAmendEmergencyNumbers
07-29 14:18:34.401 D/use-Rlog/RLOG-RIL AT{0}( 9096): AT(18)> AT+CPBS="EN"
07-29 14:18:34.401 D/RILJ    ( 3704): [UNSL]< UNSOL_RESPONSE_VOICE_NETWORK_STATE_CHANGED
07-29 14:18:34.401 D/RILJ    ( 3704): [UNSL]< UNSOL_RESPONSE_VOICE_NETWORK_STATE_CHANGED
07-29 14:18:34.401 V/RILJ    ( 3704): [UNSL]< UNSOL_OEM_HOOK_RAW 2b434745563a204d4520444554414348
07-29 14:18:34.401 D/RILJ    ( 3704): [UNSL]< UNSOL_RESPONSE_VOICE_NETWORK_STATE_CHANGED
07-29 14:18:34.402 D/RILJ    ( 3704): [UNSL]< UNSOL_RESPONSE_SIM_STATUS_CHANGED
07-29 14:18:34.402 D/RILJ    ( 3704): [UNSL]< UNSOL_RESPONSE_SIM_STATUS_CHANGED
07-29 14:18:34.402 D/RILJ    ( 3704): [UNSL]< UNSOL_RESPONSE_SIM_STATUS_CHANGED
07-29 14:18:34.402 D/RILJ    ( 3704): [UNSL]< UNSOL_RESPONSE_SIM_STATUS_CHANGED
07-29 14:18:34.403 D/use-Rlog/RLOG-RIL AT{0}( 9096): AT(18)< ERROR
07-29 14:18:34.404 D/use-Rlog/RLOG-RIL{0}( 9096): Emergency call list updated
07-29 14:18:34.404 D/use-Rlog/RLOG-RIL AT{0}( 9096): AT(18)> AT+CNAP=1
07-29 14:18:34.405 D/PHONE   ( 3704): [ServiceState] setNullState=3
07-29 14:18:34.405 D/use-Rlog/RLOG-RIL{0}( 9096): b89ad420 onRequest:[-1639825086] GET_SIM_STATUS
07-29 14:18:34.405 I/use-Rlog/RLOG-RIL{0}( 9096): sending request GET_SIM_STATUS on channel 0
07-29 14:18:34.406 D/use-Rlog/RLOG-RIL AT{0}( 9096): AT(18)< ERROR
07-29 14:18:34.406 D/use-Rlog/RLOG-RIL AT{0}( 9096): AT(18)> AT+CUSATD=1,0
07-29 14:18:34.406 D/GsmSST  ( 3704): [GsmSST] Poll ServiceState done:  oldSS=[0 0 home vodafone NL voda NL 20404 (manual) GPRS GPRS CSS not supported -1 -1 RoamInd=-1 DefRoamInd=-1 EmergOnly=false] newSS=[3 3 home null null null  Unknown Unknown CSS not supported -1 -1 RoamInd=-1 DefRoamInd=-1 EmergOnly=false] oldMaxDataCalls=2 mNewMaxDataCalls=2 oldReasonDataDenied=-1 mNewReasonDataDenied=-1
07-29 14:18:34.406 D/GsmSST  ( 3704): [GsmSST] RAT switched GPRS -> Unknown at cell -1
07-29 14:18:34.406 D/PHONE   ( 3704): [ServiceState] setNullState=1
07-29 14:18:34.407 D/use-Rlog/RLOG-RIL AT{0}( 9096): AT(18)< OK
07-29 14:18:34.407 D/use-Rlog/RLOG-RIL{0}( 9096): b89adee8 onHandleRequest:[-1] [INTERNAL]SIM_POLL
07-29 14:18:34.407 D/use-Rlog/RLOG-RIL{0}( 9096): b89adee8 onHandleRequest:[-1639825086] GET_SIM_STATUS
07-29 14:18:34.407 D/use-Rlog/RLOG-RIL AT{0}( 9096): AT(18)> AT+CPIN?
07-29 14:18:34.408 D/PhoneProxy( 3704): [PhoneProxy] updatePhoneObject: radioTechnology=0
07-29 14:18:34.408 D/GsmSST  ( 3704): [GsmSST] updateSpnDisplay: radio is off w/ showPlmn=false plmn=null
07-29 14:18:34.409 D/use-Rlog/RLOG-RIL AT{0}( 9096): AT(18)< ERROR
07-29 14:18:34.409 D/use-Rlog/RLOG-RIL AT{0}( 9096): AT(18)> AT*TSIMINS?
07-29 14:18:34.409 D/GsmSST  ( 3704): [GsmSST] updateSpnDisplay: changed sending intent rule=2 showPlmn='false' plmn='null' showSpn='false' spn=''
07-29 14:18:34.411 D/use-Rlog/RLOG-RIL AT{0}( 9096): AT(18)< *TSIMINS: 1,1,1
07-29 14:18:34.411 D/use-Rlog/RLOG-RIL AT{0}( 9096): AT(18)< OK
07-29 14:18:34.411 D/use-Rlog/RLOG-RIL AT{0}( 9096): AT(18)> AT%PINNUM?
07-29 14:18:34.412 D/use-Rlog/RLOG-RIL AT{0}( 9096): AT(18)< +CME ERROR: 14
07-29 14:18:34.416 D/RILJ    ( 3704): [8562]< GET_SIM_STATUS IccCardState {CARDSTATE_PRESENT,PINSTATE_UNKNOWN,num_apps=1,gsm_id=0{APPTYPE_USIM,APPSTATE_DETECTED,pin1=PINSTATE_UNKNOWN,pin2=PINSTATE_UNKNOWN},cdma_id=8,ims_id=8}
07-29 14:18:34.420 D/GsmSST  ( 3704): [GsmSST] operatorNumeric is null
07-29 14:18:34.429 D/GsmSST  ( 3704): [GsmSST] notifyDataRegStateRilRadioTechnologyChanged: drs=3 rat=0
07-29 14:18:34.430 D/DCT     ( 3704): get all active apn types
07-29 14:18:34.430 D/DCT     ( 3704): isDataAllowed: not allowed due to - desiredPowerState= false
07-29 14:18:34.430 D/DCT     ( 3704): [ApnContext:default] getApnSetting: apnSetting=null
07-29 14:18:34.436 D/GsmSST  ( 3704): [GsmSST] SST.getAllCellInfo(): not implemented
07-29 14:18:34.436 D/GsmSST  ( 3704): [GsmSST] SST.getAllCellInfo(): X size=0 list=null
07-29 14:18:34.436 D/GsmSST  ( 3704): [GsmSST] getCellLocation(): X empty mCellLoc and CellInfo mCellLoc=[-1,-1,-1]
07-29 14:18:34.437 D/DCT     ( 3704): handleMessage msg={ when=-38ms what=270342 obj=android.os.AsyncResult@41ac5058 target=com.android.internal.telephony.dataconnection.DcTracker }
07-29 14:18:34.437 D/DCT     ( 3704): onRadioOffOrNotAvailable: is off and clean up all connections
07-29 14:18:34.437 D/DCT     ( 3704): cleanUpAllConnections: tearDown=false reason=radioTurnedOff
07-29 14:18:34.438 D/DCT     ( 3704): cleanUpConnection: E tearDown=false reason=radioTurnedOff apnContext={mApnType=dun mState=IDLE mWaitingApns={null} mWaitingApnsPermanentFailureCountDown=0 mApnSetting={null} mReason=radioTurnedOff mDataEnabled=false mDependencyMet=true}
07-29 14:18:34.438 D/DCT     ( 3704): isDataAllowed: not allowed due to - desiredPowerState= false
07-29 14:18:34.438 D/DCT     ( 3704): [ApnContext:dun] getApnSetting: apnSetting=null
07-29 14:18:34.442 D/DCT     ( 3704): cleanUpConnection: X tearDown=false reason=radioTurnedOff apnContext={mApnType=dun mState=IDLE mWaitingApns={null} mWaitingApnsPermanentFailureCountDown=0 mApnSetting={null} mReason=radioTurnedOff mDataEnabled=false mDependencyMet=true} dcac=null
07-29 14:18:34.442 D/DCT     ( 3704): cleanUpConnection: E tearDown=false reason=radioTurnedOff apnContext={mApnType=supl mState=IDLE mWaitingApns={null} mWaitingApnsPermanentFailureCountDown=0 mApnSetting={null} mReason=radioTurnedOff mDataEnabled=false mDependencyMet=true}
07-29 14:18:34.442 D/DCT     ( 3704): isDataAllowed: not allowed due to - desiredPowerState= false
07-29 14:18:34.442 D/DCT     ( 3704): [ApnContext:supl] getApnSetting: apnSetting=null
07-29 14:18:34.446 D/DCT     ( 3704): cleanUpConnection: X tearDown=false reason=radioTurnedOff apnContext={mApnType=supl mState=IDLE mWaitingApns={null} mWaitingApnsPermanentFailureCountDown=0 mApnSetting={null} mReason=radioTurnedOff mDataEnabled=false mDependencyMet=true} dcac=null
07-29 14:18:34.446 D/DCT     ( 3704): cleanUpConnection: E tearDown=false reason=radioTurnedOff apnContext={mApnType=hipri mState=IDLE mWaitingApns={null} mWaitingApnsPermanentFailureCountDown=0 mApnSetting={null} mReason=radioTurnedOff mDataEnabled=false mDependencyMet=true}
07-29 14:18:34.446 D/DCT     ( 3704): isDataAllowed: not allowed due to - desiredPowerState= false
07-29 14:18:34.446 D/DCT     ( 3704): [ApnContext:hipri] getApnSetting: apnSetting=null
07-29 14:18:34.450 D/DCT     ( 3704): cleanUpConnection: X tearDown=false reason=radioTurnedOff apnContext={mApnType=hipri mState=IDLE mWaitingApns={null} mWaitingApnsPermanentFailureCountDown=0 mApnSetting={null} mReason=radioTurnedOff mDataEnabled=false mDependencyMet=true} dcac=null
07-29 14:18:34.452 D/DCT     ( 3704): cleanUpConnection: E tearDown=false reason=radioTurnedOff apnContext={mApnType=default mState=IDLE mWaitingApns={null} mWaitingApnsPermanentFailureCountDown=0 mApnSetting={null} mReason=radioTurnedOff mDataEnabled=true mDependencyMet=true}
07-29 14:18:34.452 D/DCT     ( 3704): isDataAllowed: not allowed due to - desiredPowerState= false
07-29 14:18:34.452 D/DCT     ( 3704): [ApnContext:default] getApnSetting: apnSetting=null
07-29 14:18:34.458 D/DCT     ( 3704): cleanUpConnection: X tearDown=false reason=radioTurnedOff apnContext={mApnType=default mState=IDLE mWaitingApns={null} mWaitingApnsPermanentFailureCountDown=0 mApnSetting={null} mReason=radioTurnedOff mDataEnabled=true mDependencyMet=true} dcac=null
07-29 14:18:34.458 D/DCT     ( 3704): cleanUpConnection: E tearDown=false reason=radioTurnedOff apnContext={mApnType=mms mState=IDLE mWaitingApns={null} mWaitingApnsPermanentFailureCountDown=0 mApnSetting={null} mReason=radioTurnedOff mDataEnabled=false mDependencyMet=true}
07-29 14:18:34.458 D/DCT     ( 3704): isDataAllowed: not allowed due to - desiredPowerState= false
07-29 14:18:34.458 D/DCT     ( 3704): [ApnContext:mms] getApnSetting: apnSetting=null
07-29 14:18:34.462 D/DCT     ( 3704): cleanUpConnection: X tearDown=false reason=radioTurnedOff apnContext={mApnType=mms mState=IDLE mWaitingApns={null} mWaitingApnsPermanentFailureCountDown=0 mApnSetting={null} mReason=radioTurnedOff mDataEnabled=false mDependencyMet=true} dcac=null
07-29 14:18:34.462 D/DCT     ( 3704): stopNetStatPoll
07-29 14:18:34.462 D/DCT     ( 3704): stopDataStallAlarm: current tag=23000 mDataStallAlarmIntent=null
07-29 14:18:34.462 D/DCT     ( 3704): isDataAllowed: not allowed due to - desiredPowerState= false
07-29 14:18:34.462 D/DCT     ( 3704): [ApnContext:dun] getApnSetting: apnSetting=null
07-29 14:18:34.464 D/DCT     ( 3704): isDataAllowed: not allowed due to - desiredPowerState= false
07-29 14:18:34.464 D/DCT     ( 3704): [ApnContext:supl] getApnSetting: apnSetting=null
07-29 14:18:34.466 D/DCT     ( 3704): isDataAllowed: not allowed due to - desiredPowerState= false
07-29 14:18:34.466 D/DCT     ( 3704): [ApnContext:hipri] getApnSetting: apnSetting=null
07-29 14:18:34.468 D/DCT     ( 3704): isDataAllowed: not allowed due to - desiredPowerState= false
07-29 14:18:34.468 D/DCT     ( 3704): [ApnContext:mms] getApnSetting: apnSetting=null
07-29 14:18:34.469 D/PHONE   ( 3704): [ServiceState] setNullState=3
07-29 14:18:34.469 D/GsmSST  ( 3704): [GsmSST] Poll ServiceState done:  oldSS=[3 3 home null null null  Unknown Unknown CSS not supported -1 -1 RoamInd=-1 DefRoamInd=-1 EmergOnly=false] newSS=[3 3 home null null null  Unknown Unknown CSS not supported -1 -1 RoamInd=-1 DefRoamInd=-1 EmergOnly=false] oldMaxDataCalls=2 mNewMaxDataCalls=2 oldReasonDataDenied=-1 mNewReasonDataDenied=-1
07-29 14:18:34.469 D/PHONE   ( 3704): [ServiceState] setNullState=1
07-29 14:18:34.469 D/PHONE   ( 3704): [ServiceState] setNullState=3
07-29 14:18:34.469 D/GsmSST  ( 3704): [GsmSST] Poll ServiceState done:  oldSS=[3 3 home null null null  Unknown Unknown CSS not supported -1 -1 RoamInd=-1 DefRoamInd=-1 EmergOnly=false] newSS=[3 3 home null null null  Unknown Unknown CSS not supported -1 -1 RoamInd=-1 DefRoamInd=-1 EmergOnly=false] oldMaxDataCalls=2 mNewMaxDataCalls=2 oldReasonDataDenied=-1 mNewReasonDataDenied=-1
07-29 14:18:34.469 D/PHONE   ( 3704): [ServiceState] setNullState=1
07-29 14:18:34.470 D/PHONE   ( 3704): [ServiceState] setNullState=3
07-29 14:18:34.470 D/GsmSST  ( 3704): [GsmSST] Poll ServiceState done:  oldSS=[3 3 home null null null  Unknown Unknown CSS not supported -1 -1 RoamInd=-1 DefRoamInd=-1 EmergOnly=false] newSS=[3 3 home null null null  Unknown Unknown CSS not supported -1 -1 RoamInd=-1 DefRoamInd=-1 EmergOnly=false] oldMaxDataCalls=2 mNewMaxDataCalls=2 oldReasonDataDenied=-1 mNewReasonDataDenied=-1
07-29 14:18:34.470 D/PHONE   ( 3704): [ServiceState] setNullState=1
07-29 14:18:34.470 D/UiccController( 3704): Received EVENT_ICC_STATUS_CHANGED, calling getIccCardStatus
07-29 14:18:34.470 D/RILJ    ( 3704): [8563]> GET_SIM_STATUS
07-29 14:18:34.471 D/use-Rlog/RLOG-RIL{0}( 9096): b89ad420 onRequest:[-1639825085] GET_SIM_STATUS
07-29 14:18:34.471 I/use-Rlog/RLOG-RIL{0}( 9096): sending request GET_SIM_STATUS on channel 0
07-29 14:18:34.471 D/use-Rlog/RLOG-RIL{0}( 9096): b89adee8 onHandleRequest:[-1639825085] GET_SIM_STATUS
07-29 14:18:34.471 D/use-Rlog/RLOG-RIL AT{0}( 9096): AT(18)> AT+CPIN?
07-29 14:18:34.471 D/UiccController( 3704): Received EVENT_ICC_STATUS_CHANGED, calling getIccCardStatus
07-29 14:18:34.471 D/RILJ    ( 3704): [8564]> GET_SIM_STATUS
07-29 14:18:34.472 D/use-Rlog/RLOG-RIL{0}( 9096): b89ad420 onRequest:[-1639825084] GET_SIM_STATUS
07-29 14:18:34.472 I/use-Rlog/RLOG-RIL{0}( 9096): sending request GET_SIM_STATUS on channel 0
07-29 14:18:34.472 D/UiccController( 3704): Received EVENT_ICC_STATUS_CHANGED, calling getIccCardStatus
07-29 14:18:34.472 D/RILJ    ( 3704): [8565]> GET_SIM_STATUS
07-29 14:18:34.473 D/use-Rlog/RLOG-RIL{0}( 9096): b89ad420 onRequest:[-1639825083] GET_SIM_STATUS
07-29 14:18:34.473 I/use-Rlog/RLOG-RIL{0}( 9096): sending request GET_SIM_STATUS on channel 0
07-29 14:18:34.473 D/use-Rlog/RLOG-RIL AT{0}( 9096): AT(18)< ERROR
07-29 14:18:34.473 D/use-Rlog/RLOG-RIL AT{0}( 9096): AT(18)> AT*TSIMINS?
07-29 14:18:34.473 D/UiccController( 3704): Received EVENT_ICC_STATUS_CHANGED, calling getIccCardStatus
07-29 14:18:34.473 D/RILJ    ( 3704): [8566]> GET_SIM_STATUS
07-29 14:18:34.475 D/use-Rlog/RLOG-RIL AT{0}( 9096): AT(18)< *TSIMINS: 1,1,1
07-29 14:18:34.475 D/use-Rlog/RLOG-RIL AT{0}( 9096): AT(18)< OK
07-29 14:18:34.475 D/use-Rlog/RLOG-RIL AT{0}( 9096): AT(18)> AT%PINNUM?
07-29 14:18:34.475 D/PhoneProxy( 3704): [PhoneProxy] phoneObjectUpdater: newVoiceRadioTech=0
07-29 14:18:34.475 D/TelephonyManager( 3704): getLteOnCdmaMode=0 curVal=-1 product_type='' lteOnCdmaProductType=''
07-29 14:18:34.475 D/PhoneProxy( 3704): [PhoneProxy] phoneObjectUpdater: Unknown rat ignore,  newVoiceRadioTech=Unknown. mActivePhone=GSM
07-29 14:18:34.475 D/UiccController( 3704): Received EVENT_GET_ICC_STATUS_DONE
07-29 14:18:34.475 D/use-Rlog/RLOG-RIL{0}( 9096): b89ad420 onRequest:[-1639825082] GET_SIM_STATUS
07-29 14:18:34.475 I/use-Rlog/RLOG-RIL{0}( 9096): sending request GET_SIM_STATUS on channel 0
07-29 14:18:34.475 D/UiccCard( 3704): 1 applications
07-29 14:18:34.475 D/UiccCardApplication( 3704): APPTYPE_USIM update. New {APPTYPE_USIM,APPSTATE_DETECTED,pin1=PINSTATE_UNKNOWN,pin2=PINSTATE_UNKNOWN}
07-29 14:18:34.475 D/UiccCardApplication( 3704): APPTYPE_USIM changed state: APPSTATE_READY -> APPSTATE_DETECTED
07-29 14:18:34.475 D/CAT     ( 3704): CatService: Return current sInstance
07-29 14:18:34.475 E/UiccCard( 3704): App index 8 is invalid since there are no applications
07-29 14:18:34.475 E/UiccCard( 3704): App index 8 is invalid since there are no applications
07-29 14:18:34.475 D/UiccCard( 3704): update: radioState=RADIO_OFF mLastRadioState=RADIO_ON
07-29 14:18:34.475 D/UiccController( 3704): Notifying IccChangedRegistrants
07-29 14:18:34.476 D/DCT     ( 3704): handleMessage msg={ when=-47ms what=270345 obj=android.os.AsyncResult@41ad52c0 target=com.android.internal.telephony.dataconnection.DcTracker }
07-29 14:18:34.476 D/DCT     ( 3704): onDataConnectionDetached: stop polling and notify detached
07-29 14:18:34.476 D/DCT     ( 3704): stopNetStatPoll
07-29 14:18:34.476 D/DCT     ( 3704): stopDataStallAlarm: current tag=23001 mDataStallAlarmIntent=null
07-29 14:18:34.476 D/DCT     ( 3704): notifyDataConnection: reason=dataDetached
07-29 14:18:34.476 D/DCT     ( 3704): notifyDataConnection: type:default
07-29 14:18:34.476 D/DCT     ( 3704): isDataAllowed: not allowed due to - desiredPowerState= false
07-29 14:18:34.476 D/DCT     ( 3704): [ApnContext:default] getApnSetting: apnSetting=null
07-29 14:18:34.476 D/use-Rlog/RLOG-RIL AT{0}( 9096): AT(18)< +CME ERROR: 14
07-29 14:18:34.476 D/use-Rlog/RLOG-RIL{0}( 9096): b89adee8 onHandleRequest:[-1639825084] GET_SIM_STATUS
07-29 14:18:34.476 D/use-Rlog/RLOG-RIL AT{0}( 9096): AT(18)> AT+CPIN?
07-29 14:18:34.477 D/RILJ    ( 3704): [8563]< GET_SIM_STATUS IccCardState {CARDSTATE_PRESENT,PINSTATE_UNKNOWN,num_apps=1,gsm_id=0{APPTYPE_USIM,APPSTATE_DETECTED,pin1=PINSTATE_UNKNOWN,pin2=PINSTATE_UNKNOWN},cdma_id=8,ims_id=8}
07-29 14:18:34.477 D/DCT     ( 3704): isDataAllowed: not allowed due to - desiredPowerState= false
07-29 14:18:34.477 D/DCT     ( 3704): [ApnContext:dun] getApnSetting: apnSetting=null
07-29 14:18:34.478 D/use-Rlog/RLOG-RIL AT{0}( 9096): AT(18)< ERROR
07-29 14:18:34.478 D/use-Rlog/RLOG-RIL AT{0}( 9096): AT(18)> AT*TSIMINS?
07-29 14:18:34.479 D/DCT     ( 3704): isDataAllowed: not allowed due to - desiredPowerState= false
07-29 14:18:34.479 D/DCT     ( 3704): [ApnContext:supl] getApnSetting: apnSetting=null
07-29 14:18:34.480 D/use-Rlog/RLOG-RIL AT{0}( 9096): AT(18)< *TSIMINS: 1,1,1
07-29 14:18:34.480 D/use-Rlog/RLOG-RIL AT{0}( 9096): AT(18)< OK
07-29 14:18:34.480 D/use-Rlog/RLOG-RIL AT{0}( 9096): AT(18)> AT%PINNUM?
07-29 14:18:34.481 D/use-Rlog/RLOG-RIL AT{0}( 9096): AT(18)< +CME ERROR: 14
07-29 14:18:34.482 D/use-Rlog/RLOG-RIL{0}( 9096): b89adee8 onHandleRequest:[-1639825083] GET_SIM_STATUS
07-29 14:18:34.482 D/use-Rlog/RLOG-RIL AT{0}( 9096): AT(18)> AT+CPIN?
07-29 14:18:34.482 D/RILJ    ( 3704): [8564]< GET_SIM_STATUS IccCardState {CARDSTATE_PRESENT,PINSTATE_UNKNOWN,num_apps=1,gsm_id=0{APPTYPE_USIM,APPSTATE_DETECTED,pin1=PINSTATE_UNKNOWN,pin2=PINSTATE_UNKNOWN},cdma_id=8,ims_id=8}
07-29 14:18:34.482 D/DCT     ( 3704): isDataAllowed: not allowed due to - desiredPowerState= false
07-29 14:18:34.482 D/DCT     ( 3704): [ApnContext:hipri] getApnSetting: apnSetting=null
07-29 14:18:34.483 D/use-Rlog/RLOG-RIL AT{0}( 9096): AT(18)< ERROR
07-29 14:18:34.483 D/use-Rlog/RLOG-RIL AT{0}( 9096): AT(18)> AT*TSIMINS?
07-29 14:18:34.484 D/DCT     ( 3704): isDataAllowed: not allowed due to - desiredPowerState= false
07-29 14:18:34.484 D/DCT     ( 3704): [ApnContext:mms] getApnSetting: apnSetting=null
07-29 14:18:34.485 D/use-Rlog/RLOG-RIL AT{0}( 9096): AT(18)< *TSIMINS: 1,1,1
07-29 14:18:34.485 D/use-Rlog/RLOG-RIL AT{0}( 9096): AT(18)< OK
07-29 14:18:34.485 D/use-Rlog/RLOG-RIL AT{0}( 9096): AT(18)> AT%PINNUM?
07-29 14:18:34.486 D/DCT     ( 3704): handleMessage msg={ when=-11ms what=270369 obj=android.os.AsyncResult@41c14280 target=com.android.internal.telephony.dataconnection.DcTracker }
07-29 14:18:34.487 D/use-Rlog/RLOG-RIL AT{0}( 9096): AT(18)< +CME ERROR: 14
07-29 14:18:34.487 D/use-Rlog/RLOG-RIL{0}( 9096): b89adee8 onHandleRequest:[-1639825082] GET_SIM_STATUS
07-29 14:18:34.487 D/use-Rlog/RLOG-RIL AT{0}( 9096): AT(18)> AT+CPIN?
