07-29 13:07:42.859 D/use-Rlog/RLOG-RIL{0}( 9096): b89adee8 onHandleRequest:[-1639825117] OPERATOR
07-29 13:07:42.859 D/use-Rlog/RLOG-RIL{0}( 9096): Providing cached Operator details
07-29 13:07:42.859 D/RILJ    ( 3704): [8531]< OPERATOR {00101, 00101, 00101}
07-29 13:07:42.860 D/RILJ    ( 3704): [8533]> VOICE_REGISTRATION_STATE
07-29 13:07:42.860 D/use-Rlog/RLOG-RIL{0}( 9096): b89ad420 onRequest:[-1639825116] DATA_REGISTRATION_STATE
07-29 13:07:42.860 I/use-Rlog/RLOG-RIL{0}( 9096): sending request DATA_REGISTRATION_STATE on channel 0
07-29 13:07:42.860 D/use-Rlog/RLOG-RIL{0}( 9096): b89adee8 onHandleRequest:[-1639825116] DATA_REGISTRATION_STATE
07-29 13:07:42.860 D/RILJ    ( 3704): [8534]> QUERY_NETWORK_SELECTION_MODE
07-29 13:07:42.860 D/use-Rlog/RLOG-RIL{0}( 9096): b89ad420 onRequest:[-1639825115] VOICE_REGISTRATION_STATE
07-29 13:07:42.860 I/use-Rlog/RLOG-RIL{0}( 9096): sending request VOICE_REGISTRATION_STATE on channel 0
07-29 13:07:42.860 D/use-Rlog/RLOG-RIL{0}( 9096): b89adee8 onHandleRequest:[-1639825115] VOICE_REGISTRATION_STATE
07-29 13:07:42.861 D/RILJ    ( 3704): [8532]< DATA_REGISTRATION_STATE {0, null, null, 0, null, 2}
07-29 13:07:42.861 D/RILJ    ( 3704): [8533]< VOICE_REGISTRATION_STATE {1, 3e8, a, 16}
07-29 13:07:42.862 D/PHONE   ( 3704): [ServiceState] setDataRegState=1
07-29 13:07:42.862 D/PHONE   ( 3704): [ServiceState] setDataRadioTechnology=0
07-29 13:07:42.862 D/use-Rlog/RLOG-RIL{0}( 9096): b89ad420 onRequest:[-1639825114] QUERY_NETWORK_SELECTION_MODE
07-29 13:07:42.862 D/GsmSST  ( 3704): [GsmSST] handlPollStateResultMessage: GsmSST setDataRegState=1 regState=0 dataRadioTechnology=0
07-29 13:07:42.862 I/use-Rlog/RLOG-RIL{0}( 9096): sending request QUERY_NETWORK_SELECTION_MODE on channel 0
07-29 13:07:42.862 D/use-Rlog/RLOG-RIL{0}( 9096): b89adee8 onHandleRequest:[-1639825114] QUERY_NETWORK_SELECTION_MODE
07-29 13:07:42.862 D/use-Rlog/RLOG-RIL{0}( 9096): Providing cached network selection details
07-29 13:07:42.862 D/PHONE   ( 3704): [ServiceState] setVoiceRegState=0
07-29 13:07:42.862 E/PHONE   ( 3704): [ServiceState] setState deprecated use setVoiceRegState()
07-29 13:07:42.863 D/RILJ    ( 3704): [8534]< QUERY_NETWORK_SELECTION_MODE {1}
07-29 13:07:42.863 D/GsmSST  ( 3704): [GsmSST] Poll ServiceState done:  oldSS=[0 1 home 00101 00101 00101 (manual) GSM Unknown CSS not supported -1 -1 RoamInd=-1 DefRoamInd=-1 EmergOnly=false] newSS=[0 1 home 00101 00101 00101 (manual) GSM Unknown CSS not supported -1 -1 RoamInd=-1 DefRoamInd=-1 EmergOnly=false] oldMaxDataCalls=2 mNewMaxDataCalls=2 oldReasonDataDenied=-1 mNewReasonDataDenied=-1
07-29 13:07:42.863 D/PHONE   ( 3704): [ServiceState] setNullState=1
07-29 13:07:44.953 D/use-Rlog/RLOG-RIL AT{0}( 9096): AT(18)< %ICESQU: 64,0,255,255,255,255
07-29 13:07:44.953 D/use-Rlog/RLOG-RIL{0}( 9096): Kernel time: [9596.523344]
07-29 13:07:44.953 D/use-Rlog/RLOG-RIL{0}( 9096): b89ae710 onUnsolicited: %ICESQU: 64,0,255,255,255,255 null
07-29 13:07:44.953 D/use-Rlog/RLOG-RIL{0}( 9096): b89adee8 onHandleUnsolicited: %ICESQU: 64,0,255,255,255,255 null
07-29 13:07:54.967 D/use-Rlog/RLOG-RIL AT{0}( 9096): AT(18)< %ICESQU: 73,0,255,255,255,255
07-29 13:07:54.967 D/use-Rlog/RLOG-RIL{0}( 9096): Kernel time: [9606.537284]
07-29 13:07:54.967 D/use-Rlog/RLOG-RIL{0}( 9096): b89ae710 onUnsolicited: %ICESQU: 73,0,255,255,255,255 null
07-29 13:07:54.967 D/use-Rlog/RLOG-RIL{0}( 9096): b89adee8 onHandleUnsolicited: %ICESQU: 73,0,255,255,255,255 null
07-29 13:08:28.091 D/use-Rlog/RLOG-RIL AT{0}( 9096): AT(18)< %ICESQU: 63,0,255,255,255,255
07-29 13:08:28.091 D/use-Rlog/RLOG-RIL{0}( 9096): Kernel time: [9639.661301]
07-29 13:08:28.091 D/use-Rlog/RLOG-RIL{0}( 9096): b89ae710 onUnsolicited: %ICESQU: 63,0,255,255,255,255 null
07-29 13:08:28.091 D/use-Rlog/RLOG-RIL{0}( 9096): b89adee8 onHandleUnsolicited: %ICESQU: 63,0,255,255,255,255 null
07-29 13:08:43.114 D/use-Rlog/RLOG-RIL AT{0}( 9096): AT(18)< %ICESQU: 70,0,255,255,255,255
07-29 13:08:43.114 D/use-Rlog/RLOG-RIL{0}( 9096): Kernel time: [9654.684235]
07-29 13:08:43.114 D/use-Rlog/RLOG-RIL{0}( 9096): b89ae710 onUnsolicited: %ICESQU: 70,0,255,255,255,255 null
07-29 13:08:43.114 D/use-Rlog/RLOG-RIL{0}( 9096): b89adee8 onHandleUnsolicited: %ICESQU: 70,0,255,255,255,255 null
07-29 13:09:20.817 D/use-Rlog/RLOG-RIL AT{0}( 9096): AT(18)< %ICESQU: 64,0,255,255,255,255
07-29 13:09:20.817 D/use-Rlog/RLOG-RIL{0}( 9096): Kernel time: [9692.386924]
07-29 13:09:20.817 D/use-Rlog/RLOG-RIL{0}( 9096): b89ae710 onUnsolicited: %ICESQU: 64,0,255,255,255,255 null
07-29 13:09:20.817 D/use-Rlog/RLOG-RIL{0}( 9096): b89adee8 onHandleUnsolicited: %ICESQU: 64,0,255,255,255,255 null
07-29 13:09:46.667 D/use-Rlog/RLOG-RIL AT{0}( 9096): AT(18)< %ICESQU: 73,0,255,255,255,255
07-29 13:09:46.667 D/use-Rlog/RLOG-RIL{0}( 9096): Kernel time: [9718.237777]
07-29 13:09:46.667 D/use-Rlog/RLOG-RIL{0}( 9096): b89ae710 onUnsolicited: %ICESQU: 73,0,255,255,255,255 null
07-29 13:09:46.667 D/use-Rlog/RLOG-RIL{0}( 9096): b89adee8 onHandleUnsolicited: %ICESQU: 73,0,255,255,255,255 null
07-29 13:09:52.530 D/use-Rlog/RLOG-RIL AT{0}( 9096): AT(18)< %ICESQU: 66,0,255,255,255,255
07-29 13:09:52.530 D/use-Rlog/RLOG-RIL{0}( 9096): Kernel time: [9724.100477]
07-29 13:09:52.530 D/use-Rlog/RLOG-RIL{0}( 9096): b89ae710 onUnsolicited: %ICESQU: 66,0,255,255,255,255 null
07-29 13:09:52.530 D/use-Rlog/RLOG-RIL{0}( 9096): b89adee8 onHandleUnsolicited: %ICESQU: 66,0,255,255,255,255 null
07-29 13:09:57.536 D/use-Rlog/RLOG-RIL AT{0}( 9096): AT(18)< %ICESQU: 72,0,255,255,255,255
07-29 13:09:57.536 D/use-Rlog/RLOG-RIL{0}( 9096): Kernel time: [9729.106882]
07-29 13:09:57.536 D/use-Rlog/RLOG-RIL{0}( 9096): b89ae710 onUnsolicited: %ICESQU: 72,0,255,255,255,255 null
07-29 13:09:57.536 D/use-Rlog/RLOG-RIL{0}( 9096): b89adee8 onHandleUnsolicited: %ICESQU: 72,0,255,255,255,255 null
07-29 13:10:07.551 D/use-Rlog/RLOG-RIL AT{0}( 9096): AT(18)< %ICESQU: 64,0,255,255,255,255
07-29 13:10:07.551 D/use-Rlog/RLOG-RIL{0}( 9096): Kernel time: [9739.122266]
07-29 13:10:07.551 D/use-Rlog/RLOG-RIL{0}( 9096): b89ae710 onUnsolicited: %ICESQU: 64,0,255,255,255,255 null
07-29 13:10:07.551 D/use-Rlog/RLOG-RIL{0}( 9096): b89adee8 onHandleUnsolicited: %ICESQU: 64,0,255,255,255,255 null
07-29 13:10:17.567 D/use-Rlog/RLOG-RIL AT{0}( 9096): AT(18)< %ICESQU: 73,0,255,255,255,255
07-29 13:10:17.567 D/use-Rlog/RLOG-RIL{0}( 9096): Kernel time: [9749.137460]
07-29 13:10:17.567 D/use-Rlog/RLOG-RIL{0}( 9096): b89ae710 onUnsolicited: %ICESQU: 73,0,255,255,255,255 null
07-29 13:10:17.567 D/use-Rlog/RLOG-RIL{0}( 9096): b89adee8 onHandleUnsolicited: %ICESQU: 73,0,255,255,255,255 null
07-29 13:10:27.582 D/use-Rlog/RLOG-RIL AT{0}( 9096): AT(18)< %ICESQU: 67,0,255,255,255,255
07-29 13:10:27.582 D/use-Rlog/RLOG-RIL{0}( 9096): Kernel time: [9759.152673]
07-29 13:10:27.582 D/use-Rlog/RLOG-RIL{0}( 9096): b89ae710 onUnsolicited: %ICESQU: 67,0,255,255,255,255 null
07-29 13:10:27.582 D/use-Rlog/RLOG-RIL{0}( 9096): b89adee8 onHandleUnsolicited: %ICESQU: 67,0,255,255,255,255 null
07-29 13:10:32.590 D/use-Rlog/RLOG-RIL AT{0}( 9096): AT(18)< %ICESQU: 53,0,255,255,255,255
07-29 13:10:32.590 D/use-Rlog/RLOG-RIL{0}( 9096): Kernel time: [9764.160437]
07-29 13:10:32.590 D/use-Rlog/RLOG-RIL{0}( 9096): b89ae710 onUnsolicited: %ICESQU: 53,0,255,255,255,255 null
07-29 13:10:32.590 D/use-Rlog/RLOG-RIL{0}( 9096): b89adee8 onHandleUnsolicited: %ICESQU: 53,0,255,255,255,255 null
07-29 13:10:37.597 D/use-Rlog/RLOG-RIL AT{0}( 9096): AT(18)< %ICESQU: 59,0,255,255,255,255
07-29 13:10:37.597 D/use-Rlog/RLOG-RIL{0}( 9096): Kernel time: [9769.168070]
07-29 13:10:37.597 D/use-Rlog/RLOG-RIL{0}( 9096): b89ae710 onUnsolicited: %ICESQU: 59,0,255,255,255,255 null
07-29 13:10:37.597 D/use-Rlog/RLOG-RIL{0}( 9096): b89adee8 onHandleUnsolicited: %ICESQU: 59,0,255,255,255,255 null
07-29 13:10:47.612 D/use-Rlog/RLOG-RIL AT{0}( 9096): AT(18)< %ICESQU: 53,0,255,255,255,255
07-29 13:10:47.612 D/use-Rlog/RLOG-RIL{0}( 9096): Kernel time: [9779.182972]
07-29 13:10:47.612 D/use-Rlog/RLOG-RIL{0}( 9096): b89ae710 onUnsolicited: %ICESQU: 53,0,255,255,255,255 null
07-29 13:10:47.613 D/use-Rlog/RLOG-RIL{0}( 9096): b89adee8 onHandleUnsolicited: %ICESQU: 53,0,255,255,255,255 null
07-29 13:10:57.622 D/use-Rlog/RLOG-RIL AT{0}( 9096): AT(18)< %ICESQU: 59,0,255,255,255,255
07-29 13:10:57.622 D/use-Rlog/RLOG-RIL{0}( 9096): Kernel time: [9789.193748]
07-29 13:10:57.622 D/use-Rlog/RLOG-RIL{0}( 9096): b89ae710 onUnsolicited: %ICESQU: 59,0,255,255,255,255 null
07-29 13:10:57.622 D/use-Rlog/RLOG-RIL{0}( 9096): b89adee8 onHandleUnsolicited: %ICESQU: 59,0,255,255,255,255 null
07-29 13:12:07.897 D/use-Rlog/RLOG-RIL AT{0}( 9096): AT(18)< %ICESQU: 69,0,255,255,255,255
07-29 13:12:07.897 D/use-Rlog/RLOG-RIL{0}( 9096): Kernel time: [9859.467370]
07-29 13:12:07.897 D/use-Rlog/RLOG-RIL{0}( 9096): b89ae710 onUnsolicited: %ICESQU: 69,0,255,255,255,255 null
07-29 13:12:07.897 D/use-Rlog/RLOG-RIL{0}( 9096): b89adee8 onHandleUnsolicited: %ICESQU: 69,0,255,255,255,255 null
07-29 13:13:03.618 D/RILJ    ( 3704): [8535]> SCREEN_STATE: false
07-29 13:13:03.620 D/use-Rlog/RLOG-RIL{0}( 9096): b89ad420 onRequest:[-1639825113] SCREEN_STATE
07-29 13:13:03.620 I/use-Rlog/RLOG-RIL{0}( 9096): sending request SCREEN_STATE on channel 0
07-29 13:13:03.620 D/use-Rlog/RLOG-RIL{0}( 9096): b89adee8 onHandleRequest:[-1639825113] SCREEN_STATE
07-29 13:13:03.620 D/use-Rlog/RLOG-RIL{0}( 9096): Kernel time: [9915.190275]
07-29 13:13:03.620 D/use-Rlog/RLOG-RIL AT{0}( 9096): AT(18)> AT*TUNSOL="SM",0
07-29 13:13:03.620 D/DCT     ( 3704): onReceive: action=android.intent.action.SCREEN_OFF
07-29 13:13:03.620 D/DCT     ( 3704): stopNetStatPoll
07-29 13:13:03.621 D/DCT     ( 3704): overall state is IDLE
07-29 13:13:03.630 D/use-Rlog/RLOG-RIL AT{0}( 9096): AT(18)< OK
07-29 13:13:03.630 D/use-Rlog/RLOG-RIL AT{0}( 9096): AT(18)> AT%ICESQU=0
07-29 13:13:03.630 D/use-Rlog/RLOG-RIL AT{0}( 9096): AT(18)< OK
07-29 13:13:03.631 D/use-Rlog/RLOG-RIL AT{0}( 9096): AT(18)> AT+CREG=1;+CGREG=1;+CEREG=1
07-29 13:13:03.632 D/use-Rlog/RLOG-RIL AT{0}( 9096): AT(18)< OK
07-29 13:13:03.632 D/use-Rlog/RLOG-RIL AT{0}( 9096): AT(18)> AT%NWSTATE=0
07-29 13:13:03.633 D/use-Rlog/RLOG-RIL AT{0}( 9096): AT(18)< OK
07-29 13:13:03.634 D/use-Rlog/RLOG-RIL AT{0}( 9096): AT(18)> AT%ISCREEN=0
07-29 13:13:03.634 D/use-Rlog/RLOG-RIL AT{0}( 9096): AT(18)< OK
07-29 13:13:03.634 D/use-Rlog/RLOG-RIL AT{0}( 9096): AT(18)> AT%IFD=20
07-29 13:13:03.635 D/use-Rlog/RLOG-RIL AT{0}( 9096): AT(18)< OK
07-29 13:13:03.635 D/RILJ    ( 3704): [8535]< SCREEN_STATE 
07-29 13:15:30.676 D/RILJ    ( 3704): [8536]> SCREEN_STATE: true
07-29 13:15:30.682 D/use-Rlog/RLOG-RIL{0}( 9096): b89ad420 onRequest:[-1639825112] SCREEN_STATE
07-29 13:15:30.682 I/use-Rlog/RLOG-RIL{0}( 9096): sending request SCREEN_STATE on channel 0
07-29 13:15:30.682 D/use-Rlog/RLOG-RIL{0}( 9096): b89adee8 onHandleRequest:[-1639825112] SCREEN_STATE
07-29 13:15:30.682 D/use-Rlog/RLOG-RIL{0}( 9096): Kernel time: [10062.252617]
07-29 13:15:30.682 D/use-Rlog/RLOG-RIL AT{0}( 9096): AT(18)> AT*TUNSOL="SM",1
07-29 13:15:30.689 D/DCT     ( 3704): onReceive: action=android.intent.action.SCREEN_ON
07-29 13:15:30.689 D/DCT     ( 3704): stopNetStatPoll
07-29 13:15:30.690 D/DCT     ( 3704): overall state is IDLE
07-29 13:15:30.693 D/use-Rlog/RLOG-RIL AT{0}( 9096): AT(18)< OK
07-29 13:15:30.693 D/use-Rlog/RLOG-RIL AT{0}( 9096): AT(18)> AT%ICESQU=1,5,6,1,6,12,12,6
07-29 13:15:30.694 D/use-Rlog/RLOG-RIL AT{0}( 9096): AT(18)< OK
07-29 13:15:30.694 D/use-Rlog/RLOG-RIL AT{0}( 9096): AT(18)> AT+CESQ
07-29 13:15:30.695 D/use-Rlog/RLOG-RIL AT{0}( 9096): AT(18)< +CESQ: 50,0,255,255,255,255
07-29 13:15:30.695 D/use-Rlog/RLOG-RIL{0}( 9096): Kernel time: [10062.265057]
07-29 13:15:30.695 D/use-Rlog/RLOG-RIL{0}( 9096): b89ae710 onUnsolicited: +CESQ: 50,0,255,255,255,255 null
07-29 13:15:30.695 D/use-Rlog/RLOG-RIL AT{0}( 9096): AT(18)< OK
07-29 13:15:30.695 D/use-Rlog/RLOG-RIL AT{0}( 9096): AT(18)> AT+CREG=2;+CGREG=2;+CEREG=2
07-29 13:15:30.696 D/use-Rlog/RLOG-RIL AT{0}( 9096): AT(18)< OK
07-29 13:15:30.696 D/use-Rlog/RLOG-RIL AT{0}( 9096): AT(18)> AT%NWSTATE=3
07-29 13:15:30.697 D/use-Rlog/RLOG-RIL AT{0}( 9096): AT(18)< %NWSTATE: 4,00101,2g,-,0
07-29 13:15:30.697 D/use-Rlog/RLOG-RIL{0}( 9096): Kernel time: [10062.267912]
07-29 13:15:30.697 D/use-Rlog/RLOG-RIL{0}( 9096): b89ae710 onUnsolicited: %NWSTATE: 4,00101,2g,-,0 null
07-29 13:15:30.697 D/use-Rlog/RLOG-RIL AT{0}( 9096): AT(18)< OK
07-29 13:15:30.698 D/use-Rlog/RLOG-RIL AT{0}( 9096): AT(18)> AT%IFD=36
07-29 13:15:30.699 D/use-Rlog/RLOG-RIL AT{0}( 9096): AT(18)< OK
07-29 13:15:30.699 D/use-Rlog/RLOG-RIL AT{0}( 9096): AT(18)> AT%ISCREEN=1
07-29 13:15:30.700 D/use-Rlog/RLOG-RIL AT{0}( 9096): AT(18)< OK
07-29 13:15:30.700 D/use-Rlog/RLOG-RIL AT{0}( 9096): AT(18)> AT%IDRVSTAT
07-29 13:15:30.702 D/use-Rlog/RLOG-RIL AT{0}( 9096): AT(18)< {
07-29 13:15:30.703 D/use-Rlog/RLOG-RIL AT{0}( 9096): AT(18)<    'wakesch':{
07-29 13:15:30.703 D/use-Rlog/RLOG-RIL AT{0}( 9096): AT(18)<       'min_restore_time':[0,295,0,0,0,0,0,0,0,0,0,0,0,0,0,0],
07-29 13:15:30.703 D/use-Rlog/RLOG-RIL AT{0}( 9096): AT(18)<       'max_restore_time':[0,432,0,0,0,0,0,0,0,0,0,0,0,0,0,0],
07-29 13:15:30.703 D/use-Rlog/RLOG-RIL AT{0}( 9096): AT(18)<       'emc_wait_count':0
07-29 13:15:30.703 D/use-Rlog/RLOG-RIL AT{0}( 9096): AT(18)<    },
07-29 13:15:30.703 D/use-Rlog/RLOG-RIL AT{0}( 9096): AT(18)<    'cal32k':{
07-29 13:15:30.703 D/use-Rlog/RLOG-RIL AT{0}( 9096): AT(18)<       'low_res_freq_millihz':32768690,
07-29 13:15:30.703 D/use-Rlog/RLOG-RIL AT{0}( 9096): AT(18)<       'state_stats':[27,124,41912],
07-29 13:15:30.703 D/use-Rlog/RLOG-RIL AT{0}( 9096): AT(18)<       'cal_time':[0,16699,409,2947,9,515,192,50,27,3,2,9,45,76,90]
07-29 13:15:30.703 D/use-Rlog/RLOG-RIL AT{0}( 9096): AT(18)<    },
07-29 13:15:30.703 D/use-Rlog/RLOG-RIL AT{0}( 9096): AT(18)<    'IPM':{
07-29 13:15:30.703 D/use-Rlog/RLOG-RIL AT{0}( 9096): AT(18)<       'system_time':'0d3h31m36s',
07-29 13:15:30.703 D/use-Rlog/RLOG-RIL AT{0}( 9096): AT(18)<       'uptime':4816349,
07-29 13:15:30.703 D/use-Rlog/RLOG-RIL AT{0}( 9096): AT(18)<       'downtime':10036216,
07-29 13:15:30.703 D/use-Rlog/RLOG-RIL AT{0}( 9096): AT(18)<       'load_1000':324,
07-29 13:15:30.703 D/use-Rlog/RLOG-RIL AT{0}( 9096): AT(18)<       'idle_time_dist':[29403,2685,854,4120,2765,3276,397,8,0,0],
07-29 13:15:30.703 D/use-Rlog/RLOG-RIL AT{0}( 9096): AT(18)<       'dxp0':{
07-29 13:15:30.703 D/use-Rlog/RLOG-RIL AT{0}( 9096): AT(18)<          'n_dmem_active':0,
07-29 13:15:30.703 D/use-Rlog/RLOG-RIL AT{0}( 9096): AT(18)<          'n_dxp_idle':4789629,
07-29 13:15:30.703 D/use-Rlog/RLOG-RIL AT{0}( 9096): AT(18)<          'n_soc_idle':0,
07-29 13:15:30.703 D/use-Rlog/RLOG-RIL AT{0}( 9096): AT(18)<          'n_power_off':21073
07-29 13:15:30.703 D/use-Rlog/RLOG-RIL AT{0}( 9096): AT(18)<       }
07-29 13:15:30.703 D/use-Rlog/RLOG-RIL AT{0}( 9096): AT(18)<    },
07-29 13:15:30.703 D/use-Rlog/RLOG-RIL AT{0}( 9096): AT(18)<    'shm':{
07-29 13:15:30.703 D/use-Rlog/RLOG-RIL AT{0}( 9096): AT(18)<       'queue':{
07-29 13:15:30.703 D/use-Rlog/RLOG-RIL AT{0}( 9096): AT(18)<          'put':7711,
07-29 13:15:30.703 D/use-Rlog/RLOG-RIL AT{0}( 9096): AT(18)<          'get':7231
07-29 13:15:30.703 D/use-Rlog/RLOG-RIL AT{0}( 9096): AT(18)<       },
07-29 13:15:30.703 D/use-Rlog/RLOG-RIL AT{0}( 9096): AT(18)<       'if':{
07-29 13:15:30.703 D/use-Rlog/RLOG-RIL AT{0}( 9096): AT(18)<          'sent':[146283,50539,1902,64,8869604,2009,1938,1869,1869,1869,1869,1869,1869,0,0,0,0,0,2892],
07-29 13:15:30.703 D/use-Rlog/RLOG-RIL AT{0}( 9096): AT(18)<          'received':[139018,16650,23,44,180,164,94,0,0,0,0,0,0,0,0,0,0,0,1232],
07-29 13:15:30.704 D/use-Rlog/RLOG-RIL AT{0}( 9096): AT(18)<          'given':[1058,1354,20,8,5155,30,27,16,16,16,16,16,16,0,0,0,0,0,44],
07-29 13:15:30.704 D/use-Rlog/RLOG-RIL AT{0}( 9096): AT(18)<          'taken':[1058,1353,20,8,5155,30,27,16,16,16,16,16,16,0,0,0,0,0,44]
07-29 13:15:30.704 D/use-Rlog/RLOG-RIL AT{0}( 9096): AT(18)<       },
07-29 13:15:30.704 D/use-Rlog/RLOG-RIL AT{0}( 9096): AT(18)<       'signal':{
07-29 13:15:30.704 D/use-Rlog/RLOG-RIL AT{0}( 9096): AT(18)<          'ul':6162,
07-29 13:15:30.704 D/use-Rlog/RLOG-RIL AT{0}( 9096): AT(18)<          'dl':6988
07-29 13:15:30.704 D/use-Rlog/RLOG-RIL AT{0}( 9096): AT(18)<       }
07-29 13:15:30.704 D/use-Rlog/RLOG-RIL AT{0}( 9096): AT(18)<    },
07-29 13:15:30.704 D/use-Rlog/RLOG-RIL AT{0}( 9096): AT(18)< }
07-29 13:15:30.704 D/use-Rlog/RLOG-RIL AT{0}( 9096): AT(18)< OK
07-29 13:15:30.704 D/use-Rlog/RLOG-RIL{0}( 9096): b89adee8 onHandleUnsolicited: +CESQ: 50,0,255,255,255,255 null
07-29 13:15:30.704 D/use-Rlog/RLOG-RIL{0}( 9096): b89adee8 onHandleUnsolicited: %NWSTATE: 4,00101,2g,-,0 null
07-29 13:15:30.704 D/RILJ    ( 3704): [UNSL]< UNSOL_RESPONSE_VOICE_NETWORK_STATE_CHANGED
07-29 13:15:30.704 D/RILJ    ( 3704): [8536]< SCREEN_STATE 
07-29 13:15:30.705 D/RILJ    ( 3704): [8537]> OPERATOR
07-29 13:15:30.707 D/RILJ    ( 3704): [8538]> DATA_REGISTRATION_STATE
07-29 13:15:30.708 D/use-Rlog/RLOG-RIL{0}( 9096): b89ad420 onRequest:[-1639825111] OPERATOR
07-29 13:15:30.708 I/use-Rlog/RLOG-RIL{0}( 9096): sending request OPERATOR on channel 0
07-29 13:15:30.708 D/use-Rlog/RLOG-RIL{0}( 9096): b89adee8 onHandleRequest:[-1639825111] OPERATOR
07-29 13:15:30.708 D/use-Rlog/RLOG-RIL{0}( 9096): Providing cached Operator details
07-29 13:15:30.708 D/RILJ    ( 3704): [8537]< OPERATOR {00101, 00101, 00101}
07-29 13:15:30.709 D/RILJ    ( 3704): [8539]> VOICE_REGISTRATION_STATE
07-29 13:15:30.709 D/use-Rlog/RLOG-RIL{0}( 9096): b89ad420 onRequest:[-1639825110] DATA_REGISTRATION_STATE
07-29 13:15:30.709 I/use-Rlog/RLOG-RIL{0}( 9096): sending request DATA_REGISTRATION_STATE on channel 0
07-29 13:15:30.709 D/use-Rlog/RLOG-RIL{0}( 9096): b89adee8 onHandleRequest:[-1639825110] DATA_REGISTRATION_STATE
07-29 13:15:30.709 D/RILJ    ( 3704): [8540]> QUERY_NETWORK_SELECTION_MODE
07-29 13:15:30.709 D/use-Rlog/RLOG-RIL{0}( 9096): b89ad420 onRequest:[-1639825109] VOICE_REGISTRATION_STATE
07-29 13:15:30.709 I/use-Rlog/RLOG-RIL{0}( 9096): sending request VOICE_REGISTRATION_STATE on channel 0
07-29 13:15:30.710 D/use-Rlog/RLOG-RIL{0}( 9096): b89adee8 onHandleRequest:[-1639825109] VOICE_REGISTRATION_STATE
07-29 13:15:30.710 D/RILJ    ( 3704): [8538]< DATA_REGISTRATION_STATE {0, null, null, 0, null, 2}
07-29 13:15:30.711 D/RILJ    ( 3704): [8539]< VOICE_REGISTRATION_STATE {1, 3e8, a, 16}
07-29 13:15:30.711 D/use-Rlog/RLOG-RIL{0}( 9096): b89ad420 onRequest:[-1639825108] QUERY_NETWORK_SELECTION_MODE
07-29 13:15:30.711 I/use-Rlog/RLOG-RIL{0}( 9096): sending request QUERY_NETWORK_SELECTION_MODE on channel 0
07-29 13:15:30.711 D/use-Rlog/RLOG-RIL{0}( 9096): b89adee8 onHandleRequest:[-1639825108] QUERY_NETWORK_SELECTION_MODE
07-29 13:15:30.711 D/use-Rlog/RLOG-RIL{0}( 9096): Providing cached network selection details
07-29 13:15:30.711 D/RILJ    ( 3704): [8540]< QUERY_NETWORK_SELECTION_MODE {1}
07-29 13:15:30.712 D/PHONE   ( 3704): [ServiceState] setDataRegState=1
07-29 13:15:30.712 D/PHONE   ( 3704): [ServiceState] setDataRadioTechnology=0
07-29 13:15:30.712 D/GsmSST  ( 3704): [GsmSST] handlPollStateResultMessage: GsmSST setDataRegState=1 regState=0 dataRadioTechnology=0
07-29 13:15:30.712 D/PHONE   ( 3704): [ServiceState] setVoiceRegState=0
07-29 13:15:30.712 E/PHONE   ( 3704): [ServiceState] setState deprecated use setVoiceRegState()
07-29 13:15:30.712 D/GsmSST  ( 3704): [GsmSST] Poll ServiceState done:  oldSS=[0 1 home 00101 00101 00101 (manual) GSM Unknown CSS not supported -1 -1 RoamInd=-1 DefRoamInd=-1 EmergOnly=false] newSS=[0 1 home 00101 00101 00101 (manual) GSM Unknown CSS not supported -1 -1 RoamInd=-1 DefRoamInd=-1 EmergOnly=false] oldMaxDataCalls=2 mNewMaxDataCalls=2 oldReasonDataDenied=-1 mNewReasonDataDenied=-1
07-29 13:15:30.712 D/PHONE   ( 3704): [ServiceState] setNullState=1
07-29 13:15:32.422 D/use-Rlog/RLOG-RIL AT{0}( 9096): AT(18)< %ICESQU: 60,0,255,255,255,255
07-29 13:15:32.422 D/use-Rlog/RLOG-RIL{0}( 9096): Kernel time: [10063.993313]
07-29 13:15:32.422 D/use-Rlog/RLOG-RIL{0}( 9096): b89ae710 onUnsolicited: %ICESQU: 60,0,255,255,255,255 null
07-29 13:15:32.422 D/use-Rlog/RLOG-RIL{0}( 9096): b89adee8 onHandleUnsolicited: %ICESQU: 60,0,255,255,255,255 null
07-29 13:15:37.428 D/use-Rlog/RLOG-RIL AT{0}( 9096): AT(18)< %ICESQU: 23,0,255,255,255,255
07-29 13:15:37.428 D/use-Rlog/RLOG-RIL{0}( 9096): Kernel time: [10068.999590]
07-29 13:15:37.428 D/use-Rlog/RLOG-RIL{0}( 9096): b89ae710 onUnsolicited: %ICESQU: 23,0,255,255,255,255 null
07-29 13:15:37.428 D/use-Rlog/RLOG-RIL{0}( 9096): b89adee8 onHandleUnsolicited: %ICESQU: 23,0,255,255,255,255 null
07-29 13:15:42.437 D/use-Rlog/RLOG-RIL AT{0}( 9096): AT(18)< %ICESQU: 56,0,255,255,255,255
07-29 13:15:42.437 D/use-Rlog/RLOG-RIL{0}( 9096): Kernel time: [10074.  6905]
07-29 13:15:42.437 D/use-Rlog/RLOG-RIL{0}( 9096): b89ae710 onUnsolicited: %ICESQU: 56,0,255,255,255,255 null
07-29 13:15:42.437 D/use-Rlog/RLOG-RIL{0}( 9096): b89adee8 onHandleUnsolicited: %ICESQU: 56,0,255,255,255,255 null
07-29 13:17:08.545 D/use-Rlog/RLOG-RIL AT{0}( 9096): AT(18)< %ICESQU: 38,0,255,255,255,255
07-29 13:17:08.545 D/use-Rlog/RLOG-RIL{0}( 9096): Kernel time: [10160.115853]
07-29 13:17:08.545 D/use-Rlog/RLOG-RIL{0}( 9096): b89ae710 onUnsolicited: %ICESQU: 38,0,255,255,255,255 null
07-29 13:17:08.545 D/use-Rlog/RLOG-RIL{0}( 9096): b89adee8 onHandleUnsolicited: %ICESQU: 38,0,255,255,255,255 null
07-29 13:17:13.552 D/use-Rlog/RLOG-RIL AT{0}( 9096): AT(18)< %ICESQU: 53,0,255,255,255,255
07-29 13:17:13.552 D/use-Rlog/RLOG-RIL{0}( 9096): Kernel time: [10165.123574]
07-29 13:17:13.552 D/use-Rlog/RLOG-RIL{0}( 9096): b89ae710 onUnsolicited: %ICESQU: 53,0,255,255,255,255 null
07-29 13:17:13.552 D/use-Rlog/RLOG-RIL{0}( 9096): b89adee8 onHandleUnsolicited: %ICESQU: 53,0,255,255,255,255 null
07-29 13:17:23.569 D/use-Rlog/RLOG-RIL AT{0}( 9096): AT(18)< %ICESQU: 47,0,255,255,255,255
07-29 13:17:23.569 D/use-Rlog/RLOG-RIL{0}( 9096): Kernel time: [10175.138832]
07-29 13:17:23.569 D/use-Rlog/RLOG-RIL{0}( 9096): b89ae710 onUnsolicited: %ICESQU: 47,0,255,255,255,255 null
07-29 13:17:23.569 D/use-Rlog/RLOG-RIL{0}( 9096): b89adee8 onHandleUnsolicited: %ICESQU: 47,0,255,255,255,255 null
07-29 13:17:28.576 D/use-Rlog/RLOG-RIL AT{0}( 9096): AT(18)< %ICESQU: 55,0,255,255,255,255
07-29 13:17:28.576 D/use-Rlog/RLOG-RIL{0}( 9096): Kernel time: [10180.146444]
07-29 13:17:28.576 D/use-Rlog/RLOG-RIL{0}( 9096): b89ae710 onUnsolicited: %ICESQU: 55,0,255,255,255,255 null
07-29 13:17:28.576 D/use-Rlog/RLOG-RIL{0}( 9096): b89adee8 onHandleUnsolicited: %ICESQU: 55,0,255,255,255,255 null
07-29 13:18:08.627 D/use-Rlog/RLOG-RIL AT{0}( 9096): AT(18)< %ICESQU: 42,0,255,255,255,255
07-29 13:18:08.627 D/use-Rlog/RLOG-RIL{0}( 9096): Kernel time: [10220.198491]
07-29 13:18:08.627 D/use-Rlog/RLOG-RIL{0}( 9096): b89ae710 onUnsolicited: %ICESQU: 42,0,255,255,255,255 null
07-29 13:18:08.627 D/use-Rlog/RLOG-RIL{0}( 9096): b89adee8 onHandleUnsolicited: %ICESQU: 42,0,255,255,255,255 null
07-29 13:18:13.635 D/use-Rlog/RLOG-RIL AT{0}( 9096): AT(18)< %ICESQU: 56,0,255,255,255,255
07-29 13:18:13.635 D/use-Rlog/RLOG-RIL{0}( 9096): Kernel time: [10225.205772]
07-29 13:18:13.635 D/use-Rlog/RLOG-RIL{0}( 9096): b89ae710 onUnsolicited: %ICESQU: 56,0,255,255,255,255 null
07-29 13:18:13.635 D/use-Rlog/RLOG-RIL{0}( 9096): b89adee8 onHandleUnsolicited: %ICESQU: 56,0,255,255,255,255 null
07-29 13:18:33.666 D/use-Rlog/RLOG-RIL AT{0}( 9096): AT(18)< %ICESQU: 64,0,255,255,255,255
07-29 13:18:33.666 D/use-Rlog/RLOG-RIL{0}( 9096): Kernel time: [10245.237012]
07-29 13:18:33.666 D/use-Rlog/RLOG-RIL{0}( 9096): b89ae710 onUnsolicited: %ICESQU: 64,0,255,255,255,255 null
07-29 13:18:33.666 D/use-Rlog/RLOG-RIL{0}( 9096): b89adee8 onHandleUnsolicited: %ICESQU: 64,0,255,255,255,255 null
07-29 13:18:48.689 D/use-Rlog/RLOG-RIL AT{0}( 9096): AT(18)< %ICESQU: 58,0,255,255,255,255
07-29 13:18:48.689 D/use-Rlog/RLOG-RIL{0}( 9096): Kernel time: [10260.259602]
07-29 13:18:48.689 D/use-Rlog/RLOG-RIL{0}( 9096): b89ae710 onUnsolicited: %ICESQU: 58,0,255,255,255,255 null
07-29 13:18:48.689 D/use-Rlog/RLOG-RIL{0}( 9096): b89adee8 onHandleUnsolicited: %ICESQU: 58,0,255,255,255,255 null
07-29 13:19:13.247 D/RILJ    ( 3704): [8541]> SCREEN_STATE: false
07-29 13:19:13.248 D/use-Rlog/RLOG-RIL{0}( 9096): b89ad420 onRequest:[-1639825107] SCREEN_STATE
07-29 13:19:13.248 I/use-Rlog/RLOG-RIL{0}( 9096): sending request SCREEN_STATE on channel 0
07-29 13:19:13.248 D/use-Rlog/RLOG-RIL{0}( 9096): b89adee8 onHandleRequest:[-1639825107] SCREEN_STATE
07-29 13:19:13.248 D/use-Rlog/RLOG-RIL{0}( 9096): Kernel time: [10284.818374]
07-29 13:19:13.248 D/use-Rlog/RLOG-RIL AT{0}( 9096): AT(18)> AT*TUNSOL="SM",0
07-29 13:19:13.249 D/DCT     ( 3704): onReceive: action=android.intent.action.SCREEN_OFF
07-29 13:19:13.249 D/DCT     ( 3704): stopNetStatPoll
07-29 13:19:13.249 D/DCT     ( 3704): overall state is IDLE
07-29 13:19:13.258 D/use-Rlog/RLOG-RIL AT{0}( 9096): AT(18)< OK
07-29 13:19:13.258 D/use-Rlog/RLOG-RIL AT{0}( 9096): AT(18)> AT%ICESQU=0
07-29 13:19:13.259 D/use-Rlog/RLOG-RIL AT{0}( 9096): AT(18)< OK
07-29 13:19:13.259 D/use-Rlog/RLOG-RIL AT{0}( 9096): AT(18)> AT+CREG=1;+CGREG=1;+CEREG=1
07-29 13:19:13.260 D/use-Rlog/RLOG-RIL AT{0}( 9096): AT(18)< OK
07-29 13:19:13.260 D/use-Rlog/RLOG-RIL AT{0}( 9096): AT(18)> AT%NWSTATE=0
07-29 13:19:13.261 D/use-Rlog/RLOG-RIL AT{0}( 9096): AT(18)< OK
07-29 13:19:13.261 D/use-Rlog/RLOG-RIL AT{0}( 9096): AT(18)> AT%ISCREEN=0
07-29 13:19:13.262 D/use-Rlog/RLOG-RIL AT{0}( 9096): AT(18)< OK
07-29 13:19:13.262 D/use-Rlog/RLOG-RIL AT{0}( 9096): AT(18)> AT%IFD=20
07-29 13:19:13.263 D/use-Rlog/RLOG-RIL AT{0}( 9096): AT(18)< OK
07-29 13:19:13.263 D/RILJ    ( 3704): [8541]< SCREEN_STATE 
