07-29 13:16:05.760 V/NvAudioPolicyManager(  148): getDeviceForStrategy() strategy 0, device 2
07-29 13:16:05.760 V/NvAudioPolicyManager(  148): getOutput() stream 1, samplingRate 0, format 0, channelMask 3, flags 0
07-29 13:16:05.760 V/NvAudioPolicyManager(  148): getOutput() returns output 2
07-29 13:16:05.760 V/legacy_audio_policy_hal(  148): audio_io_handle_t android_audio_legacy::ap_get_output(audio_policy*, audio_stream_type_t, uint32_t, audio_format_t, audio_channel_mask_t, audio_output_flags_t, const audio_offload_info_t*): tid 148
07-29 13:16:05.761 V/NvAudioPolicyManager(  148): getDeviceForStrategy() strategy 0, device 2
07-29 13:16:05.761 V/NvAudioPolicyManager(  148): getOutput() stream 1, samplingRate 44100, format 1, channelMask 3, flags 4
07-29 13:16:05.761 V/NvAudioPolicyManager(  148): getOutput() returns output 2
07-29 13:16:05.761 V/nvaudio_hw(  148): nvaudio_out_get_latency: latency 85
07-29 13:16:05.763 V/NvAudioPolicyManager(  148): startOutput() output 2, stream 1, session 265
07-29 13:16:05.763 V/NvAudioPolicyManager(  148): getDeviceForStrategy() from cache strategy 0, device 2
07-29 13:16:05.763 V/AudioPolicyManagerBase(  148): changeRefCount() stream 1, count 1
07-29 13:16:05.763 V/NvAudioPolicyManager(  148): getDeviceForStrategy() strategy 0, device 2
07-29 13:16:05.763 V/AudioPolicyManagerBase(  148): getNewDevice() selected device 2
07-29 13:16:05.763 V/AudioPolicyManagerBase(  148): setOutputDevice() output 2 device 0002 delayMs 0
07-29 13:16:05.763 V/AudioPolicyManagerBase(  148): setOutputDevice() prevDevice 0002
07-29 13:16:05.763 V/NvAudioPolicyManager(  148): getDeviceForStrategy() strategy 0, device 2
07-29 13:16:05.763 V/NvAudioPolicyManager(  148): getDeviceForStrategy() strategy 1, device 1
07-29 13:16:05.763 V/NvAudioPolicyManager(  148): getDeviceForStrategy() strategy 2, device 2
07-29 13:16:05.763 V/NvAudioPolicyManager(  148): getDeviceForStrategy() strategy 2, device 2
07-29 13:16:05.763 V/NvAudioPolicyManager(  148): getDeviceForStrategy() strategy 3, device 2
07-29 13:16:05.763 V/NvAudioPolicyManager(  148): getDeviceForStrategy() strategy 0, device 2
07-29 13:16:05.763 V/NvAudioPolicyManager(  148): getDeviceForStrategy() strategy 4, device 2
07-29 13:16:05.763 V/NvAudioPolicyManager(  148): getDeviceForStrategy() strategy 5, device 2
07-29 13:16:05.763 V/NvAudioPolicyManager(  148): getDeviceForStrategy() strategy 6, device 1
07-29 13:16:05.763 V/AudioPolicyManagerBase(  148): setOutputDevice() setting same device 0002 or null device for output 2
07-29 13:16:05.763 V/NvAudioPolicyManager(  148): getDeviceForStrategy() from cache strategy 0, device 2
07-29 13:16:05.763 V/NvAudioPolicyManager(  148): getDeviceForStrategy() from cache strategy 0, device 2
07-29 13:16:05.763 V/nvaudio_hw(  148): nvaudio_dev_set_parameters : nv_param_media_routing=2
07-29 13:16:05.763 V/nvaudio_hw(  148): Media is routed to :2
07-29 13:16:05.763 V/nvaudio_hw(  148): ULP supported: dev 2
07-29 13:16:05.763 V/AudioPolicyManagerBase(  148): releaseOutput() 2
07-29 13:16:05.792 W/Settings( 9251): Setting bugreport_in_power_menu has moved from android.provider.Settings.Secure to android.provider.Settings.Global.
07-29 13:16:05.800 E/Cryptfs (  141): not running with encryption, aborting
07-29 13:16:05.823 D/dalvikvm( 9251): GC_CONCURRENT freed 609K, 13% free 7154K/8132K, paused 4ms+5ms, total 30ms
07-29 13:16:06.435 D/PowerManagerService( 1921): userActivityNoUpdateLocked: system_ready = false
07-29 13:16:06.781 V/nvaudio_hw(  148): nvaudio_out_get_latency: latency 85
07-29 13:16:06.792 V/nvaudio_hw(  148): nvaudio_out_get_latency: latency 85
07-29 13:16:06.803 V/nvaudio_hw(  148): nvaudio_out_get_latency: latency 85
07-29 13:16:06.813 V/nvaudio_hw(  148): nvaudio_out_get_latency: latency 85
07-29 13:16:06.824 V/nvaudio_hw(  148): nvaudio_out_get_latency: latency 85
07-29 13:16:06.834 V/nvaudio_hw(  148): nvaudio_out_get_latency: latency 85
07-29 13:16:06.844 V/nvaudio_hw(  148): nvaudio_out_get_latency: latency 85
07-29 13:16:06.855 V/nvaudio_hw(  148): nvaudio_out_get_latency: latency 85
07-29 13:16:06.865 V/nvaudio_hw(  148): nvaudio_out_get_latency: latency 85
07-29 13:16:06.876 V/NvAudioPolicyManager(  148): stopOutput() output 2, stream 1, session 265
07-29 13:16:06.876 V/NvAudioPolicyManager(  148): getDeviceForStrategy() from cache strategy 0, device 2
07-29 13:16:06.876 V/AudioPolicyManagerBase(  148): changeRefCount() stream 1, count 0
07-29 13:16:06.876 V/AudioPolicyManagerBase(  148): getNewDevice() selected device 0
07-29 13:16:06.876 V/AudioPolicyManagerBase(  148): setOutputDevice() output 2 device 0000 delayMs 170
07-29 13:16:06.876 V/AudioPolicyManagerBase(  148): setOutputDevice() prevDevice 0002
07-29 13:16:06.876 V/NvAudioPolicyManager(  148): getDeviceForStrategy() strategy 0, device 2
07-29 13:16:06.876 V/NvAudioPolicyManager(  148): getDeviceForStrategy() strategy 1, device 1
07-29 13:16:06.876 V/NvAudioPolicyManager(  148): getDeviceForStrategy() strategy 2, device 2
07-29 13:16:06.876 V/NvAudioPolicyManager(  148): getDeviceForStrategy() strategy 2, device 2
07-29 13:16:06.876 V/NvAudioPolicyManager(  148): getDeviceForStrategy() strategy 3, device 2
07-29 13:16:06.876 V/NvAudioPolicyManager(  148): getDeviceForStrategy() strategy 0, device 2
07-29 13:16:06.876 V/NvAudioPolicyManager(  148): getDeviceForStrategy() strategy 4, device 2
07-29 13:16:06.876 V/NvAudioPolicyManager(  148): getDeviceForStrategy() strategy 5, device 2
07-29 13:16:06.876 V/NvAudioPolicyManager(  148): getDeviceForStrategy() strategy 6, device 1
07-29 13:16:06.876 V/AudioPolicyManagerBase(  148): setOutputDevice() setting same device 0000 or null device for output 2
07-29 13:16:06.876 V/NvAudioPolicyManager(  148): getDeviceForStrategy() from cache strategy 0, device 2
07-29 13:16:06.876 V/NvAudioPolicyManager(  148): getDeviceForStrategy() from cache strategy 0, device 2
07-29 13:16:06.876 V/nvaudio_hw(  148): nvaudio_dev_set_parameters : nv_param_media_routing=2
07-29 13:16:06.876 V/nvaudio_hw(  148): Media is routed to :2
07-29 13:16:06.876 V/nvaudio_hw(  148): ULP supported: dev 2
07-29 13:16:07.325 D/PowerManagerService( 1921): userActivityNoUpdateLocked: system_ready = false
07-29 13:16:09.434 D/PowerManagerService( 1921): userActivityNoUpdateLocked: system_ready = false
07-29 13:16:09.769 V/nvaudio_hw(  148): nvaudio_out_standby: hw_dev->mode: 0
07-29 13:16:09.769 V/nvaudio_hw(  148): close_alsa_dev : active stream count 1
07-29 13:16:09.814 V/nvaudio_hw(  148): trigger_dma_callback dma address 0x00000000 on 0
07-29 13:16:10.366 D/PowerManagerService( 1921): userActivityNoUpdateLocked: system_ready = false
07-29 13:16:11.090 D/PowerManagerService( 1921): userActivityNoUpdateLocked: system_ready = false
07-29 13:16:12.352 D/dalvikvm( 3861): GC_CONCURRENT freed 389K, 21% free 3110K/3924K, paused 1ms+1ms, total 10ms
07-29 13:16:12.972 D/PowerManagerService( 1921): userActivityNoUpdateLocked: system_ready = false
07-29 13:16:13.481 D/PowerManagerService( 1921): userActivityNoUpdateLocked: system_ready = false
07-29 13:16:14.001 D/PowerManagerService( 1921): userActivityNoUpdateLocked: system_ready = false
07-29 13:16:14.521 D/PowerManagerService( 1921): userActivityNoUpdateLocked: system_ready = false
07-29 13:16:15.041 D/PowerManagerService( 1921): userActivityNoUpdateLocked: system_ready = false
07-29 13:16:15.551 D/PowerManagerService( 1921): userActivityNoUpdateLocked: system_ready = false
07-29 13:16:16.112 D/PowerManagerService( 1921): userActivityNoUpdateLocked: system_ready = false
07-29 13:16:16.621 D/PowerManagerService( 1921): userActivityNoUpdateLocked: system_ready = false
07-29 13:16:17.440 D/PowerManagerService( 1921): userActivityNoUpdateLocked: system_ready = false
07-29 13:16:17.950 D/PowerManagerService( 1921): userActivityNoUpdateLocked: system_ready = false
07-29 13:16:18.849 D/PowerManagerService( 1921): userActivityNoUpdateLocked: system_ready = false
07-29 13:16:19.718 D/PowerManagerService( 1921): userActivityNoUpdateLocked: system_ready = false
07-29 13:16:20.514 D/PowerManagerService( 1921): userActivityNoUpdateLocked: system_ready = false
07-29 13:16:21.279 D/PowerManagerService( 1921): userActivityNoUpdateLocked: system_ready = false
07-29 13:16:21.788 D/PowerManagerService( 1921): userActivityNoUpdateLocked: system_ready = false
07-29 13:16:22.882 D/PowerManagerService( 1921): userActivityNoUpdateLocked: system_ready = false
07-29 13:16:23.392 D/PowerManagerService( 1921): userActivityNoUpdateLocked: system_ready = false
07-29 13:16:25.238 D/PowerManagerService( 1921): userActivityNoUpdateLocked: system_ready = false
07-29 13:16:25.757 D/PowerManagerService( 1921): userActivityNoUpdateLocked: system_ready = false
07-29 13:16:26.266 D/PowerManagerService( 1921): userActivityNoUpdateLocked: system_ready = false
07-29 13:16:26.775 D/PowerManagerService( 1921): userActivityNoUpdateLocked: system_ready = false
07-29 13:16:29.226 D/PowerManagerService( 1921): userActivityNoUpdateLocked: system_ready = false
07-29 13:16:29.734 D/PowerManagerService( 1921): userActivityNoUpdateLocked: system_ready = false
07-29 13:16:30.243 D/PowerManagerService( 1921): userActivityNoUpdateLocked: system_ready = false
07-29 13:16:32.639 D/PowerManagerService( 1921): userActivityNoUpdateLocked: system_ready = false
07-29 13:16:33.289 D/PowerManagerService( 1921): userActivityNoUpdateLocked: system_ready = false
07-29 13:16:33.940 D/PowerManagerService( 1921): userActivityNoUpdateLocked: system_ready = false
07-29 13:16:34.664 D/PowerManagerService( 1921): userActivityNoUpdateLocked: system_ready = false
07-29 13:16:35.262 D/PowerManagerService( 1921): userActivityNoUpdateLocked: system_ready = false
07-29 13:16:36.075 D/PowerManagerService( 1921): userActivityNoUpdateLocked: system_ready = false
07-29 13:16:37.541 D/PowerManagerService( 1921): userActivityNoUpdateLocked: system_ready = false
07-29 13:16:38.488 D/PowerManagerService( 1921): userActivityNoUpdateLocked: system_ready = false
07-29 13:16:39.092 D/PowerManagerService( 1921): userActivityNoUpdateLocked: system_ready = false
07-29 13:16:39.639 D/PowerManagerService( 1921): userActivityNoUpdateLocked: system_ready = false
07-29 13:16:40.175 D/PowerManagerService( 1921): userActivityNoUpdateLocked: system_ready = false
07-29 13:16:40.690 D/PowerManagerService( 1921): userActivityNoUpdateLocked: system_ready = false
07-29 13:16:41.285 D/PowerManagerService( 1921): userActivityNoUpdateLocked: system_ready = false
07-29 13:16:42.273 D/PowerManagerService( 1921): userActivityNoUpdateLocked: system_ready = false
07-29 13:16:42.782 D/PowerManagerService( 1921): userActivityNoUpdateLocked: system_ready = false
07-29 13:16:43.695 D/PowerManagerService( 1921): userActivityNoUpdateLocked: system_ready = false
07-29 13:16:44.605 D/PowerManagerService( 1921): userActivityNoUpdateLocked: system_ready = false
07-29 13:16:45.114 D/PowerManagerService( 1921): userActivityNoUpdateLocked: system_ready = false
07-29 13:16:45.764 D/PowerManagerService( 1921): userActivityNoUpdateLocked: system_ready = false
07-29 13:16:45.934 V/legacy_audio_policy_hal(  148): audio_io_handle_t android_audio_legacy::ap_get_output(audio_policy*, audio_stream_type_t, uint32_t, audio_format_t, audio_channel_mask_t, audio_output_flags_t, const audio_offload_info_t*): tid 3297
07-29 13:16:45.934 V/NvAudioPolicyManager(  148): getDeviceForStrategy() strategy 0, device 2
07-29 13:16:45.934 V/NvAudioPolicyManager(  148): getOutput() stream 1, samplingRate 0, format 0, channelMask 3, flags 0
07-29 13:16:45.934 V/NvAudioPolicyManager(  148): getOutput() returns output 2
07-29 13:16:45.934 V/legacy_audio_policy_hal(  148): audio_io_handle_t android_audio_legacy::ap_get_output(audio_policy*, audio_stream_type_t, uint32_t, audio_format_t, audio_channel_mask_t, audio_output_flags_t, const audio_offload_info_t*): tid 148
07-29 13:16:45.934 V/NvAudioPolicyManager(  148): getDeviceForStrategy() strategy 0, device 2
07-29 13:16:45.934 V/NvAudioPolicyManager(  148): getOutput() stream 1, samplingRate 0, format 0, channelMask 3, flags 0
07-29 13:16:45.934 V/NvAudioPolicyManager(  148): getOutput() returns output 2
07-29 13:16:45.934 V/legacy_audio_policy_hal(  148): audio_io_handle_t android_audio_legacy::ap_get_output(audio_policy*, audio_stream_type_t, uint32_t, audio_format_t, audio_channel_mask_t, audio_output_flags_t, const audio_offload_info_t*): tid 11907
07-29 13:16:45.934 V/NvAudioPolicyManager(  148): getDeviceForStrategy() strategy 0, device 2
07-29 13:16:45.934 V/NvAudioPolicyManager(  148): getOutput() stream 1, samplingRate 44100, format 1, channelMask 3, flags 4
07-29 13:16:45.934 V/NvAudioPolicyManager(  148): getOutput() returns output 2
07-29 13:16:45.934 V/nvaudio_hw(  148): nvaudio_out_get_latency: latency 85
07-29 13:16:45.935 V/NvAudioPolicyManager(  148): startOutput() output 2, stream 1, session 266
07-29 13:16:45.935 V/NvAudioPolicyManager(  148): getDeviceForStrategy() from cache strategy 0, device 2
07-29 13:16:45.935 V/AudioPolicyManagerBase(  148): changeRefCount() stream 1, count 1
07-29 13:16:45.935 V/NvAudioPolicyManager(  148): getDeviceForStrategy() strategy 0, device 2
07-29 13:16:45.935 V/AudioPolicyManagerBase(  148): getNewDevice() selected device 2
07-29 13:16:45.935 V/AudioPolicyManagerBase(  148): setOutputDevice() output 2 device 0002 delayMs 0
07-29 13:16:45.935 V/AudioPolicyManagerBase(  148): setOutputDevice() prevDevice 0002
07-29 13:16:45.935 V/NvAudioPolicyManager(  148): getDeviceForStrategy() strategy 0, device 2
07-29 13:16:45.935 V/NvAudioPolicyManager(  148): getDeviceForStrategy() strategy 1, device 1
07-29 13:16:45.935 V/NvAudioPolicyManager(  148): getDeviceForStrategy() strategy 2, device 2
07-29 13:16:45.935 V/NvAudioPolicyManager(  148): getDeviceForStrategy() strategy 2, device 2
07-29 13:16:45.935 V/NvAudioPolicyManager(  148): getDeviceForStrategy() strategy 3, device 2
07-29 13:16:45.935 V/NvAudioPolicyManager(  148): getDeviceForStrategy() strategy 0, device 2
07-29 13:16:45.935 V/NvAudioPolicyManager(  148): getDeviceForStrategy() strategy 4, device 2
07-29 13:16:45.935 V/NvAudioPolicyManager(  148): getDeviceForStrategy() strategy 5, device 2
07-29 13:16:45.935 V/NvAudioPolicyManager(  148): getDeviceForStrategy() strategy 6, device 1
07-29 13:16:45.935 V/AudioPolicyManagerBase(  148): setOutputDevice() setting same device 0002 or null device for output 2
07-29 13:16:45.935 V/NvAudioPolicyManager(  148): getDeviceForStrategy() from cache strategy 0, device 2
07-29 13:16:45.935 V/NvAudioPolicyManager(  148): getDeviceForStrategy() from cache strategy 0, device 2
07-29 13:16:45.936 V/nvaudio_hw(  148): nvaudio_dev_set_parameters : nv_param_media_routing=2
07-29 13:16:45.936 V/nvaudio_hw(  148): Media is routed to :2
07-29 13:16:45.936 V/nvaudio_hw(  148): ULP supported: dev 2
07-29 13:16:45.937 V/nvaudio_hw(  148): open_out_alsa_dev
07-29 13:16:45.937 V/nvaudio_hw(  148): get_active_dev_rate : card 1 device 0
07-29 13:16:45.937 V/nvaudio_hw(  148): set_route : dev id 0 ref 1 devices 0x2 -> 0x2
07-29 13:16:45.937 V/nvaudio_hw(  148): Opened Alsa OUT device music with pcm_config
07-29 13:16:45.937 V/nvaudio_hw(  148):  channels 2
07-29 13:16:45.937 V/nvaudio_hw(  148):  rate 48000
07-29 13:16:45.937 V/nvaudio_hw(  148):  format 0
07-29 13:16:45.937 V/nvaudio_hw(  148):  period_size 1024
07-29 13:16:45.937 V/nvaudio_hw(  148):  period_count 1
07-29 13:16:45.937 V/nvaudio_hw(  148):  start_threshold 1
07-29 13:16:45.937 V/nvaudio_hw(  148):  stop_threshold 2049 
07-29 13:16:45.937 V/nvaudio_hw(  148): silence_threshold 0
07-29 13:16:45.937 V/nvaudio_hw(  148):  avail_min 1
07-29 13:16:45.937 V/nvaudio_hw(  148): set_avp_render_path
07-29 13:16:45.937 V/nvaudio_hw(  148): set_out_resampler : quality 4
07-29 13:16:45.937 V/nvaudio_hw(  148): No resampler required
07-29 13:16:45.937 V/nvaudio_hw(  148): set_current_route : dev id 0
07-29 13:16:45.937 V/nvaudio_hw(  148): set_route_by_array
07-29 13:16:45.937 V/nvaudio_hw(  148): set_route_by_array
07-29 13:16:45.937 V/nvaudio_hw(  148): Set 'Right Speaker Mixer Left DAC Switch' to '1' mode = 0 r->mode = -2 srate = 48000 r->srate = 0 
07-29 13:16:45.937 V/nvaudio_hw(  148): Set 'Right Speaker Mixer Right DAC Switch' to '1' mode = 0 r->mode = -2 srate = 48000 r->srate = 0 
07-29 13:16:45.937 V/nvaudio_hw(  148): Set 'Speaker Left Switch' to '1' mode = 0 r->mode = -2 srate = 48000 r->srate = 0 
07-29 13:16:45.937 V/nvaudio_hw(  148): Set 'Speaker Right Switch' to '1' mode = 0 r->mode = -2 srate = 48000 r->srate = 0 
07-29 13:16:45.937 V/nvaudio_hw(  148): Set 'Speaker Left Volume' to '58' mode = 0 r->mode = -2 srate = 48000 r->srate = 0 
07-29 13:16:45.937 W/Settings( 9251): Setting bugreport_in_power_menu has moved from android.provider.Settings.System to android.provider.Settings.Global
07-29 13:16:45.937 V/nvaudio_hw(  148): Set 'Speaker Right Volume' to '58' mode = 0 r->mode = -2 srate = 48000 r->srate = 0 
07-29 13:16:45.937 V/nvaudio_hw(  148): Set 'Digital Gain Volume' to '0' mode = 0 r->mode = -2 srate = 48000 r->srate = 0 
07-29 13:16:45.937 V/nvaudio_hw(  148): Set 'Digital Level Volume' to '10' mode = 0 r->mode = -2 srate = 48000 r->srate = 0 
07-29 13:16:45.937 V/nvaudio_hw(  148): Set 'Int Spk Switch' to '1' mode = 0 r->mode = -2 srate = 48000 r->srate = 0 
07-29 13:16:45.937 V/nvaudio_hw(  148): Set 'ALC Make Up Gain Volume' to '8' mode = 0 r->mode = -2 srate = 48000 r->srate = 0 
07-29 13:16:45.937 V/nvaudio_hw(  148): Set 'ALC Compression Ratio' to '3' mode = 0 r->mode = -2 srate = 48000 r->srate = 0 
07-29 13:16:45.937 V/nvaudio_hw(  148): Set 'ALC Compression Threshold Volume' to '14' mode = 0 r->mode = -2 srate = 48000 r->srate = 0 
07-29 13:16:45.937 V/nvaudio_hw(  148): Set 'ALC Expansion Ratio' to '2' mode = 0 r->mode = -2 srate = 48000 r->srate = 0 
07-29 13:16:45.937 V/nvaudio_hw(  148): Set 'ALC Expansion Threshold Volume' to '26' mode = 0 r->mode = -2 srate = 48000 r->srate = 0 
07-29 13:16:45.937 V/nvaudio_hw(  148): Set 'ALC Enable' to '1' mode = 0 r->mode = -2 srate = 48000 r->srate = 0 
07-29 13:16:45.937 V/nvaudio_hw(  148): Set 'Speaker Left Mixer Gain Volume' to '2' mode = 0 r->mode = -2 srate = 48000 r->srate = 0 
07-29 13:16:45.937 V/nvaudio_hw(  148): Set 'Speaker Right Mixer Gain Volume' to '2' mode = 0 r->mode = -2 srate = 48000 r->srate = 0 
07-29 13:16:45.939 V/AudioPolicyManagerBase(  148): releaseOutput() 2
07-29 13:16:45.951 V/nvaudio_hw(  148): Set 'EQ Mode' to '3' mode = 0 r->mode = -2 srate = 48000 r->srate = 0 
07-29 13:16:45.951 V/nvaudio_hw(  148): Set 'Digital EQ 7 Band Enable' to '1' mode = 0 r->mode = -2 srate = 48000 r->srate = 0 
07-29 13:16:45.951 V/nvaudio_hw(  148): send_at_cmd_by_list: type 0
07-29 13:16:45.952 V/nvaudio_hw(  148): trigger_dma_callback dma address 0x4002C000 on 1
07-29 13:16:46.952 V/nvaudio_hw(  148): nvaudio_out_get_latency: latency 85
07-29 13:16:46.963 V/nvaudio_hw(  148): nvaudio_out_get_latency: latency 85
07-29 13:16:46.973 V/nvaudio_hw(  148): nvaudio_out_get_latency: latency 85
07-29 13:16:46.984 V/nvaudio_hw(  148): nvaudio_out_get_latency: latency 85
07-29 13:16:46.999 V/nvaudio_hw(  148): nvaudio_out_get_latency: latency 85
07-29 13:16:47.010 V/nvaudio_hw(  148): nvaudio_out_get_latency: latency 85
07-29 13:16:47.015 V/nvaudio_hw(  148): nvaudio_out_get_latency: latency 85
07-29 13:16:47.026 V/nvaudio_hw(  148): nvaudio_out_get_latency: latency 85
07-29 13:16:47.041 V/nvaudio_hw(  148): nvaudio_out_get_latency: latency 85
07-29 13:16:47.052 V/NvAudioPolicyManager(  148): stopOutput() output 2, stream 1, session 266
07-29 13:16:47.052 V/NvAudioPolicyManager(  148): getDeviceForStrategy() from cache strategy 0, device 2
07-29 13:16:47.052 V/AudioPolicyManagerBase(  148): changeRefCount() stream 1, count 0
07-29 13:16:47.052 V/AudioPolicyManagerBase(  148): getNewDevice() selected device 0
07-29 13:16:47.052 V/AudioPolicyManagerBase(  148): setOutputDevice() output 2 device 0000 delayMs 170
07-29 13:16:47.052 V/AudioPolicyManagerBase(  148): setOutputDevice() prevDevice 0002
07-29 13:16:47.052 V/NvAudioPolicyManager(  148): getDeviceForStrategy() strategy 0, device 2
07-29 13:16:47.052 V/NvAudioPolicyManager(  148): getDeviceForStrategy() strategy 1, device 1
07-29 13:16:47.052 V/NvAudioPolicyManager(  148): getDeviceForStrategy() strategy 2, device 2
07-29 13:16:47.052 V/NvAudioPolicyManager(  148): getDeviceForStrategy() strategy 2, device 2
07-29 13:16:47.052 V/NvAudioPolicyManager(  148): getDeviceForStrategy() strategy 3, device 2
07-29 13:16:47.052 V/NvAudioPolicyManager(  148): getDeviceForStrategy() strategy 0, device 2
07-29 13:16:47.052 V/NvAudioPolicyManager(  148): getDeviceForStrategy() strategy 4, device 2
07-29 13:16:47.052 V/NvAudioPolicyManager(  148): getDeviceForStrategy() strategy 5, device 2
07-29 13:16:47.052 V/NvAudioPolicyManager(  148): getDeviceForStrategy() strategy 6, device 1
07-29 13:16:47.052 V/AudioPolicyManagerBase(  148): setOutputDevice() setting same device 0000 or null device for output 2
07-29 13:16:47.052 V/NvAudioPolicyManager(  148): getDeviceForStrategy() from cache strategy 0, device 2
07-29 13:16:47.052 V/NvAudioPolicyManager(  148): getDeviceForStrategy() from cache strategy 0, device 2
07-29 13:16:47.052 V/nvaudio_hw(  148): nvaudio_dev_set_parameters : nv_param_media_routing=2
07-29 13:16:47.052 V/nvaudio_hw(  148): Media is routed to :2
07-29 13:16:47.052 V/nvaudio_hw(  148): ULP supported: dev 2
07-29 13:16:47.446 D/PowerManagerService( 1921): userActivityNoUpdateLocked: system_ready = false
07-29 13:16:47.955 D/PowerManagerService( 1921): userActivityNoUpdateLocked: system_ready = false
07-29 13:16:49.021 D/PowerManagerService( 1921): userActivityNoUpdateLocked: system_ready = false
07-29 13:16:49.530 D/PowerManagerService( 1921): userActivityNoUpdateLocked: system_ready = false
07-29 13:16:49.941 V/nvaudio_hw(  148): nvaudio_out_standby: hw_dev->mode: 0
07-29 13:16:49.941 V/nvaudio_hw(  148): close_alsa_dev : active stream count 1
07-29 13:16:49.984 V/nvaudio_hw(  148): trigger_dma_callback dma address 0x00000000 on 0
07-29 13:16:50.630 D/PowerManagerService( 1921): userActivityNoUpdateLocked: system_ready = false
07-29 13:16:51.139 D/PowerManagerService( 1921): userActivityNoUpdateLocked: system_ready = false
07-29 13:16:51.721 D/PowerManagerService( 1921): userActivityNoUpdateLocked: system_ready = false
07-29 13:16:53.278 D/PowerManagerService( 1921): userActivityNoUpdateLocked: system_ready = false
07-29 13:16:53.396 V/legacy_audio_policy_hal(  148): audio_io_handle_t android_audio_legacy::ap_get_output(audio_policy*, audio_stream_type_t, uint32_t, audio_format_t, audio_channel_mask_t, audio_output_flags_t, const audio_offload_info_t*): tid 5510
07-29 13:16:53.396 V/NvAudioPolicyManager(  148): getDeviceForStrategy() strategy 0, device 2
07-29 13:16:53.396 V/NvAudioPolicyManager(  148): getOutput() stream 1, samplingRate 0, format 0, channelMask 3, flags 0
07-29 13:16:53.396 V/NvAudioPolicyManager(  148): getOutput() returns output 2
07-29 13:16:53.396 V/legacy_audio_policy_hal(  148): audio_io_handle_t android_audio_legacy::ap_get_output(audio_policy*, audio_stream_type_t, uint32_t, audio_format_t, audio_channel_mask_t, audio_output_flags_t, const audio_offload_info_t*): tid 3296
07-29 13:16:53.396 V/NvAudioPolicyManager(  148): getDeviceForStrategy() strategy 0, device 2
07-29 13:16:53.396 V/NvAudioPolicyManager(  148): getOutput() stream 1, samplingRate 0, format 0, channelMask 3, flags 0
07-29 13:16:53.396 V/NvAudioPolicyManager(  148): getOutput() returns output 2
07-29 13:16:53.396 V/legacy_audio_policy_hal(  148): audio_io_handle_t android_audio_legacy::ap_get_output(audio_policy*, audio_stream_type_t, uint32_t, audio_format_t, audio_channel_mask_t, audio_output_flags_t, const audio_offload_info_t*): tid 3297
07-29 13:16:53.396 V/NvAudioPolicyManager(  148): getDeviceForStrategy() strategy 0, device 2
07-29 13:16:53.396 V/NvAudioPolicyManager(  148): getOutput() stream 1, samplingRate 44100, format 1, channelMask 3, flags 4
07-29 13:16:53.396 V/NvAudioPolicyManager(  148): getOutput() returns output 2
07-29 13:16:53.396 V/nvaudio_hw(  148): nvaudio_out_get_latency: latency 85
07-29 13:16:53.396 I/ActivityManager( 1921): START u0 {act=android.intent.action.MAIN cmp=com.android.settings/.SubSettings (has extras)} from pid 9251
07-29 13:16:53.397 V/NvAudioPolicyManager(  148): startOutput() output 2, stream 1, session 267
07-29 13:16:53.397 V/NvAudioPolicyManager(  148): getDeviceForStrategy() from cache strategy 0, device 2
07-29 13:16:53.397 V/AudioPolicyManagerBase(  148): changeRefCount() stream 1, count 1
07-29 13:16:53.397 V/NvAudioPolicyManager(  148): getDeviceForStrategy() strategy 0, device 2
07-29 13:16:53.397 V/AudioPolicyManagerBase(  148): getNewDevice() selected device 2
07-29 13:16:53.397 V/AudioPolicyManagerBase(  148): setOutputDevice() output 2 device 0002 delayMs 0
07-29 13:16:53.397 V/AudioPolicyManagerBase(  148): setOutputDevice() prevDevice 0002
07-29 13:16:53.397 V/NvAudioPolicyManager(  148): getDeviceForStrategy() strategy 0, device 2
07-29 13:16:53.397 V/NvAudioPolicyManager(  148): getDeviceForStrategy() strategy 1, device 1
07-29 13:16:53.397 V/NvAudioPolicyManager(  148): getDeviceForStrategy() strategy 2, device 2
07-29 13:16:53.397 V/NvAudioPolicyManager(  148): getDeviceForStrategy() strategy 2, device 2
07-29 13:16:53.397 V/NvAudioPolicyManager(  148): getDeviceForStrategy() strategy 3, device 2
07-29 13:16:53.397 V/NvAudioPolicyManager(  148): getDeviceForStrategy() strategy 0, device 2
07-29 13:16:53.397 V/NvAudioPolicyManager(  148): getDeviceForStrategy() strategy 4, device 2
07-29 13:16:53.397 V/NvAudioPolicyManager(  148): getDeviceForStrategy() strategy 5, device 2
07-29 13:16:53.397 V/NvAudioPolicyManager(  148): getDeviceForStrategy() strategy 6, device 1
07-29 13:16:53.397 V/AudioPolicyManagerBase(  148): setOutputDevice() setting same device 0002 or null device for output 2
07-29 13:16:53.397 V/NvAudioPolicyManager(  148): getDeviceForStrategy() from cache strategy 0, device 2
07-29 13:16:53.397 V/NvAudioPolicyManager(  148): getDeviceForStrategy() from cache strategy 0, device 2
07-29 13:16:53.397 V/nvaudio_hw(  148): nvaudio_dev_set_parameters : nv_param_media_routing=2
07-29 13:16:53.397 V/nvaudio_hw(  148): Media is routed to :2
07-29 13:16:53.397 V/nvaudio_hw(  148): ULP supported: dev 2
07-29 13:16:53.398 V/AudioPolicyManagerBase(  148): releaseOutput() 2
07-29 13:16:53.398 V/nvaudio_hw(  148): open_out_alsa_dev
07-29 13:16:53.398 V/nvaudio_hw(  148): get_active_dev_rate : card 1 device 0
07-29 13:16:53.398 V/nvaudio_hw(  148): set_route : dev id 0 ref 1 devices 0x2 -> 0x2
07-29 13:16:53.399 V/nvaudio_hw(  148): Opened Alsa OUT device music with pcm_config
07-29 13:16:53.399 V/nvaudio_hw(  148):  channels 2
07-29 13:16:53.399 V/nvaudio_hw(  148):  rate 48000
07-29 13:16:53.399 V/nvaudio_hw(  148):  format 0
07-29 13:16:53.399 V/nvaudio_hw(  148):  period_size 1024
07-29 13:16:53.399 V/nvaudio_hw(  148):  period_count 1
07-29 13:16:53.399 V/nvaudio_hw(  148):  start_threshold 1
07-29 13:16:53.399 V/nvaudio_hw(  148):  stop_threshold 2049 
07-29 13:16:53.399 V/nvaudio_hw(  148): silence_threshold 0
07-29 13:16:53.399 V/nvaudio_hw(  148):  avail_min 1
07-29 13:16:53.399 V/nvaudio_hw(  148): set_avp_render_path
07-29 13:16:53.399 V/nvaudio_hw(  148): set_out_resampler : quality 4
07-29 13:16:53.399 V/nvaudio_hw(  148): No resampler required
07-29 13:16:53.399 V/nvaudio_hw(  148): set_current_route : dev id 0
07-29 13:16:53.399 V/nvaudio_hw(  148): set_route_by_array
07-29 13:16:53.399 V/nvaudio_hw(  148): set_route_by_array
07-29 13:16:53.399 V/nvaudio_hw(  148): Set 'Right Speaker Mixer Left DAC Switch' to '1' mode = 0 r->mode = -2 srate = 48000 r->srate = 0 
07-29 13:16:53.399 V/nvaudio_hw(  148): Set 'Right Speaker Mixer Right DAC Switch' to '1' mode = 0 r->mode = -2 srate = 48000 r->srate = 0 
07-29 13:16:53.399 V/nvaudio_hw(  148): Set 'Speaker Left Switch' to '1' mode = 0 r->mode = -2 srate = 48000 r->srate = 0 
07-29 13:16:53.399 V/nvaudio_hw(  148): Set 'Speaker Right Switch' to '1' mode = 0 r->mode = -2 srate = 48000 r->srate = 0 
07-29 13:16:53.399 V/nvaudio_hw(  148): Set 'Speaker Left Volume' to '58' mode = 0 r->mode = -2 srate = 48000 r->srate = 0 
07-29 13:16:53.399 V/nvaudio_hw(  148): Set 'Speaker Right Volume' to '58' mode = 0 r->mode = -2 srate = 48000 r->srate = 0 
07-29 13:16:53.399 V/nvaudio_hw(  148): Set 'Digital Gain Volume' to '0' mode = 0 r->mode = -2 srate = 48000 r->srate = 0 
07-29 13:16:53.399 V/nvaudio_hw(  148): Set 'Digital Level Volume' to '10' mode = 0 r->mode = -2 srate = 48000 r->srate = 0 
07-29 13:16:53.399 V/nvaudio_hw(  148): Set 'Int Spk Switch' to '1' mode = 0 r->mode = -2 srate = 48000 r->srate = 0 
07-29 13:16:53.399 V/nvaudio_hw(  148): Set 'ALC Make Up Gain Volume' to '8' mode = 0 r->mode = -2 srate = 48000 r->srate = 0 
07-29 13:16:53.399 V/nvaudio_hw(  148): Set 'ALC Compression Ratio' to '3' mode = 0 r->mode = -2 srate = 48000 r->srate = 0 
07-29 13:16:53.399 V/nvaudio_hw(  148): Set 'ALC Compression Threshold Volume' to '14' mode = 0 r->mode = -2 srate = 48000 r->srate = 0 
07-29 13:16:53.399 V/nvaudio_hw(  148): Set 'ALC Expansion Ratio' to '2' mode = 0 r->mode = -2 srate = 48000 r->srate = 0 
07-29 13:16:53.399 V/nvaudio_hw(  148): Set 'ALC Expansion Threshold Volume' to '26' mode = 0 r->mode = -2 srate = 48000 r->srate = 0 
07-29 13:16:53.399 V/nvaudio_hw(  148): Set 'ALC Enable' to '1' mode = 0 r->mode = -2 srate = 48000 r->srate = 0 
07-29 13:16:53.399 V/nvaudio_hw(  148): Set 'Speaker Left Mixer Gain Volume' to '2' mode = 0 r->mode = -2 srate = 48000 r->srate = 0 
07-29 13:16:53.399 V/nvaudio_hw(  148): Set 'Speaker Right Mixer Gain Volume' to '2' mode = 0 r->mode = -2 srate = 48000 r->srate = 0 
07-29 13:16:53.415 V/nvaudio_hw(  148): Set 'EQ Mode' to '3' mode = 0 r->mode = -2 srate = 48000 r->srate = 0 
07-29 13:16:53.415 V/nvaudio_hw(  148): Set 'Digital EQ 7 Band Enable' to '1' mode = 0 r->mode = -2 srate = 48000 r->srate = 0 
07-29 13:16:53.415 V/nvaudio_hw(  148): send_at_cmd_by_list: type 0
07-29 13:16:53.415 V/nvaudio_hw(  148): trigger_dma_callback dma address 0x4002C000 on 1
07-29 13:16:53.442 D/SubSettings( 9251): Launching fragment com.android.settings.applications.ProcessStatsUi
07-29 13:16:53.464 I/ProcessStatsService( 1921): Added stats: 2015-07-29-09-33-14, over +3h26m45s675ms
07-29 13:16:53.479 W/ProcessStatsUi( 9251): No process com.android.phone/1001 for service com.android.stk.StkAppService
07-29 13:16:53.480 W/ProcessStatsUi( 9251): No process system/1000 for service com.android.location.fused.FusedLocationService
07-29 13:16:53.580 D/dalvikvm( 9251): GC_CONCURRENT freed 555K, 11% free 7988K/8916K, paused 2ms+2ms, total 18ms
07-29 13:16:53.580 D/dalvikvm( 9251): WAIT_FOR_CONCURRENT_GC blocked 9ms
07-29 13:16:53.650 I/ActivityManager( 1921): Displayed com.android.settings/.SubSettings: +236ms
07-29 13:16:54.417 V/nvaudio_hw(  148): nvaudio_out_get_latency: latency 85
07-29 13:16:54.427 V/nvaudio_hw(  148): nvaudio_out_get_latency: latency 85
07-29 13:16:54.437 V/nvaudio_hw(  148): nvaudio_out_get_latency: latency 85
07-29 13:16:54.447 V/nvaudio_hw(  148): nvaudio_out_get_latency: latency 85
07-29 13:16:54.458 V/nvaudio_hw(  148): nvaudio_out_get_latency: latency 85
07-29 13:16:54.468 V/nvaudio_hw(  148): nvaudio_out_get_latency: latency 85
07-29 13:16:54.478 V/nvaudio_hw(  148): nvaudio_out_get_latency: latency 85
07-29 13:16:54.490 V/nvaudio_hw(  148): nvaudio_out_get_latency: latency 85
07-29 13:16:54.500 V/nvaudio_hw(  148): nvaudio_out_get_latency: latency 85
07-29 13:16:54.511 V/NvAudioPolicyManager(  148): stopOutput() output 2, stream 1, session 267
07-29 13:16:54.511 V/NvAudioPolicyManager(  148): getDeviceForStrategy() from cache strategy 0, device 2
07-29 13:16:54.511 V/AudioPolicyManagerBase(  148): changeRefCount() stream 1, count 0
07-29 13:16:54.511 V/AudioPolicyManagerBase(  148): getNewDevice() selected device 0
07-29 13:16:54.511 V/AudioPolicyManagerBase(  148): setOutputDevice() output 2 device 0000 delayMs 170
07-29 13:16:54.511 V/AudioPolicyManagerBase(  148): setOutputDevice() prevDevice 0002
07-29 13:16:54.511 V/NvAudioPolicyManager(  148): getDeviceForStrategy() strategy 0, device 2
07-29 13:16:54.511 V/NvAudioPolicyManager(  148): getDeviceForStrategy() strategy 1, device 1
07-29 13:16:54.511 V/NvAudioPolicyManager(  148): getDeviceForStrategy() strategy 2, device 2
07-29 13:16:54.511 V/NvAudioPolicyManager(  148): getDeviceForStrategy() strategy 2, device 2
07-29 13:16:54.511 V/NvAudioPolicyManager(  148): getDeviceForStrategy() strategy 3, device 2
07-29 13:16:54.511 V/NvAudioPolicyManager(  148): getDeviceForStrategy() strategy 0, device 2
07-29 13:16:54.511 V/NvAudioPolicyManager(  148): getDeviceForStrategy() strategy 4, device 2
07-29 13:16:54.511 V/NvAudioPolicyManager(  148): getDeviceForStrategy() strategy 5, device 2
07-29 13:16:54.511 V/NvAudioPolicyManager(  148): getDeviceForStrategy() strategy 6, device 1
07-29 13:16:54.511 V/AudioPolicyManagerBase(  148): setOutputDevice() setting same device 0000 or null device for output 2
07-29 13:16:54.511 V/NvAudioPolicyManager(  148): getDeviceForStrategy() from cache strategy 0, device 2
07-29 13:16:54.511 V/NvAudioPolicyManager(  148): getDeviceForStrategy() from cache strategy 0, device 2
07-29 13:16:54.511 V/nvaudio_hw(  148): nvaudio_dev_set_parameters : nv_param_media_routing=2
07-29 13:16:54.511 V/nvaudio_hw(  148): Media is routed to :2
07-29 13:16:54.511 V/nvaudio_hw(  148): ULP supported: dev 2
07-29 13:16:56.423 D/PowerManagerService( 1921): userActivityNoUpdateLocked: system_ready = false
07-29 13:16:57.331 D/PowerManagerService( 1921): userActivityNoUpdateLocked: system_ready = false
07-29 13:16:57.403 V/nvaudio_hw(  148): nvaudio_out_standby: hw_dev->mode: 0
07-29 13:16:57.403 V/nvaudio_hw(  148): close_alsa_dev : active stream count 1
07-29 13:16:57.447 V/nvaudio_hw(  148): trigger_dma_callback dma address 0x00000000 on 0
07-29 13:16:57.840 D/PowerManagerService( 1921): userActivityNoUpdateLocked: system_ready = false
07-29 13:16:58.350 D/PowerManagerService( 1921): userActivityNoUpdateLocked: system_ready = false
07-29 13:16:59.011 D/PowerManagerService( 1921): userActivityNoUpdateLocked: system_ready = false
07-29 13:17:01.645 D/PowerManagerService( 1921): userActivityNoUpdateLocked: system_ready = false
07-29 13:17:01.783 V/legacy_audio_policy_hal(  148): audio_io_handle_t android_audio_legacy::ap_get_output(audio_policy*, audio_stream_type_t, uint32_t, audio_format_t, audio_channel_mask_t, audio_output_flags_t, const audio_offload_info_t*): tid 3297
07-29 13:17:01.783 V/NvAudioPolicyManager(  148): getDeviceForStrategy() strategy 0, device 2
07-29 13:17:01.783 V/NvAudioPolicyManager(  148): getOutput() stream 1, samplingRate 0, format 0, channelMask 3, flags 0
07-29 13:17:01.783 V/NvAudioPolicyManager(  148): getOutput() returns output 2
07-29 13:17:01.783 V/legacy_audio_policy_hal(  148): audio_io_handle_t android_audio_legacy::ap_get_output(audio_policy*, audio_stream_type_t, uint32_t, audio_format_t, audio_channel_mask_t, audio_output_flags_t, const audio_offload_info_t*): tid 3296
07-29 13:17:01.783 V/NvAudioPolicyManager(  148): getDeviceForStrategy() strategy 0, device 2
07-29 13:17:01.783 V/NvAudioPolicyManager(  148): getOutput() stream 1, samplingRate 0, format 0, channelMask 3, flags 0
07-29 13:17:01.783 V/NvAudioPolicyManager(  148): getOutput() returns output 2
07-29 13:17:01.783 V/legacy_audio_policy_hal(  148): audio_io_handle_t android_audio_legacy::ap_get_output(audio_policy*, audio_stream_type_t, uint32_t, audio_format_t, audio_channel_mask_t, audio_output_flags_t, const audio_offload_info_t*): tid 5510
07-29 13:17:01.783 V/NvAudioPolicyManager(  148): getDeviceForStrategy() strategy 0, device 2
07-29 13:17:01.783 V/NvAudioPolicyManager(  148): getOutput() stream 1, samplingRate 44100, format 1, channelMask 3, flags 4
07-29 13:17:01.783 V/NvAudioPolicyManager(  148): getOutput() returns output 2
07-29 13:17:01.784 I/ActivityManager( 1921): START u0 {act=android.intent.action.MAIN cmp=com.android.settings/.SubSettings (has extras)} from pid 9251
07-29 13:17:01.785 V/nvaudio_hw(  148): nvaudio_out_get_latency: latency 85
07-29 13:17:01.786 V/NvAudioPolicyManager(  148): startOutput() output 2, stream 1, session 268
07-29 13:17:01.786 V/NvAudioPolicyManager(  148): getDeviceForStrategy() from cache strategy 0, device 2
07-29 13:17:01.786 V/AudioPolicyManagerBase(  148): changeRefCount() stream 1, count 1
07-29 13:17:01.786 V/NvAudioPolicyManager(  148): getDeviceForStrategy() strategy 0, device 2
07-29 13:17:01.786 V/AudioPolicyManagerBase(  148): getNewDevice() selected device 2
07-29 13:17:01.786 V/AudioPolicyManagerBase(  148): setOutputDevice() output 2 device 0002 delayMs 0
07-29 13:17:01.786 V/AudioPolicyManagerBase(  148): setOutputDevice() prevDevice 0002
07-29 13:17:01.786 V/NvAudioPolicyManager(  148): getDeviceForStrategy() strategy 0, device 2
07-29 13:17:01.786 V/NvAudioPolicyManager(  148): getDeviceForStrategy() strategy 1, device 1
07-29 13:17:01.786 V/NvAudioPolicyManager(  148): getDeviceForStrategy() strategy 2, device 2
07-29 13:17:01.786 V/NvAudioPolicyManager(  148): getDeviceForStrategy() strategy 2, device 2
07-29 13:17:01.786 V/NvAudioPolicyManager(  148): getDeviceForStrategy() strategy 3, device 2
07-29 13:17:01.786 V/NvAudioPolicyManager(  148): getDeviceForStrategy() strategy 0, device 2
07-29 13:17:01.786 V/NvAudioPolicyManager(  148): getDeviceForStrategy() strategy 4, device 2
07-29 13:17:01.786 V/NvAudioPolicyManager(  148): getDeviceForStrategy() strategy 5, device 2
07-29 13:17:01.786 V/NvAudioPolicyManager(  148): getDeviceForStrategy() strategy 6, device 1
07-29 13:17:01.786 V/AudioPolicyManagerBase(  148): setOutputDevice() setting same device 0002 or null device for output 2
07-29 13:17:01.786 V/NvAudioPolicyManager(  148): getDeviceForStrategy() from cache strategy 0, device 2
07-29 13:17:01.786 V/NvAudioPolicyManager(  148): getDeviceForStrategy() from cache strategy 0, device 2
07-29 13:17:01.786 V/nvaudio_hw(  148): nvaudio_dev_set_parameters : nv_param_media_routing=2
07-29 13:17:01.786 V/nvaudio_hw(  148): Media is routed to :2
07-29 13:17:01.786 V/nvaudio_hw(  148): ULP supported: dev 2
07-29 13:17:01.786 V/nvaudio_hw(  148): open_out_alsa_dev
07-29 13:17:01.787 V/nvaudio_hw(  148): get_active_dev_rate : card 1 device 0
07-29 13:17:01.787 V/nvaudio_hw(  148): set_route : dev id 0 ref 1 devices 0x2 -> 0x2
07-29 13:17:01.787 V/nvaudio_hw(  148): Opened Alsa OUT device music with pcm_config
07-29 13:17:01.787 V/nvaudio_hw(  148):  channels 2
07-29 13:17:01.787 V/nvaudio_hw(  148):  rate 48000
07-29 13:17:01.787 V/nvaudio_hw(  148):  format 0
07-29 13:17:01.787 V/nvaudio_hw(  148):  period_size 1024
07-29 13:17:01.787 V/nvaudio_hw(  148):  period_count 1
07-29 13:17:01.787 V/nvaudio_hw(  148):  start_threshold 1
07-29 13:17:01.787 V/nvaudio_hw(  148):  stop_threshold 2049 
07-29 13:17:01.787 V/nvaudio_hw(  148): silence_threshold 0
07-29 13:17:01.787 V/nvaudio_hw(  148):  avail_min 1
07-29 13:17:01.787 V/nvaudio_hw(  148): set_avp_render_path
07-29 13:17:01.788 V/nvaudio_hw(  148): set_out_resampler : quality 4
07-29 13:17:01.788 V/AudioPolicyManagerBase(  148): releaseOutput() 2
07-29 13:17:01.788 V/nvaudio_hw(  148): No resampler required
07-29 13:17:01.788 V/nvaudio_hw(  148): set_current_route : dev id 0
07-29 13:17:01.788 V/nvaudio_hw(  148): set_route_by_array
07-29 13:17:01.788 V/nvaudio_hw(  148): set_route_by_array
07-29 13:17:01.788 V/nvaudio_hw(  148): Set 'Right Speaker Mixer Left DAC Switch' to '1' mode = 0 r->mode = -2 srate = 48000 r->srate = 0 
07-29 13:17:01.788 V/nvaudio_hw(  148): Set 'Right Speaker Mixer Right DAC Switch' to '1' mode = 0 r->mode = -2 srate = 48000 r->srate = 0 
07-29 13:17:01.788 V/nvaudio_hw(  148): Set 'Speaker Left Switch' to '1' mode = 0 r->mode = -2 srate = 48000 r->srate = 0 
07-29 13:17:01.788 V/nvaudio_hw(  148): Set 'Speaker Right Switch' to '1' mode = 0 r->mode = -2 srate = 48000 r->srate = 0 
07-29 13:17:01.788 V/nvaudio_hw(  148): Set 'Speaker Left Volume' to '58' mode = 0 r->mode = -2 srate = 48000 r->srate = 0 
07-29 13:17:01.788 V/nvaudio_hw(  148): Set 'Speaker Right Volume' to '58' mode = 0 r->mode = -2 srate = 48000 r->srate = 0 
07-29 13:17:01.788 V/nvaudio_hw(  148): Set 'Digital Gain Volume' to '0' mode = 0 r->mode = -2 srate = 48000 r->srate = 0 
07-29 13:17:01.788 V/nvaudio_hw(  148): Set 'Digital Level Volume' to '10' mode = 0 r->mode = -2 srate = 48000 r->srate = 0 
07-29 13:17:01.788 V/nvaudio_hw(  148): Set 'Int Spk Switch' to '1' mode = 0 r->mode = -2 srate = 48000 r->srate = 0 
07-29 13:17:01.788 V/nvaudio_hw(  148): Set 'ALC Make Up Gain Volume' to '8' mode = 0 r->mode = -2 srate = 48000 r->srate = 0 
07-29 13:17:01.788 V/nvaudio_hw(  148): Set 'ALC Compression Ratio' to '3' mode = 0 r->mode = -2 srate = 48000 r->srate = 0 
07-29 13:17:01.788 V/nvaudio_hw(  148): Set 'ALC Compression Threshold Volume' to '14' mode = 0 r->mode = -2 srate = 48000 r->srate = 0 
07-29 13:17:01.788 V/nvaudio_hw(  148): Set 'ALC Expansion Ratio' to '2' mode = 0 r->mode = -2 srate = 48000 r->srate = 0 
07-29 13:17:01.788 V/nvaudio_hw(  148): Set 'ALC Expansion Threshold Volume' to '26' mode = 0 r->mode = -2 srate = 48000 r->srate = 0 
07-29 13:17:01.788 V/nvaudio_hw(  148): Set 'ALC Enable' to '1' mode = 0 r->mode = -2 srate = 48000 r->srate = 0 
07-29 13:17:01.788 V/nvaudio_hw(  148): Set 'Speaker Left Mixer Gain Volume' to '2' mode = 0 r->mode = -2 srate = 48000 r->srate = 0 
07-29 13:17:01.788 V/nvaudio_hw(  148): Set 'Speaker Right Mixer Gain Volume' to '2' mode = 0 r->mode = -2 srate = 48000 r->srate = 0 
07-29 13:17:01.803 V/nvaudio_hw(  148): Set 'EQ Mode' to '3' mode = 0 r->mode = -2 srate = 48000 r->srate = 0 
07-29 13:17:01.803 V/nvaudio_hw(  148): Set 'Digital EQ 7 Band Enable' to '1' mode = 0 r->mode = -2 srate = 48000 r->srate = 0 
07-29 13:17:01.803 V/nvaudio_hw(  148): send_at_cmd_by_list: type 0
07-29 13:17:01.804 V/nvaudio_hw(  148): trigger_dma_callback dma address 0x4002C000 on 1
07-29 13:17:01.813 D/dalvikvm( 4686): GC_CONCURRENT freed 391K, 28% free 3069K/4216K, paused 3ms+0ms, total 16ms
07-29 13:17:01.825 D/SubSettings( 9251): Launching fragment com.android.settings.applications.ProcessStatsDetail
07-29 13:17:01.848 W/ContextImpl( 9251): Calling a method in the system process without a qualified user: android.app.ContextImpl.sendOrderedBroadcast:1192 android.app.ContextImpl.sendOrderedBroadcast:1183 android.content.ContextWrapper.sendOrderedBroadcast:390 com.android.settings.applications.ProcessStatsDetail.checkForceStop:314 com.android.settings.applications.ProcessStatsDetail.onResume:108 
07-29 13:17:01.866 D/android.widget.GridLayout( 9251): vertical constraints: y1-y0>=53, y2-y1>=32, y3-y2>=78, y3-y0<=96 are inconsistent; permanently removing: y3-y0<=96. 
07-29 13:17:01.876 D/android.widget.GridLayout( 9251): vertical constraints: y1-y0>=53, y2-y1>=32, y3-y2>=79, y3-y0<=163 are inconsistent; permanently removing: y3-y0<=163, y3-y0<=96. 
07-29 13:17:01.931 I/ActivityManager( 1921): Displayed com.android.settings/.SubSettings: +139ms
07-29 13:17:02.807 V/nvaudio_hw(  148): nvaudio_out_get_latency: latency 85
07-29 13:17:02.818 V/nvaudio_hw(  148): nvaudio_out_get_latency: latency 85
07-29 13:17:02.827 V/nvaudio_hw(  148): nvaudio_out_get_latency: latency 85
07-29 13:17:02.839 V/nvaudio_hw(  148): nvaudio_out_get_latency: latency 85
07-29 13:17:02.849 V/nvaudio_hw(  148): nvaudio_out_get_latency: latency 85
07-29 13:17:02.859 V/nvaudio_hw(  148): nvaudio_out_get_latency: latency 85
07-29 13:17:02.869 V/nvaudio_hw(  148): nvaudio_out_get_latency: latency 85
07-29 13:17:02.880 V/nvaudio_hw(  148): nvaudio_out_get_latency: latency 85
07-29 13:17:02.890 V/nvaudio_hw(  148): nvaudio_out_get_latency: latency 85
07-29 13:17:02.901 V/NvAudioPolicyManager(  148): stopOutput() output 2, stream 1, session 268
07-29 13:17:02.901 V/NvAudioPolicyManager(  148): getDeviceForStrategy() from cache strategy 0, device 2
07-29 13:17:02.901 V/AudioPolicyManagerBase(  148): changeRefCount() stream 1, count 0
07-29 13:17:02.901 V/AudioPolicyManagerBase(  148): getNewDevice() selected device 0
07-29 13:17:02.901 V/AudioPolicyManagerBase(  148): setOutputDevice() output 2 device 0000 delayMs 170
07-29 13:17:02.901 V/AudioPolicyManagerBase(  148): setOutputDevice() prevDevice 0002
07-29 13:17:02.901 V/NvAudioPolicyManager(  148): getDeviceForStrategy() strategy 0, device 2
07-29 13:17:02.901 V/NvAudioPolicyManager(  148): getDeviceForStrategy() strategy 1, device 1
07-29 13:17:02.901 V/NvAudioPolicyManager(  148): getDeviceForStrategy() strategy 2, device 2
07-29 13:17:02.901 V/NvAudioPolicyManager(  148): getDeviceForStrategy() strategy 2, device 2
07-29 13:17:02.901 V/NvAudioPolicyManager(  148): getDeviceForStrategy() strategy 3, device 2
07-29 13:17:02.901 V/NvAudioPolicyManager(  148): getDeviceForStrategy() strategy 0, device 2
07-29 13:17:02.901 V/NvAudioPolicyManager(  148): getDeviceForStrategy() strategy 4, device 2
07-29 13:17:02.901 V/NvAudioPolicyManager(  148): getDeviceForStrategy() strategy 5, device 2
07-29 13:17:02.901 V/NvAudioPolicyManager(  148): getDeviceForStrategy() strategy 6, device 1
07-29 13:17:02.901 V/AudioPolicyManagerBase(  148): setOutputDevice() setting same device 0000 or null device for output 2
07-29 13:17:02.901 V/NvAudioPolicyManager(  148): getDeviceForStrategy() from cache strategy 0, device 2
07-29 13:17:02.901 V/NvAudioPolicyManager(  148): getDeviceForStrategy() from cache strategy 0, device 2
07-29 13:17:02.901 V/nvaudio_hw(  148): nvaudio_dev_set_parameters : nv_param_media_routing=2
07-29 13:17:02.901 V/nvaudio_hw(  148): Media is routed to :2
07-29 13:17:02.901 V/nvaudio_hw(  148): ULP supported: dev 2
07-29 13:17:03.133 D/PowerManagerService( 1921): userActivityNoUpdateLocked: system_ready = false
07-29 13:17:03.208 V/legacy_audio_policy_hal(  148): audio_io_handle_t android_audio_legacy::ap_get_output(audio_policy*, audio_stream_type_t, uint32_t, audio_format_t, audio_channel_mask_t, audio_output_flags_t, const audio_offload_info_t*): tid 148
07-29 13:17:03.208 V/NvAudioPolicyManager(  148): getDeviceForStrategy() strategy 0, device 2
07-29 13:17:03.208 V/NvAudioPolicyManager(  148): getOutput() stream 1, samplingRate 0, format 0, channelMask 3, flags 0
07-29 13:17:03.208 V/NvAudioPolicyManager(  148): getOutput() returns output 2
07-29 13:17:03.208 V/legacy_audio_policy_hal(  148): audio_io_handle_t android_audio_legacy::ap_get_output(audio_policy*, audio_stream_type_t, uint32_t, audio_format_t, audio_channel_mask_t, audio_output_flags_t, const audio_offload_info_t*): tid 3297
07-29 13:17:03.208 V/NvAudioPolicyManager(  148): getDeviceForStrategy() strategy 0, device 2
07-29 13:17:03.208 V/NvAudioPolicyManager(  148): getOutput() stream 1, samplingRate 0, format 0, channelMask 3, flags 0
07-29 13:17:03.208 V/NvAudioPolicyManager(  148): getOutput() returns output 2
07-29 13:17:03.208 V/legacy_audio_policy_hal(  148): audio_io_handle_t android_audio_legacy::ap_get_output(audio_policy*, audio_stream_type_t, uint32_t, audio_format_t, audio_channel_mask_t, audio_output_flags_t, const audio_offload_info_t*): tid 11907
07-29 13:17:03.208 I/ActivityManager( 1921): Force stopping com.silentcircle.silentphone appid=10051 user=0: from pid 9251
07-29 13:17:03.209 V/NvAudioPolicyManager(  148): getDeviceForStrategy() strategy 0, device 2
07-29 13:17:03.209 V/NvAudioPolicyManager(  148): getOutput() stream 1, samplingRate 44100, format 1, channelMask 3, flags 4
07-29 13:17:03.209 V/NvAudioPolicyManager(  148): getOutput() returns output 2
07-29 13:17:03.209 V/nvaudio_hw(  148): nvaudio_out_get_latency: latency 85
07-29 13:17:03.209 I/ActivityManager( 1921): Killing 4333:com.silentcircle.silentphone/u0a51 (adj 2): stop com.silentcircle.silentphone
07-29 13:17:03.209 W/ActivityManager( 1921): Scheduling restart of crashed service com.silentcircle.silentphone/com.silentcircle.silentphone2.services.TiviPhoneService in 1000ms
07-29 13:17:03.210 V/NvAudioPolicyManager(  148): startOutput() output 2, stream 1, session 269
07-29 13:17:03.210 V/NvAudioPolicyManager(  148): getDeviceForStrategy() from cache strategy 0, device 2
07-29 13:17:03.210 V/AudioPolicyManagerBase(  148): changeRefCount() stream 1, count 1
07-29 13:17:03.210 V/NvAudioPolicyManager(  148): getDeviceForStrategy() strategy 0, device 2
07-29 13:17:03.210 V/AudioPolicyManagerBase(  148): getNewDevice() selected device 2
07-29 13:17:03.210 V/AudioPolicyManagerBase(  148): setOutputDevice() output 2 device 0002 delayMs 0
07-29 13:17:03.210 V/AudioPolicyManagerBase(  148): setOutputDevice() prevDevice 0002
07-29 13:17:03.210 V/NvAudioPolicyManager(  148): getDeviceForStrategy() strategy 0, device 2
07-29 13:17:03.210 V/NvAudioPolicyManager(  148): getDeviceForStrategy() strategy 1, device 1
07-29 13:17:03.210 V/NvAudioPolicyManager(  148): getDeviceForStrategy() strategy 2, device 2
07-29 13:17:03.210 V/NvAudioPolicyManager(  148): getDeviceForStrategy() strategy 2, device 2
07-29 13:17:03.210 V/NvAudioPolicyManager(  148): getDeviceForStrategy() strategy 3, device 2
07-29 13:17:03.210 V/NvAudioPolicyManager(  148): getDeviceForStrategy() strategy 0, device 2
07-29 13:17:03.210 V/NvAudioPolicyManager(  148): getDeviceForStrategy() strategy 4, device 2
07-29 13:17:03.210 V/NvAudioPolicyManager(  148): getDeviceForStrategy() strategy 5, device 2
07-29 13:17:03.210 V/NvAudioPolicyManager(  148): getDeviceForStrategy() strategy 6, device 1
07-29 13:17:03.210 V/AudioPolicyManagerBase(  148): setOutputDevice() setting same device 0002 or null device for output 2
07-29 13:17:03.210 V/NvAudioPolicyManager(  148): getDeviceForStrategy() from cache strategy 0, device 2
