07-29 15:00:28.107 D/use-Rlog/RLOG-RIL{0}( 9096): b89adee8 onHandleRequest:[-1639824951] GET_SIM_STATUS
07-29 15:00:28.107 D/use-Rlog/RLOG-RIL AT{0}( 9096): AT(18)> AT+CPIN?
07-29 15:00:28.107 D/RILJ    ( 3704): [8693]< GET_CURRENT_CALLS  
07-29 15:00:28.107 D/RILJ    ( 3704): [8694]< RIL_REQUEST_IMS_REGISTRATION_STATE {0, 0}
07-29 15:00:28.108 D/RILJ    ( 3704): [8695]< RIL_REQUEST_VOICE_RADIO_TECH {3}
07-29 15:00:28.108 D/RilRequest( 3704): [8696]< RIL_REQUEST_CDMA_GET_SUBSCRIPTION_SOURCE error: com.android.internal.telephony.CommandException: REQUEST_NOT_SUPPORTED ret=
07-29 15:00:28.108 D/RILJ    ( 3704): [8719]> iccIO: SIM_IO 0xc0 0x6f13  path: 3F007FFF,0,0,15 aid: null
07-29 15:00:28.108 D/use-Rlog/RLOG-RIL{0}( 9096): b89ad420 onRequest:[-1639824930] SIM_IO
07-29 15:00:28.108 I/use-Rlog/RLOG-RIL{0}( 9096): sending request SIM_IO on channel 0
07-29 15:00:28.109 D/RILJ    ( 3704): [8720]> iccIO: SIM_IO 0xc0 0x6f46  path: 3F007FFF,0,0,15 aid: null
07-29 15:00:28.109 D/use-Rlog/RLOG-RIL{0}( 9096): b89ad420 onRequest:[-1639824929] SIM_IO
07-29 15:00:28.109 I/use-Rlog/RLOG-RIL{0}( 9096): sending request SIM_IO on channel 0
07-29 15:00:28.109 D/use-Rlog/RLOG-RIL AT{0}( 9096): AT(18)< +CPIN: READY
07-29 15:00:28.109 D/use-Rlog/RLOG-RIL AT{0}( 9096): AT(18)< OK
07-29 15:00:28.109 D/use-Rlog/RLOG-RIL AT{0}( 9096): AT(18)> AT*TSIMINS?
07-29 15:00:28.109 D/RILJ    ( 3704): [8721]> iccIO: SIM_IO 0xc0 0x6fcd  path: 3F007FFF,0,0,15 aid: null
07-29 15:00:28.109 D/use-Rlog/RLOG-RIL{0}( 9096): b89ad420 onRequest:[-1639824928] SIM_IO
07-29 15:00:28.109 I/use-Rlog/RLOG-RIL{0}( 9096): sending request SIM_IO on channel 0
07-29 15:00:28.110 D/RILJ    ( 3704): [8722]> iccIO: SIM_IO 0xc0 0x6fc5  path: 3F007FFF,0,0,15 aid: null
07-29 15:00:28.110 D/use-Rlog/RLOG-RIL{0}( 9096): b89ad420 onRequest:[-1639824927] SIM_IO
07-29 15:00:28.110 I/use-Rlog/RLOG-RIL{0}( 9096): sending request SIM_IO on channel 0
07-29 15:00:28.110 D/RILJ    ( 3704): [8723]> iccIO: SIM_IO 0xc0 0x6f38  path: 3F007FFF,0,0,15 aid: null
07-29 15:00:28.111 D/use-Rlog/RLOG-RIL{0}( 9096): b89ad420 onRequest:[-1639824926] SIM_IO
07-29 15:00:28.111 I/use-Rlog/RLOG-RIL{0}( 9096): sending request SIM_IO on channel 0
07-29 15:00:28.111 D/RILJ    ( 3704): [8724]> iccIO: SIM_IO 0xc0 0x6f16  path: 3F007FFF,0,0,15 aid: null
07-29 15:00:28.111 D/use-Rlog/RLOG-RIL{0}( 9096): b89ad420 onRequest:[-1639824925] SIM_IO
07-29 15:00:28.111 I/use-Rlog/RLOG-RIL{0}( 9096): sending request SIM_IO on channel 0
07-29 15:00:28.111 D/use-Rlog/RLOG-RIL AT{0}( 9096): AT(18)< *TSIMINS: 1,1,1
07-29 15:00:28.111 D/use-Rlog/RLOG-RIL AT{0}( 9096): AT(18)< OK
07-29 15:00:28.111 D/use-Rlog/RLOG-RIL AT{0}( 9096): AT(18)> AT%PINNUM?
07-29 15:00:28.112 D/use-Rlog/RLOG-RIL AT{0}( 9096): AT(18)< +CUSATP:"D0818B8103012500820281828508566F6461666F6E658F1180566F6461666F6E6520736572766963658F13814F7076726167656E2062656C7465676F65648F0C824F7077616172646572656E8F0D83496E7374656C6C696E67656E8F158447726174697320534D532042657269636874656E8F0F85534D532046756E202620496E666F8F09864D4D5320696E666F"
07-29 15:00:28.112 D/use-Rlog/RLOG-RIL{0}( 9096): Kernel time: [16360.492242]
07-29 15:00:28.112 D/use-Rlog/RLOG-RIL{0}( 9096): b89ae710 onUnsolicited: +CUSATP:"D0818B8103012500820281828508566F6461666F6E658F1180566F6461666F6E6520736572766963658F13814F7076726167656E2062656C7465676F65648F0C824F7077616172646572656E8F0D83496E7374656C6C696E67656E8F158447726174697320534D532042657269636874656E8F0F85534D532046756E202620496E666F8F09864D4D5320696E666F" null
07-29 15:00:28.112 D/use-Rlog/RLOG-RIL{0}( 9096): b89ad420 onRequest:[-1639824924] SIM_IO
07-29 15:00:28.112 I/use-Rlog/RLOG-RIL{0}( 9096): sending request SIM_IO on channel 0
07-29 15:00:28.112 D/use-Rlog/RLOG-RIL AT{0}( 9096): AT(17)< +CUSATP:"D0818B8103012500820281828508566F6461666F6E658F1180566F6461666F6E6520736572766963658F13814F7076726167656E2062656C7465676F65648F0C824F7077616172646572656E8F0D83496E7374656C6C696E67656E8F158447726174697320534D532042657269636874656E8F0F85534D532046756E202620496E666F8F09864D4D5320696E666F"
07-29 15:00:28.112 D/use-Rlog/RLOG-RIL AT{0}( 9096): AT(16)< +CUSATP:"D0818B8103012500820281828508566F6461666F6E658F1180566F6461666F6E6520736572766963658F13814F7076726167656E2062656C7465676F65648F0C824F7077616172646572656E8F0D83496E7374656C6C696E67656E8F158447726174697320534D532042657269636874656E8F0F85534D532046756E202620496E666F8F09864D4D5320696E666F"
07-29 15:00:28.112 D/RILJ    ( 3704): [8725]> iccIO: SIM_IO 0xc0 0x6f15  path: 3F007FFF,0,0,15 aid: null
07-29 15:00:28.113 D/use-Rlog/RLOG-RIL{0}( 9096): b89ad420 onRequest:[-1639824923] SIM_IO
07-29 15:00:28.113 I/use-Rlog/RLOG-RIL{0}( 9096): sending request SIM_IO on channel 0
07-29 15:00:28.113 D/RILJ    ( 3704): [8726]> iccIO: SIM_IO 0xc0 0x6f3e  path: 3F007FFF,0,0,15 aid: null
07-29 15:00:28.113 D/use-Rlog/RLOG-RIL{0}( 9096): b89ad420 onRequest:[-1639824922] SIM_IO
07-29 15:00:28.113 I/use-Rlog/RLOG-RIL{0}( 9096): sending request SIM_IO on channel 0
07-29 15:00:28.113 D/SIMRecords( 3704): [SIMRecords] fetchSimRecords 16 requested: true
07-29 15:00:28.113 D/CAT     ( 3704): CatService: SIM ready. Reporting STK service running now...
07-29 15:00:28.114 D/RILJ    ( 3704): [8727]> RIL_REQUEST_REPORT_STK_SERVICE_IS_RUNNING
07-29 15:00:28.114 D/use-Rlog/RLOG-RIL{0}( 9096): b89ad420 onRequest:[-1639824921] REPORT_STK_SERVICE_IS_RUNNING
07-29 15:00:28.114 I/use-Rlog/RLOG-RIL{0}( 9096): sending request REPORT_STK_SERVICE_IS_RUNNING on channel 0
07-29 15:00:28.114 D/RILJ    ( 3704): setCurrentPreferredNetworkType: 1
07-29 15:00:28.115 D/RILJ    ( 3704): [8728]> REQUEST_SET_PREFERRED_NETWORK_TYPE : 1
07-29 15:00:28.115 D/use-Rlog/RLOG-RIL AT{0}( 9096): AT(18)< %PINNUM: 3, 10, 3, 10
07-29 15:00:28.115 D/use-Rlog/RLOG-RIL AT{0}( 9096): AT(18)< OK
07-29 15:00:28.115 D/use-Rlog/RLOG-RIL{0}( 9096): b89adee8 onHandleUnsolicited: +CUSATP:"D0818B8103012500820281828508566F6461666F6E658F1180566F6461666F6E6520736572766963658F13814F7076726167656E2062656C7465676F65648F0C824F7077616172646572656E8F0D83496E7374656C6C696E67656E8F158447726174697320534D532042657269636874656E8F0F85534D532046756E202620496E666F8F09864D4D5320696E666F" null
07-29 15:00:28.115 D/use-Rlog/RLOG-RIL{0}( 9096): b89adee8 onHandleRequest:[-1639824950] OPERATOR
07-29 15:00:28.115 D/use-Rlog/RLOG-RIL{0}( 9096): Providing cached Operator details
07-29 15:00:28.115 D/use-Rlog/RLOG-RIL{0}( 9096): b89adee8 onHandleRequest:[-1639824949] DATA_REGISTRATION_STATE
07-29 15:00:28.115 D/use-Rlog/RLOG-RIL{0}( 9096): b89adee8 onHandleRequest:[-1639824948] VOICE_REGISTRATION_STATE
07-29 15:00:28.115 D/use-Rlog/RLOG-RIL{0}( 9096): b89adee8 onHandleRequest:[-1639824947] QUERY_NETWORK_SELECTION_MODE
07-29 15:00:28.115 D/use-Rlog/RLOG-RIL{0}( 9096): Providing cached network selection details
07-29 15:00:28.115 D/use-Rlog/RLOG-RIL{0}( 9096): b89adee8 onHandleRequest:[-1] [INTERNAL]SIM_POLL
07-29 15:00:28.115 D/use-Rlog/RLOG-RIL AT{0}( 9096): AT(18)> AT+CPIN?
07-29 15:00:28.115 D/RILJ    ( 3704): [8697]< GET_SIM_STATUS IccCardState {CARDSTATE_PRESENT,PINSTATE_UNKNOWN,num_apps=1,gsm_id=0{APPTYPE_USIM,APPSTATE_READY,pin1=PINSTATE_UNKNOWN,pin2=PINSTATE_UNKNOWN},cdma_id=8,ims_id=8}
07-29 15:00:28.116 D/RILJ    ( 3704): [UNSL]< UNSOL_STK_PROACTIVE_COMMAND D0818B8103012500820281828508566F6461666F6E658F1180566F6461666F6E6520736572766963658F13814F7076726167656E2062656C7465676F65648F0C824F7077616172646572656E8F0D83496E7374656C6C696E67656E8F158447726174697320534D532042657269636874656E8F0F85534D532046756E202620496E666F8F09864D4D5320696E666F
07-29 15:00:28.116 D/RILJ    ( 3704): [8698]< OPERATOR {null, null, null}
07-29 15:00:28.116 D/RILJ    ( 3704): [8699]< DATA_REGISTRATION_STATE {0, null, null, 0, null, 2}
07-29 15:00:28.116 D/RILJ    ( 3704): [8700]< VOICE_REGISTRATION_STATE {2, null, null, 0}
07-29 15:00:28.116 D/RILJ    ( 3704): [8701]< QUERY_NETWORK_SELECTION_MODE {1}
07-29 15:00:28.116 D/use-Rlog/RLOG-RIL{0}( 9096): b89ad420 onRequest:[-1639824920] SET_PREFERRED_NETWORK_TYPE
07-29 15:00:28.116 I/use-Rlog/RLOG-RIL{0}( 9096): sending request SET_PREFERRED_NETWORK_TYPE on channel 0
07-29 15:00:28.116 D/RILJ    ( 3704): [8729]> SET_NETWORK_SELECTION_MANUAL 00101
07-29 15:00:28.118 D/use-Rlog/RLOG-RIL AT{0}( 9096): AT(18)< +CPIN: READY
07-29 15:00:28.118 D/use-Rlog/RLOG-RIL AT{0}( 9096): AT(18)< OK
07-29 15:00:28.118 D/use-Rlog/RLOG-RIL{0}( 9096): b89adee8 onHandleRequest:[-1] [INTERNAL]UPDATE_SIM_LOADED
07-29 15:00:28.118 D/use-Rlog/RLOG-RIL AT{0}( 9096): AT(18)> AT+CGSMS=1
07-29 15:00:28.118 D/RILJ    ( 3704): [8730]> OPERATOR
07-29 15:00:28.118 D/use-Rlog/RLOG-RIL{0}( 9096): b89ad420 onRequest:[-1639824919] SET_NETWORK_SELECTION_MANUAL
07-29 15:00:28.118 I/use-Rlog/RLOG-RIL{0}( 9096): sending request SET_NETWORK_SELECTION_MANUAL on channel 1
07-29 15:00:28.118 D/use-Rlog/RLOG-RIL{0}( 9096): b89ae1d8 onHandleRequest:[-1639824919] SET_NETWORK_SELECTION_MANUAL
07-29 15:00:28.118 D/use-Rlog/RLOG-RIL AT{0}( 9096): AT(17)> AT+COPS=1,2,"00101"
07-29 15:00:28.119 D/use-Rlog/RLOG-RIL AT{0}( 9096): AT(18)< +CME ERROR: 769
07-29 15:00:28.119 I/use-Rlog/RLOG-RIL{0}( 9096): checkAndAmendEmergencyNumbers
07-29 15:00:28.119 D/use-Rlog/RLOG-RIL AT{0}( 9096): AT(18)> AT+CPBS="EN"
07-29 15:00:28.119 D/RILJ    ( 3704): [8731]> DATA_REGISTRATION_STATE
07-29 15:00:28.119 D/use-Rlog/RLOG-RIL{0}( 9096): b89ad420 onRequest:[-1639824918] OPERATOR
07-29 15:00:28.119 I/use-Rlog/RLOG-RIL{0}( 9096): sending request OPERATOR on channel 0
07-29 15:00:28.120 D/use-Rlog/RLOG-RIL AT{0}( 9096): AT(18)< OK
07-29 15:00:28.120 D/use-Rlog/RLOG-RIL AT{0}( 9096): AT(18)> AT+CPBR=?
07-29 15:00:28.120 D/RILJ    ( 3704): [8732]> VOICE_REGISTRATION_STATE
07-29 15:00:28.120 D/use-Rlog/RLOG-RIL{0}( 9096): b89ad420 onRequest:[-1639824917] DATA_REGISTRATION_STATE
07-29 15:00:28.120 I/use-Rlog/RLOG-RIL{0}( 9096): sending request DATA_REGISTRATION_STATE on channel 0
07-29 15:00:28.121 D/RILJ    ( 3704): [8733]> QUERY_NETWORK_SELECTION_MODE
07-29 15:00:28.121 D/use-Rlog/RLOG-RIL{0}( 9096): b89ad420 onRequest:[-1639824916] VOICE_REGISTRATION_STATE
07-29 15:00:28.121 I/use-Rlog/RLOG-RIL{0}( 9096): sending request VOICE_REGISTRATION_STATE on channel 0
07-29 15:00:28.121 D/use-Rlog/RLOG-RIL AT{0}( 9096): AT(18)< +CME ERROR: 769
07-29 15:00:28.122 D/use-Rlog/RLOG-RIL{0}( 9096): Emergency call list updated
07-29 15:00:28.122 D/use-Rlog/RLOG-RIL AT{0}( 9096): AT(18)> AT+CNAP=1
07-29 15:00:28.122 D/use-Rlog/RLOG-RIL{0}( 9096): b89ad420 onRequest:[-1639824915] QUERY_NETWORK_SELECTION_MODE
07-29 15:00:28.122 I/use-Rlog/RLOG-RIL{0}( 9096): sending request QUERY_NETWORK_SELECTION_MODE on channel 0
07-29 15:00:28.122 D/IccCardProxy( 3704): Broadcasting intent ACTION_SIM_STATE_CHANGED READY reason null
07-29 15:00:28.125 D/use-Rlog/RLOG-RIL AT{0}( 9096): AT(18)< OK
07-29 15:00:28.125 D/use-Rlog/RLOG-RIL AT{0}( 9096): AT(18)> AT+CUSATD=1,0
07-29 15:00:28.126 D/use-Rlog/RLOG-RIL AT{0}( 9096): AT(18)< OK
07-29 15:00:28.126 D/use-Rlog/RLOG-RIL{0}( 9096): b89adee8 onHandleRequest:[-1] [INTERNAL]SIM_POLL
07-29 15:00:28.126 D/use-Rlog/RLOG-RIL AT{0}( 9096): AT(18)> AT+CPIN?
07-29 15:00:28.127 D/DCT     ( 3704): handleMessage msg={ when=-25ms what=270369 obj=android.os.AsyncResult@41cd1208 target=com.android.internal.telephony.dataconnection.DcTracker }
07-29 15:00:28.127 D/UiccController( 3704): Received EVENT_GET_ICC_STATUS_DONE
07-29 15:00:28.127 D/UiccCard( 3704): 1 applications
07-29 15:00:28.127 D/UiccCardApplication( 3704): APPTYPE_USIM update. New {APPTYPE_USIM,APPSTATE_READY,pin1=PINSTATE_UNKNOWN,pin2=PINSTATE_UNKNOWN}
07-29 15:00:28.127 D/CAT     ( 3704): CatService: Return current sInstance
07-29 15:00:28.127 E/UiccCard( 3704): App index 8 is invalid since there are no applications
07-29 15:00:28.127 E/UiccCard( 3704): App index 8 is invalid since there are no applications
07-29 15:00:28.127 D/UiccCard( 3704): update: radioState=RADIO_ON mLastRadioState=RADIO_ON
07-29 15:00:28.127 D/UiccController( 3704): Notifying IccChangedRegistrants
07-29 15:00:28.127 D/RIL_ImsSms( 3704): IMS is NOT registered!
07-29 15:00:28.127 E/RIL_ImsSms( 3704): IMS format was unknown!
07-29 15:00:28.127 D/PhoneProxy( 3704): [PhoneProxy] EVENT_REQUEST_VOICE_RADIO_TECH_DONE: newVoiceTech=3
07-29 15:00:28.128 D/PhoneProxy( 3704): [PhoneProxy] phoneObjectUpdater: newVoiceRadioTech=3
07-29 15:00:28.128 D/use-Rlog/RLOG-RIL AT{0}( 9096): AT(18)< +CPIN: READY
07-29 15:00:28.128 D/use-Rlog/RLOG-RIL AT{0}( 9096): AT(18)< OK
07-29 15:00:28.128 D/TelephonyManager( 3704): getLteOnCdmaMode=0 curVal=-1 product_type='' lteOnCdmaProductType=''
07-29 15:00:28.128 D/use-Rlog/RLOG-RIL{0}( 9096): b89adee8 onHandleRequest:[-1639824946] GET_SIM_STATUS
07-29 15:00:28.128 D/use-Rlog/RLOG-RIL AT{0}( 9096): AT(18)> AT+CPIN?
07-29 15:00:28.128 D/PhoneProxy( 3704): [PhoneProxy] phoneObjectUpdater: No change ignore, newVoiceRadioTech=3 mActivePhone=GSM
07-29 15:00:28.128 D/CdmaSSM ( 3704): CDMA_SUBSCRIPTION_SOURCE event = 2
07-29 15:00:28.128 W/CdmaSSM ( 3704): Unable to get CDMA Subscription Source, Exception: com.android.internal.telephony.CommandException: REQUEST_NOT_SUPPORTED, result: null
07-29 15:00:28.128 D/UiccController( 3704): Received EVENT_GET_ICC_STATUS_DONE
07-29 15:00:28.128 D/UiccCard( 3704): 1 applications
07-29 15:00:28.129 D/UiccCardApplication( 3704): APPTYPE_USIM update. New {APPTYPE_USIM,APPSTATE_READY,pin1=PINSTATE_UNKNOWN,pin2=PINSTATE_UNKNOWN}
07-29 15:00:28.129 D/CAT     ( 3704): CatService: Return current sInstance
07-29 15:00:28.129 E/UiccCard( 3704): App index 8 is invalid since there are no applications
07-29 15:00:28.129 E/UiccCard( 3704): App index 8 is invalid since there are no applications
07-29 15:00:28.129 D/UiccCard( 3704): update: radioState=RADIO_ON mLastRadioState=RADIO_ON
07-29 15:00:28.129 D/UiccController( 3704): Notifying IccChangedRegistrants
07-29 15:00:28.129 D/CAT     ( 3704): CatService: ril message arrived
07-29 15:00:28.129 D/CAT     ( 3704): CommandParamsFactory: process SelectItem
07-29 15:00:28.129 D/DCT     ( 3704): handleMessage msg={ when=-2ms what=270369 obj=android.os.AsyncResult@41c700e0 target=com.android.internal.telephony.dataconnection.DcTracker }
07-29 15:00:28.129 D/DCT     ( 3704): handleMessage msg={ when=0 what=270369 obj=android.os.AsyncResult@41c22ea8 target=com.android.internal.telephony.dataconnection.DcTracker }
07-29 15:00:28.130 D/CAT     ( 3704): CatService: SET_UP_MENU
07-29 15:00:28.130 D/CAT     ( 3704): CatService: encodeOptionalTags() Unsupported Cmd details=CmdDetails: compRequired=true commandNumber=1 typeOfCommand=37 commandQualifier=0
07-29 15:00:28.130 D/RILJ    ( 3704): [8734]> REQUEST_STK_SEND_TERMINAL_RESPONSE
07-29 15:00:28.130 D/use-Rlog/RLOG-RIL AT{0}( 9096): AT(18)< +CPIN: READY
07-29 15:00:28.130 D/use-Rlog/RLOG-RIL AT{0}( 9096): AT(18)< OK
07-29 15:00:28.130 D/use-Rlog/RLOG-RIL AT{0}( 9096): AT(18)> AT*TSIMINS?
07-29 15:00:28.131 D/use-Rlog/RLOG-RIL{0}( 9096): b89ad420 onRequest:[-1639824914] STK_SEND_TERMINAL_RESPONSE
07-29 15:00:28.131 I/use-Rlog/RLOG-RIL{0}( 9096): sending request STK_SEND_TERMINAL_RESPONSE on channel 0
07-29 15:00:28.133 D/use-Rlog/RLOG-RIL AT{0}( 9096): AT(18)< *TSIMINS: 1,1,1
07-29 15:00:28.133 D/use-Rlog/RLOG-RIL AT{0}( 9096): AT(18)< OK
07-29 15:00:28.133 D/use-Rlog/RLOG-RIL AT{0}( 9096): AT(18)> AT%PINNUM?
07-29 15:00:28.135 D/use-Rlog/RLOG-RIL AT{0}( 9096): AT(18)< %PINNUM: 3, 10, 3, 10
07-29 15:00:28.135 D/use-Rlog/RLOG-RIL AT{0}( 9096): AT(18)< OK
07-29 15:00:28.135 D/CAT     ( 3704): CatService: Return current sInstance
07-29 15:00:28.135 D/use-Rlog/RLOG-RIL{0}( 9096): b89adee8 onHandleRequest:[-1639824945] GET_SIM_STATUS
07-29 15:00:28.135 D/use-Rlog/RLOG-RIL AT{0}( 9096): AT(18)> AT+CPIN?
07-29 15:00:28.135 D/RILJ    ( 3704): [8702]< GET_SIM_STATUS IccCardState {CARDSTATE_PRESENT,PINSTATE_UNKNOWN,num_apps=1,gsm_id=0{APPTYPE_USIM,APPSTATE_READY,pin1=PINSTATE_UNKNOWN,pin2=PINSTATE_UNKNOWN},cdma_id=8,ims_id=8}
07-29 15:00:28.135 D/CAT     ( 3704): StkAppService: SET_UP_MENU
07-29 15:00:28.135 D/CAT     ( 3704): StkAppService: Install App
07-29 15:00:28.136 D/UiccController( 3704): Received EVENT_GET_ICC_STATUS_DONE
07-29 15:00:28.136 D/UiccCard( 3704): 1 applications
07-29 15:00:28.136 D/UiccCardApplication( 3704): APPTYPE_USIM update. New {APPTYPE_USIM,APPSTATE_READY,pin1=PINSTATE_UNKNOWN,pin2=PINSTATE_UNKNOWN}
07-29 15:00:28.136 D/CAT     ( 3704): CatService: Return current sInstance
07-29 15:00:28.136 E/UiccCard( 3704): App index 8 is invalid since there are no applications
07-29 15:00:28.136 E/UiccCard( 3704): App index 8 is invalid since there are no applications
07-29 15:00:28.136 D/UiccCard( 3704): update: radioState=RADIO_ON mLastRadioState=RADIO_ON
07-29 15:00:28.136 D/UiccController( 3704): Notifying IccChangedRegistrants
07-29 15:00:28.136 D/DCT     ( 3704): handleMessage msg={ when=0 what=270369 obj=android.os.AsyncResult@41c2bcf0 target=com.android.internal.telephony.dataconnection.DcTracker }
07-29 15:00:28.137 D/use-Rlog/RLOG-RIL AT{0}( 9096): AT(18)< +CPIN: READY
07-29 15:00:28.137 D/use-Rlog/RLOG-RIL AT{0}( 9096): AT(18)< OK
07-29 15:00:28.137 D/use-Rlog/RLOG-RIL AT{0}( 9096): AT(18)> AT*TSIMINS?
07-29 15:00:28.139 D/use-Rlog/RLOG-RIL AT{0}( 9096): AT(18)< *TSIMINS: 1,1,1
07-29 15:00:28.139 D/use-Rlog/RLOG-RIL AT{0}( 9096): AT(18)< OK
07-29 15:00:28.139 D/use-Rlog/RLOG-RIL AT{0}( 9096): AT(18)> AT%PINNUM?
07-29 15:00:28.141 D/use-Rlog/RLOG-RIL AT{0}( 9096): AT(18)< %PINNUM: 3, 10, 3, 10
07-29 15:00:28.141 D/use-Rlog/RLOG-RIL AT{0}( 9096): AT(18)< OK
07-29 15:00:28.141 D/use-Rlog/RLOG-RIL{0}( 9096): b89adee8 onHandleRequest:[-1639824944] OPERATOR
07-29 15:00:28.141 D/use-Rlog/RLOG-RIL{0}( 9096): Providing cached Operator details
07-29 15:00:28.141 D/use-Rlog/RLOG-RIL{0}( 9096): b89adee8 onHandleRequest:[-1639824943] DATA_REGISTRATION_STATE
07-29 15:00:28.141 D/use-Rlog/RLOG-RIL{0}( 9096): b89adee8 onHandleRequest:[-1639824942] VOICE_REGISTRATION_STATE
07-29 15:00:28.141 D/use-Rlog/RLOG-RIL{0}( 9096): b89adee8 onHandleRequest:[-1639824941] QUERY_NETWORK_SELECTION_MODE
07-29 15:00:28.141 D/use-Rlog/RLOG-RIL{0}( 9096): Providing cached network selection details
07-29 15:00:28.141 D/use-Rlog/RLOG-RIL{0}( 9096): b89adee8 onHandleRequest:[-1639824940] GSM_SET_BROADCAST_SMS_CONFIG
07-29 15:00:28.141 D/use-Rlog/RLOG-RIL{0}( 9096): requestGSMSetBroadcastSMSConfig param 0 - 4370, 4379, 0, 255, 1
07-29 15:00:28.141 D/use-Rlog/RLOG-RIL AT{0}( 9096): AT(18)> AT+CSCB=0,"4370-4379","0-15"
07-29 15:00:28.141 D/RILJ    ( 3704): [8703]< GET_SIM_STATUS IccCardState {CARDSTATE_PRESENT,PINSTATE_UNKNOWN,num_apps=1,gsm_id=0{APPTYPE_USIM,APPSTATE_READY,pin1=PINSTATE_UNKNOWN,pin2=PINSTATE_UNKNOWN},cdma_id=8,ims_id=8}
07-29 15:00:28.142 D/RILJ    ( 3704): [8704]< OPERATOR {null, null, null}
07-29 15:00:28.142 D/RILJ    ( 3704): [8705]< DATA_REGISTRATION_STATE {0, null, null, 0, null, 2}
07-29 15:00:28.142 D/RILJ    ( 3704): [8706]< VOICE_REGISTRATION_STATE {2, null, null, 0}
07-29 15:00:28.142 D/RILJ    ( 3704): [8707]< QUERY_NETWORK_SELECTION_MODE {1}
07-29 15:00:28.142 D/use-Rlog/RLOG-RIL AT{0}( 9096): AT(18)< +CMS ERROR: 521
07-29 15:00:28.142 D/use-Rlog/RLOG-RIL{0}( 9096): b89adee8 onHandleRequest:[-1639824939] QUERY_FACILITY_LOCK
07-29 15:00:28.142 D/use-Rlog/RLOG-RIL{0}( 9096): FACILITY
07-29 15:00:28.142 D/use-Rlog/RLOG-RIL AT{0}( 9096): AT(18)> AT+CLCK="FD",2,,7
07-29 15:00:28.142 D/RilRequest( 3704): [8708]< RIL_REQUEST_GSM_SET_BROADCAST_CONFIG error: com.android.internal.telephony.CommandException: GENERIC_FAILURE ret=
07-29 15:00:28.142 D/UiccController( 3704): Received EVENT_GET_ICC_STATUS_DONE
07-29 15:00:28.142 D/UiccCard( 3704): 1 applications
07-29 15:00:28.142 D/UiccCardApplication( 3704): APPTYPE_USIM update. New {APPTYPE_USIM,APPSTATE_READY,pin1=PINSTATE_UNKNOWN,pin2=PINSTATE_UNKNOWN}
07-29 15:00:28.142 D/CAT     ( 3704): CatService: Return current sInstance
07-29 15:00:28.142 E/UiccCard( 3704): App index 8 is invalid since there are no applications
07-29 15:00:28.142 E/UiccCard( 3704): App index 8 is invalid since there are no applications
07-29 15:00:28.142 D/UiccCard( 3704): update: radioState=RADIO_ON mLastRadioState=RADIO_ON
07-29 15:00:28.142 D/UiccController( 3704): Notifying IccChangedRegistrants
07-29 15:00:28.143 D/DCT     ( 3704): handleMessage msg={ when=0 what=270369 obj=android.os.AsyncResult@41c99700 target=com.android.internal.telephony.dataconnection.DcTracker }
07-29 15:00:28.143 D/RILJ    ( 3704): [8735]> RIL_REQUEST_GSM_BROADCAST_ACTIVATION
07-29 15:00:28.144 D/use-Rlog/RLOG-RIL AT{0}( 9096): AT(18)< +CLCK: 0
07-29 15:00:28.144 D/use-Rlog/RLOG-RIL AT{0}( 9096): AT(18)< OK
07-29 15:00:28.144 D/use-Rlog/RLOG-RIL{0}( 9096): b89adee8 onHandleRequest:[-1639824938] QUERY_FACILITY_LOCK
07-29 15:00:28.144 D/use-Rlog/RLOG-RIL{0}( 9096): FACILITY
07-29 15:00:28.144 D/use-Rlog/RLOG-RIL AT{0}( 9096): AT(18)> AT+CLCK="SC",2,,7
07-29 15:00:28.144 D/RILJ    ( 3704): [8709]< QUERY_FACILITY_LOCK {0}
07-29 15:00:28.144 D/UiccCardApplication( 3704): Query facility FDN : FDN service available: true enabled: false
07-29 15:00:28.144 D/use-Rlog/RLOG-RIL{0}( 9096): b89ad420 onRequest:[-1639824913] <unknown request>
07-29 15:00:28.144 I/use-Rlog/RLOG-RIL{0}( 9096): sending request <unknown request> on channel 0
07-29 15:00:28.146 D/use-Rlog/RLOG-RIL AT{0}( 9096): AT(18)< +CLCK: 1
07-29 15:00:28.146 D/use-Rlog/RLOG-RIL AT{0}( 9096): AT(18)< OK
07-29 15:00:28.146 D/use-Rlog/RLOG-RIL{0}( 9096): b89adee8 onHandleRequest:[-1639824937] GET_IMSI
07-29 15:00:28.146 D/use-Rlog/RLOG-RIL AT{0}( 9096): AT(18)> AT+CIMI
07-29 15:00:28.146 D/RILJ    ( 3704): [8710]< QUERY_FACILITY_LOCK {1}
07-29 15:00:28.147 D/UiccCardApplication( 3704): Query facility lock : 1
07-29 15:00:28.147 D/UiccCardApplication( 3704): Ignoring: pin1state=PINSTATE_UNKNOWN
07-29 15:00:28.147 D/use-Rlog/RLOG-RIL AT{0}( 9096): AT(18)< 204045220670380
07-29 15:00:28.147 D/use-Rlog/RLOG-RIL AT{0}( 9096): AT(18)< OK
07-29 15:00:28.147 D/use-Rlog/RLOG-RIL{0}( 9096): b89adee8 onHandleRequest:[-1639824921] REPORT_STK_SERVICE_IS_RUNNING
07-29 15:00:28.147 D/use-Rlog/RLOG-RIL{0}( 9096): b89adee8 onHandleRequest:[-1639824920] SET_PREFERRED_NETWORK_TYPE
07-29 15:00:28.147 D/use-Rlog/RLOG-RIL AT{0}( 9096): AT(18)> AT%INWMODE?
07-29 15:00:28.147 D/RILJ    ( 3704): [8711]< GET_IMSI 
07-29 15:00:28.148 D/RILJ    ( 3704): [8727]< RIL_REQUEST_REPORT_STK_SERVICE_IS_RUNNING 
07-29 15:00:28.148 D/SIMRecords( 3704): [SIMRecords] IMSI: xxxxxxx
07-29 15:00:28.148 D/use-Rlog/RLOG-RIL AT{0}( 9096): AT(18)< %INWMODE: 0,G,0
07-29 15:00:28.148 D/use-Rlog/RLOG-RIL AT{0}( 9096): AT(18)< %INWMODE: 1,G2G3G4G1U1U8U2U5E7E3E20
07-29 15:00:28.148 D/use-Rlog/RLOG-RIL AT{0}( 9096): AT(18)< %INWMODE: 2,2
07-29 15:00:28.148 D/use-Rlog/RLOG-RIL AT{0}( 9096): AT(18)< OK
07-29 15:00:28.148 D/use-Rlog/RLOG-RIL{0}( 9096): Already in requested mode: No change
07-29 15:00:28.148 D/use-Rlog/RLOG-RIL{0}( 9096): b89adee8 onHandleRequest:[-1639824918] OPERATOR
07-29 15:00:28.148 D/use-Rlog/RLOG-RIL{0}( 9096): Providing cached Operator details
07-29 15:00:28.148 D/use-Rlog/RLOG-RIL{0}( 9096): b89adee8 onHandleRequest:[-1639824917] DATA_REGISTRATION_STATE
07-29 15:00:28.148 D/use-Rlog/RLOG-RIL{0}( 9096): b89adee8 onHandleRequest:[-1639824916] VOICE_REGISTRATION_STATE
07-29 15:00:28.148 D/use-Rlog/RLOG-RIL{0}( 9096): b89adee8 onHandleRequest:[-1639824915] QUERY_NETWORK_SELECTION_MODE
07-29 15:00:28.148 D/use-Rlog/RLOG-RIL{0}( 9096): Providing cached network selection details
07-29 15:00:28.148 D/use-Rlog/RLOG-RIL{0}( 9096): b89adee8 onHandleRequest:[-1639824914] STK_SEND_TERMINAL_RESPONSE
07-29 15:00:28.148 D/use-Rlog/RLOG-RIL AT{0}( 9096): AT(18)> AT+CUSATT="810301250002028281830100"
07-29 15:00:28.149 D/RILJ    ( 3704): [8728]< REQUEST_SET_PREFERRED_NETWORK_TYPE 
07-29 15:00:28.149 D/RILJ    ( 3704): [8730]< OPERATOR {null, null, null}
07-29 15:00:28.149 D/RILJ    ( 3704): [8731]< DATA_REGISTRATION_STATE {0, null, null, 0, null, 2}
07-29 15:00:28.149 D/RILJ    ( 3704): [8732]< VOICE_REGISTRATION_STATE {2, null, null, 0}
07-29 15:00:28.149 D/RILJ    ( 3704): [8733]< QUERY_NETWORK_SELECTION_MODE {1}
07-29 15:00:28.151 D/SIMRecords( 3704): [SIMRecords] onRecordLoaded 15 requested: true
07-29 15:00:28.151 D/PHONE   ( 3704): [ServiceState] setDataRegState=1
07-29 15:00:28.151 D/PHONE   ( 3704): [ServiceState] setDataRadioTechnology=0
07-29 15:00:28.151 D/GsmSST  ( 3704): [GsmSST] handlPollStateResultMessage: GsmSST setDataRegState=1 regState=0 dataRadioTechnology=0
07-29 15:00:28.151 D/PHONE   ( 3704): [ServiceState] setVoiceRegState=1
07-29 15:00:28.151 E/PHONE   ( 3704): [ServiceState] setState deprecated use setVoiceRegState()
07-29 15:00:28.151 D/GsmSST  ( 3704): [GsmSST] Poll ServiceState done:  oldSS=[3 3 home null null null  Unknown Unknown CSS not supported -1 -1 RoamInd=-1 DefRoamInd=-1 EmergOnly=false] newSS=[1 1 home null null null (manual) Unknown Unknown CSS not supported -1 -1 RoamInd=-1 DefRoamInd=-1 EmergOnly=false] oldMaxDataCalls=2 mNewMaxDataCalls=2 oldReasonDataDenied=-1 mNewReasonDataDenied=-1
07-29 15:00:28.151 D/PHONE   ( 3704): [ServiceState] setNullState=1
07-29 15:00:28.151 D/GsmSST  ( 3704): [GsmSST] updateSpnDisplay: radio is on but out of service, set plmn='No service.'
07-29 15:00:28.151 D/GsmSST  ( 3704): [GsmSST] updateSpnDisplay: changed sending intent rule=2 showPlmn='true' plmn='No service.' showSpn='false' spn='null'
07-29 15:00:28.153 D/GsmSST  ( 3704): [GsmSST] operatorNumeric is null
07-29 15:00:28.155 D/GsmSST  ( 3704): [GsmSST] notifyDataRegStateRilRadioTechnologyChanged: drs=1 rat=0
07-29 15:00:28.155 D/DCT     ( 3704): get all active apn types
07-29 15:00:28.155 D/IccCardProxy( 3704): Broadcasting intent ACTION_SIM_STATE_CHANGED IMSI reason null
07-29 15:00:28.237 D/use-Rlog/RLOG-RIL AT{0}( 9096): AT(18)< %IUSATT: "9000"
07-29 15:00:28.237 D/use-Rlog/RLOG-RIL{0}( 9096): Kernel time: [16360.618792]
07-29 15:00:28.237 D/use-Rlog/RLOG-RIL{0}( 9096): b89ae710 onUnsolicited: %IUSATT: "9000" null
07-29 15:00:28.237 D/use-Rlog/RLOG-RIL AT{0}( 9096): AT(17)< %IUSATT: "9000"
07-29 15:00:28.237 D/use-Rlog/RLOG-RIL AT{0}( 9096): AT(16)< %IUSATT: "9000"
07-29 15:00:28.238 D/use-Rlog/RLOG-RIL AT{0}( 9096): AT(18)< OK
07-29 15:00:28.238 D/use-Rlog/RLOG-RIL{0}( 9096): b89adee8 onHandleUnsolicited: %IUSATT: "9000" null
07-29 15:00:28.238 D/use-Rlog/RLOG-RIL{0}( 9096): Unsol not processed: %IUSATT: "9000"
07-29 15:00:28.238 D/use-Rlog/RLOG-RIL{0}( 9096): b89adee8 onHandleRequest:[-1639824913] <unknown request>
07-29 15:00:28.238 D/use-Rlog/RLOG-RIL AT{0}( 9096): AT(18)> AT*TCBMS=0,0
07-29 15:00:28.238 D/RILJ    ( 3704): [8734]< REQUEST_STK_SEND_TERMINAL_RESPONSE 
07-29 15:00:28.240 V/RILJ    ( 3704): [UNSL]< UNSOL_OEM_HOOK_RAW 254955534154543a20223930303022
07-29 15:00:28.240 D/use-Rlog/RLOG-RIL AT{0}( 9096): AT(18)< +CUSATEND
07-29 15:00:28.240 D/use-Rlog/RLOG-RIL{0}( 9096): Kernel time: [16360.620338]
07-29 15:00:28.240 D/use-Rlog/RLOG-RIL{0}( 9096): b89ae710 onUnsolicited: +CUSATEND null
07-29 15:00:28.241 D/use-Rlog/RLOG-RIL AT{0}( 9096): AT(18)< +CMS ERROR: 521
07-29 15:00:28.241 D/use-Rlog/RLOG-RIL{0}( 9096): b89adee8 onHandleUnsolicited: +CUSATEND null
07-29 15:00:28.241 D/use-Rlog/RLOG-RIL{0}( 9096): b89adee8 onHandleRequest:[-1639824936] SIM_IO
07-29 15:00:28.241 D/use-Rlog/RLOG-RIL AT{0}( 9096): AT(18)> AT+CRSM=192,12258,0,0,15,,"3F00"
07-29 15:00:28.241 D/RilRequest( 3704): [8735]< RIL_REQUEST_GSM_BROADCAST_ACTIVATION error: com.android.internal.telephony.CommandException: GENERIC_FAILURE ret=
07-29 15:00:28.241 D/RILJ    ( 3704): [UNSL]< UNSOL_STK_SESSION_END
07-29 15:00:28.241 D/CAT     ( 3704): CatService: ril message arrived
07-29 15:00:28.242 D/CAT     ( 3704): CatService: SESSION END
07-29 15:00:28.243 D/RILJ    ( 3704): [8736]> RIL_REQUEST_GSM_BROADCAST_ACTIVATION
07-29 15:00:28.244 D/use-Rlog/RLOG-RIL{0}( 9096): b89ad420 onRequest:[-1639824912] <unknown request>
07-29 15:00:28.244 I/use-Rlog/RLOG-RIL{0}( 9096): sending request <unknown request> on channel 0
07-29 15:00:28.244 D/CAT     ( 3704): CatService: Return current sInstance
07-29 15:00:28.569 D/use-Rlog/RLOG-RIL AT{0}( 9096): AT(18)< +CRSM: 144,0,"62178202412183022FE28A01058B032F06078002000A880110"
07-29 15:00:28.569 D/use-Rlog/RLOG-RIL AT{0}( 9096): AT(18)< OK
07-29 15:00:28.569 D/use-Rlog/RLOG-RIL{0}( 9096): b89adee8 onHandleRequest:[-1639824912] <unknown request>
07-29 15:00:28.569 D/use-Rlog/RLOG-RIL AT{0}( 9096): AT(18)> AT*TCBMS=0,0
07-29 15:00:28.569 D/RILJ    ( 3704): [8712]< SIM_IO IccIoResponse sw1:0x90 sw2:0x0
07-29 15:00:28.570 D/RILJ    ( 3704): [8737]> iccIO: SIM_IO 0xb0 0x2fe2  path: 3F00,0,0,10 aid: null
07-29 15:00:28.570 D/use-Rlog/RLOG-RIL{0}( 9096): b89ad420 onRequest:[-1639824911] SIM_IO
07-29 15:00:28.570 I/use-Rlog/RLOG-RIL{0}( 9096): sending request SIM_IO on channel 0
07-29 15:00:28.570 D/use-Rlog/RLOG-RIL AT{0}( 9096): AT(18)< OK
07-29 15:00:28.571 D/use-Rlog/RLOG-RIL{0}( 9096): b89adee8 onHandleRequest:[-1639824935] SIM_IO
07-29 15:00:28.571 D/use-Rlog/RLOG-RIL AT{0}( 9096): AT(18)> AT+CRSM=192,28480,0,0,15,,"3F007FFF"
07-29 15:00:28.571 D/RILJ    ( 3704): [8736]< RIL_REQUEST_GSM_BROADCAST_ACTIVATION 
07-29 15:00:28.572 D/RILJ    ( 3704): [8738]> RIL_REQUEST_GSM_BROADCAST_ACTIVATION
07-29 15:00:28.572 D/use-Rlog/RLOG-RIL{0}( 9096): b89ad420 onRequest:[-1639824910] <unknown request>
07-29 15:00:28.572 I/use-Rlog/RLOG-RIL{0}( 9096): sending request <unknown request> on channel 0
07-29 15:00:28.740 D/use-Rlog/RLOG-RIL AT{0}( 9096): AT(18)< +CRSM: 144,0,"621E8205422100220383026F40A5039201808A01058B036F0604800200668800"
07-29 15:00:28.740 D/use-Rlog/RLOG-RIL AT{0}( 9096): AT(18)< OK
07-29 15:00:28.740 D/use-Rlog/RLOG-RIL{0}( 9096): b89adee8 onHandleRequest:[-1639824910] <unknown request>
07-29 15:00:28.740 D/use-Rlog/RLOG-RIL AT{0}( 9096): AT(18)> AT*TCBMS=0,0
07-29 15:00:28.742 D/RILJ    ( 3704): [8713]< SIM_IO IccIoResponse sw1:0x90 sw2:0x0
07-29 15:00:28.743 D/use-Rlog/RLOG-RIL AT{0}( 9096): AT(18)< OK
07-29 15:00:28.743 D/use-Rlog/RLOG-RIL{0}( 9096): b89adee8 onHandleRequest:[-1639824934] SIM_IO
07-29 15:00:28.743 D/use-Rlog/RLOG-RIL AT{0}( 9096): AT(18)> AT+CRSM=192,28617,0,0,15,,"3F007FFF"
07-29 15:00:28.745 D/RILJ    ( 3704): [8739]> iccIO: SIM_IO 0xb2 0x6f40  path: 3F007FFF,1,4,34 aid: null
07-29 15:00:28.745 D/RILJ    ( 3704): [8738]< RIL_REQUEST_GSM_BROADCAST_ACTIVATION 
07-29 15:00:28.748 D/use-Rlog/RLOG-RIL{0}( 9096): b89ad420 onRequest:[-1639824909] SIM_IO
07-29 15:00:28.748 I/use-Rlog/RLOG-RIL{0}( 9096): sending request SIM_IO on channel 0
07-29 15:00:28.753 D/RILJ    ( 3704): [8740]> RIL_REQUEST_GSM_BROADCAST_ACTIVATION
07-29 15:00:28.755 D/use-Rlog/RLOG-RIL{0}( 9096): b89ad420 onRequest:[-1639824908] <unknown request>
07-29 15:00:28.755 I/use-Rlog/RLOG-RIL{0}( 9096): sending request <unknown request> on channel 0
07-29 15:00:28.809 D/use-Rlog/RLOG-RIL AT{0}( 9096): AT(18)< +CRSM: 106,130
07-29 15:00:28.809 D/use-Rlog/RLOG-RIL AT{0}( 9096): AT(18)< OK
07-29 15:00:28.809 D/use-Rlog/RLOG-RIL{0}( 9096): b89adee8 onHandleRequest:[-1639824908] <unknown request>
07-29 15:00:28.809 D/use-Rlog/RLOG-RIL AT{0}( 9096): AT(18)> AT*TCBMS=0,0
07-29 15:00:28.810 D/RILJ    ( 3704): [8714]< SIM_IO IccIoResponse sw1:0x6a sw2:0x82
07-29 15:00:28.810 D/use-Rlog/RLOG-RIL AT{0}( 9096): AT(18)< OK
07-29 15:00:28.810 D/use-Rlog/RLOG-RIL{0}( 9096): b89adee8 onHandleRequest:[-1639824933] SIM_IO
07-29 15:00:28.810 D/use-Rlog/RLOG-RIL AT{0}( 9096): AT(18)> AT+CRSM=192,28589,0,0,15,,"3F007FFF"
07-29 15:00:28.811 D/RILJ    ( 3704): [8741]> iccIO: SIM_IO 0xc0 0x6f17  path: 3F007FFF,0,0,15 aid: null
07-29 15:00:28.811 D/RILJ    ( 3704): [8740]< RIL_REQUEST_GSM_BROADCAST_ACTIVATION 
07-29 15:00:28.813 D/SIMRecords( 3704): [SIMRecords] onRecordLoaded 15 requested: true
07-29 15:00:28.814 D/use-Rlog/RLOG-RIL{0}( 9096): b89ad420 onRequest:[-1639824907] SIM_IO
07-29 15:00:28.814 I/use-Rlog/RLOG-RIL{0}( 9096): sending request SIM_IO on channel 0
07-29 15:00:28.858 D/use-Rlog/RLOG-RIL AT{0}( 9096): AT(18)< +CRSM: 144,0,"621F8202412183026FADA50691047F206FAD8A01058B036F060880020004880118"
07-29 15:00:28.858 D/use-Rlog/RLOG-RIL AT{0}( 9096): AT(18)< OK
07-29 15:00:28.858 D/use-Rlog/RLOG-RIL{0}( 9096): b89adee8 onHandleRequest:[-1639824932] SIM_IO
07-29 15:00:28.858 D/use-Rlog/RLOG-RIL AT{0}( 9096): AT(18)> AT+CRSM=192,28618,0,0,15,,"3F007FFF"
07-29 15:00:28.858 D/RILJ    ( 3704): [8715]< SIM_IO IccIoResponse sw1:0x90 sw2:0x0
07-29 15:00:28.859 D/RILJ    ( 3704): [8742]> iccIO: SIM_IO 0xb0 0x6fad  path: 3F007FFF,0,0,4 aid: null
07-29 15:00:28.860 D/use-Rlog/RLOG-RIL{0}( 9096): b89ad420 onRequest:[-1639824906] SIM_IO
07-29 15:00:28.860 I/use-Rlog/RLOG-RIL{0}( 9096): sending request SIM_IO on channel 0
07-29 15:00:28.895 D/use-Rlog/RLOG-RIL AT{0}( 9096): AT(18)< +CRSM: 106,130
07-29 15:00:28.895 D/use-Rlog/RLOG-RIL AT{0}( 9096): AT(18)< OK
07-29 15:00:28.895 D/use-Rlog/RLOG-RIL{0}( 9096): b89adee8 onHandleRequest:[-1639824931] SIM_IO
07-29 15:00:28.895 D/use-Rlog/RLOG-RIL AT{0}( 9096): AT(18)> AT+CRSM=192,28433,0,0,15,,"3F007FFF"
07-29 15:00:28.896 D/RILJ    ( 3704): [8716]< SIM_IO IccIoResponse sw1:0x6a sw2:0x82
07-29 15:00:28.896 D/SIMRecords( 3704): [SIMRecords] onRecordLoaded 14 requested: true
07-29 15:00:28.954 D/use-Rlog/RLOG-RIL AT{0}( 9096): AT(18)< *TSMSINFO: 513
07-29 15:00:28.954 D/use-Rlog/RLOG-RIL{0}( 9096): Kernel time: [16361.335208]
07-29 15:00:28.954 D/use-Rlog/RLOG-RIL{0}( 9096): b89ae710 onUnsolicited: *TSMSINFO: 513 null
07-29 15:00:28.957 D/use-Rlog/RLOG-RIL AT{0}( 9096): AT(18)< %ISIMINIT: 1,0,1
07-29 15:00:28.957 D/use-Rlog/RLOG-RIL{0}( 9096): Kernel time: [16361.337078]
07-29 15:00:28.957 D/use-Rlog/RLOG-RIL{0}( 9096): b89ae710 onUnsolicited: %ISIMINIT: 1,0,1 null
07-29 15:00:28.962 D/use-Rlog/RLOG-RIL AT{0}( 9096): AT(18)< +CRSM: 106,130
07-29 15:00:28.963 D/use-Rlog/RLOG-RIL AT{0}( 9096): AT(18)< OK
07-29 15:00:28.963 D/use-Rlog/RLOG-RIL{0}( 9096): b89adee8 onHandleUnsolicited: *TSMSINFO: 513 null
07-29 15:00:28.963 D/use-Rlog/RLOG-RIL{0}( 9096): Unsol not processed: *TSMSINFO: 513
07-29 15:00:28.963 D/use-Rlog/RLOG-RIL{0}( 9096): b89adee8 onHandleUnsolicited: %ISIMINIT: 1,0,1 null
07-29 15:00:28.963 D/use-Rlog/RLOG-RIL{0}( 9096): b89adee8 onHandleRequest:[-1] [INTERNAL]SIM_POLL
07-29 15:00:28.963 D/use-Rlog/RLOG-RIL AT{0}( 9096): AT(18)> AT+CPIN?
07-29 15:00:28.964 D/RILJ    ( 3704): [8717]< SIM_IO IccIoResponse sw1:0x6a sw2:0x82
07-29 15:00:28.964 V/RILJ    ( 3704): [UNSL]< UNSOL_OEM_HOOK_RAW 2a54534d53494e464f3a20353133
07-29 15:00:28.964 D/RILJ    ( 3704): [UNSL]< UNSOL_RESPONSE_SIM_STATUS_CHANGED
07-29 15:00:28.965 D/UiccController( 3704): Received EVENT_ICC_STATUS_CHANGED, calling getIccCardStatus
07-29 15:00:28.965 D/RILJ    ( 3704): [8743]> GET_SIM_STATUS
07-29 15:00:28.965 D/use-Rlog/RLOG-RIL AT{0}( 9096): AT(18)< +CPIN: READY
07-29 15:00:28.965 D/use-Rlog/RLOG-RIL AT{0}( 9096): AT(18)< OK
07-29 15:00:28.966 D/use-Rlog/RLOG-RIL{0}( 9096): b89adee8 onHandleRequest:[-1639824930] SIM_IO
07-29 15:00:28.966 D/use-Rlog/RLOG-RIL AT{0}( 9096): AT(18)> AT+CRSM=192,28619,0,0,15,,"3F007FFF"
07-29 15:00:28.968 D/SIMRecords( 3704): [SIMRecords] onRecordLoaded 13 requested: true
07-29 15:00:28.968 D/use-Rlog/RLOG-RIL{0}( 9096): b89ad420 onRequest:[-1639824905] GET_SIM_STATUS
07-29 15:00:28.968 I/use-Rlog/RLOG-RIL{0}( 9096): sending request GET_SIM_STATUS on channel 0
07-29 15:00:28.989 D/use-Rlog/RLOG-RIL AT{0}( 9096): AT(18)< +CRSM: 106,130
07-29 15:00:28.989 D/use-Rlog/RLOG-RIL AT{0}( 9096): AT(18)< OK
07-29 15:00:28.989 D/use-Rlog/RLOG-RIL{0}( 9096): b89adee8 onHandleRequest:[-1639824905] GET_SIM_STATUS
07-29 15:00:28.989 D/use-Rlog/RLOG-RIL AT{0}( 9096): AT(18)> AT+CPIN?
07-29 15:00:28.990 D/RILJ    ( 3704): [8718]< SIM_IO IccIoResponse sw1:0x6a sw2:0x82
07-29 15:00:28.990 D/SIMRecords( 3704): [SIMRecords] onRecordLoaded 12 requested: true
07-29 15:00:28.991 D/use-Rlog/RLOG-RIL AT{0}( 9096): AT(18)< +CPIN: READY
07-29 15:00:28.991 D/use-Rlog/RLOG-RIL AT{0}( 9096): AT(18)< OK
07-29 15:00:28.991 D/use-Rlog/RLOG-RIL AT{0}( 9096): AT(18)> AT*TSIMINS?
07-29 15:00:28.993 D/use-Rlog/RLOG-RIL AT{0}( 9096): AT(18)< *TSIMINS: 1,1,1
07-29 15:00:28.993 D/use-Rlog/RLOG-RIL AT{0}( 9096): AT(18)< OK
07-29 15:00:28.993 D/use-Rlog/RLOG-RIL AT{0}( 9096): AT(18)> AT%PINNUM?
07-29 15:00:28.995 D/use-Rlog/RLOG-RIL AT{0}( 9096): AT(18)< %PINNUM: 3, 10, 3, 10
07-29 15:00:28.995 D/use-Rlog/RLOG-RIL AT{0}( 9096): AT(18)< OK
07-29 15:00:28.995 D/use-Rlog/RLOG-RIL{0}( 9096): b89adee8 onHandleRequest:[-1639824929] SIM_IO
07-29 15:00:28.995 D/use-Rlog/RLOG-RIL AT{0}( 9096): AT(18)> AT+CRSM=192,28435,0,0,15,,"3F007FFF"
07-29 15:00:28.996 D/RILJ    ( 3704): [8743]< GET_SIM_STATUS IccCardState {CARDSTATE_PRESENT,PINSTATE_UNKNOWN,num_apps=1,gsm_id=0{APPTYPE_USIM,APPSTATE_READY,pin1=PINSTATE_UNKNOWN,pin2=PINSTATE_UNKNOWN},cdma_id=8,ims_id=8}
07-29 15:00:28.996 D/UiccController( 3704): Received EVENT_GET_ICC_STATUS_DONE
07-29 15:00:28.996 D/UiccCard( 3704): 1 applications
07-29 15:00:28.996 D/UiccCardApplication( 3704): APPTYPE_USIM update. New {APPTYPE_USIM,APPSTATE_READY,pin1=PINSTATE_UNKNOWN,pin2=PINSTATE_UNKNOWN}
07-29 15:00:28.996 D/CAT     ( 3704): CatService: Return current sInstance
07-29 15:00:28.996 E/UiccCard( 3704): App index 8 is invalid since there are no applications
07-29 15:00:28.996 E/UiccCard( 3704): App index 8 is invalid since there are no applications
07-29 15:00:28.996 D/UiccCard( 3704): update: radioState=RADIO_ON mLastRadioState=RADIO_ON
07-29 15:00:28.996 D/UiccController( 3704): Notifying IccChangedRegistrants
07-29 15:00:29.002 D/DCT     ( 3704): handleMessage msg={ when=0 what=270369 obj=android.os.AsyncResult@41c52c80 target=com.android.internal.telephony.dataconnection.DcTracker }
07-29 15:00:29.018 D/use-Rlog/RLOG-RIL AT{0}( 9096): AT(18)< +CRSM: 106,130
07-29 15:00:29.018 D/use-Rlog/RLOG-RIL AT{0}( 9096): AT(18)< OK
07-29 15:00:29.018 D/use-Rlog/RLOG-RIL{0}( 9096): b89adee8 onHandleRequest:[-1639824928] SIM_IO
07-29 15:00:29.018 D/use-Rlog/RLOG-RIL AT{0}( 9096): AT(18)> AT+CRSM=192,28486,0,0,15,,"3F007FFF"
07-29 15:00:29.019 D/RILJ    ( 3704): [8719]< SIM_IO IccIoResponse sw1:0x6a sw2:0x82
07-29 15:00:29.019 D/SIMRecords( 3704): [SIMRecords] onRecordLoaded 11 requested: true
07-29 15:00:29.055 D/use-Rlog/RLOG-RIL AT{0}( 9096): AT(18)< +CRSM: 144,0,"621E8202412183026F46A50691047F206F468A01058B036F060B800200118800"
07-29 15:00:29.055 D/use-Rlog/RLOG-RIL AT{0}( 9096): AT(18)< OK
07-29 15:00:29.055 D/use-Rlog/RLOG-RIL{0}( 9096): b89adee8 onHandleRequest:[-1639824927] SIM_IO
07-29 15:00:29.055 D/use-Rlog/RLOG-RIL AT{0}( 9096): AT(18)> AT+CRSM=192,28621,0,0,15,,"3F007FFF"
07-29 15:00:29.057 D/RILJ    ( 3704): [8720]< SIM_IO IccIoResponse sw1:0x90 sw2:0x0
07-29 15:00:29.057 D/RILJ    ( 3704): [8744]> iccIO: SIM_IO 0xb0 0x6f46  path: 3F007FFF,0,0,17 aid: null
07-29 15:00:29.058 D/use-Rlog/RLOG-RIL{0}( 9096): b89ad420 onRequest:[-1639824904] SIM_IO
07-29 15:00:29.058 I/use-Rlog/RLOG-RIL{0}( 9096): sending request SIM_IO on channel 0
07-29 15:00:29.082 D/use-Rlog/RLOG-RIL AT{0}( 9096): AT(18)< +CRSM: 106,130
07-29 15:00:29.082 D/use-Rlog/RLOG-RIL AT{0}( 9096): AT(18)< OK
07-29 15:00:29.082 D/use-Rlog/RLOG-RIL{0}( 9096): b89adee8 onHandleRequest:[-1639824926] SIM_IO
07-29 15:00:29.082 D/use-Rlog/RLOG-RIL AT{0}( 9096): AT(18)> AT+CRSM=192,28613,0,0,15,,"3F007FFF"
07-29 15:00:29.083 D/RILJ    ( 3704): [8721]< SIM_IO IccIoResponse sw1:0x6a sw2:0x82
07-29 15:00:29.084 D/SIMRecords( 3704): [SIMRecords] onRecordLoaded 10 requested: true
07-29 15:00:29.153 D/use-Rlog/RLOG-RIL AT{0}( 9096): AT(18)< +CRSM: 106,130
07-29 15:00:29.153 D/use-Rlog/RLOG-RIL AT{0}( 9096): AT(18)< OK
07-29 15:00:29.153 D/use-Rlog/RLOG-RIL{0}( 9096): b89adee8 onHandleRequest:[-1639824925] SIM_IO
07-29 15:00:29.153 D/use-Rlog/RLOG-RIL AT{0}( 9096): AT(18)> AT+CRSM=192,28472,0,0,15,,"3F007FFF"
07-29 15:00:29.154 D/RILJ    ( 3704): [8722]< SIM_IO IccIoResponse sw1:0x6a sw2:0x82
07-29 15:00:29.154 D/SIMRecords( 3704): [SIMRecords] onRecordLoaded 9 requested: true
07-29 15:00:29.229 D/use-Rlog/RLOG-RIL AT{0}( 9096): AT(18)< +CRSM: 144,0,"62178202412183026F388A01058B036F060580020008880120"
07-29 15:00:29.229 D/use-Rlog/RLOG-RIL AT{0}( 9096): AT(18)< OK
07-29 15:00:29.230 D/use-Rlog/RLOG-RIL{0}( 9096): b89adee8 onHandleRequest:[-1639824924] SIM_IO
07-29 15:00:29.230 D/use-Rlog/RLOG-RIL AT{0}( 9096): AT(18)> AT+CRSM=192,28438,0,0,15,,"3F007FFF"
07-29 15:00:29.230 D/RILJ    ( 3704): [8723]< SIM_IO IccIoResponse sw1:0x90 sw2:0x0
07-29 15:00:29.231 D/RILJ    ( 3704): [8745]> iccIO: SIM_IO 0xb0 0x6f38  path: 3F007FFF,0,0,8 aid: null
07-29 15:00:29.234 D/use-Rlog/RLOG-RIL{0}( 9096): b89ad420 onRequest:[-1639824903] SIM_IO
07-29 15:00:29.235 I/use-Rlog/RLOG-RIL{0}( 9096): sending request SIM_IO on channel 0
07-29 15:00:29.264 D/use-Rlog/RLOG-RIL AT{0}( 9096): AT(18)< %ISIMINIT: 1,1,1
07-29 15:00:29.264 D/use-Rlog/RLOG-RIL{0}( 9096): Kernel time: [16361.644101]
07-29 15:00:29.264 D/use-Rlog/RLOG-RIL{0}( 9096): b89ae710 onUnsolicited: %ISIMINIT: 1,1,1 null
07-29 15:00:29.271 D/use-Rlog/RLOG-RIL AT{0}( 9096): AT(18)< +CRSM: 106,130
07-29 15:00:29.271 D/use-Rlog/RLOG-RIL AT{0}( 9096): AT(18)< OK
07-29 15:00:29.271 D/use-Rlog/RLOG-RIL{0}( 9096): b89adee8 onHandleUnsolicited: %ISIMINIT: 1,1,1 null
07-29 15:00:29.271 D/use-Rlog/RLOG-RIL{0}( 9096): b89adee8 onHandleRequest:[-1] [INTERNAL]SIM_POLL
07-29 15:00:29.271 D/use-Rlog/RLOG-RIL AT{0}( 9096): AT(18)> AT+CPIN?
07-29 15:00:29.271 D/RILJ    ( 3704): [8724]< SIM_IO IccIoResponse sw1:0x6a sw2:0x82
07-29 15:00:29.271 D/RILJ    ( 3704): [UNSL]< UNSOL_RESPONSE_SIM_STATUS_CHANGED
07-29 15:00:29.271 D/UiccController( 3704): Received EVENT_ICC_STATUS_CHANGED, calling getIccCardStatus
07-29 15:00:29.271 D/RILJ    ( 3704): [8746]> GET_SIM_STATUS
07-29 15:00:29.272 D/use-Rlog/RLOG-RIL{0}( 9096): b89ad420 onRequest:[-1639824902] GET_SIM_STATUS
07-29 15:00:29.272 I/use-Rlog/RLOG-RIL{0}( 9096): sending request GET_SIM_STATUS on channel 0
07-29 15:00:29.272 D/SIMRecords( 3704): [SIMRecords] onRecordLoaded 8 requested: true
07-29 15:00:29.274 D/use-Rlog/RLOG-RIL AT{0}( 9096): AT(18)< +CPIN: READY
07-29 15:00:29.274 D/use-Rlog/RLOG-RIL AT{0}( 9096): AT(18)< OK
07-29 15:00:29.274 D/use-Rlog/RLOG-RIL{0}( 9096): b89adee8 onHandleRequest:[-1] [INTERNAL]UPDATE_SIM_LOADED
07-29 15:00:29.274 D/use-Rlog/RLOG-RIL AT{0}( 9096): AT(18)> AT+CGSMS=1
07-29 15:00:29.275 D/use-Rlog/RLOG-RIL AT{0}( 9096): AT(18)< OK
07-29 15:00:29.275 I/use-Rlog/RLOG-RIL{0}( 9096): checkAndAmendEmergencyNumbers
07-29 15:00:29.275 D/use-Rlog/RLOG-RIL AT{0}( 9096): AT(18)> AT+CPBS="EN"
07-29 15:00:29.277 D/use-Rlog/RLOG-RIL AT{0}( 9096): AT(18)< OK
07-29 15:00:29.277 D/use-Rlog/RLOG-RIL AT{0}( 9096): AT(18)> AT+CPBR=?
07-29 15:00:29.278 D/use-Rlog/RLOG-RIL AT{0}( 9096): AT(18)< +CPBR: (1-2)
07-29 15:00:29.278 D/use-Rlog/RLOG-RIL AT{0}( 9096): AT(18)< OK
07-29 15:00:29.278 D/use-Rlog/RLOG-RIL AT{0}( 9096): AT(18)> AT+CPBR=1,2
07-29 15:00:29.280 D/use-Rlog/RLOG-RIL AT{0}( 9096): AT(18)< +CPBR: 1,"112",129,,
07-29 15:00:29.280 D/use-Rlog/RLOG-RIL AT{0}( 9096): AT(18)< +CPBR: 2,"911",129,,
07-29 15:00:29.280 D/use-Rlog/RLOG-RIL AT{0}( 9096): AT(18)< OK
07-29 15:00:29.280 D/use-Rlog/RLOG-RIL{0}( 9096): Emergency call list updated
07-29 15:00:29.280 D/use-Rlog/RLOG-RIL AT{0}( 9096): AT(18)> AT+CNAP=1
07-29 15:00:29.282 D/use-Rlog/RLOG-RIL AT{0}( 9096): AT(18)< OK
07-29 15:00:29.282 D/use-Rlog/RLOG-RIL AT{0}( 9096): AT(18)> AT+CUSATD=1,0
07-29 15:00:29.284 D/use-Rlog/RLOG-RIL AT{0}( 9096): AT(18)< OK
07-29 15:00:29.284 D/use-Rlog/RLOG-RIL{0}( 9096): b89adee8 onHandleRequest:[-1639824902] GET_SIM_STATUS
07-29 15:00:29.284 D/use-Rlog/RLOG-RIL AT{0}( 9096): AT(18)> AT+CPIN?
07-29 15:00:29.286 D/use-Rlog/RLOG-RIL AT{0}( 9096): AT(18)< +CPIN: READY
07-29 15:00:29.286 D/use-Rlog/RLOG-RIL AT{0}( 9096): AT(18)< OK
07-29 15:00:29.286 D/use-Rlog/RLOG-RIL AT{0}( 9096): AT(18)> AT*TSIMINS?
07-29 15:00:29.288 D/use-Rlog/RLOG-RIL AT{0}( 9096): AT(18)< *TSIMINS: 1,1,1
07-29 15:00:29.288 D/use-Rlog/RLOG-RIL AT{0}( 9096): AT(18)< OK
07-29 15:00:29.288 D/use-Rlog/RLOG-RIL AT{0}( 9096): AT(18)> AT%PINNUM?
07-29 15:00:29.290 D/use-Rlog/RLOG-RIL AT{0}( 9096): AT(18)< %PINNUM: 3, 10, 3, 10
07-29 15:00:29.290 D/use-Rlog/RLOG-RIL AT{0}( 9096): AT(18)< OK
07-29 15:00:29.290 D/use-Rlog/RLOG-RIL{0}( 9096): b89adee8 onHandleRequest:[-1639824923] SIM_IO
07-29 15:00:29.290 D/use-Rlog/RLOG-RIL AT{0}( 9096): AT(18)> AT+CRSM=192,28437,0,0,15,,"3F007FFF"
07-29 15:00:29.290 D/RILJ    ( 3704): [8746]< GET_SIM_STATUS IccCardState {CARDSTATE_PRESENT,PINSTATE_UNKNOWN,num_apps=1,gsm_id=0{APPTYPE_USIM,APPSTATE_READY,pin1=PINSTATE_UNKNOWN,pin2=PINSTATE_UNKNOWN},cdma_id=8,ims_id=8}
07-29 15:00:29.290 D/UiccController( 3704): Received EVENT_GET_ICC_STATUS_DONE
07-29 15:00:29.290 D/UiccCard( 3704): 1 applications
07-29 15:00:29.291 D/UiccCardApplication( 3704): APPTYPE_USIM update. New {APPTYPE_USIM,APPSTATE_READY,pin1=PINSTATE_UNKNOWN,pin2=PINSTATE_UNKNOWN}
07-29 15:00:29.291 D/CAT     ( 3704): CatService: Return current sInstance
07-29 15:00:29.291 E/UiccCard( 3704): App index 8 is invalid since there are no applications
07-29 15:00:29.291 E/UiccCard( 3704): App index 8 is invalid since there are no applications
07-29 15:00:29.291 D/UiccCard( 3704): update: radioState=RADIO_ON mLastRadioState=RADIO_ON
07-29 15:00:29.291 D/UiccController( 3704): Notifying IccChangedRegistrants
07-29 15:00:29.291 D/DCT     ( 3704): handleMessage msg={ when=0 what=270369 obj=android.os.AsyncResult@41a03478 target=com.android.internal.telephony.dataconnection.DcTracker }
07-29 15:00:29.302 D/use-Rlog/RLOG-RIL AT{0}( 9096): AT(18)< +CRSM: 106,130
07-29 15:00:29.302 D/use-Rlog/RLOG-RIL AT{0}( 9096): AT(18)< OK
07-29 15:00:29.302 D/use-Rlog/RLOG-RIL{0}( 9096): b89adee8 onHandleRequest:[-1639824922] SIM_IO
07-29 15:00:29.302 D/use-Rlog/RLOG-RIL AT{0}( 9096): AT(18)> AT+CRSM=192,28478,0,0,15,,"3F007FFF"
07-29 15:00:29.302 D/RILJ    ( 3704): [8725]< SIM_IO IccIoResponse sw1:0x6a sw2:0x82
07-29 15:00:29.302 E/SIMRecords( 3704): [SIMRecords] Exception in fetching EF_CSP data com.android.internal.telephony.uicc.IccFileNotFound
07-29 15:00:29.302 D/SIMRecords( 3704): [SIMRecords] onRecordLoaded 7 requested: true
07-29 15:00:29.318 D/use-Rlog/RLOG-RIL AT{0}( 9096): AT(18)< +CRSM: 144,0,"621E8202412183026F3EA50691047F206F3E8A01058B036F0605800200018800"
07-29 15:00:29.318 D/use-Rlog/RLOG-RIL AT{0}( 9096): AT(18)< OK
07-29 15:00:29.319 D/use-Rlog/RLOG-RIL{0}( 9096): b89adee8 onHandleRequest:[-1639824911] SIM_IO
07-29 15:00:29.319 D/use-Rlog/RLOG-RIL AT{0}( 9096): AT(18)> AT+CRSM=176,12258,0,0,10,,"3F00"
07-29 15:00:29.319 D/RILJ    ( 3704): [8726]< SIM_IO IccIoResponse sw1:0x90 sw2:0x0
07-29 15:00:29.320 D/RILJ    ( 3704): [8747]> iccIO: SIM_IO 0xb0 0x6f3e  path: 3F007FFF,0,0,1 aid: null
07-29 15:00:29.322 D/use-Rlog/RLOG-RIL{0}( 9096): b89ad420 onRequest:[-1639824901] SIM_IO
07-29 15:00:29.322 I/use-Rlog/RLOG-RIL{0}( 9096): sending request SIM_IO on channel 0
07-29 15:00:29.331 D/use-Rlog/RLOG-RIL AT{0}( 9096): AT(18)< +CRSM: 144,0,"981344301024420373F9"
07-29 15:00:29.331 D/use-Rlog/RLOG-RIL AT{0}( 9096): AT(18)< OK
07-29 15:00:29.331 D/use-Rlog/RLOG-RIL{0}( 9096): b89adee8 onHandleRequest:[-1639824909] SIM_IO
07-29 15:00:29.331 D/use-Rlog/RLOG-RIL AT{0}( 9096): AT(18)> AT+CRSM=178,28480,1,4,34,,"3F007FFF"
07-29 15:00:29.332 D/RILJ    ( 3704): [8737]< SIM_IO IccIoResponse sw1:0x90 sw2:0x0
07-29 15:00:29.332 D/SIMRecords( 3704): [SIMRecords] iccid: 8931440301422430379
07-29 15:00:29.332 D/SIMRecords( 3704): [SIMRecords] onRecordLoaded 6 requested: true
07-29 15:00:29.349 D/use-Rlog/RLOG-RIL AT{0}( 9096): AT(18)< +CRSM: 144,0,"FFFFFFFFFFFFFFFFFFFFFFFFFFFFFFFFFFFFFFFFFFFFFFFFFFFFFFFFFFFFFFFFFFFF"
07-29 15:00:29.349 D/use-Rlog/RLOG-RIL AT{0}( 9096): AT(18)< OK
07-29 15:00:29.350 D/use-Rlog/RLOG-RIL{0}( 9096): b89adee8 onHandleRequest:[-1639824907] SIM_IO
07-29 15:00:29.350 D/use-Rlog/RLOG-RIL AT{0}( 9096): AT(18)> AT+CRSM=192,28439,0,0,15,,"3F007FFF"
07-29 15:00:29.351 D/RILJ    ( 3704): [8739]< SIM_IO IccIoResponse sw1:0x90 sw2:0x0
07-29 15:00:29.352 D/SIMRecords( 3704): [SIMRecords] MSISDN: xxxxxxx
07-29 15:00:29.352 D/SIMRecords( 3704): [SIMRecords] onRecordLoaded 5 requested: true
07-29 15:00:29.357 D/use-Rlog/RLOG-RIL AT{0}( 9096): AT(18)< +CRSM: 106,130
07-29 15:00:29.357 D/use-Rlog/RLOG-RIL AT{0}( 9096): AT(18)< OK
07-29 15:00:29.357 D/use-Rlog/RLOG-RIL{0}( 9096): b89adee8 onHandleRequest:[-1639824906] SIM_IO
07-29 15:00:29.357 D/use-Rlog/RLOG-RIL AT{0}( 9096): AT(18)> AT+CRSM=176,28589,0,0,4,,"3F007FFF"
07-29 15:00:29.358 D/RILJ    ( 3704): [8741]< SIM_IO IccIoResponse sw1:0x6a sw2:0x82
07-29 15:00:29.358 D/SIMRecords( 3704): [SIMRecords] Invalid or missing EF[MAILBOX]
07-29 15:00:29.358 D/SIMRecords( 3704): [SIMRecords] onRecordLoaded 4 requested: true
07-29 15:00:29.371 D/use-Rlog/RLOG-RIL AT{0}( 9096): AT(18)< +CRSM: 144,0,"00000102"
07-29 15:00:29.371 D/use-Rlog/RLOG-RIL AT{0}( 9096): AT(18)< OK
07-29 15:00:29.371 D/use-Rlog/RLOG-RIL{0}( 9096): b89adee8 onHandleRequest:[-1639824904] SIM_IO
07-29 15:00:29.371 D/use-Rlog/RLOG-RIL AT{0}( 9096): AT(18)> AT+CRSM=176,28486,0,0,17,,"3F007FFF"
07-29 15:00:29.373 D/RILJ    ( 3704): [8742]< SIM_IO IccIoResponse sw1:0x90 sw2:0x0
07-29 15:00:29.373 D/SIMRecords( 3704): [SIMRecords] EF_AD: 00000102
07-29 15:00:29.386 D/SIMRecords( 3704): [SIMRecords] onRecordLoaded 3 requested: true
07-29 15:00:29.388 D/use-Rlog/RLOG-RIL AT{0}( 9096): AT(18)< +CRSM: 144,0,"FFFFFFFFFFFFFFFFFFFFFFFFFFFFFFFFFF"
07-29 15:00:29.388 D/use-Rlog/RLOG-RIL AT{0}( 9096): AT(18)< OK
07-29 15:00:29.388 D/use-Rlog/RLOG-RIL{0}( 9096): b89adee8 onHandleRequest:[-1639824903] SIM_IO
07-29 15:00:29.388 D/use-Rlog/RLOG-RIL AT{0}( 9096): AT(18)> AT+CRSM=176,28472,0,0,8,,"3F007FFF"
07-29 15:00:29.388 D/RILJ    ( 3704): [8744]< SIM_IO IccIoResponse sw1:0x90 sw2:0x0
07-29 15:00:29.389 D/SIMRecords( 3704): [SIMRecords] Load EF_SPN:  spnDisplayCondition: 255
07-29 15:00:29.396 D/SIMRecords( 3704): [SIMRecords] onRecordLoaded 2 requested: true
07-29 15:00:29.402 D/use-Rlog/RLOG-RIL AT{0}( 9096): AT(18)< +CRSM: 144,0,"8EEF1D0C630E5800"
07-29 15:00:29.402 D/use-Rlog/RLOG-RIL AT{0}( 9096): AT(18)< OK
