--------- beginning of /dev/log/system
07-29 14:45:42.433 D/WifiController( 1921): battery changed pluggedType: 2
07-29 14:46:02.566 D/WifiController( 1921): battery changed pluggedType: 2
07-29 14:46:42.907 D/WifiController( 1921): battery changed pluggedType: 2
07-29 14:47:02.987 D/WifiController( 1921): battery changed pluggedType: 2
--------- beginning of /dev/log/main
07-29 14:47:17.447 D/dalvikvm( 4880): GC_CONCURRENT freed 393K, 28% free 3346K/4628K, paused 8ms+7ms, total 56ms
07-29 14:47:43.435 D/WifiController( 1921): battery changed pluggedType: 2
07-29 14:48:03.536 D/WifiController( 1921): battery changed pluggedType: 2
07-29 14:48:13.241 D/dalvikvm( 3921): GC_CONCURRENT freed 388K, 35% free 3442K/5256K, paused 11ms+6ms, total 77ms
07-29 14:48:23.774 D/WifiController( 1921): battery changed pluggedType: 2
07-29 14:48:25.007 D/ConnectivityService( 1921): Sampling interval elapsed, updating statistics ..
07-29 14:48:25.095 D/ConnectivityService( 1921): Done.
07-29 14:48:25.096 D/ConnectivityService( 1921): Setting timer for 720seconds
07-29 14:48:25.380 W/ContextImpl( 4486): Calling a method in the system process without a qualified user: android.app.ContextImpl.startService:1479 android.content.ContextWrapper.startService:494 android.content.ContextWrapper.startService:494 com.karumi.blackphone.wipe.service.receiver.AutoLaunchReceiver.onReceive:20 android.app.ActivityThread.handleReceiver:2419 
07-29 14:48:43.807 D/WifiController( 1921): battery changed pluggedType: 2
07-29 14:49:04.101 D/WifiController( 1921): battery changed pluggedType: 2
07-29 14:49:24.414 D/WifiController( 1921): battery changed pluggedType: 2
07-29 14:49:44.556 D/WifiController( 1921): battery changed pluggedType: 2
07-29 14:50:04.749 D/WifiController( 1921): battery changed pluggedType: 2
07-29 14:50:24.698 I/ICEUTIL (  163): WakelockActuate: writing fildLock to /sys/power/wake_lock
07-29 14:50:24.699 D/FILD    (  163): OBEX: Core: Received packet: 0x3 0x3e 0x3b 0x3b 0x1
07-29 14:50:24.700 I/FILD    (  163): OBEX: File: HandleFirstGetResponse: File /data/rfs/data/modem/transaction.log not found.
07-29 14:50:24.700 D/FILD    (  163): OBEX: Core: obex_CoreSendSimplePacket: 0xd0 0x3
07-29 14:50:24.735 D/ICEUTIL ( 9096): CheckLimit: Removing /data/rfs/data/debug/logging_92_20150722_161028.
07-29 14:50:24.742 I/ICEUTIL (  163): WakelockActuate: writing fildLock to /sys/power/wake_unlock
07-29 14:50:24.743 I/ICEUTIL (  163): WakelockActuate: writing fildLock to /sys/power/wake_lock
07-29 14:50:24.744 D/FILD    (  163): OBEX: Core: Received packet: 0x3 0x3e 0x3b 0x3b 0x1
07-29 14:50:24.756 I/FILD    (  163): OBEX: File: HandleFirstGetResponse: File /data/rfs/data/modem/transaction.log not found.
07-29 14:50:24.756 D/FILD    (  163): OBEX: Core: obex_CoreSendSimplePacket: 0xd0 0x3
07-29 14:50:24.758 I/ICEUTIL (  163): WakelockActuate: writing fildLock to /sys/power/wake_unlock
07-29 14:50:24.759 I/ICEUTIL (  163): WakelockActuate: writing fildLock to /sys/power/wake_lock
07-29 14:50:24.760 D/FILD    (  163): OBEX: Core: Received packet: 0x82 0x41 0x3e 0x3b 0x1
07-29 14:50:24.760 D/FILD    (  163): OBEX: Core: Received packet: 0x82 0x41 0x3e 0x3 0x49
07-29 14:50:24.774 D/FILD    (  163): OBEX: Core: obex_CoreSendSimplePacket: 0xa0 0x3
07-29 14:50:24.781 I/ICEUTIL (  163): WakelockActuate: writing fildLock to /sys/power/wake_unlock
07-29 14:50:24.783 I/ICEUTIL (  163): WakelockActuate: writing fildLock to /sys/power/wake_lock
07-29 14:50:24.783 D/FILD    (  163): OBEX: Core: Received packet: 0x2 0x3e 0x3b 0x3b 0x1
07-29 14:50:24.783 D/FILD    (  163): OBEX: Core: obex_CoreSendSimplePacket: 0x90 0x3
07-29 14:50:24.792 I/ICEUTIL (  163): WakelockActuate: writing fildLock to /sys/power/wake_unlock
07-29 14:50:24.793 I/ICEUTIL (  163): WakelockActuate: writing fildLock to /sys/power/wake_lock
07-29 14:50:24.794 D/FILD    (  163): OBEX: Core: Received packet: 0x82 0x4c4 0x4c1 0x4c1 0x49
07-29 14:50:24.795 I/FILD    (  163): OBEX: File: HandleBodyEndOfBodyHeaders: write in /data/rfs/data/modem/transaction.log
07-29 14:50:24.812 D/FILD    (  163): OBEX: Core: obex_CoreSendSimplePacket: 0xa0 0x3
07-29 14:50:24.823 I/ICEUTIL (  163): WakelockActuate: writing fildLock to /sys/power/wake_unlock
07-29 14:50:24.824 I/ICEUTIL (  163): WakelockActuate: writing fildLock to /sys/power/wake_lock
07-29 14:50:24.825 D/FILD    (  163): OBEX: Core: Received packet: 0x2 0x60 0x5d 0x5d 0x1
07-29 14:50:24.825 D/FILD    (  163): OBEX: Core: obex_CoreSendSimplePacket: 0x90 0x3
07-29 14:50:24.834 I/ICEUTIL (  163): WakelockActuate: writing fildLock to /sys/power/wake_unlock
07-29 14:50:24.836 I/ICEUTIL (  163): WakelockActuate: writing fildLock to /sys/power/wake_lock
07-29 14:50:24.836 D/FILD    (  163): OBEX: Core: Received packet: 0x82 0x442 0x43f 0x43f 0x49
07-29 14:50:24.850 I/FILD    (  163): OBEX: File: HandleBodyEndOfBodyHeaders: write in /data/rfs/data/modem/NRAM2_PLMN_CARRIER_LIST_DATA.bin
07-29 14:50:24.851 D/FILD    (  163): OBEX: Core: obex_CoreSendSimplePacket: 0xa0 0x3
07-29 14:50:24.859 I/ICEUTIL (  163): WakelockActuate: writing fildLock to /sys/power/wake_unlock
07-29 14:50:24.860 I/ICEUTIL (  163): WakelockActuate: writing fildLock to /sys/power/wake_lock
07-29 14:50:24.860 D/FILD    (  163): OBEX: Core: Received packet: 0x82 0x3e 0x3b 0x3b 0x1
07-29 14:50:24.860 I/FILD    (  163): OBEX: File: HandlePutRequest: removing /data/rfs/data/modem/transaction.log
07-29 14:50:24.879 D/FILD    (  163): OBEX: Core: obex_CoreSendSimplePacket: 0xa0 0x3
07-29 14:50:24.882 I/ICEUTIL (  163): WakelockActuate: writing fildLock to /sys/power/wake_unlock
07-29 14:50:24.883 I/ICEUTIL (  163): WakelockActuate: writing fildLock to /sys/power/wake_lock
07-29 14:50:24.883 D/FILD    (  163): OBEX: Core: Received packet: 0x3 0x3e 0x3b 0x3b 0x1
07-29 14:50:24.883 I/FILD    (  163): OBEX: File: HandleFirstGetResponse: File /data/rfs/data/modem/transaction.log not found.
07-29 14:50:24.883 D/FILD    (  163): OBEX: Core: obex_CoreSendSimplePacket: 0xd0 0x3
07-29 14:50:24.896 I/ICEUTIL (  163): WakelockActuate: writing fildLock to /sys/power/wake_unlock
07-29 14:50:24.897 I/ICEUTIL (  163): WakelockActuate: writing fildLock to /sys/power/wake_lock
07-29 14:50:24.897 D/FILD    (  163): OBEX: Core: Received packet: 0x3 0x3e 0x3b 0x3b 0x1
07-29 14:50:24.898 I/FILD    (  163): OBEX: File: HandleFirstGetResponse: File /data/rfs/data/modem/transaction.log not found.
07-29 14:50:24.898 D/FILD    (  163): OBEX: Core: obex_CoreSendSimplePacket: 0xd0 0x3
07-29 14:50:24.906 I/ICEUTIL (  163): WakelockActuate: writing fildLock to /sys/power/wake_unlock
07-29 14:50:24.907 I/ICEUTIL (  163): WakelockActuate: writing fildLock to /sys/power/wake_lock
07-29 14:50:24.907 D/FILD    (  163): OBEX: Core: Received packet: 0x82 0x41 0x3e 0x3b 0x1
07-29 14:50:24.907 D/FILD    (  163): OBEX: Core: Received packet: 0x82 0x41 0x3e 0x3 0x49
07-29 14:50:24.908 D/FILD    (  163): OBEX: Core: obex_CoreSendSimplePacket: 0xa0 0x3
07-29 14:50:24.915 I/ICEUTIL (  163): WakelockActuate: writing fildLock to /sys/power/wake_unlock
07-29 14:50:24.915 I/ICEUTIL (  163): WakelockActuate: writing fildLock to /sys/power/wake_lock
07-29 14:50:24.916 D/FILD    (  163): OBEX: Core: Received packet: 0x2 0x3e 0x3b 0x3b 0x1
07-29 14:50:24.916 D/FILD    (  163): OBEX: Core: obex_CoreSendSimplePacket: 0x90 0x3
07-29 14:50:24.918 I/ICEUTIL (  163): WakelockActuate: writing fildLock to /sys/power/wake_unlock
07-29 14:50:24.919 I/ICEUTIL (  163): WakelockActuate: writing fildLock to /sys/power/wake_lock
07-29 14:50:24.919 D/FILD    (  163): OBEX: Core: Received packet: 0x82 0x19c 0x199 0x199 0x49
07-29 14:50:24.919 I/FILD    (  163): OBEX: File: HandleBodyEndOfBodyHeaders: write in /data/rfs/data/modem/transaction.log
07-29 14:50:24.920 D/FILD    (  163): OBEX: Core: obex_CoreSendSimplePacket: 0xa0 0x3
07-29 14:50:24.937 I/ICEUTIL (  163): WakelockActuate: writing fildLock to /sys/power/wake_unlock
07-29 14:50:24.938 I/ICEUTIL (  163): WakelockActuate: writing fildLock to /sys/power/wake_lock
07-29 14:50:24.938 D/FILD    (  163): OBEX: Core: Received packet: 0x2 0x5e 0x5b 0x5b 0x1
07-29 14:50:24.938 D/FILD    (  163): OBEX: Core: obex_CoreSendSimplePacket: 0x90 0x3
07-29 14:50:24.939 I/ICEUTIL (  163): WakelockActuate: writing fildLock to /sys/power/wake_unlock
07-29 14:50:24.940 I/ICEUTIL (  163): WakelockActuate: writing fildLock to /sys/power/wake_lock
07-29 14:50:24.940 D/FILD    (  163): OBEX: Core: Received packet: 0x82 0x11a 0x117 0x117 0x49
07-29 14:50:24.940 I/FILD    (  163): OBEX: File: HandleBodyEndOfBodyHeaders: write in /data/rfs/data/modem/NRAM2_MCC_CARRIER_LIST_DATA.bin
07-29 14:50:24.941 D/FILD    (  163): OBEX: Core: obex_CoreSendSimplePacket: 0xa0 0x3
07-29 14:50:24.946 I/ICEUTIL (  163): WakelockActuate: writing fildLock to /sys/power/wake_unlock
07-29 14:50:24.946 I/ICEUTIL (  163): WakelockActuate: writing fildLock to /sys/power/wake_lock
07-29 14:50:24.946 D/FILD    (  163): OBEX: Core: Received packet: 0x82 0x3e 0x3b 0x3b 0x1
07-29 14:50:24.946 I/FILD    (  163): OBEX: File: HandlePutRequest: removing /data/rfs/data/modem/transaction.log
07-29 14:50:24.948 D/FILD    (  163): OBEX: Core: obex_CoreSendSimplePacket: 0xa0 0x3
07-29 14:50:24.966 I/ICEUTIL (  163): WakelockActuate: writing fildLock to /sys/power/wake_unlock
07-29 14:50:25.393 D/WifiController( 1921): battery changed pluggedType: 2
07-29 14:50:45.268 D/WifiController( 1921): battery changed pluggedType: 2
07-29 14:50:56.568 D/ICECRASH(13369): Executing cmd: /system/bin/logcat -d -v time -b main -b radio -b system>/data/rfs/data/debug/logging_102_20150729_145024/logcat_20150729_145024.txt
07-29 14:50:56.693 D/ICECRASH(13369): Executing cmd: /system/bin/dmesg>/data/rfs/data/debug/logging_102_20150729_145024/dmesg_20150729_145024.txt
07-29 14:50:56.791 D/ICECRASH(13369): Executing cmd: am broadcast -a com.nvidia.feedback.NVIDIAFEEDBACK
07-29 14:50:57.333 D/AndroidRuntime(13374): 
07-29 14:50:57.333 D/AndroidRuntime(13374): >>>>>> AndroidRuntime START com.android.internal.os.RuntimeInit <<<<<<
07-29 14:50:57.337 D/AndroidRuntime(13374): CheckJNI is OFF
07-29 14:50:57.361 D/dalvikvm(13374): Trying to load lib libjavacore.so 0x0
07-29 14:50:57.366 D/dalvikvm(13374): Added shared lib libjavacore.so 0x0
07-29 14:50:57.374 D/dalvikvm(13374): Trying to load lib libnativehelper.so 0x0
07-29 14:50:57.374 D/dalvikvm(13374): Added shared lib libnativehelper.so 0x0
07-29 14:50:57.374 D/dalvikvm(13374): No JNI_OnLoad found in libnativehelper.so 0x0, skipping init
07-29 14:50:57.411 E/cutils-trace(13374): Error opening trace file: No such file or directory (2)
07-29 14:50:57.432 D/dalvikvm(13374): Note: class Landroid/app/ActivityManagerNative; has 179 unimplemented (abstract) methods
07-29 14:50:57.680 E/memtrack(13374): Couldn't load memtrack module (No such file or directory)
07-29 14:50:57.680 E/android.os.Debug(13374): failed to load memtrack module: -2
07-29 14:50:57.741 I/dalvikvm(13374): Total arena pages for JIT: 11
07-29 14:50:57.742 I/dalvikvm(13374): Total arena pages for JIT: 12
07-29 14:50:57.742 I/dalvikvm(13374): Total arena pages for JIT: 13
07-29 14:50:57.742 I/dalvikvm(13374): Total arena pages for JIT: 14
07-29 14:50:57.757 D/AndroidRuntime(13374): Calling main entry com.android.commands.am.Am
07-29 14:50:57.772 D/AndroidRuntime(13374): Shutting down VM
07-29 14:50:58.224 I/ICEUTIL (  163): WakelockActuate: writing fildLock to /sys/power/wake_lock
07-29 14:50:58.224 D/FILD    (  163): OBEX: Core: Received packet: 0x3 0x3e 0x3b 0x3b 0x1
07-29 14:50:58.224 I/FILD    (  163): OBEX: File: HandleFirstGetResponse: File /data/rfs/data/modem/transaction.log not found.
07-29 14:50:58.224 D/FILD    (  163): OBEX: Core: obex_CoreSendSimplePacket: 0xd0 0x3
07-29 14:50:58.224 I/ICEUTIL (  163): WakelockActuate: writing fildLock to /sys/power/wake_unlock
07-29 14:50:58.228 I/ICEUTIL (  163): WakelockActuate: writing fildLock to /sys/power/wake_lock
07-29 14:50:58.228 D/FILD    (  163): OBEX: Core: Received packet: 0x3 0x3e 0x3b 0x3b 0x1
07-29 14:50:58.228 I/FILD    (  163): OBEX: File: HandleFirstGetResponse: File /data/rfs/data/modem/transaction.log not found.
07-29 14:50:58.228 D/FILD    (  163): OBEX: Core: obex_CoreSendSimplePacket: 0xd0 0x3
07-29 14:50:58.228 I/ICEUTIL (  163): WakelockActuate: writing fildLock to /sys/power/wake_unlock
07-29 14:50:58.229 I/ICEUTIL (  163): WakelockActuate: writing fildLock to /sys/power/wake_lock
07-29 14:50:58.229 D/FILD    (  163): OBEX: Core: Received packet: 0x82 0x41 0x3e 0x3b 0x1
07-29 14:50:58.229 D/FILD    (  163): OBEX: Core: Received packet: 0x82 0x41 0x3e 0x3 0x49
07-29 14:50:58.229 D/FILD    (  163): OBEX: Core: obex_CoreSendSimplePacket: 0xa0 0x3
07-29 14:50:58.229 I/ICEUTIL (  163): WakelockActuate: writing fildLock to /sys/power/wake_unlock
07-29 14:50:58.229 I/ICEUTIL (  163): WakelockActuate: writing fildLock to /sys/power/wake_lock
07-29 14:50:58.229 D/FILD    (  163): OBEX: Core: Received packet: 0x2 0x3e 0x3b 0x3b 0x1
07-29 14:50:58.229 D/FILD    (  163): OBEX: Core: obex_CoreSendSimplePacket: 0x90 0x3
07-29 14:50:58.229 I/ICEUTIL (  163): WakelockActuate: writing fildLock to /sys/power/wake_unlock
07-29 14:50:58.230 I/ICEUTIL (  163): WakelockActuate: writing fildLock to /sys/power/wake_lock
07-29 14:50:58.230 D/FILD    (  163): OBEX: Core: Received packet: 0x82 0x4c4 0x4c1 0x4c1 0x49
07-29 14:50:58.230 I/FILD    (  163): OBEX: File: HandleBodyEndOfBodyHeaders: write in /data/rfs/data/modem/transaction.log
07-29 14:50:58.230 D/FILD    (  163): OBEX: Core: obex_CoreSendSimplePacket: 0xa0 0x3
07-29 14:50:58.230 I/ICEUTIL (  163): WakelockActuate: writing fildLock to /sys/power/wake_unlock
07-29 14:50:58.230 I/ICEUTIL (  163): WakelockActuate: writing fildLock to /sys/power/wake_lock
07-29 14:50:58.230 D/FILD    (  163): OBEX: Core: Received packet: 0x2 0x60 0x5d 0x5d 0x1
07-29 14:50:58.230 D/FILD    (  163): OBEX: Core: obex_CoreSendSimplePacket: 0x90 0x3
07-29 14:50:58.230 I/ICEUTIL (  163): WakelockActuate: writing fildLock to /sys/power/wake_unlock
07-29 14:50:58.230 I/ICEUTIL (  163): WakelockActuate: writing fildLock to /sys/power/wake_lock
07-29 14:50:58.230 D/FILD    (  163): OBEX: Core: Received packet: 0x82 0x442 0x43f 0x43f 0x49
07-29 14:50:58.230 I/FILD    (  163): OBEX: File: HandleBodyEndOfBodyHeaders: write in /data/rfs/data/modem/NRAM2_PLMN_CARRIER_LIST_DATA.bin
07-29 14:50:58.230 D/FILD    (  163): OBEX: Core: obex_CoreSendSimplePacket: 0xa0 0x3
07-29 14:50:58.231 I/ICEUTIL (  163): WakelockActuate: writing fildLock to /sys/power/wake_unlock
07-29 14:50:58.231 I/ICEUTIL (  163): WakelockActuate: writing fildLock to /sys/power/wake_lock
07-29 14:50:58.231 D/FILD    (  163): OBEX: Core: Received packet: 0x82 0x3e 0x3b 0x3b 0x1
07-29 14:50:58.231 I/FILD    (  163): OBEX: File: HandlePutRequest: removing /data/rfs/data/modem/transaction.log
07-29 14:50:58.231 D/FILD    (  163): OBEX: Core: obex_CoreSendSimplePacket: 0xa0 0x3
07-29 14:50:58.231 I/ICEUTIL (  163): WakelockActuate: writing fildLock to /sys/power/wake_unlock
07-29 14:50:58.232 I/ICEUTIL (  163): WakelockActuate: writing fildLock to /sys/power/wake_lock
07-29 14:50:58.232 D/FILD    (  163): OBEX: Core: Received packet: 0x3 0x3e 0x3b 0x3b 0x1
07-29 14:50:58.232 I/FILD    (  163): OBEX: File: HandleFirstGetResponse: File /data/rfs/data/modem/transaction.log not found.
07-29 14:50:58.232 D/FILD    (  163): OBEX: Core: obex_CoreSendSimplePacket: 0xd0 0x3
07-29 14:50:58.232 I/ICEUTIL (  163): WakelockActuate: writing fildLock to /sys/power/wake_unlock
07-29 14:50:58.232 I/ICEUTIL (  163): WakelockActuate: writing fildLock to /sys/power/wake_lock
07-29 14:50:58.232 D/FILD    (  163): OBEX: Core: Received packet: 0x3 0x3e 0x3b 0x3b 0x1
07-29 14:50:58.232 I/FILD    (  163): OBEX: File: HandleFirstGetResponse: File /data/rfs/data/modem/transaction.log not found.
07-29 14:50:58.232 D/FILD    (  163): OBEX: Core: obex_CoreSendSimplePacket: 0xd0 0x3
07-29 14:50:58.232 I/ICEUTIL (  163): WakelockActuate: writing fildLock to /sys/power/wake_unlock
07-29 14:50:58.232 I/ICEUTIL (  163): WakelockActuate: writing fildLock to /sys/power/wake_lock
07-29 14:50:58.232 D/FILD    (  163): OBEX: Core: Received packet: 0x82 0x41 0x3e 0x3b 0x1
07-29 14:50:58.232 D/FILD    (  163): OBEX: Core: Received packet: 0x82 0x41 0x3e 0x3 0x49
07-29 14:50:58.233 D/FILD    (  163): OBEX: Core: obex_CoreSendSimplePacket: 0xa0 0x3
07-29 14:50:58.233 I/ICEUTIL (  163): WakelockActuate: writing fildLock to /sys/power/wake_unlock
07-29 14:50:58.234 I/ICEUTIL (  163): WakelockActuate: writing fildLock to /sys/power/wake_lock
07-29 14:50:58.234 D/FILD    (  163): OBEX: Core: Received packet: 0x2 0x3e 0x3b 0x3b 0x1
07-29 14:50:58.234 D/FILD    (  163): OBEX: Core: obex_CoreSendSimplePacket: 0x90 0x3
07-29 14:50:58.234 I/ICEUTIL (  163): WakelockActuate: writing fildLock to /sys/power/wake_unlock
07-29 14:50:58.235 I/ICEUTIL (  163): WakelockActuate: writing fildLock to /sys/power/wake_lock
07-29 14:50:58.236 D/FILD    (  163): OBEX: Core: Received packet: 0x82 0x19c 0x199 0x199 0x49
07-29 14:50:58.236 I/FILD    (  163): OBEX: File: HandleBodyEndOfBodyHeaders: write in /data/rfs/data/modem/transaction.log
07-29 14:50:58.236 D/FILD    (  163): OBEX: Core: obex_CoreSendSimplePacket: 0xa0 0x3
07-29 14:50:58.236 I/ICEUTIL (  163): WakelockActuate: writing fildLock to /sys/power/wake_unlock
07-29 14:50:58.236 I/ICEUTIL (  163): WakelockActuate: writing fildLock to /sys/power/wake_lock
07-29 14:50:58.236 D/FILD    (  163): OBEX: Core: Received packet: 0x2 0x5e 0x5b 0x5b 0x1
07-29 14:50:58.236 D/FILD    (  163): OBEX: Core: obex_CoreSendSimplePacket: 0x90 0x3
07-29 14:50:58.236 I/ICEUTIL (  163): WakelockActuate: writing fildLock to /sys/power/wake_unlock
07-29 14:50:58.236 I/ICEUTIL (  163): WakelockActuate: writing fildLock to /sys/power/wake_lock
07-29 14:50:58.236 D/FILD    (  163): OBEX: Core: Received packet: 0x82 0x11a 0x117 0x117 0x49
07-29 14:50:58.236 I/FILD    (  163): OBEX: File: HandleBodyEndOfBodyHeaders: write in /data/rfs/data/modem/NRAM2_MCC_CARRIER_LIST_DATA.bin
07-29 14:50:58.236 D/FILD    (  163): OBEX: Core: obex_CoreSendSimplePacket: 0xa0 0x3
07-29 14:50:58.236 I/ICEUTIL (  163): WakelockActuate: writing fildLock to /sys/power/wake_unlock
07-29 14:50:58.237 I/ICEUTIL (  163): WakelockActuate: writing fildLock to /sys/power/wake_lock
07-29 14:50:58.237 D/FILD    (  163): OBEX: Core: Received packet: 0x82 0x3e 0x3b 0x3b 0x1
07-29 14:50:58.237 I/FILD    (  163): OBEX: File: HandlePutRequest: removing /data/rfs/data/modem/transaction.log
07-29 14:50:58.237 D/FILD    (  163): OBEX: Core: obex_CoreSendSimplePacket: 0xa0 0x3
07-29 14:50:58.237 I/ICEUTIL (  163): WakelockActuate: writing fildLock to /sys/power/wake_unlock
07-29 14:50:58.238 I/ICEUTIL (  163): WakelockActuate: writing fildLock to /sys/power/wake_lock
07-29 14:50:58.238 D/FILD    (  163): OBEX: Core: Received packet: 0x3 0x3e 0x3b 0x3b 0x1
07-29 14:50:58.238 I/FILD    (  163): OBEX: File: HandleFirstGetResponse: File /data/rfs/data/modem/transaction.log not found.
07-29 14:50:58.238 D/FILD    (  163): OBEX: Core: obex_CoreSendSimplePacket: 0xd0 0x3
07-29 14:50:58.238 I/ICEUTIL (  163): WakelockActuate: writing fildLock to /sys/power/wake_unlock
07-29 14:50:58.239 I/ICEUTIL (  163): WakelockActuate: writing fildLock to /sys/power/wake_lock
07-29 14:50:58.239 D/FILD    (  163): OBEX: Core: Received packet: 0x3 0x3e 0x3b 0x3b 0x1
07-29 14:50:58.239 I/FILD    (  163): OBEX: File: HandleFirstGetResponse: File /data/rfs/data/modem/transaction.log not found.
07-29 14:50:58.239 D/FILD    (  163): OBEX: Core: obex_CoreSendSimplePacket: 0xd0 0x3
07-29 14:50:58.239 I/ICEUTIL (  163): WakelockActuate: writing fildLock to /sys/power/wake_unlock
07-29 14:50:58.239 I/ICEUTIL (  163): WakelockActuate: writing fildLock to /sys/power/wake_lock
07-29 14:50:58.239 D/FILD    (  163): OBEX: Core: Received packet: 0x82 0x41 0x3e 0x3b 0x1
07-29 14:50:58.239 D/FILD    (  163): OBEX: Core: Received packet: 0x82 0x41 0x3e 0x3 0x49
07-29 14:50:58.239 D/FILD    (  163): OBEX: Core: obex_CoreSendSimplePacket: 0xa0 0x3
07-29 14:50:58.239 I/ICEUTIL (  163): WakelockActuate: writing fildLock to /sys/power/wake_unlock
07-29 14:50:58.241 I/ICEUTIL (  163): WakelockActuate: writing fildLock to /sys/power/wake_lock
07-29 14:50:58.241 D/FILD    (  163): OBEX: Core: Received packet: 0x2 0x3e 0x3b 0x3b 0x1
07-29 14:50:58.241 D/FILD    (  163): OBEX: Core: obex_CoreSendSimplePacket: 0x90 0x3
07-29 14:50:58.241 I/ICEUTIL (  163): WakelockActuate: writing fildLock to /sys/power/wake_unlock
07-29 14:50:58.241 I/ICEUTIL (  163): WakelockActuate: writing fildLock to /sys/power/wake_lock
07-29 14:50:58.241 D/FILD    (  163): OBEX: Core: Received packet: 0x82 0x198 0x195 0x195 0x49
07-29 14:50:58.241 I/FILD    (  163): OBEX: File: HandleBodyEndOfBodyHeaders: write in /data/rfs/data/modem/transaction.log
07-29 14:50:58.241 D/FILD    (  163): OBEX: Core: obex_CoreSendSimplePacket: 0xa0 0x3
07-29 14:50:58.241 I/ICEUTIL (  163): WakelockActuate: writing fildLock to /sys/power/wake_unlock
07-29 14:50:58.242 I/ICEUTIL (  163): WakelockActuate: writing fildLock to /sys/power/wake_lock
07-29 14:50:58.242 D/FILD    (  163): OBEX: Core: Received packet: 0x2 0x5a 0x57 0x57 0x1
07-29 14:50:58.242 D/FILD    (  163): OBEX: Core: obex_CoreSendSimplePacket: 0x90 0x3
07-29 14:50:58.242 I/ICEUTIL (  163): WakelockActuate: writing fildLock to /sys/power/wake_unlock
07-29 14:50:58.242 I/ICEUTIL (  163): WakelockActuate: writing fildLock to /sys/power/wake_lock
07-29 14:50:58.242 D/FILD    (  163): OBEX: Core: Received packet: 0x82 0x116 0x113 0x113 0x49
07-29 14:50:58.242 I/FILD    (  163): OBEX: File: HandleBodyEndOfBodyHeaders: write in /data/rfs/data/modem/NRAM2_ABMM_WRITEABLE_DATA.bin
07-29 14:50:58.242 D/FILD    (  163): OBEX: Core: obex_CoreSendSimplePacket: 0xa0 0x3
07-29 14:50:58.242 I/ICEUTIL (  163): WakelockActuate: writing fildLock to /sys/power/wake_unlock
07-29 14:50:58.242 I/ICEUTIL (  163): WakelockActuate: writing fildLock to /sys/power/wake_lock
07-29 14:50:58.242 D/FILD    (  163): OBEX: Core: Received packet: 0x82 0x3e 0x3b 0x3b 0x1
07-29 14:50:58.242 I/FILD    (  163): OBEX: File: HandlePutRequest: removing /data/rfs/data/modem/transaction.log
07-29 14:50:58.242 D/FILD    (  163): OBEX: Core: obex_CoreSendSimplePacket: 0xa0 0x3
07-29 14:50:58.243 I/ICEUTIL (  163): WakelockActuate: writing fildLock to /sys/power/wake_unlock
07-29 14:50:58.245 I/ICEUTIL (  163): WakelockActuate: writing fildLock to /sys/power/wake_lock
07-29 14:50:58.245 D/FILD    (  163): OBEX: Core: Received packet: 0x3 0x3e 0x3b 0x3b 0x1
07-29 14:50:58.245 I/FILD    (  163): OBEX: File: HandleFirstGetResponse: File /data/rfs/data/modem/transaction.log not found.
07-29 14:50:58.245 D/FILD    (  163): OBEX: Core: obex_CoreSendSimplePacket: 0xd0 0x3
07-29 14:50:58.245 I/ICEUTIL (  163): WakelockActuate: writing fildLock to /sys/power/wake_unlock
07-29 14:50:58.246 I/ICEUTIL (  163): WakelockActuate: writing fildLock to /sys/power/wake_lock
07-29 14:50:58.246 D/FILD    (  163): OBEX: Core: Received packet: 0x3 0x3e 0x3b 0x3b 0x1
07-29 14:50:58.246 I/FILD    (  163): OBEX: File: HandleFirstGetResponse: File /data/rfs/data/modem/transaction.log not found.
07-29 14:50:58.246 D/FILD    (  163): OBEX: Core: obex_CoreSendSimplePacket: 0xd0 0x3
07-29 14:50:58.246 I/ICEUTIL (  163): WakelockActuate: writing fildLock to /sys/power/wake_unlock
07-29 14:50:58.246 I/ICEUTIL (  163): WakelockActuate: writing fildLock to /sys/power/wake_lock
07-29 14:50:58.246 D/FILD    (  163): OBEX: Core: Received packet: 0x82 0x41 0x3e 0x3b 0x1
07-29 14:50:58.246 D/FILD    (  163): OBEX: Core: Received packet: 0x82 0x41 0x3e 0x3 0x49
07-29 14:50:58.246 D/FILD    (  163): OBEX: Core: obex_CoreSendSimplePacket: 0xa0 0x3
07-29 14:50:58.246 I/ICEUTIL (  163): WakelockActuate: writing fildLock to /sys/power/wake_unlock
07-29 14:50:58.246 I/ICEUTIL (  163): WakelockActuate: writing fildLock to /sys/power/wake_lock
07-29 14:50:58.246 D/FILD    (  163): OBEX: Core: Received packet: 0x2 0x3e 0x3b 0x3b 0x1
07-29 14:50:58.246 D/FILD    (  163): OBEX: Core: obex_CoreSendSimplePacket: 0x90 0x3
07-29 14:50:58.247 I/ICEUTIL (  163): WakelockActuate: writing fildLock to /sys/power/wake_unlock
07-29 14:50:58.247 I/ICEUTIL (  163): WakelockActuate: writing fildLock to /sys/power/wake_lock
07-29 14:50:58.247 D/FILD    (  163): OBEX: Core: Received packet: 0x82 0xd2 0xcf 0xcf 0x49
07-29 14:50:58.247 I/FILD    (  163): OBEX: File: HandleBodyEndOfBodyHeaders: write in /data/rfs/data/modem/transaction.log
07-29 14:50:58.247 D/FILD    (  163): OBEX: Core: obex_CoreSendSimplePacket: 0xa0 0x3
07-29 14:50:58.247 I/ICEUTIL (  163): WakelockActuate: writing fildLock to /sys/power/wake_unlock
07-29 14:50:58.247 I/ICEUTIL (  163): WakelockActuate: writing fildLock to /sys/power/wake_lock
07-29 14:50:58.247 D/FILD    (  163): OBEX: Core: Received packet: 0x2 0x4a 0x47 0x47 0x1
07-29 14:50:58.247 D/FILD    (  163): OBEX: Core: obex_CoreSendSimplePacket: 0x90 0x3
07-29 14:50:58.247 I/ICEUTIL (  163): WakelockActuate: writing fildLock to /sys/power/wake_unlock
07-29 14:50:58.247 I/ICEUTIL (  163): WakelockActuate: writing fildLock to /sys/power/wake_lock
07-29 14:50:58.247 D/FILD    (  163): OBEX: Core: Received packet: 0x82 0x50 0x4d 0x4d 0x49
07-29 14:50:58.247 I/FILD    (  163): OBEX: File: HandleBodyEndOfBodyHeaders: write in /data/rfs/data/modem/NRAM2_EQUIV_PLMNS.bin
07-29 14:50:58.247 D/FILD    (  163): OBEX: Core: obex_CoreSendSimplePacket: 0xa0 0x3
07-29 14:50:58.248 I/ICEUTIL (  163): WakelockActuate: writing fildLock to /sys/power/wake_unlock
07-29 14:50:58.251 I/ICEUTIL (  163): WakelockActuate: writing fildLock to /sys/power/wake_lock
07-29 14:50:58.251 D/FILD    (  163): OBEX: Core: Received packet: 0x82 0x3e 0x3b 0x3b 0x1
07-29 14:50:58.251 I/FILD    (  163): OBEX: File: HandlePutRequest: removing /data/rfs/data/modem/transaction.log
07-29 14:50:58.251 D/FILD    (  163): OBEX: Core: obex_CoreSendSimplePacket: 0xa0 0x3
07-29 14:50:58.252 I/ICEUTIL (  163): WakelockActuate: writing fildLock to /sys/power/wake_unlock
07-29 14:50:58.252 I/ICEUTIL (  163): WakelockActuate: writing fildLock to /sys/power/wake_lock
07-29 14:50:58.252 D/FILD    (  163): OBEX: Core: Received packet: 0x3 0x3e 0x3b 0x3b 0x1
07-29 14:50:58.252 I/FILD    (  163): OBEX: File: HandleFirstGetResponse: File /data/rfs/data/modem/transaction.log not found.
07-29 14:50:58.252 D/FILD    (  163): OBEX: Core: obex_CoreSendSimplePacket: 0xd0 0x3
07-29 14:50:58.252 I/ICEUTIL (  163): WakelockActuate: writing fildLock to /sys/power/wake_unlock
07-29 14:50:58.252 I/ICEUTIL (  163): WakelockActuate: writing fildLock to /sys/power/wake_lock
07-29 14:50:58.252 D/FILD    (  163): OBEX: Core: Received packet: 0x3 0x3e 0x3b 0x3b 0x1
07-29 14:50:58.252 I/FILD    (  163): OBEX: File: HandleFirstGetResponse: File /data/rfs/data/modem/transaction.log not found.
07-29 14:50:58.252 D/FILD    (  163): OBEX: Core: obex_CoreSendSimplePacket: 0xd0 0x3
07-29 14:50:58.252 I/ICEUTIL (  163): WakelockActuate: writing fildLock to /sys/power/wake_unlock
07-29 14:50:58.253 I/ICEUTIL (  163): WakelockActuate: writing fildLock to /sys/power/wake_lock
07-29 14:50:58.253 D/FILD    (  163): OBEX: Core: Received packet: 0x82 0x41 0x3e 0x3b 0x1
07-29 14:50:58.253 D/FILD    (  163): OBEX: Core: Received packet: 0x82 0x41 0x3e 0x3 0x49
07-29 14:50:58.253 D/FILD    (  163): OBEX: Core: obex_CoreSendSimplePacket: 0xa0 0x3
07-29 14:50:58.253 I/ICEUTIL (  163): WakelockActuate: writing fildLock to /sys/power/wake_unlock
07-29 14:50:58.253 I/ICEUTIL (  163): WakelockActuate: writing fildLock to /sys/power/wake_lock
07-29 14:50:58.253 D/FILD    (  163): OBEX: Core: Received packet: 0x2 0x3e 0x3b 0x3b 0x1
07-29 14:50:58.253 D/FILD    (  163): OBEX: Core: obex_CoreSendSimplePacket: 0x90 0x3
07-29 14:50:58.253 I/ICEUTIL (  163): WakelockActuate: writing fildLock to /sys/power/wake_unlock
07-29 14:50:58.253 I/ICEUTIL (  163): WakelockActuate: writing fildLock to /sys/power/wake_lock
07-29 14:50:58.253 D/FILD    (  163): OBEX: Core: Received packet: 0x82 0x198 0x195 0x195 0x49
07-29 14:50:58.253 I/FILD    (  163): OBEX: File: HandleBodyEndOfBodyHeaders: write in /data/rfs/data/modem/transaction.log
07-29 14:50:58.253 D/FILD    (  163): OBEX: Core: obex_CoreSendSimplePacket: 0xa0 0x3
07-29 14:50:58.254 I/ICEUTIL (  163): WakelockActuate: writing fildLock to /sys/power/wake_unlock
07-29 14:50:58.254 I/ICEUTIL (  163): WakelockActuate: writing fildLock to /sys/power/wake_lock
07-29 14:50:58.254 D/FILD    (  163): OBEX: Core: Received packet: 0x2 0x5a 0x57 0x57 0x1
07-29 14:50:58.254 D/FILD    (  163): OBEX: Core: obex_CoreSendSimplePacket: 0x90 0x3
07-29 14:50:58.254 I/ICEUTIL (  163): WakelockActuate: writing fildLock to /sys/power/wake_unlock
07-29 14:50:58.254 I/ICEUTIL (  163): WakelockActuate: writing fildLock to /sys/power/wake_lock
07-29 14:50:58.254 D/FILD    (  163): OBEX: Core: Received packet: 0x82 0x116 0x113 0x113 0x49
07-29 14:50:58.254 I/FILD    (  163): OBEX: File: HandleBodyEndOfBodyHeaders: write in /data/rfs/data/modem/NRAM2_ABMM_WRITEABLE_DATA.bin
07-29 14:50:58.254 D/FILD    (  163): OBEX: Core: obex_CoreSendSimplePacket: 0xa0 0x3
07-29 14:50:58.254 I/ICEUTIL (  163): WakelockActuate: writing fildLock to /sys/power/wake_unlock
07-29 14:50:58.254 I/ICEUTIL (  163): WakelockActuate: writing fildLock to /sys/power/wake_lock
07-29 14:50:58.254 D/FILD    (  163): OBEX: Core: Received packet: 0x82 0x3e 0x3b 0x3b 0x1
07-29 14:50:58.254 I/FILD    (  163): OBEX: File: HandlePutRequest: removing /data/rfs/data/modem/transaction.log
07-29 14:50:58.255 D/FILD    (  163): OBEX: Core: obex_CoreSendSimplePacket: 0xa0 0x3
07-29 14:50:58.255 I/ICEUTIL (  163): WakelockActuate: writing fildLock to /sys/power/wake_unlock
07-29 14:50:58.408 D/dalvikvm(13374): GC_CONCURRENT freed 96K, 15% free 588K/688K, paused 1ms+1ms, total 6ms
07-29 14:51:00.479 I/ICEUTIL (  163): WakelockActuate: writing fildLock to /sys/power/wake_lock
07-29 14:51:00.479 D/FILD    (  163): OBEX: Core: Received packet: 0x3 0x3e 0x3b 0x3b 0x1
07-29 14:51:00.480 I/FILD    (  163): OBEX: File: HandleFirstGetResponse: File /data/rfs/data/modem/transaction.log not found.
07-29 14:51:00.480 D/FILD    (  163): OBEX: Core: obex_CoreSendSimplePacket: 0xd0 0x3
07-29 14:51:00.480 I/ICEUTIL (  163): WakelockActuate: writing fildLock to /sys/power/wake_unlock
07-29 14:51:00.489 I/ICEUTIL (  163): WakelockActuate: writing fildLock to /sys/power/wake_lock
07-29 14:51:00.490 D/FILD    (  163): OBEX: Core: Received packet: 0x3 0x3e 0x3b 0x3b 0x1
07-29 14:51:00.490 I/FILD    (  163): OBEX: File: HandleFirstGetResponse: File /data/rfs/data/modem/transaction.log not found.
07-29 14:51:00.490 D/FILD    (  163): OBEX: Core: obex_CoreSendSimplePacket: 0xd0 0x3
07-29 14:51:00.491 I/ICEUTIL (  163): WakelockActuate: writing fildLock to /sys/power/wake_unlock
07-29 14:51:00.492 I/ICEUTIL (  163): WakelockActuate: writing fildLock to /sys/power/wake_lock
07-29 14:51:00.492 D/FILD    (  163): OBEX: Core: Received packet: 0x82 0x41 0x3e 0x3b 0x1
07-29 14:51:00.492 D/FILD    (  163): OBEX: Core: Received packet: 0x82 0x41 0x3e 0x3 0x49
07-29 14:51:00.493 D/FILD    (  163): OBEX: Core: obex_CoreSendSimplePacket: 0xa0 0x3
07-29 14:51:00.499 I/ICEUTIL (  163): WakelockActuate: writing fildLock to /sys/power/wake_unlock
07-29 14:51:00.499 I/ICEUTIL (  163): WakelockActuate: writing fildLock to /sys/power/wake_lock
07-29 14:51:00.499 D/FILD    (  163): OBEX: Core: Received packet: 0x2 0x3e 0x3b 0x3b 0x1
07-29 14:51:00.500 D/FILD    (  163): OBEX: Core: obex_CoreSendSimplePacket: 0x90 0x3
07-29 14:51:00.501 I/ICEUTIL (  163): WakelockActuate: writing fildLock to /sys/power/wake_unlock
07-29 14:51:00.501 I/ICEUTIL (  163): WakelockActuate: writing fildLock to /sys/power/wake_lock
07-29 14:51:00.501 D/FILD    (  163): OBEX: Core: Received packet: 0x82 0xd2 0xcf 0xcf 0x49
07-29 14:51:00.502 I/FILD    (  163): OBEX: File: HandleBodyEndOfBodyHeaders: write in /data/rfs/data/modem/transaction.log
07-29 14:51:00.502 D/FILD    (  163): OBEX: Core: obex_CoreSendSimplePacket: 0xa0 0x3
07-29 14:51:00.508 I/ICEUTIL (  163): WakelockActuate: writing fildLock to /sys/power/wake_unlock
07-29 14:51:00.509 I/ICEUTIL (  163): WakelockActuate: writing fildLock to /sys/power/wake_lock
07-29 14:51:00.509 D/FILD    (  163): OBEX: Core: Received packet: 0x2 0x4a 0x47 0x47 0x1
07-29 14:51:00.509 D/FILD    (  163): OBEX: Core: obex_CoreSendSimplePacket: 0x90 0x3
07-29 14:51:00.510 I/ICEUTIL (  163): WakelockActuate: writing fildLock to /sys/power/wake_unlock
07-29 14:51:00.511 I/ICEUTIL (  163): WakelockActuate: writing fildLock to /sys/power/wake_lock
07-29 14:51:00.511 D/FILD    (  163): OBEX: Core: Received packet: 0x82 0x50 0x4d 0x4d 0x49
07-29 14:51:00.511 I/FILD    (  163): OBEX: File: HandleBodyEndOfBodyHeaders: write in /data/rfs/data/modem/NRAM2_EQUIV_PLMNS.bin
07-29 14:51:00.512 D/FILD    (  163): OBEX: Core: obex_CoreSendSimplePacket: 0xa0 0x3
07-29 14:51:00.519 I/ICEUTIL (  163): WakelockActuate: writing fildLock to /sys/power/wake_unlock
07-29 14:51:00.520 I/ICEUTIL (  163): WakelockActuate: writing fildLock to /sys/power/wake_lock
07-29 14:51:00.520 D/FILD    (  163): OBEX: Core: Received packet: 0x82 0x3e 0x3b 0x3b 0x1
07-29 14:51:00.520 I/FILD    (  163): OBEX: File: HandlePutRequest: removing /data/rfs/data/modem/transaction.log
07-29 14:51:00.521 D/FILD    (  163): OBEX: Core: obex_CoreSendSimplePacket: 0xa0 0x3
07-29 14:51:00.527 I/ICEUTIL (  163): WakelockActuate: writing fildLock to /sys/power/wake_unlock
07-29 14:51:00.527 I/ICEUTIL (  163): WakelockActuate: writing fildLock to /sys/power/wake_lock
07-29 14:51:00.528 D/FILD    (  163): OBEX: Core: Received packet: 0x3 0x3e 0x3b 0x3b 0x1
07-29 14:51:00.528 I/FILD    (  163): OBEX: File: HandleFirstGetResponse: File /data/rfs/data/modem/transaction.log not found.
07-29 14:51:00.528 D/FILD    (  163): OBEX: Core: obex_CoreSendSimplePacket: 0xd0 0x3
07-29 14:51:00.529 I/ICEUTIL (  163): WakelockActuate: writing fildLock to /sys/power/wake_unlock
07-29 14:51:00.530 I/ICEUTIL (  163): WakelockActuate: writing fildLock to /sys/power/wake_lock
07-29 14:51:00.530 D/FILD    (  163): OBEX: Core: Received packet: 0x3 0x3e 0x3b 0x3b 0x1
07-29 14:51:00.530 I/FILD    (  163): OBEX: File: HandleFirstGetResponse: File /data/rfs/data/modem/transaction.log not found.
07-29 14:51:00.530 D/FILD    (  163): OBEX: Core: obex_CoreSendSimplePacket: 0xd0 0x3
07-29 14:51:00.534 I/ICEUTIL (  163): WakelockActuate: writing fildLock to /sys/power/wake_unlock
07-29 14:51:00.535 I/ICEUTIL (  163): WakelockActuate: writing fildLock to /sys/power/wake_lock
07-29 14:51:00.535 D/FILD    (  163): OBEX: Core: Received packet: 0x3 0x3e 0x3b 0x3b 0x1
07-29 14:51:00.535 I/FILD    (  163): OBEX: File: HandleFirstGetResponse: File /data/rfs/data/modem/transaction.log not found.
07-29 14:51:00.535 D/FILD    (  163): OBEX: Core: obex_CoreSendSimplePacket: 0xd0 0x3
07-29 14:51:00.536 I/ICEUTIL (  163): WakelockActuate: writing fildLock to /sys/power/wake_unlock
07-29 14:51:00.537 I/ICEUTIL (  163): WakelockActuate: writing fildLock to /sys/power/wake_lock
07-29 14:51:00.537 D/FILD    (  163): OBEX: Core: Received packet: 0x82 0x41 0x3e 0x3b 0x1
07-29 14:51:00.537 D/FILD    (  163): OBEX: Core: Received packet: 0x82 0x41 0x3e 0x3 0x49
07-29 14:51:00.538 D/FILD    (  163): OBEX: Core: obex_CoreSendSimplePacket: 0xa0 0x3
07-29 14:51:00.544 I/ICEUTIL (  163): WakelockActuate: writing fildLock to /sys/power/wake_unlock
07-29 14:51:00.544 I/ICEUTIL (  163): WakelockActuate: writing fildLock to /sys/power/wake_lock
07-29 14:51:00.544 D/FILD    (  163): OBEX: Core: Received packet: 0x2 0x3e 0x3b 0x3b 0x1
07-29 14:51:00.544 D/FILD    (  163): OBEX: Core: obex_CoreSendSimplePacket: 0x90 0x3
07-29 14:51:00.545 I/ICEUTIL (  163): WakelockActuate: writing fildLock to /sys/power/wake_unlock
07-29 14:51:00.545 I/ICEUTIL (  163): WakelockActuate: writing fildLock to /sys/power/wake_lock
07-29 14:51:00.545 D/FILD    (  163): OBEX: Core: Received packet: 0x82 0xfa 0xf7 0xf7 0x49
07-29 14:51:00.545 I/FILD    (  163): OBEX: File: HandleBodyEndOfBodyHeaders: write in /data/rfs/data/modem/transaction.log
07-29 14:51:00.546 D/FILD    (  163): OBEX: Core: obex_CoreSendSimplePacket: 0xa0 0x3
07-29 14:51:00.549 I/ICEUTIL (  163): WakelockActuate: writing fildLock to /sys/power/wake_unlock
07-29 14:51:00.549 I/ICEUTIL (  163): WakelockActuate: writing fildLock to /sys/power/wake_lock
07-29 14:51:00.549 D/FILD    (  163): OBEX: Core: Received packet: 0x2 0x4c 0x49 0x49 0x1
07-29 14:51:00.549 D/FILD    (  163): OBEX: Core: obex_CoreSendSimplePacket: 0x90 0x3
07-29 14:51:00.550 I/ICEUTIL (  163): WakelockActuate: writing fildLock to /sys/power/wake_unlock
07-29 14:51:00.550 I/ICEUTIL (  163): WakelockActuate: writing fildLock to /sys/power/wake_lock
07-29 14:51:00.550 D/FILD    (  163): OBEX: Core: Received packet: 0x82 0x78 0x75 0x75 0x49
07-29 14:51:00.550 I/FILD    (  163): OBEX: File: HandleBodyEndOfBodyHeaders: write in /data/rfs/data/modem/NRAM2_USIM_MM_DATA.bin
07-29 14:51:00.551 D/FILD    (  163): OBEX: Core: obex_CoreSendSimplePacket: 0xa0 0x3
07-29 14:51:00.551 I/ICEUTIL (  163): WakelockActuate: writing fildLock to /sys/power/wake_unlock
07-29 14:51:00.551 I/ICEUTIL (  163): WakelockActuate: writing fildLock to /sys/power/wake_lock
07-29 14:51:00.551 D/FILD    (  163): OBEX: Core: Received packet: 0x82 0x3e 0x3b 0x3b 0x1
07-29 14:51:00.552 I/FILD    (  163): OBEX: File: HandlePutRequest: removing /data/rfs/data/modem/transaction.log
07-29 14:51:00.552 D/FILD    (  163): OBEX: Core: obex_CoreSendSimplePacket: 0xa0 0x3
07-29 14:51:00.552 I/ICEUTIL (  163): WakelockActuate: writing fildLock to /sys/power/wake_unlock
07-29 14:51:00.638 D/MobileDataStateTracker( 1921): dun: Broadcast received: android.intent.action.ANY_DATA_STATE apnType=dun
07-29 14:51:00.644 D/MobileDataStateTracker( 1921): dun: Received state=DISCONNECTED, old=DISCONNECTED, reason=dataAttached
07-29 14:51:00.657 D/MobileDataStateTracker( 1921): supl: Broadcast received: android.intent.action.ANY_DATA_STATE apnType=supl
07-29 14:51:00.663 D/MobileDataStateTracker( 1921): supl: Received state=DISCONNECTED, old=DISCONNECTED, reason=dataAttached
07-29 14:51:00.672 D/MobileDataStateTracker( 1921): hipri: Broadcast received: android.intent.action.ANY_DATA_STATE apnType=hipri
07-29 14:51:00.680 D/MobileDataStateTracker( 1921): hipri: Received state=DISCONNECTED, old=DISCONNECTED, reason=dataAttached
07-29 14:51:00.688 D/MobileDataStateTracker( 1921): mms: Broadcast received: android.intent.action.ANY_DATA_STATE apnType=mms
07-29 14:51:00.697 D/MobileDataStateTracker( 1921): mms: Received state=DISCONNECTED, old=DISCONNECTED, reason=dataAttached
07-29 14:51:00.709 D/MobileDataStateTracker( 1921): dun: Broadcast received: android.intent.action.ANY_DATA_STATE apnType=dun
07-29 14:51:00.715 D/MobileDataStateTracker( 1921): dun: Received state=DISCONNECTED, old=DISCONNECTED, reason=dataAttached
07-29 14:51:00.728 D/MobileDataStateTracker( 1921): supl: Broadcast received: android.intent.action.ANY_DATA_STATE apnType=supl
07-29 14:51:00.731 D/MobileDataStateTracker( 1921): supl: Received state=DISCONNECTED, old=DISCONNECTED, reason=dataAttached
07-29 14:51:00.740 D/MobileDataStateTracker( 1921): hipri: Broadcast received: android.intent.action.ANY_DATA_STATE apnType=hipri
07-29 14:51:00.743 D/MobileDataStateTracker( 1921): hipri: Received state=DISCONNECTED, old=DISCONNECTED, reason=dataAttached
07-29 14:51:00.751 D/MobileDataStateTracker( 1921): mms: Broadcast received: android.intent.action.ANY_DATA_STATE apnType=mms
07-29 14:51:00.754 D/MobileDataStateTracker( 1921): mms: Received state=DISCONNECTED, old=DISCONNECTED, reason=dataAttached
07-29 14:51:00.122 V/AlarmClock( 4644): AlarmInitReceiver android.intent.action.TIME_SET
07-29 14:51:00.143 I/AlarmClock( 4644): Displaying next alarm time: ''
07-29 14:51:00.155 V/AlarmClock( 4644): AlarmInitReceiver finished
07-29 14:51:00.763 D/        ( 3704): Setting time of day to sec=1438174260
07-29 14:51:04.803 D/WifiController( 1921): battery changed pluggedType: 2
07-29 14:51:05.128 I/ActivityManager( 1921): Delay finish: com.android.providers.calendar/.CalendarProviderBroadcastReceiver
07-29 14:51:05.133 I/ActivityManager( 1921): Resuming delayed broadcast
07-29 14:51:25.041 D/WifiController( 1921): battery changed pluggedType: 2
07-29 14:51:45.141 D/WifiController( 1921): battery changed pluggedType: 2
07-29 14:52:05.299 D/WifiController( 1921): battery changed pluggedType: 2
07-29 14:52:25.438 D/WifiController( 1921): battery changed pluggedType: 2
07-29 14:52:45.687 D/WifiController( 1921): battery changed pluggedType: 2
07-29 14:53:05.779 D/WifiController( 1921): battery changed pluggedType: 2
07-29 14:53:17.150 D/dalvikvm( 4880): GC_CONCURRENT freed 399K, 28% free 3337K/4628K, paused 8ms+12ms, total 109ms
07-29 14:53:25.881 D/WifiController( 1921): battery changed pluggedType: 2
07-29 14:53:46.454 D/WifiController( 1921): battery changed pluggedType: 2
07-29 14:54:06.537 D/WifiController( 1921): battery changed pluggedType: 2
07-29 14:54:26.774 D/WifiController( 1921): battery changed pluggedType: 2
07-29 14:55:27.299 D/WifiController( 1921): battery changed pluggedType: 2
07-29 14:55:47.467 D/WifiController( 1921): battery changed pluggedType: 2
07-29 14:56:07.765 D/WifiController( 1921): battery changed pluggedType: 2
07-29 14:56:48.070 D/WifiController( 1921): battery changed pluggedType: 2
07-29 14:57:08.196 D/WifiController( 1921): battery changed pluggedType: 2
07-29 14:57:28.618 D/WifiController( 1921): battery changed pluggedType: 2
07-29 14:57:48.797 D/WifiController( 1921): battery changed pluggedType: 2
07-29 14:58:09.159 D/WifiController( 1921): battery changed pluggedType: 2
07-29 14:58:29.385 D/WifiController( 1921): battery changed pluggedType: 2
07-29 14:59:30.125 D/WifiController( 1921): battery changed pluggedType: 2
07-29 14:59:47.042 D/dalvikvm( 4880): GC_CONCURRENT freed 377K, 28% free 3350K/4628K, paused 18ms+9ms, total 93ms
07-29 15:00:01.046 I/ProcessStatsService( 1921): Prepared write state in 18ms
07-29 15:00:10.668 D/WifiController( 1921): battery changed pluggedType: 2
07-29 15:00:10.993 I/PowerManagerService( 1921): Waking up from sleep...
07-29 15:00:10.993 D/PowerManagerService( 1921): userActivityNoUpdateLocked: system_ready = false
07-29 15:00:11.033 I/powerHAL::common( 1921): Enabling input device:0
07-29 15:00:11.049 I/powerHAL::common( 1921): Enabling input device:1
07-29 15:00:11.050 D/Sensors ( 1921): AccSensor: Control set 1
07-29 15:00:11.050 D/Sensors ( 1921): AccSensor: mEnabled = 1
07-29 15:00:11.050 V/KeyguardServiceDelegate( 1921): onScreenTurnedOn(showListener = com.android.internal.policy.impl.PhoneWindowManager$17@41fde048)
07-29 15:00:11.056 V/KeyguardServiceDelegate( 1921): **** SHOWN CALLED ****
07-29 15:00:11.056 I/WindowManager( 1921): No lock screen! windowToken=null
07-29 15:00:11.070 D/PowerManagerService-JNI( 1921): Excessive delay in setInteractive(true) while turning screen on: 36ms
07-29 15:00:11.071 D/SurfaceFlinger(  145): Screen acquired, type=0 flinger=0xb764f450
07-29 15:00:11.071 D/hwcomposer(  145): hwc_blank: display 0: unblank
07-29 15:00:11.071 D/hwcomposer(  145): hwc_blank_display: display 0: [1 -> 0]
07-29 15:00:11.071 D/hwcomposer(  145): Display 0 layer clip is 720 x 1280
07-29 15:00:11.071 D/hwcomposer(  145): Display 0 device clip is 720 x 1280
07-29 15:00:11.071 D/hwcomposer(  145): dc_blank: display 0, [1 -> 0]
07-29 15:00:11.626 D/SurfaceControl( 1921): Excessive delay in unblankDisplay() while turning screen on: 557ms
07-29 15:00:11.655 V/nvaudio_hw(  148): nvaudio_dev_set_parameters : screen_state=on
07-29 15:00:11.656 W/BroadcastQueue( 1921): Permission Denial: broadcasting Intent { act=android.intent.action.USER_PRESENT flg=0x24000010 } from com.android.keyguard (pid=3515, uid=10009) is not exported from uid 10061 due to receiver com.kingroot.kinguser/.receiver.ScreenEventReceiver
07-29 15:00:11.661 W/System.err( 3655): com.kingroot.kinguser.jr: no connecition!
07-29 15:00:11.661 W/System.err( 3655): 	at com.kingroot.kinguser.ja.n(SourceFile:84)
07-29 15:00:11.661 W/System.err( 3655): 	at com.kingroot.kinguser.jv.a(SourceFile:333)
07-29 15:00:11.661 W/System.err( 3655): 	at com.kingroot.kinguser.jv.X(SourceFile:718)
07-29 15:00:11.661 W/System.err( 3655): 	at com.kingroot.kinguser.cv.run(SourceFile:58)
07-29 15:00:11.661 W/System.err( 3655): 	at com.kingroot.kinguser.st.a(SourceFile:137)
07-29 15:00:11.661 W/System.err( 3655): 	at com.kingroot.kinguser.su.b(SourceFile:99)
07-29 15:00:11.661 W/System.err( 3655): 	at com.kingroot.kinguser.sw.run(SourceFile:242)
07-29 15:00:11.667 W/System.err( 3655): com.kingroot.kinguser.jr: no connecition!
07-29 15:00:11.667 W/System.err( 3655): 	at com.kingroot.kinguser.ja.n(SourceFile:84)
07-29 15:00:11.668 W/System.err( 3655): 	at com.kingroot.kinguser.jv.a(SourceFile:333)
07-29 15:00:11.668 W/System.err( 3655): 	at com.kingroot.kinguser.jv.a(SourceFile:488)
07-29 15:00:11.668 W/System.err( 3655): 	at com.kingroot.kinguser.kh.is(SourceFile:116)
07-29 15:00:11.668 W/System.err( 3655): 	at com.kingroot.kinguser.kh.a(SourceFile:39)
07-29 15:00:11.668 W/System.err( 3655): 	at com.kingroot.kinguser.kj.f(SourceFile:100)
07-29 15:00:11.668 W/System.err( 3655): 	at com.kingroot.kinguser.fc.a(SourceFile:89)
07-29 15:00:11.668 W/System.err( 3655): 	at com.kingroot.kinguser.ki.run(SourceFile:97)
07-29 15:00:11.668 W/System.err( 3655): 	at com.kingroot.kinguser.st.a(SourceFile:137)
07-29 15:00:11.668 W/System.err( 3655): 	at com.kingroot.kinguser.su.b(SourceFile:99)
07-29 15:00:11.668 W/System.err( 3655): 	at com.kingroot.kinguser.sw.run(SourceFile:242)
07-29 15:00:11.674 W/System.err( 3655): com.kingroot.kinguser.jr: no connecition!
07-29 15:00:11.674 W/System.err( 3655): 	at com.kingroot.kinguser.ja.n(SourceFile:84)
07-29 15:00:11.674 W/System.err( 3655): 	at com.kingroot.kinguser.jv.a(SourceFile:333)
07-29 15:00:11.674 W/System.err( 3655): 	at com.kingroot.kinguser.jv.a(SourceFile:768)
07-29 15:00:11.674 W/System.err( 3655): 	at com.kingroot.kinguser.ps.kk(SourceFile:178)
07-29 15:00:11.674 W/System.err( 3655): 	at com.kingroot.kinguser.ps.km(SourceFile:21)
07-29 15:00:11.674 W/System.err( 3655): 	at com.kingroot.kinguser.pw.run(SourceFile:164)
07-29 15:00:11.674 W/System.err( 3655): 	at com.kingroot.kinguser.st.a(SourceFile:137)
07-29 15:00:11.674 W/System.err( 3655): 	at com.kingroot.kinguser.su.b(SourceFile:99)
07-29 15:00:11.674 W/System.err( 3655): 	at com.kingroot.kinguser.sw.run(SourceFile:242)
07-29 15:00:11.678 W/System.err( 3655): com.kingroot.kinguser.jr: no connecition!
07-29 15:00:11.678 W/System.err( 3655): 	at com.kingroot.kinguser.ja.n(SourceFile:84)
07-29 15:00:11.679 W/System.err( 3655): 	at com.kingroot.kinguser.jv.a(SourceFile:333)
07-29 15:00:11.679 W/System.err( 3655): 	at com.kingroot.kinguser.jv.a(SourceFile:768)
07-29 15:00:11.679 W/System.err( 3655): 	at com.kingroot.kinguser.ps.ki(SourceFile:144)
07-29 15:00:11.679 W/System.err( 3655): 	at com.kingroot.kinguser.ps.cd(SourceFile:21)
07-29 15:00:11.679 W/System.err( 3655): 	at com.kingroot.kinguser.pv.run(SourceFile:127)
07-29 15:00:11.679 W/System.err( 3655): 	at com.kingroot.kinguser.st.a(SourceFile:137)
07-29 15:00:11.679 W/System.err( 3655): 	at com.kingroot.kinguser.su.b(SourceFile:99)
07-29 15:00:11.679 W/System.err( 3655): 	at com.kingroot.kinguser.sw.run(SourceFile:242)
07-29 15:00:11.680 W/System.err( 3655): com.kingroot.kinguser.jr: no connecition!
07-29 15:00:11.681 W/System.err( 3655): 	at com.kingroot.kinguser.ja.n(SourceFile:84)
07-29 15:00:11.681 W/System.err( 3655): 	at com.kingroot.kinguser.jv.a(SourceFile:333)
07-29 15:00:11.681 W/System.err( 3655): 	at com.kingroot.kinguser.jv.a(SourceFile:768)
07-29 15:00:11.681 W/System.err( 3655): 	at com.kingroot.kinguser.ps.kg(SourceFile:99)
07-29 15:00:11.681 W/System.err( 3655): 	at com.kingroot.kinguser.ps.kl(SourceFile:21)
07-29 15:00:11.681 W/System.err( 3655): 	at com.kingroot.kinguser.pu.run(SourceFile:82)
07-29 15:00:11.681 W/System.err( 3655): 	at com.kingroot.kinguser.st.a(SourceFile:137)
07-29 15:00:11.681 W/System.err( 3655): 	at com.kingroot.kinguser.su.b(SourceFile:99)
07-29 15:00:11.681 W/System.err( 3655): 	at com.kingroot.kinguser.sw.run(SourceFile:242)
07-29 15:00:11.708 D/MobileDataStateTracker( 1921): default: Broadcast received: android.intent.action.ANY_DATA_STATE apnType=default
07-29 15:00:11.710 D/MobileDataStateTracker( 1921): default: Received state=DISCONNECTED, old=DISCONNECTED, reason=(unspecified)
07-29 15:00:11.713 W/ContextImpl( 4486): Calling a method in the system process without a qualified user: android.app.ContextImpl.startService:1479 android.content.ContextWrapper.startService:494 com.karumi.blackphone.wipe.service.receiver.PhoneUnLockReceiver.onReceive:21 android.app.LoadedApk$ReceiverDispatcher$Args.run:768 android.os.Handler.handleCallback:733 
07-29 15:00:12.521 D/PowerManagerService( 1921): userActivityNoUpdateLocked: system_ready = false
07-29 15:00:12.523 I/PowerManagerService( 1921): setBrightness mButtonLight, screenBrightness=102
07-29 15:00:12.527 E/        ( 1921): Vibrator sendit ms = 0
07-29 15:00:12.529 I/PowerManagerService( 1921): setBrightness mButtonLight, screenBrightness=102
07-29 15:00:12.532 E/        ( 1921): Vibrator sendit ms = 1
07-29 15:00:12.555 E/        ( 1921): Vibrator sendit ms = 21
07-29 15:00:12.589 W/ViewRootImpl( 1921): Dropping event due to no window focus: KeyEvent { action=ACTION_DOWN, keyCode=KEYCODE_POWER, scanCode=116, metaState=0, flags=0x8, repeatCount=2, eventTime=16344952, downTime=16344401, deviceId=6, source=0x101 }
07-29 15:00:12.597 I/PowerManagerService( 1921): setBrightness mButtonLight, screenBrightness=102
07-29 15:00:12.619 D/PhoneStatusBar( 3515): disable: < EXPAND* icons alerts ticker system_info back home recent clock search >
