07-29 13:18:53.481 V/nvaudio_hw(  148): nvaudio_out_get_latency: latency 85
07-29 13:18:53.482 V/NvAudioPolicyManager(  148): startOutput() output 2, stream 1, session 288
07-29 13:18:53.482 V/NvAudioPolicyManager(  148): getDeviceForStrategy() from cache strategy 0, device 2
07-29 13:18:53.482 V/AudioPolicyManagerBase(  148): changeRefCount() stream 1, count 1
07-29 13:18:53.482 V/NvAudioPolicyManager(  148): getDeviceForStrategy() strategy 0, device 2
07-29 13:18:53.482 V/AudioPolicyManagerBase(  148): getNewDevice() selected device 2
07-29 13:18:53.482 V/AudioPolicyManagerBase(  148): setOutputDevice() output 2 device 0002 delayMs 0
07-29 13:18:53.482 V/AudioPolicyManagerBase(  148): setOutputDevice() prevDevice 0002
07-29 13:18:53.482 V/NvAudioPolicyManager(  148): getDeviceForStrategy() strategy 0, device 2
07-29 13:18:53.482 V/NvAudioPolicyManager(  148): getDeviceForStrategy() strategy 1, device 1
07-29 13:18:53.482 V/NvAudioPolicyManager(  148): getDeviceForStrategy() strategy 2, device 2
07-29 13:18:53.482 V/NvAudioPolicyManager(  148): getDeviceForStrategy() strategy 2, device 2
07-29 13:18:53.482 V/NvAudioPolicyManager(  148): getDeviceForStrategy() strategy 3, device 2
07-29 13:18:53.482 V/NvAudioPolicyManager(  148): getDeviceForStrategy() strategy 0, device 2
07-29 13:18:53.482 V/NvAudioPolicyManager(  148): getDeviceForStrategy() strategy 4, device 2
07-29 13:18:53.482 V/NvAudioPolicyManager(  148): getDeviceForStrategy() strategy 5, device 2
07-29 13:18:53.482 V/NvAudioPolicyManager(  148): getDeviceForStrategy() strategy 6, device 1
07-29 13:18:53.482 V/AudioPolicyManagerBase(  148): setOutputDevice() setting same device 0002 or null device for output 2
07-29 13:18:53.482 V/NvAudioPolicyManager(  148): getDeviceForStrategy() from cache strategy 0, device 2
07-29 13:18:53.482 V/NvAudioPolicyManager(  148): getDeviceForStrategy() from cache strategy 0, device 2
07-29 13:18:53.482 V/nvaudio_hw(  148): nvaudio_dev_set_parameters : nv_param_media_routing=2
07-29 13:18:53.482 V/nvaudio_hw(  148): Media is routed to :2
07-29 13:18:53.482 V/nvaudio_hw(  148): ULP supported: dev 2
07-29 13:18:53.483 V/AudioPolicyManagerBase(  148): releaseOutput() 2
07-29 13:18:53.494 I/PowerManagerService( 1921): setBrightness mButtonLight, screenBrightness=102
07-29 13:18:54.106 E/        ( 1921): Vibrator sendit ms = 0
07-29 13:18:54.107 E/        ( 1921): Vibrator sendit ms = 10
07-29 13:18:54.107 I/PowerManagerService( 1921): setBrightness mButtonLight, screenBrightness=102
07-29 13:18:54.108 D/PowerManagerService( 1921): userActivityNoUpdateLocked: system_ready = false
07-29 13:18:54.108 I/PowerManagerService( 1921): setBrightness mButtonLight, screenBrightness=102
07-29 13:18:54.148 E/        ( 1921): Vibrator sendit ms = 30
07-29 13:18:54.171 V/legacy_audio_policy_hal(  148): audio_io_handle_t android_audio_legacy::ap_get_output(audio_policy*, audio_stream_type_t, uint32_t, audio_format_t, audio_channel_mask_t, audio_output_flags_t, const audio_offload_info_t*): tid 11907
07-29 13:18:54.171 V/NvAudioPolicyManager(  148): getDeviceForStrategy() strategy 0, device 2
07-29 13:18:54.171 V/NvAudioPolicyManager(  148): getOutput() stream 1, samplingRate 0, format 0, channelMask 3, flags 0
07-29 13:18:54.171 V/NvAudioPolicyManager(  148): getOutput() returns output 2
07-29 13:18:54.171 V/legacy_audio_policy_hal(  148): audio_io_handle_t android_audio_legacy::ap_get_output(audio_policy*, audio_stream_type_t, uint32_t, audio_format_t, audio_channel_mask_t, audio_output_flags_t, const audio_offload_info_t*): tid 3296
07-29 13:18:54.171 V/NvAudioPolicyManager(  148): getDeviceForStrategy() strategy 0, device 2
07-29 13:18:54.171 V/NvAudioPolicyManager(  148): getOutput() stream 1, samplingRate 0, format 0, channelMask 3, flags 0
07-29 13:18:54.171 V/NvAudioPolicyManager(  148): getOutput() returns output 2
07-29 13:18:54.171 V/legacy_audio_policy_hal(  148): audio_io_handle_t android_audio_legacy::ap_get_output(audio_policy*, audio_stream_type_t, uint32_t, audio_format_t, audio_channel_mask_t, audio_output_flags_t, const audio_offload_info_t*): tid 148
07-29 13:18:54.171 V/NvAudioPolicyManager(  148): getDeviceForStrategy() strategy 0, device 2
07-29 13:18:54.171 V/NvAudioPolicyManager(  148): getOutput() stream 1, samplingRate 44100, format 1, channelMask 3, flags 4
07-29 13:18:54.171 V/NvAudioPolicyManager(  148): getOutput() returns output 2
07-29 13:18:54.171 V/nvaudio_hw(  148): nvaudio_out_get_latency: latency 85
07-29 13:18:54.172 V/NvAudioPolicyManager(  148): startOutput() output 2, stream 1, session 289
07-29 13:18:54.172 V/NvAudioPolicyManager(  148): getDeviceForStrategy() from cache strategy 0, device 2
07-29 13:18:54.172 V/AudioPolicyManagerBase(  148): changeRefCount() stream 1, count 2
07-29 13:18:54.172 V/AudioPolicyManagerBase(  148): releaseOutput() 2
07-29 13:18:54.178 W/InputMethodManagerService( 1921): Window already focused, ignoring focus gain of: com.android.internal.view.IInputMethodClient$Stub$Proxy@41ce2498 attribute=null, token = android.os.BinderProxy@42138540
07-29 13:18:54.209 I/PowerManagerService( 1921): setBrightness mButtonLight, screenBrightness=102
07-29 13:18:54.503 V/nvaudio_hw(  148): nvaudio_out_get_latency: latency 85
07-29 13:18:54.528 V/nvaudio_hw(  148): nvaudio_out_get_latency: latency 85
07-29 13:18:54.549 V/nvaudio_hw(  148): nvaudio_out_get_latency: latency 85
07-29 13:18:54.570 V/nvaudio_hw(  148): nvaudio_out_get_latency: latency 85
07-29 13:18:54.590 V/nvaudio_hw(  148): nvaudio_out_get_latency: latency 85
07-29 13:18:54.609 V/NvAudioPolicyManager(  148): stopOutput() output 2, stream 1, session 288
07-29 13:18:54.609 V/NvAudioPolicyManager(  148): getDeviceForStrategy() from cache strategy 0, device 2
07-29 13:18:54.609 V/AudioPolicyManagerBase(  148): changeRefCount() stream 1, count 1
07-29 13:18:54.674 D/PowerManagerService( 1921): userActivityNoUpdateLocked: system_ready = false
07-29 13:18:54.674 I/PowerManagerService( 1921): setBrightness mButtonLight, screenBrightness=102
07-29 13:18:54.734 V/legacy_audio_policy_hal(  148): audio_io_handle_t android_audio_legacy::ap_get_output(audio_policy*, audio_stream_type_t, uint32_t, audio_format_t, audio_channel_mask_t, audio_output_flags_t, const audio_offload_info_t*): tid 3297
07-29 13:18:54.734 V/NvAudioPolicyManager(  148): getDeviceForStrategy() strategy 0, device 2
07-29 13:18:54.734 V/NvAudioPolicyManager(  148): getOutput() stream 1, samplingRate 0, format 0, channelMask 3, flags 0
07-29 13:18:54.734 V/NvAudioPolicyManager(  148): getOutput() returns output 2
07-29 13:18:54.734 V/legacy_audio_policy_hal(  148): audio_io_handle_t android_audio_legacy::ap_get_output(audio_policy*, audio_stream_type_t, uint32_t, audio_format_t, audio_channel_mask_t, audio_output_flags_t, const audio_offload_info_t*): tid 5510
07-29 13:18:54.734 V/NvAudioPolicyManager(  148): getDeviceForStrategy() strategy 0, device 2
07-29 13:18:54.734 V/NvAudioPolicyManager(  148): getOutput() stream 1, samplingRate 0, format 0, channelMask 3, flags 0
07-29 13:18:54.734 V/NvAudioPolicyManager(  148): getOutput() returns output 2
07-29 13:18:54.734 V/legacy_audio_policy_hal(  148): audio_io_handle_t android_audio_legacy::ap_get_output(audio_policy*, audio_stream_type_t, uint32_t, audio_format_t, audio_channel_mask_t, audio_output_flags_t, const audio_offload_info_t*): tid 11907
07-29 13:18:54.734 V/NvAudioPolicyManager(  148): getDeviceForStrategy() strategy 0, device 2
07-29 13:18:54.734 V/NvAudioPolicyManager(  148): getOutput() stream 1, samplingRate 44100, format 1, channelMask 3, flags 4
07-29 13:18:54.734 V/NvAudioPolicyManager(  148): getOutput() returns output 2
07-29 13:18:54.735 V/nvaudio_hw(  148): nvaudio_out_get_latency: latency 85
07-29 13:18:54.735 V/NvAudioPolicyManager(  148): startOutput() output 2, stream 1, session 290
07-29 13:18:54.735 V/NvAudioPolicyManager(  148): getDeviceForStrategy() from cache strategy 0, device 2
07-29 13:18:54.735 V/AudioPolicyManagerBase(  148): changeRefCount() stream 1, count 2
07-29 13:18:54.736 V/AudioPolicyManagerBase(  148): releaseOutput() 2
07-29 13:18:54.749 I/dalvikvm-heap( 9012): Grow heap (frag case) to 22.095MB for 155152-byte allocation
07-29 13:18:54.750 I/dalvikvm-heap( 9012): Grow heap (frag case) to 22.293MB for 155152-byte allocation
07-29 13:18:54.751 I/dalvikvm-heap( 9012): Grow heap (frag case) to 22.492MB for 155152-byte allocation
07-29 13:18:54.752 I/dalvikvm-heap( 9012): Grow heap (frag case) to 22.690MB for 155152-byte allocation
07-29 13:18:54.753 I/dalvikvm-heap( 9012): Grow heap (frag case) to 22.888MB for 155152-byte allocation
07-29 13:18:54.754 I/dalvikvm-heap( 9012): Grow heap (frag case) to 23.086MB for 155152-byte allocation
07-29 13:18:54.755 I/dalvikvm-heap( 9012): Grow heap (frag case) to 23.285MB for 155152-byte allocation
07-29 13:18:54.756 I/dalvikvm-heap( 9012): Grow heap (frag case) to 23.483MB for 155152-byte allocation
07-29 13:18:55.189 V/nvaudio_hw(  148): nvaudio_out_get_latency: latency 85
07-29 13:18:55.209 V/nvaudio_hw(  148): nvaudio_out_get_latency: latency 85
07-29 13:18:55.229 V/nvaudio_hw(  148): nvaudio_out_get_latency: latency 85
07-29 13:18:55.250 V/nvaudio_hw(  148): nvaudio_out_get_latency: latency 85
07-29 13:18:55.270 V/nvaudio_hw(  148): nvaudio_out_get_latency: latency 85
07-29 13:18:55.296 V/NvAudioPolicyManager(  148): stopOutput() output 2, stream 1, session 289
07-29 13:18:55.296 V/NvAudioPolicyManager(  148): getDeviceForStrategy() from cache strategy 0, device 2
07-29 13:18:55.296 V/AudioPolicyManagerBase(  148): changeRefCount() stream 1, count 1
07-29 13:18:55.741 V/nvaudio_hw(  148): nvaudio_out_get_latency: latency 85
07-29 13:18:55.751 V/nvaudio_hw(  148): nvaudio_out_get_latency: latency 85
07-29 13:18:55.761 V/nvaudio_hw(  148): nvaudio_out_get_latency: latency 85
07-29 13:18:55.772 V/nvaudio_hw(  148): nvaudio_out_get_latency: latency 85
07-29 13:18:55.787 V/nvaudio_hw(  148): nvaudio_out_get_latency: latency 85
07-29 13:18:55.798 V/nvaudio_hw(  148): nvaudio_out_get_latency: latency 85
07-29 13:18:55.808 V/nvaudio_hw(  148): nvaudio_out_get_latency: latency 85
07-29 13:18:55.818 V/nvaudio_hw(  148): nvaudio_out_get_latency: latency 85
07-29 13:18:55.829 V/nvaudio_hw(  148): nvaudio_out_get_latency: latency 85
07-29 13:18:55.840 V/NvAudioPolicyManager(  148): stopOutput() output 2, stream 1, session 290
07-29 13:18:55.840 V/NvAudioPolicyManager(  148): getDeviceForStrategy() from cache strategy 0, device 2
07-29 13:18:55.840 V/AudioPolicyManagerBase(  148): changeRefCount() stream 1, count 0
07-29 13:18:55.840 V/AudioPolicyManagerBase(  148): getNewDevice() selected device 0
07-29 13:18:55.840 V/AudioPolicyManagerBase(  148): setOutputDevice() output 2 device 0000 delayMs 170
07-29 13:18:55.840 V/AudioPolicyManagerBase(  148): setOutputDevice() prevDevice 0002
07-29 13:18:55.840 V/NvAudioPolicyManager(  148): getDeviceForStrategy() strategy 0, device 2
07-29 13:18:55.840 V/NvAudioPolicyManager(  148): getDeviceForStrategy() strategy 1, device 1
07-29 13:18:55.840 V/NvAudioPolicyManager(  148): getDeviceForStrategy() strategy 2, device 2
07-29 13:18:55.840 V/NvAudioPolicyManager(  148): getDeviceForStrategy() strategy 2, device 2
07-29 13:18:55.840 V/NvAudioPolicyManager(  148): getDeviceForStrategy() strategy 3, device 2
07-29 13:18:55.840 V/NvAudioPolicyManager(  148): getDeviceForStrategy() strategy 0, device 2
07-29 13:18:55.840 V/NvAudioPolicyManager(  148): getDeviceForStrategy() strategy 4, device 2
07-29 13:18:55.840 V/NvAudioPolicyManager(  148): getDeviceForStrategy() strategy 5, device 2
07-29 13:18:55.840 V/NvAudioPolicyManager(  148): getDeviceForStrategy() strategy 6, device 1
07-29 13:18:55.840 V/AudioPolicyManagerBase(  148): setOutputDevice() setting same device 0000 or null device for output 2
07-29 13:18:55.840 V/NvAudioPolicyManager(  148): getDeviceForStrategy() from cache strategy 0, device 2
07-29 13:18:55.840 V/NvAudioPolicyManager(  148): getDeviceForStrategy() from cache strategy 0, device 2
07-29 13:18:55.840 V/nvaudio_hw(  148): nvaudio_dev_set_parameters : nv_param_media_routing=2
07-29 13:18:55.840 V/nvaudio_hw(  148): Media is routed to :2
07-29 13:18:55.840 V/nvaudio_hw(  148): ULP supported: dev 2
07-29 13:18:55.928 D/PowerManagerService( 1921): userActivityNoUpdateLocked: system_ready = false
07-29 13:18:55.928 I/PowerManagerService( 1921): setBrightness mButtonLight, screenBrightness=102
07-29 13:18:58.720 V/nvaudio_hw(  148): nvaudio_out_standby: hw_dev->mode: 0
07-29 13:18:58.720 V/nvaudio_hw(  148): close_alsa_dev : active stream count 1
07-29 13:18:58.754 V/nvaudio_hw(  148): trigger_dma_callback dma address 0x00000000 on 0
07-29 13:18:58.758 I/PowerManagerService( 1921): setBrightness mButtonLight, screenBrightness=102
07-29 13:19:00.004 I/PowerManagerService( 1921): setBrightness mButtonLight, screenBrightness=102
07-29 13:19:00.053 I/PowerManagerService( 1921): setBrightness mButtonLight, screenBrightness=102
07-29 13:19:00.975 E/        ( 1921): Vibrator sendit ms = 0
07-29 13:19:00.978 I/PowerManagerService( 1921): setBrightness mButtonLight, screenBrightness=102
07-29 13:19:00.980 D/PowerManagerService( 1921): userActivityNoUpdateLocked: system_ready = false
07-29 13:19:00.981 I/PowerManagerService( 1921): setBrightness mButtonLight, screenBrightness=102
07-29 13:19:00.990 E/        ( 1921): Vibrator sendit ms = 10
07-29 13:19:01.033 E/        ( 1921): Vibrator sendit ms = 30
07-29 13:19:01.081 D/PowerManagerService( 1921): userActivityNoUpdateLocked: system_ready = false
07-29 13:19:01.081 I/PowerManagerService( 1921): setBrightness mButtonLight, screenBrightness=102
07-29 13:19:01.082 I/ActivityManager( 1921): START u0 {act=android.intent.action.MAIN cat=[android.intent.category.HOME] flg=0x10200000 cmp=com.android.launcher/com.android.launcher2.Launcher} from pid 1921
07-29 13:19:01.084 I/PowerManagerService( 1921): setBrightness mButtonLight, screenBrightness=102
07-29 13:19:01.094 I/PowerManagerService( 1921): setBrightness mButtonLight, screenBrightness=102
07-29 13:19:01.208 I/PowerManagerService( 1921): setBrightness mButtonLight, screenBrightness=102
07-29 13:19:01.617 W/SurfaceFlinger(  145): couldn't log to binary event log: overflow.
07-29 13:19:01.667 E/JavaBinder( 9012): !!! FAILED BINDER TRANSACTION !!!
07-29 13:19:02.079 D/PowerManagerService( 1921): userActivityNoUpdateLocked: system_ready = false
07-29 13:19:02.079 I/PowerManagerService( 1921): setBrightness mButtonLight, screenBrightness=102
07-29 13:19:02.150 V/legacy_audio_policy_hal(  148): audio_io_handle_t android_audio_legacy::ap_get_output(audio_policy*, audio_stream_type_t, uint32_t, audio_format_t, audio_channel_mask_t, audio_output_flags_t, const audio_offload_info_t*): tid 3297
07-29 13:19:02.150 V/NvAudioPolicyManager(  148): getDeviceForStrategy() strategy 0, device 2
07-29 13:19:02.150 V/NvAudioPolicyManager(  148): getOutput() stream 1, samplingRate 0, format 0, channelMask 3, flags 0
07-29 13:19:02.150 V/NvAudioPolicyManager(  148): getOutput() returns output 2
07-29 13:19:02.150 V/legacy_audio_policy_hal(  148): audio_io_handle_t android_audio_legacy::ap_get_output(audio_policy*, audio_stream_type_t, uint32_t, audio_format_t, audio_channel_mask_t, audio_output_flags_t, const audio_offload_info_t*): tid 5510
07-29 13:19:02.150 V/NvAudioPolicyManager(  148): getDeviceForStrategy() strategy 0, device 2
07-29 13:19:02.150 V/NvAudioPolicyManager(  148): getOutput() stream 1, samplingRate 0, format 0, channelMask 3, flags 0
07-29 13:19:02.150 V/NvAudioPolicyManager(  148): getOutput() returns output 2
07-29 13:19:02.150 V/legacy_audio_policy_hal(  148): audio_io_handle_t android_audio_legacy::ap_get_output(audio_policy*, audio_stream_type_t, uint32_t, audio_format_t, audio_channel_mask_t, audio_output_flags_t, const audio_offload_info_t*): tid 148
07-29 13:19:02.150 V/NvAudioPolicyManager(  148): getDeviceForStrategy() strategy 0, device 2
07-29 13:19:02.150 V/NvAudioPolicyManager(  148): getOutput() stream 1, samplingRate 44100, format 1, channelMask 3, flags 4
07-29 13:19:02.150 V/NvAudioPolicyManager(  148): getOutput() returns output 2
07-29 13:19:02.151 V/nvaudio_hw(  148): nvaudio_out_get_latency: latency 85
07-29 13:19:02.151 V/NvAudioPolicyManager(  148): startOutput() output 2, stream 1, session 291
07-29 13:19:02.151 V/NvAudioPolicyManager(  148): getDeviceForStrategy() from cache strategy 0, device 2
07-29 13:19:02.151 V/AudioPolicyManagerBase(  148): changeRefCount() stream 1, count 1
07-29 13:19:02.151 V/NvAudioPolicyManager(  148): getDeviceForStrategy() strategy 0, device 2
07-29 13:19:02.151 V/AudioPolicyManagerBase(  148): getNewDevice() selected device 2
07-29 13:19:02.151 V/AudioPolicyManagerBase(  148): setOutputDevice() output 2 device 0002 delayMs 0
07-29 13:19:02.151 V/AudioPolicyManagerBase(  148): setOutputDevice() prevDevice 0002
07-29 13:19:02.151 V/NvAudioPolicyManager(  148): getDeviceForStrategy() strategy 0, device 2
07-29 13:19:02.151 V/NvAudioPolicyManager(  148): getDeviceForStrategy() strategy 1, device 1
07-29 13:19:02.151 V/NvAudioPolicyManager(  148): getDeviceForStrategy() strategy 2, device 2
07-29 13:19:02.151 V/NvAudioPolicyManager(  148): getDeviceForStrategy() strategy 2, device 2
07-29 13:19:02.151 V/NvAudioPolicyManager(  148): getDeviceForStrategy() strategy 3, device 2
07-29 13:19:02.151 V/NvAudioPolicyManager(  148): getDeviceForStrategy() strategy 0, device 2
07-29 13:19:02.151 V/NvAudioPolicyManager(  148): getDeviceForStrategy() strategy 4, device 2
07-29 13:19:02.151 V/NvAudioPolicyManager(  148): getDeviceForStrategy() strategy 5, device 2
07-29 13:19:02.151 V/NvAudioPolicyManager(  148): getDeviceForStrategy() strategy 6, device 1
07-29 13:19:02.151 V/AudioPolicyManagerBase(  148): setOutputDevice() setting same device 0002 or null device for output 2
07-29 13:19:02.151 I/ActivityManager( 1921): START u0 {act=android.intent.action.MAIN cat=[android.intent.category.LAUNCHER] flg=0x10200000 cmp=com.spideroak.blackphone/.SpiderOakBlack bnds=[360,533][520,733]} from pid 3723
07-29 13:19:02.152 V/NvAudioPolicyManager(  148): getDeviceForStrategy() from cache strategy 0, device 2
07-29 13:19:02.152 V/NvAudioPolicyManager(  148): getDeviceForStrategy() from cache strategy 0, device 2
07-29 13:19:02.152 V/nvaudio_hw(  148): nvaudio_dev_set_parameters : nv_param_media_routing=2
07-29 13:19:02.152 V/nvaudio_hw(  148): Media is routed to :2
07-29 13:19:02.152 V/nvaudio_hw(  148): ULP supported: dev 2
07-29 13:19:02.153 V/nvaudio_hw(  148): open_out_alsa_dev
07-29 13:19:02.153 V/nvaudio_hw(  148): get_active_dev_rate : card 1 device 0
07-29 13:19:02.153 V/nvaudio_hw(  148): set_route : dev id 0 ref 1 devices 0x2 -> 0x2
07-29 13:19:02.153 I/PowerManagerService( 1921): setBrightness mButtonLight, screenBrightness=102
07-29 13:19:02.154 V/nvaudio_hw(  148): Opened Alsa OUT device music with pcm_config
07-29 13:19:02.154 V/nvaudio_hw(  148):  channels 2
07-29 13:19:02.154 V/nvaudio_hw(  148):  rate 48000
07-29 13:19:02.154 V/nvaudio_hw(  148):  format 0
07-29 13:19:02.154 V/nvaudio_hw(  148):  period_size 1024
07-29 13:19:02.154 V/nvaudio_hw(  148):  period_count 1
07-29 13:19:02.154 V/nvaudio_hw(  148):  start_threshold 1
07-29 13:19:02.154 V/nvaudio_hw(  148):  stop_threshold 2049 
07-29 13:19:02.154 V/nvaudio_hw(  148): silence_threshold 0
07-29 13:19:02.154 V/nvaudio_hw(  148):  avail_min 1
07-29 13:19:02.154 V/nvaudio_hw(  148): set_avp_render_path
07-29 13:19:02.154 V/nvaudio_hw(  148): set_out_resampler : quality 4
07-29 13:19:02.154 V/nvaudio_hw(  148): No resampler required
07-29 13:19:02.154 V/nvaudio_hw(  148): set_current_route : dev id 0
07-29 13:19:02.154 V/nvaudio_hw(  148): set_route_by_array
07-29 13:19:02.154 V/nvaudio_hw(  148): set_route_by_array
07-29 13:19:02.154 V/nvaudio_hw(  148): Set 'Right Speaker Mixer Left DAC Switch' to '1' mode = 0 r->mode = -2 srate = 48000 r->srate = 0 
07-29 13:19:02.154 V/nvaudio_hw(  148): Set 'Right Speaker Mixer Right DAC Switch' to '1' mode = 0 r->mode = -2 srate = 48000 r->srate = 0 
07-29 13:19:02.154 V/nvaudio_hw(  148): Set 'Speaker Left Switch' to '1' mode = 0 r->mode = -2 srate = 48000 r->srate = 0 
07-29 13:19:02.154 V/nvaudio_hw(  148): Set 'Speaker Right Switch' to '1' mode = 0 r->mode = -2 srate = 48000 r->srate = 0 
07-29 13:19:02.154 V/nvaudio_hw(  148): Set 'Speaker Left Volume' to '58' mode = 0 r->mode = -2 srate = 48000 r->srate = 0 
07-29 13:19:02.154 V/nvaudio_hw(  148): Set 'Speaker Right Volume' to '58' mode = 0 r->mode = -2 srate = 48000 r->srate = 0 
07-29 13:19:02.154 V/nvaudio_hw(  148): Set 'Digital Gain Volume' to '0' mode = 0 r->mode = -2 srate = 48000 r->srate = 0 
07-29 13:19:02.154 V/nvaudio_hw(  148): Set 'Digital Level Volume' to '10' mode = 0 r->mode = -2 srate = 48000 r->srate = 0 
07-29 13:19:02.154 V/AudioPolicyManagerBase(  148): releaseOutput() 2
07-29 13:19:02.154 V/nvaudio_hw(  148): Set 'Int Spk Switch' to '1' mode = 0 r->mode = -2 srate = 48000 r->srate = 0 
07-29 13:19:02.154 V/nvaudio_hw(  148): Set 'ALC Make Up Gain Volume' to '8' mode = 0 r->mode = -2 srate = 48000 r->srate = 0 
07-29 13:19:02.154 V/nvaudio_hw(  148): Set 'ALC Compression Ratio' to '3' mode = 0 r->mode = -2 srate = 48000 r->srate = 0 
07-29 13:19:02.154 V/nvaudio_hw(  148): Set 'ALC Compression Threshold Volume' to '14' mode = 0 r->mode = -2 srate = 48000 r->srate = 0 
07-29 13:19:02.154 V/nvaudio_hw(  148): Set 'ALC Expansion Ratio' to '2' mode = 0 r->mode = -2 srate = 48000 r->srate = 0 
07-29 13:19:02.154 V/nvaudio_hw(  148): Set 'ALC Expansion Threshold Volume' to '26' mode = 0 r->mode = -2 srate = 48000 r->srate = 0 
07-29 13:19:02.154 V/nvaudio_hw(  148): Set 'ALC Enable' to '1' mode = 0 r->mode = -2 srate = 48000 r->srate = 0 
07-29 13:19:02.154 V/nvaudio_hw(  148): Set 'Speaker Left Mixer Gain Volume' to '2' mode = 0 r->mode = -2 srate = 48000 r->srate = 0 
07-29 13:19:02.154 V/nvaudio_hw(  148): Set 'Speaker Right Mixer Gain Volume' to '2' mode = 0 r->mode = -2 srate = 48000 r->srate = 0 
07-29 13:19:02.157 I/PowerManagerService( 1921): setBrightness mButtonLight, screenBrightness=102
07-29 13:19:02.168 I/ActivityManager( 1921): Start proc com.spideroak.blackphone for activity com.spideroak.blackphone/.SpiderOakBlack: pid=12510 uid=10056 gids={50056, 3003, 1028, 1015}
07-29 13:19:02.170 V/nvaudio_hw(  148): Set 'EQ Mode' to '3' mode = 0 r->mode = -2 srate = 48000 r->srate = 0 
07-29 13:19:02.170 V/nvaudio_hw(  148): Set 'Digital EQ 7 Band Enable' to '1' mode = 0 r->mode = -2 srate = 48000 r->srate = 0 
07-29 13:19:02.170 V/nvaudio_hw(  148): send_at_cmd_by_list: type 0
07-29 13:19:02.171 V/nvaudio_hw(  148): trigger_dma_callback dma address 0x4002C000 on 1
07-29 13:19:02.195 W/Environment(12510): EXTERNAL_STORAGE mExternalDirsForApp[0] =/storage/emulated/0 ,userId =0
07-29 13:19:02.195 W/Environment(12510): EXTERNAL_STORAGE mExternalDirsForApp[1] =/storage/sdcard1 ,userId =0
07-29 13:19:02.228 I/ActivityManager( 1921): Delay finish: ch.blackphone.android.securitycenter/.receivers.DisplayPrivacyNotificationsBroadcastReceiver
07-29 13:19:02.233 I/ActivityManager( 1921): Resuming delayed broadcast
07-29 13:19:02.259 I/CordovaLog(12510): Changing log level to DEBUG(3)
07-29 13:19:02.260 D/Whitelist(12510): Unlimited access to network resources
07-29 13:19:02.260 I/CordovaLog(12510): Found start page location: index.html
07-29 13:19:02.260 D/CordovaActivity(12510): CordovaActivity.onCreate()
07-29 13:19:02.269 V/WebViewChromium(12510): Binding Chromium to the background looper Looper (main, tid 1) {419c6038}
07-29 13:19:02.270 I/chromium(12510): [INFO:library_loader_hooks.cc(112)] Chromium logging enabled: level = 0, default verbosity = 0
07-29 13:19:02.272 I/BrowserProcessMain(12510): Initializing chromium process, renderers=0
07-29 13:19:02.289 W/chromium(12510): [WARNING:proxy_service.cc(888)] PAC support disabled because there is no system implementation
07-29 13:19:02.291 D/libEGL  (12510): loaded /system/lib/egl/libEGL_tegra.so
07-29 13:19:02.291 I/        (12510): Attempting to load EGL implementation /system/lib/egl/libEGL_tegra_impl
07-29 13:19:02.294 I/        (12510): Loaded EGL implementation /system/lib/egl/libEGL_tegra_impl
07-29 13:19:02.295 D/libEGL  (12510): loaded /system/lib/egl/libGLESv1_CM_tegra.so
07-29 13:19:02.298 D/libEGL  (12510): loaded /system/lib/egl/libGLESv2_tegra.so
07-29 13:19:02.325 I/        (12510): Loading GLESv2 implementation /system/lib/egl/libGLESv2_tegra_impl
07-29 13:19:02.342 I/dalvikvm-heap(12510): Grow heap (frag case) to 5.036MB for 1127536-byte allocation
07-29 13:19:02.351 D/dalvikvm( 4686): GC_CONCURRENT freed 394K, 28% free 3067K/4216K, paused 2ms+1ms, total 32ms
07-29 13:19:02.352 D/dalvikvm( 1921): GC_CONCURRENT freed 1405K, 31% free 9354K/13436K, paused 1ms+3ms, total 50ms
07-29 13:19:02.378 D/CordovaWebView(12510): CordovaWebView is running on device made by: NVIDIA
07-29 13:19:02.383 D/JsMessageQueue(12510): Set native->JS mode to 2
07-29 13:19:02.397 D/CordovaActivity(12510): CordovaActivity.init()
07-29 13:19:02.400 D/CordovaWebView(12510): >>> loadUrl(file:///android_asset/www/index.html)
07-29 13:19:02.400 D/PluginManager(12510): init()
07-29 13:19:02.402 V/StatusBar(12510): StatusBar: initialization
07-29 13:19:02.406 W/Environment( 1921): EXTERNAL_STORAGE mExternalDirsForApp[0] =/storage/emulated/0 ,userId =0
07-29 13:19:02.406 W/Environment( 1921): EXTERNAL_STORAGE mExternalDirsForApp[1] =/storage/sdcard1 ,userId =0
07-29 13:19:02.406 E/cutils  (  141): Failed to mkdirat(/storage/sdcard1/Android): Read-only file system
07-29 13:19:02.406 W/Vold    (  141): Returning OperationFailed - no handler for errno 30
07-29 13:19:02.407 W/ContextImpl(12510): Failed to ensure directory: /storage/sdcard1/Android/data/com.spideroak.blackphone/files
07-29 13:19:02.408 W/Environment( 1921): EXTERNAL_STORAGE mExternalDirsForApp[0] =/storage/emulated/0 ,userId =0
07-29 13:19:02.408 W/Environment( 1921): EXTERNAL_STORAGE mExternalDirsForApp[1] =/storage/sdcard1 ,userId =0
07-29 13:19:02.408 E/cutils  (  141): Failed to mkdirat(/storage/sdcard1/Android): Read-only file system
07-29 13:19:02.408 W/Vold    (  141): Returning OperationFailed - no handler for errno 30
07-29 13:19:02.409 W/ContextImpl(12510): Failed to ensure directory: /storage/sdcard1/Android/data/com.spideroak.blackphone/cache
07-29 13:19:02.411 D/CordovaWebView(12510): >>> loadUrlNow()
07-29 13:19:02.424 I/CordovaLog(12510): Changing log level to DEBUG(3)
07-29 13:19:02.424 D/Whitelist(12510): Unlimited access to network resources
07-29 13:19:02.424 I/CordovaLog(12510): Found start page location: index.html
07-29 13:19:02.424 D/CordovaActivity(12510): Resuming the App
07-29 13:19:02.425 D/CordovaActivity(12510): CB-3064: The errorUrl is null
07-29 13:19:02.447 D/SoftKeyboardDetect(12510): Ignore this event
07-29 13:19:02.462 D/OpenGLRenderer(12510): Enabling debug mode 0
07-29 13:19:02.471 D/SoftKeyboardDetect(12510): Ignore this event
07-29 13:19:02.487 I/PowerManagerService( 1921): setBrightness mButtonLight, screenBrightness=102
07-29 13:19:02.497 I/ActivityManager( 1921): Displayed com.spideroak.blackphone/.SpiderOakBlack: +337ms
07-29 13:19:02.545 D/CordovaWebViewClient(12510): onPageStarted(file:///android_asset/www/index.html)
07-29 13:19:02.545 D/CordovaActivity(12510): onMessage(onPageStarted,file:///android_asset/www/index.html)
07-29 13:19:02.999 D/dalvikvm(12510): GC_FOR_ALLOC freed 414K, 16% free 4381K/5160K, paused 8ms, total 11ms
07-29 13:19:03.172 V/nvaudio_hw(  148): nvaudio_out_get_latency: latency 85
07-29 13:19:03.181 D/CordovaWebViewClient(12510): onPageFinished(file:///android_asset/www/index.html)
07-29 13:19:03.181 D/CordovaActivity(12510): onMessage(onPageFinished,file:///android_asset/www/index.html)
07-29 13:19:03.182 V/nvaudio_hw(  148): nvaudio_out_get_latency: latency 85
07-29 13:19:03.193 V/nvaudio_hw(  148): nvaudio_out_get_latency: latency 85
07-29 13:19:03.203 V/nvaudio_hw(  148): nvaudio_out_get_latency: latency 85
07-29 13:19:03.204 V/StatusBar(12510): Executing action: _ready
07-29 13:19:03.204 W/CordovaPlugin(12510): Attempted to send a second callback for ID: StatusBar1961420808
07-29 13:19:03.204 W/CordovaPlugin(12510): Result was: "Invalid action"
07-29 13:19:03.214 V/nvaudio_hw(  148): nvaudio_out_get_latency: latency 85
07-29 13:19:03.220 D/CordovaActivity(12510): onMessage(spinner,stop)
07-29 13:19:03.224 V/nvaudio_hw(  148): nvaudio_out_get_latency: latency 85
07-29 13:19:03.226 D/CordovaNetworkManager(12510): Connection Type: none
07-29 13:19:03.226 D/CordovaNetworkManager(12510): Connection Extra Info: 
07-29 13:19:03.233 W/Environment( 1921): EXTERNAL_STORAGE mExternalDirsForApp[0] =/storage/emulated/0 ,userId =0
07-29 13:19:03.233 W/Environment( 1921): EXTERNAL_STORAGE mExternalDirsForApp[1] =/storage/sdcard1 ,userId =0
07-29 13:19:03.234 E/cutils  (  141): Failed to mkdirat(/storage/sdcard1/Android): Read-only file system
07-29 13:19:03.234 V/nvaudio_hw(  148): nvaudio_out_get_latency: latency 85
07-29 13:19:03.234 W/Vold    (  141): Returning OperationFailed - no handler for errno 30
07-29 13:19:03.235 W/ContextImpl(12510): Failed to ensure directory: /storage/sdcard1/Android/data/com.spideroak.blackphone/files
07-29 13:19:03.239 I/chromium(12510): [INFO:async_pixel_transfer_manager_android.cc(56)] Async pixel transfers not supported
07-29 13:19:03.240 W/Environment( 1921): EXTERNAL_STORAGE mExternalDirsForApp[0] =/storage/emulated/0 ,userId =0
07-29 13:19:03.241 W/Environment( 1921): EXTERNAL_STORAGE mExternalDirsForApp[1] =/storage/sdcard1 ,userId =0
07-29 13:19:03.241 E/cutils  (  141): Failed to mkdirat(/storage/sdcard1/Android): Read-only file system
07-29 13:19:03.242 W/Vold    (  141): Returning OperationFailed - no handler for errno 30
07-29 13:19:03.243 W/ContextImpl(12510): Failed to ensure directory: /storage/sdcard1/Android/data/com.spideroak.blackphone/files
07-29 13:19:03.244 W/Environment( 1921): EXTERNAL_STORAGE mExternalDirsForApp[0] =/storage/emulated/0 ,userId =0
07-29 13:19:03.244 W/Environment( 1921): EXTERNAL_STORAGE mExternalDirsForApp[1] =/storage/sdcard1 ,userId =0
07-29 13:19:03.245 E/cutils  (  141): Failed to mkdirat(/storage/sdcard1/Android): Read-only file system
07-29 13:19:03.245 V/nvaudio_hw(  148): nvaudio_out_get_latency: latency 85
07-29 13:19:03.245 W/Vold    (  141): Returning OperationFailed - no handler for errno 30
07-29 13:19:03.246 W/ContextImpl(12510): Failed to ensure directory: /storage/sdcard1/Android/data/com.spideroak.blackphone/cache
07-29 13:19:03.247 W/PluginManager(12510): THREAD WARNING: exec() call to File.requestAllPaths blocked the main thread for 19ms. Plugin should use CordovaInterface.getThreadPool().
07-29 13:19:03.255 V/nvaudio_hw(  148): nvaudio_out_get_latency: latency 85
07-29 13:19:03.257 I/chromium(12510): [INFO:async_pixel_transfer_manager_android.cc(56)] Async pixel transfers not supported
07-29 13:19:03.266 V/NvAudioPolicyManager(  148): stopOutput() output 2, stream 1, session 291
07-29 13:19:03.266 V/NvAudioPolicyManager(  148): getDeviceForStrategy() from cache strategy 0, device 2
07-29 13:19:03.266 V/AudioPolicyManagerBase(  148): changeRefCount() stream 1, count 0
07-29 13:19:03.266 V/AudioPolicyManagerBase(  148): getNewDevice() selected device 0
07-29 13:19:03.266 V/AudioPolicyManagerBase(  148): setOutputDevice() output 2 device 0000 delayMs 170
07-29 13:19:03.266 V/AudioPolicyManagerBase(  148): setOutputDevice() prevDevice 0002
07-29 13:19:03.266 V/NvAudioPolicyManager(  148): getDeviceForStrategy() strategy 0, device 2
07-29 13:19:03.266 V/NvAudioPolicyManager(  148): getDeviceForStrategy() strategy 1, device 1
07-29 13:19:03.266 V/NvAudioPolicyManager(  148): getDeviceForStrategy() strategy 2, device 2
07-29 13:19:03.266 V/NvAudioPolicyManager(  148): getDeviceForStrategy() strategy 2, device 2
07-29 13:19:03.266 V/NvAudioPolicyManager(  148): getDeviceForStrategy() strategy 3, device 2
07-29 13:19:03.266 V/NvAudioPolicyManager(  148): getDeviceForStrategy() strategy 0, device 2
07-29 13:19:03.266 V/NvAudioPolicyManager(  148): getDeviceForStrategy() strategy 4, device 2
07-29 13:19:03.266 V/NvAudioPolicyManager(  148): getDeviceForStrategy() strategy 5, device 2
07-29 13:19:03.266 V/NvAudioPolicyManager(  148): getDeviceForStrategy() strategy 6, device 1
07-29 13:19:03.266 V/AudioPolicyManagerBase(  148): setOutputDevice() setting same device 0000 or null device for output 2
07-29 13:19:03.266 V/NvAudioPolicyManager(  148): getDeviceForStrategy() from cache strategy 0, device 2
07-29 13:19:03.266 V/NvAudioPolicyManager(  148): getDeviceForStrategy() from cache strategy 0, device 2
07-29 13:19:03.267 V/nvaudio_hw(  148): nvaudio_dev_set_parameters : nv_param_media_routing=2
07-29 13:19:03.267 V/nvaudio_hw(  148): Media is routed to :2
07-29 13:19:03.267 V/nvaudio_hw(  148): ULP supported: dev 2
07-29 13:19:03.268 I/App     (12510): WARNING: Back Button Default Behavior will be overridden.  The backbutton event will be fired!
07-29 13:19:03.422 W/PluginManager(12510): THREAD WARNING: exec() call to CordovaHttpPlugin.enableSSLPinning blocked the main thread for 150ms. Plugin should use CordovaInterface.getThreadPool().
07-29 13:19:03.448 D/dalvikvm(12510): GC_CONCURRENT freed 416K, 16% free 4405K/5192K, paused 1ms+1ms, total 25ms
07-29 13:19:03.454 D/CordovaLog(12510): file:///android_asset/www/js/SpiderOakMobile.js: Line 7650 : certificate pinning enabled
07-29 13:19:03.455 I/chromium(12510): [INFO:CONSOLE(7650)] "certificate pinning enabled", source: file:///android_asset/www/js/SpiderOakMobile.js (7650)
07-29 13:19:05.184 D/CordovaActivity(12510): onMessage(spinner,stop)
07-29 13:19:06.161 V/nvaudio_hw(  148): nvaudio_out_standby: hw_dev->mode: 0
07-29 13:19:06.162 V/nvaudio_hw(  148): close_alsa_dev : active stream count 1
07-29 13:19:06.191 V/nvaudio_hw(  148): trigger_dma_callback dma address 0x00000000 on 0
07-29 13:19:06.196 I/PowerManagerService( 1921): setBrightness mButtonLight, screenBrightness=102
07-29 13:19:06.610 E/        ( 1921): Vibrator sendit ms = 0
07-29 13:19:06.612 I/PowerManagerService( 1921): setBrightness mButtonLight, screenBrightness=102
07-29 13:19:06.614 D/PowerManagerService( 1921): userActivityNoUpdateLocked: system_ready = false
07-29 13:19:06.614 I/PowerManagerService( 1921): setBrightness mButtonLight, screenBrightness=102
07-29 13:19:06.620 D/CordovaWebView(12510): The current URL is: file:///android_asset/www/index.html
07-29 13:19:06.620 D/CordovaWebView(12510): The URL at item 0 is: file:///android_asset/www/index.html
07-29 13:19:06.621 E/        ( 1921): Vibrator sendit ms = 10
07-29 13:19:06.662 E/        ( 1921): Vibrator sendit ms = 30
07-29 13:19:06.727 I/PowerManagerService( 1921): setBrightness mButtonLight, screenBrightness=102
07-29 13:19:07.322 E/        ( 1921): Vibrator sendit ms = 0
07-29 13:19:07.325 I/PowerManagerService( 1921): setBrightness mButtonLight, screenBrightness=102
07-29 13:19:07.325 D/PowerManagerService( 1921): userActivityNoUpdateLocked: system_ready = false
07-29 13:19:07.325 I/PowerManagerService( 1921): setBrightness mButtonLight, screenBrightness=102
07-29 13:19:07.326 E/        ( 1921): Vibrator sendit ms = 10
07-29 13:19:07.332 W/SurfaceFlinger(  145): FB is protected: PERMISSION_DENIED
07-29 13:19:07.333 W/WindowManager( 1921): Screenshot failure taking screenshot for (328x583) to layer 21015
07-29 13:19:07.336 W/SurfaceFlinger(  145): FB is protected: PERMISSION_DENIED
07-29 13:19:07.336 W/WindowManager( 1921): Screenshot failure taking screenshot for (328x583) to layer 21015
07-29 13:19:07.368 E/        ( 1921): Vibrator sendit ms = 30
07-29 13:19:07.429 I/PowerManagerService( 1921): setBrightness mButtonLight, screenBrightness=102
07-29 13:19:07.443 D/PowerManagerService( 1921): userActivityNoUpdateLocked: system_ready = false
07-29 13:19:07.443 I/PowerManagerService( 1921): setBrightness mButtonLight, screenBrightness=102
07-29 13:19:07.444 I/ActivityManager( 1921): START u0 {act=android.intent.action.MAIN cat=[android.intent.category.HOME] flg=0x10200000 cmp=com.android.launcher/com.android.launcher2.Launcher} from pid 1921
07-29 13:19:07.445 W/SurfaceFlinger(  145): FB is protected: PERMISSION_DENIED
07-29 13:19:07.446 D/CordovaActivity(12510): Paused the application!
07-29 13:19:07.446 D/CordovaWebView(12510): Handle the pause
07-29 13:19:07.446 W/WindowManager( 1921): Screenshot failure taking screenshot for (328x583) to layer 21015
07-29 13:19:07.446 I/PowerManagerService( 1921): setBrightness mButtonLight, screenBrightness=102
07-29 13:19:07.460 D/CordovaActivity(12510): onMessage(exit,null)
07-29 13:19:07.491 W/IInputConnectionWrapper(12510): showStatusIcon on inactive InputConnection
07-29 13:19:07.491 W/InputMethodManagerService( 1921): Starting input on non-focused client com.android.internal.view.IInputMethodClient$Stub$Proxy@41dec350 (uid=10056 pid=12510)
07-29 13:19:07.510 I/PowerManagerService( 1921): setBrightness mButtonLight, screenBrightness=102
07-29 13:19:07.512 I/ActivityManager( 1921): Killing 4131:android.process.media/u0a7 (adj 15): empty for 2693s
07-29 13:19:07.523 D/CordovaActivity(12510): CordovaActivity.onDestroy()
07-29 13:19:07.523 D/CordovaWebView(12510): >>> loadUrlNow()
07-29 13:19:11.280 E/        ( 1921): Vibrator sendit ms = 0
07-29 13:19:11.282 I/PowerManagerService( 1921): setBrightness mButtonLight, screenBrightness=102
07-29 13:19:11.282 D/PowerManagerService( 1921): userActivityNoUpdateLocked: system_ready = false
07-29 13:19:11.282 I/PowerManagerService( 1921): setBrightness mButtonLight, screenBrightness=102
07-29 13:19:11.288 E/        ( 1921): Vibrator sendit ms = 10
07-29 13:19:11.329 E/        ( 1921): Vibrator sendit ms = 30
07-29 13:19:11.353 D/PowerManagerService( 1921): userActivityNoUpdateLocked: system_ready = false
07-29 13:19:11.354 I/PowerManagerService( 1921): setBrightness mButtonLight, screenBrightness=102
07-29 13:19:11.359 I/ActivityManager( 1921): START u0 {act=android.intent.action.MAIN cat=[android.intent.category.HOME] flg=0x10200000 cmp=com.android.launcher/com.android.launcher2.Launcher} from pid 1921
07-29 13:19:11.390 I/PowerManagerService( 1921): setBrightness mButtonLight, screenBrightness=102
07-29 13:19:11.613 W/ActivityManager( 1921): Activity stop timeout for ActivityRecord{420b8f40 u0 ch.blackphone.android.securitycenter/.SecurityCenterActivity t14}
07-29 13:19:12.742 I/PowerManagerService( 1921): Going to sleep by user request...
07-29 13:19:13.232 D/SurfaceFlinger(  145): Screen released, type=0 flinger=0xb764f450
07-29 13:19:13.232 D/hwcomposer(  145): hwc_blank: display 0: blank
07-29 13:19:13.232 D/hwcomposer(  145): hwc_blank_display: display 0: [0 -> 1]
07-29 13:19:13.232 D/hwcomposer(  145): hwc_blank_display: releasing buffer 0x3d
07-29 13:19:13.232 D/hwcomposer(  145): dc_blank: display 0, [0 -> 1]
07-29 13:19:13.233 D/Sensors ( 1921): AccSensor: Control set 0
07-29 13:19:13.233 D/Sensors ( 1921): AccSensor: mEnabled = 0
07-29 13:19:13.236 E/        ( 1921): Vibrator sendit ms = 0
07-29 13:19:13.243 V/nvaudio_hw(  148): nvaudio_dev_set_parameters : screen_state=off
07-29 13:19:13.256 W/SocketClient(  143): write error (Broken pipe)
07-29 13:19:13.290 D/dalvikvm( 3655): GC_CONCURRENT freed 1677K, 38% free 3525K/5628K, paused 2ms+1ms, total 11ms
07-29 13:19:13.290 D/dalvikvm( 3655): WAIT_FOR_CONCURRENT_GC blocked 8ms
07-29 13:19:13.304 D/dalvikvm( 3655): GC_CONCURRENT freed 494K, 38% free 3535K/5628K, paused 2ms+1ms, total 10ms
07-29 13:19:13.304 D/dalvikvm( 3655): WAIT_FOR_CONCURRENT_GC blocked 2ms
07-29 13:19:13.304 D/dalvikvm( 3655): GC_FOR_ALLOC freed 529K, 38% free 3510K/5628K, paused 7ms, total 8ms
07-29 13:19:13.329 I/powerHAL::common( 1921): Disabling input device:0
07-29 13:19:13.336 I/powerHAL::common( 1921): Disabling input device:1
07-29 13:19:13.341 D/dalvikvm( 3655): GC_CONCURRENT freed 489K, 38% free 3527K/5628K, paused 3ms+1ms, total 12ms
07-29 13:19:13.341 D/dalvikvm( 3655): WAIT_FOR_CONCURRENT_GC blocked 6ms
07-29 13:19:13.353 D/dalvikvm( 3655): GC_CONCURRENT freed 510K, 38% free 3527K/5628K, paused 1ms+1ms, total 9ms
07-29 13:19:13.353 D/dalvikvm( 3655): WAIT_FOR_CONCURRENT_GC blocked 6ms
07-29 13:19:13.374 D/dalvikvm( 3655): GC_FOR_ALLOC freed 1467K, 39% free 3533K/5736K, paused 8ms, total 8ms
07-29 13:24:17.876 D/dalvikvm( 4880): GC_CONCURRENT freed 412K, 28% free 3352K/4628K, paused 21ms+16ms, total 160ms
