07-29 14:18:43.253 D/use-Rlog/RLOG-RIL AT{0}( 9096): AT(18)> AT+COPS=3,0;+COPS?;+COPS=3,1;+COPS?;+COPS=3,2;+COPS?
07-29 14:18:43.254 D/RILJ    ( 3704): [8633]> VOICE_REGISTRATION_STATE
07-29 14:18:43.254 D/use-Rlog/RLOG-RIL AT{0}( 9096): AT(18)< +COPS: 1,0,"00101",0
07-29 14:18:43.255 D/use-Rlog/RLOG-RIL{0}( 9096): b89ad420 onRequest:[-1639825016] DATA_REGISTRATION_STATE
07-29 14:18:43.255 I/use-Rlog/RLOG-RIL{0}( 9096): sending request DATA_REGISTRATION_STATE on channel 0
07-29 14:18:43.255 D/use-Rlog/RLOG-RIL AT{0}( 9096): AT(18)< +COPS: 1,1,"00101",0
07-29 14:18:43.255 D/RILJ    ( 3704): [8634]> QUERY_NETWORK_SELECTION_MODE
07-29 14:18:43.255 D/use-Rlog/RLOG-RIL AT{0}( 9096): AT(18)< +COPS: 1,2,"00101",0
07-29 14:18:43.255 D/use-Rlog/RLOG-RIL AT{0}( 9096): AT(18)< OK
07-29 14:18:43.255 D/use-Rlog/RLOG-RIL{0}( 9096): b89adee8 onHandleRequest:[-1639825016] DATA_REGISTRATION_STATE
07-29 14:18:43.256 D/use-Rlog/RLOG-RIL{0}( 9096): b89ad420 onRequest:[-1639825015] VOICE_REGISTRATION_STATE
07-29 14:18:43.256 I/use-Rlog/RLOG-RIL{0}( 9096): sending request VOICE_REGISTRATION_STATE on channel 0
07-29 14:18:43.256 D/use-Rlog/RLOG-RIL{0}( 9096): b89adee8 onHandleRequest:[-1639825015] VOICE_REGISTRATION_STATE
07-29 14:18:43.257 D/RILJ    ( 3704): [8635]> OPERATOR
07-29 14:18:43.257 D/use-Rlog/RLOG-RIL{0}( 9096): b89ad420 onRequest:[-1639825014] QUERY_NETWORK_SELECTION_MODE
07-29 14:18:43.257 I/use-Rlog/RLOG-RIL{0}( 9096): sending request QUERY_NETWORK_SELECTION_MODE on channel 0
07-29 14:18:43.257 D/use-Rlog/RLOG-RIL{0}( 9096): b89adee8 onHandleRequest:[-1639825014] QUERY_NETWORK_SELECTION_MODE
07-29 14:18:43.257 D/use-Rlog/RLOG-RIL{0}( 9096): Providing cached network selection details
07-29 14:18:43.258 D/RILJ    ( 3704): [8636]> DATA_REGISTRATION_STATE
07-29 14:18:43.258 D/use-Rlog/RLOG-RIL{0}( 9096): b89ad420 onRequest:[-1639825013] OPERATOR
07-29 14:18:43.258 I/use-Rlog/RLOG-RIL{0}( 9096): sending request OPERATOR on channel 0
07-29 14:18:43.259 D/use-Rlog/RLOG-RIL{0}( 9096): b89adee8 onHandleRequest:[-1639825013] OPERATOR
07-29 14:18:43.259 D/use-Rlog/RLOG-RIL{0}( 9096): Providing cached Operator details
07-29 14:18:43.259 D/RILJ    ( 3704): [8631]< OPERATOR {00101, 00101, 00101}
07-29 14:18:43.259 D/RILJ    ( 3704): [8637]> VOICE_REGISTRATION_STATE
07-29 14:18:43.259 D/use-Rlog/RLOG-RIL{0}( 9096): b89ad420 onRequest:[-1639825012] DATA_REGISTRATION_STATE
07-29 14:18:43.259 I/use-Rlog/RLOG-RIL{0}( 9096): sending request DATA_REGISTRATION_STATE on channel 0
07-29 14:18:43.259 D/use-Rlog/RLOG-RIL{0}( 9096): b89adee8 onHandleRequest:[-1639825012] DATA_REGISTRATION_STATE
07-29 14:18:43.260 D/RILJ    ( 3704): [8638]> QUERY_NETWORK_SELECTION_MODE
07-29 14:18:43.260 D/use-Rlog/RLOG-RIL{0}( 9096): b89ad420 onRequest:[-1639825011] VOICE_REGISTRATION_STATE
07-29 14:18:43.260 I/use-Rlog/RLOG-RIL{0}( 9096): sending request VOICE_REGISTRATION_STATE on channel 0
07-29 14:18:43.260 D/use-Rlog/RLOG-RIL{0}( 9096): b89adee8 onHandleRequest:[-1639825011] VOICE_REGISTRATION_STATE
07-29 14:18:43.261 D/RILJ    ( 3704): [8639]> OPERATOR
07-29 14:18:43.261 D/use-Rlog/RLOG-RIL{0}( 9096): b89ad420 onRequest:[-1639825010] QUERY_NETWORK_SELECTION_MODE
07-29 14:18:43.261 I/use-Rlog/RLOG-RIL{0}( 9096): sending request QUERY_NETWORK_SELECTION_MODE on channel 0
07-29 14:18:43.261 D/use-Rlog/RLOG-RIL{0}( 9096): b89adee8 onHandleRequest:[-1639825010] QUERY_NETWORK_SELECTION_MODE
07-29 14:18:43.261 D/use-Rlog/RLOG-RIL{0}( 9096): Providing cached network selection details
07-29 14:18:43.262 D/RILJ    ( 3704): [8640]> DATA_REGISTRATION_STATE
07-29 14:18:43.262 D/use-Rlog/RLOG-RIL{0}( 9096): b89ad420 onRequest:[-1639825009] OPERATOR
07-29 14:18:43.262 I/use-Rlog/RLOG-RIL{0}( 9096): sending request OPERATOR on channel 0
07-29 14:18:43.262 D/use-Rlog/RLOG-RIL{0}( 9096): b89adee8 onHandleRequest:[-1639825009] OPERATOR
07-29 14:18:43.262 D/use-Rlog/RLOG-RIL{0}( 9096): Providing cached Operator details
07-29 14:18:43.264 D/RILJ    ( 3704): [8641]> VOICE_REGISTRATION_STATE
07-29 14:18:43.264 D/use-Rlog/RLOG-RIL{0}( 9096): b89ad420 onRequest:[-1639825008] DATA_REGISTRATION_STATE
07-29 14:18:43.264 I/use-Rlog/RLOG-RIL{0}( 9096): sending request DATA_REGISTRATION_STATE on channel 0
07-29 14:18:43.264 D/use-Rlog/RLOG-RIL{0}( 9096): b89adee8 onHandleRequest:[-1639825008] DATA_REGISTRATION_STATE
07-29 14:18:43.265 D/RILJ    ( 3704): [8642]> QUERY_NETWORK_SELECTION_MODE
07-29 14:18:43.266 D/use-Rlog/RLOG-RIL{0}( 9096): b89ad420 onRequest:[-1639825007] VOICE_REGISTRATION_STATE
07-29 14:18:43.266 I/use-Rlog/RLOG-RIL{0}( 9096): sending request VOICE_REGISTRATION_STATE on channel 0
07-29 14:18:43.266 D/use-Rlog/RLOG-RIL{0}( 9096): b89adee8 onHandleRequest:[-1639825007] VOICE_REGISTRATION_STATE
07-29 14:18:43.266 D/RILJ    ( 3704): [8632]< DATA_REGISTRATION_STATE {0, null, null, 0, null, 2}
07-29 14:18:43.266 D/RILJ    ( 3704): [8633]< VOICE_REGISTRATION_STATE {1, 3e8, a, 16}
07-29 14:18:43.266 D/RILJ    ( 3704): [8634]< QUERY_NETWORK_SELECTION_MODE {1}
07-29 14:18:43.266 D/RILJ    ( 3704): [8635]< OPERATOR {00101, 00101, 00101}
07-29 14:18:43.267 D/RILJ    ( 3704): [8636]< DATA_REGISTRATION_STATE {0, null, null, 0, null, 2}
07-29 14:18:43.267 D/RILJ    ( 3704): [8637]< VOICE_REGISTRATION_STATE {1, 3e8, a, 16}
07-29 14:18:43.267 D/RILJ    ( 3704): [8638]< QUERY_NETWORK_SELECTION_MODE {1}
07-29 14:18:43.267 D/RILJ    ( 3704): [8639]< OPERATOR {00101, 00101, 00101}
07-29 14:18:43.267 D/RILJ    ( 3704): [8640]< DATA_REGISTRATION_STATE {0, null, null, 0, null, 2}
07-29 14:18:43.267 D/RILJ    ( 3704): [8641]< VOICE_REGISTRATION_STATE {1, 3e8, a, 16}
07-29 14:18:43.270 D/use-Rlog/RLOG-RIL{0}( 9096): b89ad420 onRequest:[-1639825006] QUERY_NETWORK_SELECTION_MODE
07-29 14:18:43.270 I/use-Rlog/RLOG-RIL{0}( 9096): sending request QUERY_NETWORK_SELECTION_MODE on channel 0
07-29 14:18:43.270 D/use-Rlog/RLOG-RIL{0}( 9096): b89adee8 onHandleRequest:[-1639825006] QUERY_NETWORK_SELECTION_MODE
07-29 14:18:43.270 D/use-Rlog/RLOG-RIL{0}( 9096): Providing cached network selection details
07-29 14:18:43.270 D/RILJ    ( 3704): [8642]< QUERY_NETWORK_SELECTION_MODE {1}
07-29 14:18:43.272 D/PHONE   ( 3704): [ServiceState] setDataRegState=1
07-29 14:18:43.272 D/PHONE   ( 3704): [ServiceState] setDataRadioTechnology=0
07-29 14:18:43.272 D/GsmSST  ( 3704): [GsmSST] handlPollStateResultMessage: GsmSST setDataRegState=1 regState=0 dataRadioTechnology=0
07-29 14:18:43.276 D/PHONE   ( 3704): [ServiceState] setVoiceRegState=0
07-29 14:18:43.276 E/PHONE   ( 3704): [ServiceState] setState deprecated use setVoiceRegState()
07-29 14:18:43.276 D/GsmSST  ( 3704): [GsmSST] Poll ServiceState done:  oldSS=[1 1 home null null null (manual) Unknown Unknown CSS not supported -1 -1 RoamInd=-1 DefRoamInd=-1 EmergOnly=false] newSS=[0 1 home 00101 00101 00101 (manual) GSM Unknown CSS not supported -1 -1 RoamInd=-1 DefRoamInd=-1 EmergOnly=false] oldMaxDataCalls=2 mNewMaxDataCalls=2 oldReasonDataDenied=-1 mNewReasonDataDenied=-1
07-29 14:18:43.277 D/GsmSST  ( 3704): [GsmSST] RAT switched Unknown -> GSM at cell 10
07-29 14:18:43.277 D/PHONE   ( 3704): [ServiceState] setNullState=1
07-29 14:18:43.277 D/PhoneProxy( 3704): [PhoneProxy] updatePhoneObject: radioTechnology=16
07-29 14:18:43.277 D/GsmSST  ( 3704): [GsmSST] pollStateDone: registering current mNitzUpdatedTime=true changing to false
07-29 14:18:43.278 D/GsmSST  ( 3704): [GsmSST] updateSpnDisplay: changed sending intent rule=2 showPlmn='true' plmn='00101' showSpn='false' spn=''
07-29 14:18:43.286 D/GsmSST  ( 3704): [GsmSST] shouldFixTimeZoneNow: retVal=true iccCardExist=true operatorNumeric=00101 mcc=1 prevOperatorNumeric= prevMcc=2 needToFixTimeZone=true ltod=07-29 14:18:43.286
07-29 14:18:43.286 D/GsmSST  ( 3704): [GsmSST] pollStateDone: fix time zone zoneName='Europe/Amsterdam' mZoneOffset=-25200000 mZoneDst=false iso-cc='' iso-cc-idx=-1
07-29 14:18:43.286 D/GsmSST  ( 3704): [GsmSST] getNitzTimeZone returning America/Creston
07-29 14:18:43.286 D/GsmSST  ( 3704): [GsmSST] pollStateDone: using NITZ TimeZone
07-29 14:18:43.286 D/GsmSST  ( 3704): [GsmSST] pollStateDone: zone != null zone.getID=America/Creston
07-29 14:18:43.295 D/GsmSST  ( 3704): [GsmSST] getCellLocation(): X good mCellLoc=[1000,10,-1]
07-29 14:18:43.296 D/PhoneProxy( 3704): [PhoneProxy] phoneObjectUpdater: newVoiceRadioTech=16
07-29 14:18:43.296 D/TelephonyManager( 3704): getLteOnCdmaMode=0 curVal=-1 product_type='' lteOnCdmaProductType=''
07-29 14:18:43.296 D/PhoneProxy( 3704): [PhoneProxy] phoneObjectUpdater: No change ignore, newVoiceRadioTech=16 mActivePhone=GSM
07-29 14:18:43.999 D/use-Rlog/RLOG-RIL{0}( 9096): b89adee8 onHandleRequest:[-1] <unknown request>
07-29 14:19:11.765 D/use-Rlog/RLOG-RIL AT{0}( 9096): AT(18)< %ICESQU: 78,4,255,255,255,255
07-29 14:19:11.765 D/use-Rlog/RLOG-RIL{0}( 9096): Kernel time: [13883.427242]
07-29 14:19:11.765 D/use-Rlog/RLOG-RIL{0}( 9096): b89ae710 onUnsolicited: %ICESQU: 78,4,255,255,255,255 null
07-29 14:19:11.765 D/use-Rlog/RLOG-RIL{0}( 9096): b89adee8 onHandleUnsolicited: %ICESQU: 78,4,255,255,255,255 null
07-29 14:19:16.773 D/use-Rlog/RLOG-RIL AT{0}( 9096): AT(18)< %ICESQU: 78,0,255,255,255,255
07-29 14:19:16.773 D/use-Rlog/RLOG-RIL{0}( 9096): Kernel time: [13888.434780]
07-29 14:19:16.773 D/use-Rlog/RLOG-RIL{0}( 9096): b89ae710 onUnsolicited: %ICESQU: 78,0,255,255,255,255 null
07-29 14:19:16.773 D/use-Rlog/RLOG-RIL{0}( 9096): b89adee8 onHandleUnsolicited: %ICESQU: 78,0,255,255,255,255 null
07-29 14:19:24.006 D/use-Rlog/RLOG-RIL AT{0}( 9096): AT(18)< %ICESQU: 65,7,255,255,255,255
07-29 14:19:24.006 D/use-Rlog/RLOG-RIL{0}( 9096): Kernel time: [13895.667242]
07-29 14:19:24.006 D/use-Rlog/RLOG-RIL{0}( 9096): b89ae710 onUnsolicited: %ICESQU: 65,7,255,255,255,255 null
07-29 14:19:24.006 D/use-Rlog/RLOG-RIL{0}( 9096): b89adee8 onHandleUnsolicited: %ICESQU: 65,7,255,255,255,255 null
07-29 14:19:29.013 D/use-Rlog/RLOG-RIL AT{0}( 9096): AT(18)< %ICESQU: 79,0,255,255,255,255
07-29 14:19:29.013 D/use-Rlog/RLOG-RIL{0}( 9096): Kernel time: [13900.674849]
07-29 14:19:29.013 D/use-Rlog/RLOG-RIL{0}( 9096): b89ae710 onUnsolicited: %ICESQU: 79,0,255,255,255,255 null
07-29 14:19:29.013 D/use-Rlog/RLOG-RIL{0}( 9096): b89adee8 onHandleUnsolicited: %ICESQU: 79,0,255,255,255,255 null
07-29 14:19:38.970 D/RILJ    ( 3704): [8643]> SCREEN_STATE: false
07-29 14:19:38.971 D/use-Rlog/RLOG-RIL{0}( 9096): b89ad420 onRequest:[-1639825005] SCREEN_STATE
07-29 14:19:38.971 I/use-Rlog/RLOG-RIL{0}( 9096): sending request SCREEN_STATE on channel 0
07-29 14:19:38.971 D/use-Rlog/RLOG-RIL{0}( 9096): b89adee8 onHandleRequest:[-1639825005] SCREEN_STATE
07-29 14:19:38.971 D/use-Rlog/RLOG-RIL{0}( 9096): Kernel time: [13910.632503]
07-29 14:19:38.971 D/use-Rlog/RLOG-RIL AT{0}( 9096): AT(18)> AT*TUNSOL="SM",0
07-29 14:19:38.972 D/DCT     ( 3704): onReceive: action=android.intent.action.SCREEN_OFF
07-29 14:19:38.972 D/DCT     ( 3704): stopNetStatPoll
07-29 14:19:38.972 D/DCT     ( 3704): overall state is IDLE
07-29 14:19:38.972 D/use-Rlog/RLOG-RIL AT{0}( 9096): AT(18)< OK
07-29 14:19:38.972 D/use-Rlog/RLOG-RIL AT{0}( 9096): AT(18)> AT%ICESQU=0
07-29 14:19:38.973 D/use-Rlog/RLOG-RIL AT{0}( 9096): AT(18)< OK
07-29 14:19:38.973 D/use-Rlog/RLOG-RIL AT{0}( 9096): AT(18)> AT+CREG=1;+CGREG=1;+CEREG=1
07-29 14:19:38.974 D/use-Rlog/RLOG-RIL AT{0}( 9096): AT(18)< OK
07-29 14:19:38.974 D/use-Rlog/RLOG-RIL AT{0}( 9096): AT(18)> AT%NWSTATE=0
07-29 14:19:38.975 D/use-Rlog/RLOG-RIL AT{0}( 9096): AT(18)< OK
07-29 14:19:38.975 D/use-Rlog/RLOG-RIL AT{0}( 9096): AT(18)> AT%ISCREEN=0
07-29 14:19:38.976 D/use-Rlog/RLOG-RIL AT{0}( 9096): AT(18)< OK
07-29 14:19:38.976 D/use-Rlog/RLOG-RIL AT{0}( 9096): AT(18)> AT%IFD=20
07-29 14:19:38.977 D/use-Rlog/RLOG-RIL AT{0}( 9096): AT(18)< OK
07-29 14:19:38.977 D/RILJ    ( 3704): [8643]< SCREEN_STATE 
07-29 14:19:43.300 D/GsmSST  ( 3704): [GsmSST] getCellLocation(): X good mCellLoc=[1000,10,-1]
07-29 14:33:25.106 D/DCT     ( 3704): handleMessage msg={ when=0 what=270368 arg1=1 target=com.android.internal.telephony.dataconnection.DcTracker }
07-29 14:38:00.392 D/RILJ    ( 3704): [8644]> SCREEN_STATE: true
07-29 14:38:00.393 D/DCT     ( 3704): onReceive: action=android.intent.action.SCREEN_ON
07-29 14:38:00.393 D/DCT     ( 3704): stopNetStatPoll
07-29 14:38:00.393 D/use-Rlog/RLOG-RIL{0}( 9096): b89ad420 onRequest:[-1639825004] SCREEN_STATE
07-29 14:38:00.393 I/use-Rlog/RLOG-RIL{0}( 9096): sending request SCREEN_STATE on channel 0
07-29 14:38:00.393 D/DCT     ( 3704): overall state is IDLE
07-29 14:38:00.393 D/use-Rlog/RLOG-RIL{0}( 9096): b89adee8 onHandleRequest:[-1639825004] SCREEN_STATE
07-29 14:38:00.393 D/use-Rlog/RLOG-RIL{0}( 9096): Kernel time: [15012. 54631]
07-29 14:38:00.393 D/use-Rlog/RLOG-RIL AT{0}( 9096): AT(18)> AT*TUNSOL="SM",1
07-29 14:38:00.394 D/use-Rlog/RLOG-RIL AT{0}( 9096): AT(18)< OK
07-29 14:38:00.394 D/use-Rlog/RLOG-RIL AT{0}( 9096): AT(18)> AT%ICESQU=1,5,6,1,6,12,12,6
07-29 14:38:00.395 D/use-Rlog/RLOG-RIL AT{0}( 9096): AT(18)< OK
07-29 14:38:00.395 D/use-Rlog/RLOG-RIL AT{0}( 9096): AT(18)> AT+CESQ
07-29 14:38:00.395 D/use-Rlog/RLOG-RIL AT{0}( 9096): AT(18)< +CESQ: 75,7,255,255,255,255
07-29 14:38:00.395 D/use-Rlog/RLOG-RIL{0}( 9096): Kernel time: [15012. 56963]
07-29 14:38:00.395 D/use-Rlog/RLOG-RIL{0}( 9096): b89ae710 onUnsolicited: +CESQ: 75,7,255,255,255,255 null
07-29 14:38:00.395 D/use-Rlog/RLOG-RIL AT{0}( 9096): AT(18)< OK
07-29 14:38:00.396 D/use-Rlog/RLOG-RIL AT{0}( 9096): AT(18)> AT+CREG=2;+CGREG=2;+CEREG=2
07-29 14:38:00.397 D/use-Rlog/RLOG-RIL AT{0}( 9096): AT(18)< OK
07-29 14:38:00.397 D/use-Rlog/RLOG-RIL AT{0}( 9096): AT(18)> AT%NWSTATE=3
07-29 14:38:00.398 D/use-Rlog/RLOG-RIL AT{0}( 9096): AT(18)< %NWSTATE: 4,00101,2g,-,0
07-29 14:38:00.398 D/use-Rlog/RLOG-RIL{0}( 9096): Kernel time: [15012. 59818]
07-29 14:38:00.398 D/use-Rlog/RLOG-RIL{0}( 9096): b89ae710 onUnsolicited: %NWSTATE: 4,00101,2g,-,0 null
07-29 14:38:00.398 D/use-Rlog/RLOG-RIL AT{0}( 9096): AT(18)< OK
07-29 14:38:00.398 D/use-Rlog/RLOG-RIL AT{0}( 9096): AT(18)> AT%IFD=36
07-29 14:38:00.399 D/use-Rlog/RLOG-RIL AT{0}( 9096): AT(18)< OK
07-29 14:38:00.399 D/use-Rlog/RLOG-RIL AT{0}( 9096): AT(18)> AT%ISCREEN=1
07-29 14:38:00.400 D/use-Rlog/RLOG-RIL AT{0}( 9096): AT(18)< OK
07-29 14:38:00.400 D/use-Rlog/RLOG-RIL AT{0}( 9096): AT(18)> AT%IDRVSTAT
07-29 14:38:00.403 D/use-Rlog/RLOG-RIL AT{0}( 9096): AT(18)< {
07-29 14:38:00.403 D/use-Rlog/RLOG-RIL AT{0}( 9096): AT(18)<    'wakesch':{
07-29 14:38:00.403 D/use-Rlog/RLOG-RIL AT{0}( 9096): AT(18)<       'min_restore_time':[0,295,0,0,0,0,0,0,0,0,0,0,0,0,0,0],
07-29 14:38:00.403 D/use-Rlog/RLOG-RIL AT{0}( 9096): AT(18)<       'max_restore_time':[0,432,0,0,0,0,0,0,0,0,0,0,0,0,0,0],
07-29 14:38:00.403 D/use-Rlog/RLOG-RIL AT{0}( 9096): AT(18)<       'emc_wait_count':0
07-29 14:38:00.403 D/use-Rlog/RLOG-RIL AT{0}( 9096): AT(18)<    },
07-29 14:38:00.403 D/use-Rlog/RLOG-RIL AT{0}( 9096): AT(18)<    'cal32k':{
07-29 14:38:00.403 D/use-Rlog/RLOG-RIL AT{0}( 9096): AT(18)<       'low_res_freq_millihz':32768739,
07-29 14:38:00.403 D/use-Rlog/RLOG-RIL AT{0}( 9096): AT(18)<       'state_stats':[52,236,60596],
07-29 14:38:00.403 D/use-Rlog/RLOG-RIL AT{0}( 9096): AT(18)<       'cal_time':[0,25024,600,3476,10,755,194,51,75,3,2,10,51,126,144]
07-29 14:38:00.403 D/use-Rlog/RLOG-RIL AT{0}( 9096): AT(18)<    },
07-29 14:38:00.403 D/use-Rlog/RLOG-RIL AT{0}( 9096): AT(18)<    'IPM':{
07-29 14:38:00.403 D/use-Rlog/RLOG-RIL AT{0}( 9096): AT(18)<       'system_time':'0d4h54m6s',
07-29 14:38:00.403 D/use-Rlog/RLOG-RIL AT{0}( 9096): AT(18)<       'uptime':6437962,
07-29 14:38:00.403 D/use-Rlog/RLOG-RIL AT{0}( 9096): AT(18)<       'downtime':14004216,
07-29 14:38:00.403 D/use-Rlog/RLOG-RIL AT{0}( 9096): AT(18)<       'load_1000':314,
07-29 14:38:00.404 D/use-Rlog/RLOG-RIL AT{0}( 9096): AT(18)<       'idle_time_dist':[39474,3334,1071,4474,4185,5338,448,8,0,0],
07-29 14:38:00.404 D/use-Rlog/RLOG-RIL AT{0}( 9096): AT(18)<       'dxp0':{
07-29 14:38:00.404 D/use-Rlog/RLOG-RIL AT{0}( 9096): AT(18)<          'n_dmem_active':0,
07-29 14:38:00.404 D/use-Rlog/RLOG-RIL AT{0}( 9096): AT(18)<          'n_dxp_idle':6520789,
07-29 14:38:00.404 D/use-Rlog/RLOG-RIL AT{0}( 9096): AT(18)<          'n_soc_idle':0,
07-29 14:38:00.404 D/use-Rlog/RLOG-RIL AT{0}( 9096): AT(18)<          'n_power_off':30521
07-29 14:38:00.404 D/use-Rlog/RLOG-RIL AT{0}( 9096): AT(18)<       }
07-29 14:38:00.404 D/use-Rlog/RLOG-RIL AT{0}( 9096): AT(18)<    },
07-29 14:38:00.404 D/use-Rlog/RLOG-RIL AT{0}( 9096): AT(18)<    'shm':{
07-29 14:38:00.404 D/use-Rlog/RLOG-RIL AT{0}( 9096): AT(18)<       'queue':{
07-29 14:38:00.404 D/use-Rlog/RLOG-RIL AT{0}( 9096): AT(18)<          'put':8715,
07-29 14:38:00.404 D/use-Rlog/RLOG-RIL AT{0}( 9096): AT(18)<          'get':8255
07-29 14:38:00.404 D/use-Rlog/RLOG-RIL AT{0}( 9096): AT(18)<       },
07-29 14:38:00.404 D/use-Rlog/RLOG-RIL AT{0}( 9096): AT(18)<       'if':{
07-29 14:38:00.404 D/use-Rlog/RLOG-RIL AT{0}( 9096): AT(18)<          'sent':[170073,60859,2219,64,8869604,2332,2255,2186,2186,2186,2186,2186,2186,0,0,0,0,0,3224],
07-29 14:38:00.404 D/use-Rlog/RLOG-RIL AT{0}( 9096): AT(18)<          'received':[139600,19624,23,44,180,184,94,0,0,0,0,0,0,0,0,0,0,0,1372],
07-29 14:38:00.405 D/use-Rlog/RLOG-RIL AT{0}( 9096): AT(18)<          'given':[1252,1617,22,8,5155,33,29,18,18,18,18,18,18,0,0,0,0,0,49],
07-29 14:38:00.405 D/use-Rlog/RLOG-RIL AT{0}( 9096): AT(18)<          'taken':[1252,1616,22,8,5155,33,29,18,18,18,18,18,18,0,0,0,0,0,49]
07-29 14:38:00.405 D/use-Rlog/RLOG-RIL AT{0}( 9096): AT(18)<       },
07-29 14:38:00.405 D/use-Rlog/RLOG-RIL AT{0}( 9096): AT(18)<       'signal':{
07-29 14:38:00.405 D/use-Rlog/RLOG-RIL AT{0}( 9096): AT(18)<          'ul':7009,
07-29 14:38:00.405 D/use-Rlog/RLOG-RIL AT{0}( 9096): AT(18)<          'dl':7990
07-29 14:38:00.405 D/use-Rlog/RLOG-RIL AT{0}( 9096): AT(18)<       }
07-29 14:38:00.405 D/use-Rlog/RLOG-RIL AT{0}( 9096): AT(18)<    },
07-29 14:38:00.405 D/use-Rlog/RLOG-RIL AT{0}( 9096): AT(18)< }
07-29 14:38:00.405 D/use-Rlog/RLOG-RIL AT{0}( 9096): AT(18)< OK
07-29 14:38:00.405 D/use-Rlog/RLOG-RIL{0}( 9096): b89adee8 onHandleUnsolicited: +CESQ: 75,7,255,255,255,255 null
07-29 14:38:00.405 D/use-Rlog/RLOG-RIL{0}( 9096): b89adee8 onHandleUnsolicited: %NWSTATE: 4,00101,2g,-,0 null
07-29 14:38:00.405 D/RILJ    ( 3704): [UNSL]< UNSOL_RESPONSE_VOICE_NETWORK_STATE_CHANGED
07-29 14:38:00.405 D/RILJ    ( 3704): [8644]< SCREEN_STATE 
07-29 14:38:00.405 D/RILJ    ( 3704): [8645]> OPERATOR
07-29 14:38:00.409 D/RILJ    ( 3704): [8646]> DATA_REGISTRATION_STATE
07-29 14:38:00.410 D/use-Rlog/RLOG-RIL{0}( 9096): b89ad420 onRequest:[-1639825003] OPERATOR
07-29 14:38:00.410 I/use-Rlog/RLOG-RIL{0}( 9096): sending request OPERATOR on channel 0
07-29 14:38:00.410 D/use-Rlog/RLOG-RIL{0}( 9096): b89adee8 onHandleRequest:[-1639825003] OPERATOR
07-29 14:38:00.410 D/use-Rlog/RLOG-RIL{0}( 9096): Providing cached Operator details
07-29 14:38:00.410 D/RILJ    ( 3704): [8647]> VOICE_REGISTRATION_STATE
07-29 14:38:00.411 D/use-Rlog/RLOG-RIL{0}( 9096): b89ad420 onRequest:[-1639825002] DATA_REGISTRATION_STATE
07-29 14:38:00.411 I/use-Rlog/RLOG-RIL{0}( 9096): sending request DATA_REGISTRATION_STATE on channel 0
07-29 14:38:00.411 D/use-Rlog/RLOG-RIL{0}( 9096): b89adee8 onHandleRequest:[-1639825002] DATA_REGISTRATION_STATE
07-29 14:38:00.411 D/RILJ    ( 3704): [8648]> QUERY_NETWORK_SELECTION_MODE
07-29 14:38:00.412 D/use-Rlog/RLOG-RIL{0}( 9096): b89ad420 onRequest:[-1639825001] VOICE_REGISTRATION_STATE
07-29 14:38:00.412 I/use-Rlog/RLOG-RIL{0}( 9096): sending request VOICE_REGISTRATION_STATE on channel 0
07-29 14:38:00.412 D/use-Rlog/RLOG-RIL{0}( 9096): b89adee8 onHandleRequest:[-1639825001] VOICE_REGISTRATION_STATE
07-29 14:38:00.416 D/use-Rlog/RLOG-RIL{0}( 9096): b89ad420 onRequest:[-1639825000] QUERY_NETWORK_SELECTION_MODE
07-29 14:38:00.416 I/use-Rlog/RLOG-RIL{0}( 9096): sending request QUERY_NETWORK_SELECTION_MODE on channel 0
07-29 14:38:00.416 D/use-Rlog/RLOG-RIL{0}( 9096): b89adee8 onHandleRequest:[-1639825000] QUERY_NETWORK_SELECTION_MODE
07-29 14:38:00.416 D/use-Rlog/RLOG-RIL{0}( 9096): Providing cached network selection details
07-29 14:38:00.419 D/RILJ    ( 3704): [8645]< OPERATOR {00101, 00101, 00101}
07-29 14:38:00.419 D/RILJ    ( 3704): [8646]< DATA_REGISTRATION_STATE {0, null, null, 0, null, 2}
07-29 14:38:00.420 D/PHONE   ( 3704): [ServiceState] setDataRegState=1
07-29 14:38:00.420 D/PHONE   ( 3704): [ServiceState] setDataRadioTechnology=0
07-29 14:38:00.420 D/GsmSST  ( 3704): [GsmSST] handlPollStateResultMessage: GsmSST setDataRegState=1 regState=0 dataRadioTechnology=0
07-29 14:38:00.420 D/RILJ    ( 3704): [8647]< VOICE_REGISTRATION_STATE {1, 3e8, a, 16}
07-29 14:38:00.420 D/RILJ    ( 3704): [8648]< QUERY_NETWORK_SELECTION_MODE {1}
07-29 14:38:00.421 D/PHONE   ( 3704): [ServiceState] setVoiceRegState=0
07-29 14:38:00.421 E/PHONE   ( 3704): [ServiceState] setState deprecated use setVoiceRegState()
07-29 14:38:00.421 D/GsmSST  ( 3704): [GsmSST] Poll ServiceState done:  oldSS=[0 1 home 00101 00101 00101 (manual) GSM Unknown CSS not supported -1 -1 RoamInd=-1 DefRoamInd=-1 EmergOnly=false] newSS=[0 1 home 00101 00101 00101 (manual) GSM Unknown CSS not supported -1 -1 RoamInd=-1 DefRoamInd=-1 EmergOnly=false] oldMaxDataCalls=2 mNewMaxDataCalls=2 oldReasonDataDenied=-1 mNewReasonDataDenied=-1
07-29 14:38:00.421 D/PHONE   ( 3704): [ServiceState] setNullState=1
07-29 14:38:01.135 D/use-Rlog/RLOG-RIL AT{0}( 9096): AT(18)< %ICESQU: 80,7,255,255,255,255
07-29 14:38:01.135 D/use-Rlog/RLOG-RIL{0}( 9096): Kernel time: [15012.796446]
07-29 14:38:01.135 D/use-Rlog/RLOG-RIL{0}( 9096): b89ae710 onUnsolicited: %ICESQU: 80,7,255,255,255,255 null
07-29 14:38:01.135 D/use-Rlog/RLOG-RIL{0}( 9096): b89adee8 onHandleUnsolicited: %ICESQU: 80,7,255,255,255,255 null
07-29 14:38:17.292 D/use-Rlog/RLOG-RIL AT{0}( 9096): AT(18)< %ICESQU: 79,0,255,255,255,255
07-29 14:38:17.292 D/use-Rlog/RLOG-RIL{0}( 9096): Kernel time: [15028.953251]
07-29 14:38:17.292 D/use-Rlog/RLOG-RIL{0}( 9096): b89ae710 onUnsolicited: %ICESQU: 79,0,255,255,255,255 null
07-29 14:38:17.292 D/use-Rlog/RLOG-RIL{0}( 9096): b89adee8 onHandleUnsolicited: %ICESQU: 79,0,255,255,255,255 null
