I/        ( 3021): ProtocolErrorLog pPayload->mMsgModuleID:20004,pPayload->mALMID: 7
I/        ( 3021): ProtocolErrorLog VCOM_GU_L2_ALM_ID_DL_MDL_ERR == pPayload->mALMID
I/        ( 3021): ProtocolErrorLog VCOM_ParseBinaData after !
I/        ( 3021): ProtocolErrorLog read vcom readlength = payloadlength, readlength = 384,header->mMsgTyp = 4
I/        ( 3021): ProtocolErrorLog VCOM_ParseBinaData before!
I/        ( 3021): ProtocolErrorLog VCOM_ParseBinaData start!
I/        ( 3021): ProtocolErrorLog MsgType is VCOM_MSG_ERR_REPORT!,and pDataHeader->mMsgLength = 384
I/        ( 3021): ProtocolErrorLog pPayload->mMsgModuleID:20047,pPayload->mALMID: 0
I/        ( 3021): ProtocolErrorLog mMsgModuleID is wrong and mMsgModuleID = 131143 !
I/        ( 3021): ProtocolErrorLog VCOM_ParseBinaData after !
I/        ( 3021): ProtocolErrorLog read vcom readlength = payloadlength, readlength = 1796,header->mMsgTyp = 4
I/        ( 3021): ProtocolErrorLog VCOM_ParseBinaData before!
I/        ( 3021): ProtocolErrorLog VCOM_ParseBinaData start!
I/        ( 3021): ProtocolErrorLog MsgType is VCOM_MSG_ERR_REPORT!,and pDataHeader->mMsgLength = 1796
I/        ( 3021): ProtocolErrorLog pPayload->mMsgModuleID:20006,pPayload->mALMID: 1
I/        ( 3021): ProtocolErrorLog USIMM: VCOM_USIMM_ALM_ID_LOST_CARD == pPayload->mALMID
I/        ( 3021): ProtocolErrorLog USIMM: VCOM_USIMM_ALM_ID_LOST_CARD == pPayload->mALMID end
I/        ( 3021): ProtocolErrorLog pPayload->mMsgModuleID:500066E,pPayload->mALMID: 0
I/        ( 3021): ProtocolErrorLog mMsgModuleID is wrong and mMsgModuleID = 83887726 !
I/        ( 3021): ProtocolErrorLog VCOM_ParseBinaData after !
I/        ( 3021): ProtocolErrorLog read vcom readlength = payloadlength, readlength = 28,header->mMsgTyp = 4
I/        ( 3021): ProtocolErrorLog VCOM_ParseBinaData before!
I/        ( 3021): ProtocolErrorLog VCOM_ParseBinaData start!
I/        ( 3021): ProtocolErrorLog MsgType is VCOM_MSG_ERR_REPORT!,and pDataHeader->mMsgLength = 28
I/        ( 3021): ProtocolErrorLog pPayload->mMsgModuleID:20002,pPayload->mALMID: 6
I/        ( 3021): ProtocolErrorLog VCOM_GAS_ALM_ID_BUFFER_OVERFLOW == pPayload->mALMID
I/        ( 3021): ProtocolErrorLog VCOM_ParseBinaData after !
I/        ( 3021): ProtocolErrorLog read vcom readlength = payloadlength, readlength = 28,header->mMsgTyp = 4
I/        ( 3021): ProtocolErrorLog VCOM_ParseBinaData before!
I/        ( 3021): ProtocolErrorLog VCOM_ParseBinaData start!
I/        ( 3021): ProtocolErrorLog MsgType is VCOM_MSG_ERR_REPORT!,and pDataHeader->mMsgLength = 28
I/        ( 3021): ProtocolErrorLog pPayload->mMsgModuleID:20003,pPayload->mALMID: 6
I/        ( 3021): ProtocolErrorLog VCOM_WAS_ALARM_ID_BUFFER_OVERFLOW == pPayload->mALMID
I/        ( 3021): ProtocolErrorLog VCOM_ParseBinaData after !
I/        ( 3021): ProtocolErrorLog read vcom readlength = payloadlength, readlength = 28,header->mMsgTyp = 4
I/        ( 3021): ProtocolErrorLog VCOM_ParseBinaData before!
I/        ( 3021): ProtocolErrorLog VCOM_ParseBinaData start!
I/        ( 3021): ProtocolErrorLog MsgType is VCOM_MSG_ERR_REPORT!,and pDataHeader->mMsgLength = 28
I/        ( 3021): ProtocolErrorLog pPayload->mMsgModuleID:20034,pPayload->mALMID: 5
I/        ( 3021): ProtocolErrorLog VCOM_LRRC_OM_ALARMID_ENUM_OVERFLOW == pPayload->mALMID
I/        ( 3021): ProtocolErrorLog VCOM_ParseBinaData after !
I/        ( 3021): ProtocolErrorLog read vcom readlength = payloadlength, readlength = 384,header->mMsgTyp = 4
I/        ( 3021): ProtocolErrorLog VCOM_ParseBinaData before!
I/        ( 3021): ProtocolErrorLog VCOM_ParseBinaData start!
I/        ( 3021): ProtocolErrorLog MsgType is VCOM_MSG_ERR_REPORT!,and pDataHeader->mMsgLength = 384
I/        ( 3021): ProtocolErrorLog pPayload->mMsgModuleID:20046,pPayload->mALMID: 0
I/        ( 3021): ProtocolErrorLog mMsgModuleID is wrong and mMsgModuleID = 131142 !
I/        ( 3021): ProtocolErrorLog VCOM_ParseBinaData after !
I/        ( 3021): ProtocolErrorLog read vcom readlength = payloadlength, readlength = 240,header->mMsgTyp = 4
I/        ( 3021): ProtocolErrorLog VCOM_ParseBinaData before!
I/        ( 3021): ProtocolErrorLog VCOM_ParseBinaData start!
I/        ( 3021): ProtocolErrorLog MsgType is VCOM_MSG_ERR_REPORT!,and pDataHeader->mMsgLength = 240
I/        ( 3021): ProtocolErrorLog pPayload->mMsgModuleID:20001,pPayload->mALMID: 2
I/        ( 3021): ProtocolErrorLog VCOM_GU_NAS_ALM_ID_PS_REG_FAIL == pPayload->mALMID
I/        ( 3021): ProtocolErrorLog pPayload->mMsgModuleID:20001,pPayload->mALMID: 8
I/        ( 3021): ProtocolErrorLog VCOM_GU_NAS_ALM_ID_CS_PAGING_FAIL == pPayload->mALMID
I/        ( 3021): ProtocolErrorLog pPayload->mMsgModuleID:20001,pPayload->mALMID: 2
I/        ( 3021): ProtocolErrorLog VCOM_GU_NAS_ALM_ID_PS_REG_FAIL == pPayload->mALMID
I/        ( 3021): ProtocolErrorLog pPayload->mMsgModuleID:20001,pPayload->mALMID: B
I/        ( 3021): ProtocolErrorLog VCOM_GU_NAS_ALM_ID_MNTN == pPayload->mALMID
I/        ( 3021): ProtocolErrorLog VCOM_ParseBinaData after !
I/        ( 3021): ProtocolErrorLog read vcom readlength = payloadlength, readlength = 28,header->mMsgTyp = 4
I/        ( 3021): ProtocolErrorLog VCOM_ParseBinaData before!
I/        ( 3021): ProtocolErrorLog VCOM_ParseBinaData start!
I/        ( 3021): ProtocolErrorLog MsgType is VCOM_MSG_ERR_REPORT!,and pDataHeader->mMsgLength = 28
I/        ( 3021): ProtocolErrorLog pPayload->mMsgModuleID:20030,pPayload->mALMID: C
I/        ( 3021): ProtocolErrorLog VCOM_LNAS_OM_ERRLOG_ALM_ID_OVERFLOW_FAIL == pPayload->mALMID
I/        ( 3021): ProtocolErrorLog VCOM_ParseBinaData after !
I/        ( 3021): ProtocolErrorLog read vcom readlength = payloadlength, readlength = 1224,header->mMsgTyp = 4
I/        ( 3021): ProtocolErrorLog VCOM_ParseBinaData before!
I/        ( 3021): ProtocolErrorLog VCOM_ParseBinaData start!
I/        ( 3021): ProtocolErrorLog MsgType is VCOM_MSG_ERR_REPORT!,and pDataHeader->mMsgLength = 1224
I/        ( 3021): ProtocolErrorLog pPayload->mMsgModuleID:20001,pPayload->mALMID: 5
I/        ( 3021): ProtocolErrorLog VCOM_GU_NAS_ALM_ID_PS_CALL_FAIL == pPayload->mALMID
I/        ( 3021): ProtocolErrorLog pPayload->mMsgModuleID:20001,pPayload->mALMID: 5
I/        ( 3021): ProtocolErrorLog VCOM_GU_NAS_ALM_ID_PS_CALL_FAIL == pPayload->mALMID
I/        ( 3021): ProtocolErrorLog pPayload->mMsgModuleID:20001,pPayload->mALMID: 5
I/        ( 3021): ProtocolErrorLog VCOM_GU_NAS_ALM_ID_PS_CALL_FAIL == pPayload->mALMID
I/        ( 3021): ProtocolErrorLog pPayload->mMsgModuleID:20001,pPayload->mALMID: 5
I/        ( 3021): ProtocolErrorLog VCOM_GU_NAS_ALM_ID_PS_CALL_FAIL == pPayload->mALMID
I/        ( 3021): ProtocolErrorLog pPayload->mMsgModuleID:20001,pPayload->mALMID: 5
I/        ( 3021): ProtocolErrorLog VCOM_GU_NAS_ALM_ID_PS_CALL_FAIL == pPayload->mALMID
I/        ( 3021): ProtocolErrorLog pPayload->mMsgModuleID:20001,pPayload->mALMID: 5
I/        ( 3021): ProtocolErrorLog VCOM_GU_NAS_ALM_ID_PS_CALL_FAIL == pPayload->mALMID
I/        ( 3021): ProtocolErrorLog pPayload->mMsgModuleID:20001,pPayload->mALMID: 5
I/        ( 3021): ProtocolErrorLog VCOM_GU_NAS_ALM_ID_PS_CALL_FAIL == pPayload->mALMID
I/        ( 3021): ProtocolErrorLog pPayload->mMsgModuleID:20001,pPayload->mALMID: 5
I/        ( 3021): ProtocolErrorLog VCOM_GU_NAS_ALM_ID_PS_CALL_FAIL == pPayload->mALMID
I/        ( 3021): ProtocolErrorLog pPayload->mMsgModuleID:20001,pPayload->mALMID: 5
I/        ( 3021): ProtocolErrorLog VCOM_GU_NAS_ALM_ID_PS_CALL_FAIL == pPayload->mALMID
I/        ( 3021): ProtocolErrorLog pPayload->mMsgModuleID:20001,pPayload->mALMID: 5
I/        ( 3021): ProtocolErrorLog VCOM_GU_NAS_ALM_ID_PS_CALL_FAIL == pPayload->mALMID
I/        ( 3021): ProtocolErrorLog pPayload->mMsgModuleID:20001,pPayload->mALMID: 5
I/        ( 3021): ProtocolErrorLog VCOM_GU_NAS_ALM_ID_PS_CALL_FAIL == pPayload->mALMID
I/        ( 3021): ProtocolErrorLog pPayload->mMsgModuleID:20001,pPayload->mALMID: 5
I/        ( 3021): ProtocolErrorLog VCOM_GU_NAS_ALM_ID_PS_CALL_FAIL == pPayload->mALMID
I/        ( 3021): ProtocolErrorLog pPayload->mMsgModuleID:20001,pPayload->mALMID: 5
I/        ( 3021): ProtocolErrorLog VCOM_GU_NAS_ALM_ID_PS_CALL_FAIL == pPayload->mALMID
I/        ( 3021): ProtocolErrorLog pPayload->mMsgModuleID:20001,pPayload->mALMID: B
I/        ( 3021): ProtocolErrorLog VCOM_GU_NAS_ALM_ID_MNTN == pPayload->mALMID
I/        ( 3021): ProtocolErrorLog VCOM_ParseBinaData after !
E/TEST-APN( 3536): query for APN: check-permission succ 
E/TEST-APN( 3536): Telephony query SQL: SELECT _id, name, apn FROM carriers WHERE (_id = 3087 AND (NOT(name = 'UPC MMS' AND apn = 'mms.hu.upcmobile.com')) AND (NOT(name = 'upcnet' AND apn = 'Internet.ch.upcmobile.com')) AND (NOT(name = 'UPC mobile internet' AND apn = 'Internet.at.upcmobile.com')) AND (NOT(name = 'UPC Mobil Internet' AND apn = 'Internet.hu.upcmobile.com')) AND (NOT(name = 'MVNO NL' AND apn = 'internet.mvno.mobi')) AND (NOT(name = 'Ziggo mobiel internet' AND apn = 'internet.ziggo.nl')) AND (NOT(name = 'upcmms' AND apn = 'mms.ch.upcmobile.com')))
I/HwMtpServerExJNI(14912): cleanup MtpServerEx
I/MtpServerJNI(14912): cleanup MtpServer 0x55714642e0
I/ActivityManager( 3021): filter receiver for action = android.hardware.usb.action.USB_STATE
I/Tethering( 3021): usbConnected = truemRndisEnabled = falsemUsbTetherRequested = false
I/ActivityManager( 3021): filter receiver for action = android.hardware.usb.action.USB_STATE
I/Tethering( 3021): usbConnected = truemRndisEnabled = falsemUsbTetherRequested = false
I/ActivityManager( 3021): filter receiver for action = android.hardware.usb.action.USB_STATE
I/Tethering( 3021): usbConnected = truemRndisEnabled = falsemUsbTetherRequested = false
I/HWSERVICES(14912): hwnative_get_component  comes...
I/StagefrightMediaScannerEx(14912): StagefrightMediaScanner Constructor
I/HWSERVICES(14912): hwnative_get_component_mtpServer  comes...
I/HwMtpServerExJNI(14912): set MtpServerEx 0x55711e4a40
I/HwMtpServerExJNI(14912): Finish to setup MtpServer
I/ActivityManager( 3021): filter receiver for action = android.hardware.usb.action.USB_STATE
I/Tethering( 3021): usbConnected = truemRndisEnabled = falsemUsbTetherRequested = false
I/HwMtpServerExJNI(14912): cleanup MtpServerEx
I/MtpServerJNI(14912): cleanup MtpServer 0x55711e4a40
I/ActivityManager( 3021): filter receiver for action = android.hardware.usb.action.USB_STATE
I/Tethering( 3021): usbConnected = truemRndisEnabled = falsemUsbTetherRequested = false
I/HWSERVICES(14912): hwnative_get_component  comes...
I/StagefrightMediaScannerEx(14912): StagefrightMediaScanner Constructor
I/ActivityManager( 3021): filter receiver for action = android.hardware.usb.action.USB_STATE
I/Tethering( 3021): usbConnected = truemRndisEnabled = falsemUsbTetherRequested = false
I/HWSERVICES(14912): hwnative_get_component  comes...
I/StagefrightMediaScannerEx(14912): StagefrightMediaScanner Constructor
E/TEST-APN( 3536): query for APN: check-permission succ 
E/TEST-APN( 3536): Telephony query SQL: SELECT * FROM siminfo WHERE (sim_id=?)
I/        ( 3021): ProtocolErrorLog read vcom readlength = payloadlength, readlength = 12,header->mMsgTyp = 2
I/        ( 3021): ProtocolErrorLog VCOM_ParseBinaData before!
I/        ( 3021): ProtocolErrorLog VCOM_ParseBinaData start!
I/        ( 3021): ProtocolErrorLog MsgType is VCOM_MSG_ERR_REPORT_END!,pEnd->mPidResponse = 570425344
I/LogCollectManager( 3021): start to bind to Log Collect service
I/        ( 3021): ProtocolErrorLog VCOM_ParseBinaData after !
E/PROTOCOL_LOG( 3021): header.length = 184
I/LogCollectManager( 3021): start to bind to Log Collect service
I/LogCollectManager( 3021): start to bind to Log Collect service
I/LogCollectManager( 3021): start to bind to Log Collect service
I/HwLauncher( 3582): Model  onReceive intent=Intent { act=android.intent.action.TIME_TICK flg=0x50000014 (has extras) }
I/TimeManager( 3263): receiver action = android.intent.action.TIME_TICK
I/TimeManager( 3263): hand message 1
I/TimeManager( 3263): notify time change. size = 2
I/TimeLayout( 3263): time = 15:09
I/TimeLayout( 3263): updateDate date = 12/11/2015
I/TimeLayout( 3263): weekDay = Thursday
E/TEST-APN( 3536): query for APN: check-permission succ 
E/TEST-APN( 3536): Telephony query SQL: SELECT _id, name, apn FROM carriers WHERE (_id = 3087 AND (NOT(name = 'UPC MMS' AND apn = 'mms.hu.upcmobile.com')) AND (NOT(name = 'upcnet' AND apn = 'Internet.ch.upcmobile.com')) AND (NOT(name = 'UPC mobile internet' AND apn = 'Internet.at.upcmobile.com')) AND (NOT(name = 'UPC Mobil Internet' AND apn = 'Internet.hu.upcmobile.com')) AND (NOT(name = 'MVNO NL' AND apn = 'internet.mvno.mobi')) AND (NOT(name = 'Ziggo mobiel internet' AND apn = 'internet.ziggo.nl')) AND (NOT(name = 'upcmms' AND apn = 'mms.ch.upcmobile.com')))
E/TEST-APN( 3536): query for APN: check-permission succ 
E/TEST-APN( 3536): Telephony query SQL: SELECT _id, name, apn FROM carriers WHERE (_id = 3087 AND (NOT(name = 'UPC MMS' AND apn = 'mms.hu.upcmobile.com')) AND (NOT(name = 'upcnet' AND apn = 'Internet.ch.upcmobile.com')) AND (NOT(name = 'UPC mobile internet' AND apn = 'Internet.at.upcmobile.com')) AND (NOT(name = 'UPC Mobil Internet' AND apn = 'Internet.hu.upcmobile.com')) AND (NOT(name = 'MVNO NL' AND apn = 'internet.mvno.mobi')) AND (NOT(name = 'Ziggo mobiel internet' AND apn = 'internet.ziggo.nl')) AND (NOT(name = 'upcmms' AND apn = 'mms.ch.upcmobile.com')))
E/TEST-APN( 3536): query for APN: check-permission succ 
E/TEST-APN( 3536): Telephony query SQL: SELECT _id, name, apn FROM carriers WHERE (_id = 3087 AND (NOT(name = 'UPC MMS' AND apn = 'mms.hu.upcmobile.com')) AND (NOT(name = 'upcnet' AND apn = 'Internet.ch.upcmobile.com')) AND (NOT(name = 'UPC mobile internet' AND apn = 'Internet.at.upcmobile.com')) AND (NOT(name = 'UPC Mobil Internet' AND apn = 'Internet.hu.upcmobile.com')) AND (NOT(name = 'MVNO NL' AND apn = 'internet.mvno.mobi')) AND (NOT(name = 'Ziggo mobiel internet' AND apn = 'internet.ziggo.nl')) AND (NOT(name = 'upcmms' AND apn = 'mms.ch.upcmobile.com')))
E/TEST-APN( 3536): query for APN: check-permission succ 
E/TEST-APN( 3536): Telephony query SQL: SELECT _id, name, apn FROM carriers WHERE (_id = 3087 AND (NOT(name = 'UPC MMS' AND apn = 'mms.hu.upcmobile.com')) AND (NOT(name = 'upcnet' AND apn = 'Internet.ch.upcmobile.com')) AND (NOT(name = 'UPC mobile internet' AND apn = 'Internet.at.upcmobile.com')) AND (NOT(name = 'UPC Mobil Internet' AND apn = 'Internet.hu.upcmobile.com')) AND (NOT(name = 'MVNO NL' AND apn = 'internet.mvno.mobi')) AND (NOT(name = 'Ziggo mobiel internet' AND apn = 'internet.ziggo.nl')) AND (NOT(name = 'upcmms' AND apn = 'mms.ch.upcmobile.com')))
E/TEST-APN( 3536): query for APN: check-permission succ 
E/TEST-APN( 3536): Telephony query SQL: SELECT _id, name, apn FROM carriers WHERE (_id = 3087 AND (NOT(name = 'UPC MMS' AND apn = 'mms.hu.upcmobile.com')) AND (NOT(name = 'upcnet' AND apn = 'Internet.ch.upcmobile.com')) AND (NOT(name = 'UPC mobile internet' AND apn = 'Internet.at.upcmobile.com')) AND (NOT(name = 'UPC Mobil Internet' AND apn = 'Internet.hu.upcmobile.com')) AND (NOT(name = 'MVNO NL' AND apn = 'internet.mvno.mobi')) AND (NOT(name = 'Ziggo mobiel internet' AND apn = 'internet.ziggo.nl')) AND (NOT(name = 'upcmms' AND apn = 'mms.ch.upcmobile.com')))
I/ActivityManager( 3021): filter receiver for action = android.hardware.usb.action.USB_STATE
I/Tethering( 3021): usbConnected = truemRndisEnabled = falsemUsbTetherRequested = false
I/ActivityManager( 3021): filter receiver for action = android.hardware.usb.action.USB_STATE
I/Tethering( 3021): usbConnected = truemRndisEnabled = falsemUsbTetherRequested = false
I/HWSERVICES(14912): hwnative_get_component  comes...
I/StagefrightMediaScannerEx(14912): StagefrightMediaScanner Constructor
I/HWSERVICES(14912): hwnative_get_component_mtpServer  comes...
I/HwMtpServerExJNI(14912): set MtpServerEx 0x55714dfbb0
I/HwMtpServerExJNI(14912): Finish to setup MtpServer
I/ActivityManager( 3021): filter receiver for action = android.hardware.usb.action.USB_STATE
I/Tethering( 3021): usbConnected = truemRndisEnabled = falsemUsbTetherRequested = false
I/HwMtpServerExJNI(14912): cleanup MtpServerEx
I/MtpServerJNI(14912): cleanup MtpServer 0x55714dfbb0
I/ActivityManager( 3021): filter receiver for action = android.hardware.usb.action.USB_STATE
I/Tethering( 3021): usbConnected = truemRndisEnabled = falsemUsbTetherRequested = false
I/HWSERVICES(14912): hwnative_get_component  comes...
I/StagefrightMediaScannerEx(14912): StagefrightMediaScanner Constructor
I/HWSERVICES(14912): hwnative_get_component_mtpServer  comes...
I/HwMtpServerExJNI(14912): set MtpServerEx 0x55714e1f60
I/HwMtpServerExJNI(14912): Finish to setup MtpServer
I/ActivityManager( 3021): filter receiver for action = android.hardware.usb.action.USB_STATE
I/Tethering( 3021): usbConnected = truemRndisEnabled = falsemUsbTetherRequested = false
I/HWSERVICES(14912): hwnative_get_component  comes...
I/StagefrightMediaScannerEx(14912): StagefrightMediaScanner Constructor
I/ActivityManager( 3021): filter receiver for action = android.hardware.usb.action.USB_STATE
I/Tethering( 3021): usbConnected = truemRndisEnabled = falsemUsbTetherRequested = false
I/HWSERVICES(14912): hwnative_get_component  comes...
I/StagefrightMediaScannerEx(14912): StagefrightMediaScanner Constructor
I/HwMtpServerExJNI(14912): cleanup MtpServerEx
I/MtpServerJNI(14912): cleanup MtpServer 0x55714e1f60
I/ActivityManager( 3021): filter receiver for action = android.hardware.usb.action.USB_STATE
I/Tethering( 3021): usbConnected = truemRndisEnabled = falsemUsbTetherRequested = false
I/ActivityManager( 3021): filter receiver for action = android.hardware.usb.action.USB_STATE
I/Tethering( 3021): usbConnected = truemRndisEnabled = falsemUsbTetherRequested = false
I/ActivityManager( 3021): filter receiver for action = android.hardware.usb.action.USB_STATE
I/Tethering( 3021): usbConnected = truemRndisEnabled = falsemUsbTetherRequested = false
I/ActivityManager( 3021): filter receiver for action = android.hardware.usb.action.USB_STATE
I/Tethering( 3021): usbConnected = truemRndisEnabled = falsemUsbTetherRequested = false
I/ActivityManager( 3021): filter receiver for action = android.hardware.usb.action.USB_STATE
I/Tethering( 3021): usbConnected = truemRndisEnabled = falsemUsbTetherRequested = false
I/ActivityManager( 3021): filter receiver for action = android.hardware.usb.action.USB_STATE
I/Tethering( 3021): usbConnected = truemRndisEnabled = falsemUsbTetherRequested = false
I/art     ( 3021): Explicit concurrent mark sweep GC freed 293475(13MB) AllocSpace objects, 0(0B) LOS objects, 28% free, 39MB/55MB, paused 2.678ms total 329.792ms
I/HWSERVICES(14912): hwnative_get_component  comes...
I/StagefrightMediaScannerEx(14912): StagefrightMediaScanner Constructor
I/HWSERVICES(14912): hwnative_get_component_mtpServer  comes...
I/HwMtpServerExJNI(14912): set MtpServerEx 0x5571466f40
I/HwMtpServerExJNI(14912): Finish to setup MtpServer
I/HWSERVICES(14912): hwnative_get_component  comes...
I/StagefrightMediaScannerEx(14912): StagefrightMediaScanner Constructor
W/ctxmgr  ( 4489): [PowerConnectionState]Got same value as before for power connection (Plug state: 2 BatteryLevel: 0.74)
I/HwSystemManager( 3776): BgPowerManagerService:BgPowerManagerSerivce plugged =2 currentThreshold = 8 mRawLevel = 74mLastRawLevel74
I/HwSystemManager( 3776): BgPowerManagerService: mTimes = 33251 firstTime = 231348999 firstmBatteryCapacity =1671
W/ctxmgr  ( 4489): [PowerConnectionState]Got same value as before for power connection (Plug state: 2 BatteryLevel: 0.74)
I/HwSystemManager( 3776): BgPowerManagerService:BgPowerManagerSerivce plugged =2 currentThreshold = 8 mRawLevel = 74mLastRawLevel74
I/HwSystemManager( 3776): BgPowerManagerService: mTimes = 60002 firstTime = 231348999 firstmBatteryCapacity =1671
