E/JavaBinder( 1369): Caused by: android.os.RemoteException
E/JavaBinder( 1369): 	at com.google.android.gms.ads.identifier.service.a.a(SourceFile:77)
E/JavaBinder( 1369): 	at com.google.android.gms.ads.identifier.a.b.onTransact(SourceFile:63)
E/JavaBinder( 1369): 	at android.os.Binder.execTransact(Binder.java:446)
E/JavaBinder( 1369): *** Uncaught remote exception!  (Exceptions are not yet supported across processes.)
E/JavaBinder( 1369): java.lang.RuntimeException: android.os.RemoteException
E/JavaBinder( 1369): 	at android.os.Parcel.writeException(Parcel.java:1446)
E/JavaBinder( 1369): 	at android.os.Binder.execTransact(Binder.java:452)
E/JavaBinder( 1369): Caused by: android.os.RemoteException
E/JavaBinder( 1369): 	at com.google.android.gms.ads.identifier.service.a.a(SourceFile:77)
E/JavaBinder( 1369): 	at com.google.android.gms.ads.identifier.a.b.onTransact(SourceFile:63)
E/JavaBinder( 1369): 	at android.os.Binder.execTransact(Binder.java:446)
I/ActivityManager(  744): Start proc 2734:com.qualcomm.qcrilmsgtunnel/1001 for broadcast com.qualcomm.qcrilmsgtunnel/.QcrilMsgTunnelAutoboot
E/YouTube ( 2652): (unknown) device registration failed
D/QcrilMsgTunnelAutoboot( 2734): ComponentInfo{com.qualcomm.qcrilmsgtunnel/com.qualcomm.qcrilmsgtunnel.QcrilMsgTunnelService} started successfully
D/QcrilMsgTunnelService( 2734): onCreate method
D/QcrilMsgTunnelIfaceManager( 2734): : Instantiated
V/QcrilMsgTunnelSocket( 2734): Starting QcRil Sender & Receiver threads
D/QcrilMsgTunnelIfaceManager( 2734):  Registered for UNSOL OEM HOOK Responses to deliver external apps
I/QcrilMsgTunnelSocket( 2734): Connected to 'qmux_radio/rild_oem0' socket
I/ActivityManager(  744): Start proc 2754:com.google.android.partnersetup/u0a13 for service com.google.android.partnersetup/.RlzPingService
D/Finsky  ( 2127): [1] DailyHygiene.onStartCommand: Beginning daily hygiene
W/Finsky  ( 2127): [1] FinskyApp.getCurrentAccount: No account configured on this device.
W/Finsky  ( 2127): [1] FinskyApp.getDfeApi: No account configured on this device.
D/GCM     ( 1428): GcmService start Intent { act=com.google.android.gms.INITIALIZE flg=0x10 pkg=com.google.android.gms cmp=com.google.android.gms/.gcm.GcmService } com.google.android.gms.INITIALIZE
D/AuthorizationBluetoothService( 1428): Received GmsCore event: Intent { act=com.google.android.gms.INITIALIZE flg=0x10 pkg=com.google.android.gms cmp=com.google.android.gms/.auth.be.proximity.authorization.bt.AuthorizationBluetoothService$AutoStarter }.
E/AuthorizationBluetoothService( 1428): Proximity feature is not enabled.
V/GmsCoreStatsServiceLauncher( 1369): Received broadcast intent Intent { act=com.google.android.gms.INITIALIZE flg=0x10 pkg=com.google.android.gms cmp=com.google.android.gms/.common.stats.GmsCoreStatsServiceLauncher }
D/Finsky  ( 2127): [1] CheckPreconditionsAndAutoUpdateScheduler.cancelCheck: Canceling auto-update wifi check.
W/Finsky  ( 2127): [1] FinskyApp.getCurrentAccount: No account configured on this device.
D/Finsky  ( 2127): [1] DailyHygiene.logDeviceFeaturesAndContinue: Logging device features
D/LocationInitializer( 1369): Restart initialization of location
D/GCM     ( 1428): GcmService start Intent { act=com.google.android.gms.INITIALIZE flg=0x10 pkg=com.google.android.gms cmp=com.google.android.gms/.gcm.GcmService } com.google.android.gms.INITIALIZE
I/RlzPingService( 2754): Setting next ping for 1447925429469
D/AuthorizationBluetoothService( 1428): Received GmsCore event: Intent { act=com.google.android.gms.INITIALIZE flg=0x10 pkg=com.google.android.gms cmp=com.google.android.gms/.auth.be.proximity.authorization.bt.AuthorizationBluetoothService$AutoStarter }.
E/AuthorizationBluetoothService( 1428): Proximity feature is not enabled.
V/GmsCoreStatsServiceLauncher( 1369): Received broadcast intent Intent { act=com.google.android.gms.INITIALIZE flg=0x10 pkg=com.google.android.gms cmp=com.google.android.gms/.common.stats.GmsCoreStatsServiceLauncher }
D/DeviceConnectionService( 1576): client connected with version: 6587000
I/ActivityManager(  744): Killing 2221:com.android.settings/1000 (adj 15): empty #17
D/LocationInitializer( 1369): Restart initialization of location
D/GCM     ( 1428): GcmService start Intent { act=com.google.android.gms.INITIALIZE flg=0x10 pkg=com.google.android.gms cmp=com.google.android.gms/.gcm.GcmService } com.google.android.gms.INITIALIZE
D/AuthorizationBluetoothService( 1428): Received GmsCore event: Intent { act=com.google.android.gms.INITIALIZE flg=0x10 pkg=com.google.android.gms cmp=com.google.android.gms/.auth.be.proximity.authorization.bt.AuthorizationBluetoothService$AutoStarter }.
E/AuthorizationBluetoothService( 1428): Proximity feature is not enabled.
V/GmsCoreStatsServiceLauncher( 1369): Received broadcast intent Intent { act=com.google.android.gms.INITIALIZE flg=0x10 pkg=com.google.android.gms cmp=com.google.android.gms/.common.stats.GmsCoreStatsServiceLauncher }
D/LocationInitializer( 1369): Restart initialization of location
D/GCM     ( 1428): GcmService start Intent { act=com.google.android.checkin.CHECKIN_COMPLETE flg=0x10 cmp=com.google.android.gms/.gcm.GcmService (has extras) } com.google.android.checkin.CHECKIN_COMPLETE
I/ActivityManager(  744): Start proc 2782:com.android.cellbroadcastreceiver/u0a3 for broadcast com.android.cellbroadcastreceiver/.CellBroadcastReceiver
I/art     (  199): Explicit concurrent mark sweep GC freed 704(30KB) AllocSpace objects, 0(0B) LOS objects, 40% free, 16MB/26MB, paused 211us total 9.223ms
I/art     (  199): Explicit concurrent mark sweep GC freed 7(240B) AllocSpace objects, 0(0B) LOS objects, 40% free, 16MB/26MB, paused 230us total 10.294ms
I/art     (  199): Explicit concurrent mark sweep GC freed 5(160B) AllocSpace objects, 0(0B) LOS objects, 40% free, 16MB/26MB, paused 225us total 10.040ms
D/CellBroadcastReceiver( 2782): onReceive Intent { act=android.intent.action.SERVICE_STATE flg=0x10 cmp=com.android.cellbroadcastreceiver/.CellBroadcastReceiver (has extras) }
D/CellBroadcastReceiver( 2782): Intent ACTION_SERVICE_STATE_CHANGED
D/CellBroadcastReceiver( 2782): Service state changed! 1 Full: 1 1 voice home data home null null null null null null (manual) Unknown Unknown CSS not supported -1 -1 RoamInd=-1 DefRoamInd=-1 EmergOnly=true Current state=-1
I/ActivityManager(  744): Start proc 2804:com.google.android.music:main/u0a61 for broadcast com.google.android.music/.store.MediaStoreImportService$Receiver
I/ActivityManager(  744): Killing 1862:com.google.android.apps.walletnfcrel/u0a24 (adj 15): empty #17
I/Babel_RequestWriter( 2312): error sending REQ[fc:2; creat:1447320626552; type:bme-894251891: userphotoalbums
I/Babel_RequestWriter( 2312): ProtoBuf:
I/Babel_RequestWriter( 2312): null
I/Babel_RequestWriter( 2312): Creation stack:
I/Babel_RequestWriter( 2312): java.lang.Throwable
I/Babel_RequestWriter( 2312): 	at bng.<init>(SourceFile:300)
I/Babel_RequestWriter( 2312): 	at bnw.<init>(SourceFile:443)
I/Babel_RequestWriter( 2312): 	at bma.<init>(SourceFile:50)
I/Babel_RequestWriter( 2312): 	at bme.<init>(SourceFile:344)
I/Babel_RequestWriter( 2312): 	at bvf.a(SourceFile:26)
I/Babel_RequestWriter( 2312): 	at com.google.android.apps.hangouts.realtimechat.RealTimeChatService.a(SourceFile:5093)
I/Babel_RequestWriter( 2312): 	at com.google.android.apps.hangouts.realtimechat.RealTimeChatService.g(SourceFile:4568)
I/Babel_RequestWriter( 2312): 	at com.google.android.apps.hangouts.realtimechat.RealTimeChatService.a(SourceFile:887)
I/Babel_RequestWriter( 2312): 	at com.google.android.apps.hangouts.realtimechat.RealTimeChatService.onHandleIntent(SourceFile:766)
I/Babel_RequestWriter( 2312): 	at android.app.IntentService$ServiceHandler.handleMessage(IntentService.java:65)
I/Babel_RequestWriter( 2312): 	at android.os.Handler.dispatchMessage(Handler.java:102)
I/Babel_RequestWriter( 2312): 	at android.os.Looper.loop(Looper.java:135)
I/Babel_RequestWriter( 2312): 	at android.os.HandlerThread.run(HandlerThread.java:61)
I/Babel_RequestWriter( 2312): 
I/Babel_RequestWriter( 2312): Origin stack:
I/Babel_RequestWriter( 2312): java.lang.Throwable
I/Babel_RequestWriter( 2312): 	at com.google.android.apps.hangouts.realtimechat.RealTimeChatService.e(SourceFile:1157)
I/Babel_RequestWriter( 2312): 	at com.google.android.apps.hangouts.realtimechat.RealTimeChatService.f(SourceFile:3214)
I/Babel_RequestWriter( 2312): 	at com.google.android.apps.hangouts.realtimechat.RealTimeChatService.s(SourceFile:2980)
I/Babel_RequestWriter( 2312): 	at com.google.android.apps.hangouts.stickers.StickersModule.a(SourceFile:132)
I/Babel_RequestWriter( 2312): 	at com.google.android.apps.hangouts.stickers.StickersModule.v_(SourceFile:105)
I/Babel_RequestWriter( 2312): 	at com.google.android.apps.hangouts.phone.EsApplication.onCreate(SourceFile:566)
I/Babel_RequestWriter( 2312): 	at android.app.Instrumentation.callApplicationOnCreate(Instrumentation.java:1012)
I/Babel_RequestWriter( 2312): 	at android.app.ActivityThread.handleBindApplication(ActivityThread.java:4553)
I/Babel_RequestWriter( 2312): 	at android.app.ActivityThread.access$1500(ActivityThread.java:151)
I/Babel_RequestWriter( 2312): 	at android.app.ActivityThread$H.handleMessage(ActivityThread.java:1364)
I/Babel_RequestWriter( 2312): 	at android.os.Handler.dispatchMessage(Handler.java:102)
I/Babel_RequestWriter( 2312): 	at android.os.Looper.loop(Looper.java:135)
I/Babel_RequestWriter( 2312): 	at android.app.ActivityThread.main(ActivityThread.java:5254)
I/Babel_RequestWriter( 2312): 	at java.lang.reflect.Method.invoke(Native Method)
I/Babel_RequestWriter( 2312): 	at java.lang.reflect.Method.invoke(Method.java:372)
I/Babel_RequestWriter( 2312): 	at com.android.internal.os.ZygoteInit$MethodAndArgsCaller.run(ZygoteInit.java:903)
I/Babel_RequestWriter( 2312): 	at com.android.internal.os.ZygoteInit.main(ZygoteInit.java:698)
I/Babel_RequestWriter( 2312): ]; took 0 ms (error code == 101)
I/MusicStore( 2804): Database version: 107
W/ActivityManager(  744): getRunningAppProcesses: caller 10061 does not hold REAL_GET_TASKS; limiting output
W/ResourcesManager( 2804): Asset path '/system/framework/com.android.media.remotedisplay.jar' does not exist or contains no resources.
W/ResourcesManager( 2804): Asset path '/system/framework/com.android.location.provider.jar' does not exist or contains no resources.
V/JNIHelp ( 2804): Registering com/google/android/gms/org/conscrypt/NativeCrypto's 235 native methods...
I/ProviderInstaller( 2804): Installed default security provider GmsCore_OpenSSL
D/AndroidMusic( 2804): GMSCore installation verified
I/ConfigStore( 2804): Config Database version: 1
I/MediaRouter( 2804): Found default route: MediaRouter.RouteInfo{ uniqueId=android/.support.v7.media.SystemMediaRouteProvider:DEFAULT_ROUTE, name=Phone, description=null, enabled=true, connecting=false, playbackType=0, playbackStream=3, volumeHandling=1, volume=11, volumeMax=15, presentationDisplayId=-1, extras=null, providerPackageName=android }
D/GCM     ( 1428): GcmService start Intent { act=com.google.android.gms.INITIALIZE flg=0x10 pkg=com.google.android.gms cmp=com.google.android.gms/.gcm.GcmService } com.google.android.gms.INITIALIZE
D/AuthorizationBluetoothService( 1428): Received GmsCore event: Intent { act=com.google.android.gms.INITIALIZE flg=0x10 pkg=com.google.android.gms cmp=com.google.android.gms/.auth.be.proximity.authorization.bt.AuthorizationBluetoothService$AutoStarter }.
E/AuthorizationBluetoothService( 1428): Proximity feature is not enabled.
V/GmsCoreStatsServiceLauncher( 1369): Received broadcast intent Intent { act=com.google.android.gms.INITIALIZE flg=0x10 pkg=com.google.android.gms cmp=com.google.android.gms/.common.stats.GmsCoreStatsServiceLauncher }
D/LocationInitializer( 1369): Restart initialization of location
W/ArtDownloadService( 2804): Setting cache size 0
I/ActivityManager(  744): Start proc 2853:android.process.media/u0a6 for content provider com.android.providers.media/.MediaProvider
I/ActivityManager(  744): Delay finish: com.google.android.talk/com.google.android.apps.hangouts.realtimechat.MessagesAvailableReceiver
I/ActivityManager(  744): Resuming delayed broadcast
I/ActivityManager(  744): Delay finish: com.google.android.gm/.MailIntentReceiver
I/ActivityManager(  744): Resuming delayed broadcast
I/ActivityManager(  744): Delay finish: com.android.providers.calendar/.CalendarProviderBroadcastReceiver
E/SQLiteLog( 2022): (284) automatic index on view_events(_id)
E/SQLiteLog( 2312): (284) automatic index on conversation_participants_view(conversation_id)
E/SQLiteLog( 2312): (284) automatic index on conversation_participants_view(conversation_id)
I/ActivityManager(  744): Resuming delayed broadcast
E/SQLiteLog( 2853): (283) recovered 26 frames from WAL file /data/user/0/com.android.providers.media/databases/external.db-wal
D/Finsky  ( 2127): [1] VerifyInstalledPackagesReceiver.checkPrerequisites: Skipping verification because network inactive
I/ActivityManager(  744): Killing 2265:com.google.android.apps.gcs/u0a26 (adj 15): empty #17
I/MediaStoreImporter( 2804): Update: incremental Added music: 0 Updated music: 0 Deleted music: 0 Created playlists: 0 Updated playlists: 0 Deleted playlists: 0 Inserted playlist items: 0 Deleted playlist items: 0 Removed orphaned playlist items: 0
I/ActivityManager(  744): Killing 1731:com.google.android.gms.wearable/u0a8 (adj 15): empty #17
I/Process ( 2167): Sending signal. PID: 2167 SIG: 9
I/ActivityManager(  744): Process com.google.android.gms:car (pid 2167) has died
W/ActivityManager(  744): Unable to start service Intent { act=com.google.android.gms.analytics.service.START cmp=com.google.android.gms/.analytics.service.AnalyticsService (has extras) } U=0: not found
W/GAV2    ( 1268): Thread[GAThread,5,main]: Service unavailable (code=1), will retry.
I/GAV2    ( 1268): Thread[GAThread,5,main]: No campaign data found.
W/ActivityManager(  744): Unable to start service Intent { act=com.google.android.gms.analytics.service.START cmp=com.google.android.gms/.analytics.service.AnalyticsService (has extras) } U=0: not found
W/GAV2    ( 2350): Thread[GAThread,5,main]: Service unavailable (code=1), will retry.
I/GAV2    ( 2350): Thread[GAThread,5,main]: No campaign data found.
W/ActivityManager(  744): Unable to start service Intent { act=com.google.android.gms.analytics.service.START cmp=com.google.android.gms/.analytics.service.AnalyticsService (has extras) } U=0: not found
W/GAV2    ( 2523): Thread[GAThread,5,main]: Service unavailable (code=1), will retry.
I/GAV2    ( 2523): Thread[GAThread,5,main]: No campaign data found.
I/Babel_RequestWriter( 2312): error sending REQ[fc:3; creat:1447320626552; type:bme-894251891: userphotoalbums
I/Babel_RequestWriter( 2312): ProtoBuf:
I/Babel_RequestWriter( 2312): null
I/Babel_RequestWriter( 2312): Creation stack:
I/Babel_RequestWriter( 2312): java.lang.Throwable
I/Babel_RequestWriter( 2312): 	at bng.<init>(SourceFile:300)
I/Babel_RequestWriter( 2312): 	at bnw.<init>(SourceFile:443)
I/Babel_RequestWriter( 2312): 	at bma.<init>(SourceFile:50)
I/Babel_RequestWriter( 2312): 	at bme.<init>(SourceFile:344)
I/Babel_RequestWriter( 2312): 	at bvf.a(SourceFile:26)
I/Babel_RequestWriter( 2312): 	at com.google.android.apps.hangouts.realtimechat.RealTimeChatService.a(SourceFile:5093)
I/Babel_RequestWriter( 2312): 	at com.google.android.apps.hangouts.realtimechat.RealTimeChatService.g(SourceFile:4568)
I/Babel_RequestWriter( 2312): 	at com.google.android.apps.hangouts.realtimechat.RealTimeChatService.a(SourceFile:887)
I/Babel_RequestWriter( 2312): 	at com.google.android.apps.hangouts.realtimechat.RealTimeChatService.onHandleIntent(SourceFile:766)
I/Babel_RequestWriter( 2312): 	at android.app.IntentService$ServiceHandler.handleMessage(IntentService.java:65)
I/Babel_RequestWriter( 2312): 	at android.os.Handler.dispatchMessage(Handler.java:102)
I/Babel_RequestWriter( 2312): 	at android.os.Looper.loop(Looper.java:135)
I/Babel_RequestWriter( 2312): 	at android.os.HandlerThread.run(HandlerThread.java:61)
I/Babel_RequestWriter( 2312): 
I/Babel_RequestWriter( 2312): Origin stack:
I/Babel_RequestWriter( 2312): java.lang.Throwable
I/Babel_RequestWriter( 2312): 	at com.google.android.apps.hangouts.realtimechat.RealTimeChatService.e(SourceFile:1157)
I/Babel_RequestWriter( 2312): 	at com.google.android.apps.hangouts.realtimechat.RealTimeChatService.f(SourceFile:3214)
I/Babel_RequestWriter( 2312): 	at com.google.android.apps.hangouts.realtimechat.RealTimeChatService.s(SourceFile:2980)
I/Babel_RequestWriter( 2312): 	at com.google.android.apps.hangouts.stickers.StickersModule.a(SourceFile:132)
I/Babel_RequestWriter( 2312): 	at com.google.android.apps.hangouts.stickers.StickersModule.v_(SourceFile:105)
I/Babel_RequestWriter( 2312): 	at com.google.android.apps.hangouts.phone.EsApplication.onCreate(SourceFile:566)
I/Babel_RequestWriter( 2312): 	at android.app.Instrumentation.callApplicationOnCreate(Instrumentation.java:1012)
I/Babel_RequestWriter( 2312): 	at android.app.ActivityThread.handleBindApplication(ActivityThread.java:4553)
I/Babel_RequestWriter( 2312): 	at android.app.ActivityThread.access$1500(ActivityThread.java:151)
I/Babel_RequestWriter( 2312): 	at android.app.ActivityThread$H.handleMessage(ActivityThread.java:1364)
I/Babel_RequestWriter( 2312): 	at android.os.Handler.dispatchMessage(Handler.java:102)
I/Babel_RequestWriter( 2312): 	at android.os.Looper.loop(Looper.java:135)
I/Babel_RequestWriter( 2312): 	at android.app.ActivityThread.main(ActivityThread.java:5254)
I/Babel_RequestWriter( 2312): 	at java.lang.reflect.Method.invoke(Native Method)
I/Babel_RequestWriter( 2312): 	at java.lang.reflect.Method.invoke(Method.java:372)
I/Babel_RequestWriter( 2312): 	at com.android.internal.os.ZygoteInit$MethodAndArgsCaller.run(ZygoteInit.java:903)
I/Babel_RequestWriter( 2312): 	at com.android.internal.os.ZygoteInit.main(ZygoteInit.java:698)
I/Babel_RequestWriter( 2312): ]; took 0 ms (error code == 101)
I/InputReader(  744): Reconfiguring input devices.  changes=0x00000010
I/InputReader(  744): Reconfiguring input devices.  changes=0x00000010
D/PackageBroadcastService( 1369): Received broadcast action=android.intent.action.PACKAGE_CHANGED and uri=com.android.stk
I/ActivityManager(  744): Delay finish: com.google.android.googlequicksearchbox/.GelStubAppWatcher
I/UpdateIcingCorporaServi( 1268): Updating corpora: APPS=com.android.stk, CONTACTS=MAYBE
I/PeopleContactsSync( 1369): CP2 sync disabled
I/ActivityManager(  744): Resuming delayed broadcast
W/Launcher( 1168): setApplicationContext called twice! old=com.google.android.velvet.VelvetApplication@c211c9e new=com.google.android.velvet.VelvetApplication@c211c9e
D/BackupManagerService(  744): Received broadcast Intent { act=android.intent.action.PACKAGE_CHANGED dat=package:com.android.stk flg=0x4000010 (has extras) }
I/ActivityManager(  744): Start proc 2931:com.google.android.apps.plus/u0a68 for broadcast com.google.android.apps.plus/.service.PackagesMediaMonitor
D/BackupManagerService(  744): Received broadcast Intent { act=android.intent.action.PACKAGE_CHANGED dat=package:com.google.android.partnersetup flg=0x4000010 (has extras) }
W/ResourcesManager( 2931): Asset path '/system/framework/com.google.android.maps.jar' does not exist or contains no resources.
I/ApplicationLogger( 1268): canRun() : Opted Out
I/UpdateIcingCorporaServi( 1268): UpdateCorporaTask done [took 69 ms] updated apps [took 69 ms] 
D/PackageBroadcastService( 1369): Received broadcast action=android.intent.action.PACKAGE_CHANGED and uri=com.google.android.partnersetup
I/ActivityManager(  744): Delay finish: com.google.android.googlequicksearchbox/com.google.android.search.core.icingsync.IcingCorporaChangedReceiver
I/UpdateIcingCorporaServi( 1268): Updating corpora: APPS=com.google.android.partnersetup, CONTACTS=MAYBE
I/PeopleContactsSync( 1369): CP2 sync disabled
I/ActivityManager(  744): Resuming delayed broadcast
I/ApplicationLogger( 1268): canRun() : Opted Out
I/UpdateIcingCorporaServi( 1268): UpdateCorporaTask done [took 17 ms] updated apps [took 17 ms] 
W/Launcher( 1168): setApplicationContext called twice! old=com.google.android.velvet.VelvetApplication@c211c9e new=com.google.android.velvet.VelvetApplication@c211c9e
I/art     (  744): Explicit concurrent mark sweep GC freed 18999(972KB) AllocSpace objects, 1(16KB) LOS objects, 33% free, 25MB/37MB, paused 1.434ms total 50.868ms
I/iu.UploadsManager( 1369): End new media; added: 0, uploading: 0, time: 30 ms
I/MusicLeanback( 2804): Conditions not met for autocaching.
I/MusicLeanback( 2804): Stop autocaching.
I/ActivityManager(  744): Start proc 2967:com.google.android.gms.wearable/u0a8 for service com.google.android.gms/.wearable.service.WearableService
W/ResourcesManager( 2967): Asset path '/system/framework/com.android.media.remotedisplay.jar' does not exist or contains no resources.
W/ResourcesManager( 2967): Asset path '/system/framework/com.android.location.provider.jar' does not exist or contains no resources.
W/ResourcesManager( 2804): Asset path '/system/framework/com.android.media.remotedisplay.jar' does not exist or contains no resources.
W/ResourcesManager( 2804): Asset path '/system/framework/com.android.location.provider.jar' does not exist or contains no resources.
I/GHttpClientFactory( 2804): Using the GMSCore's GoogleHttpClient
I/MultiDex( 2967): VM with version 2.1.0 has multidex support
I/MultiDex( 2967): install
I/MultiDex( 2967): VM has multidex support, MultiDex support library is disabled.
I/ProviderInstaller( 2967): Insert disabled by gate 'gms:security:enable_conscrypt_in_gms_application'
D/GCM     ( 1428): GcmService start Intent { act=com.google.android.gms.INITIALIZE flg=0x10 pkg=com.google.android.gms cmp=com.google.android.gms/.gcm.GcmService } com.google.android.gms.INITIALIZE
D/AuthorizationBluetoothService( 1428): Received GmsCore event: Intent { act=com.google.android.gms.INITIALIZE flg=0x10 pkg=com.google.android.gms cmp=com.google.android.gms/.auth.be.proximity.authorization.bt.AuthorizationBluetoothService$AutoStarter }.
E/AuthorizationBluetoothService( 1428): Proximity feature is not enabled.
V/GmsCoreStatsServiceLauncher( 1369): Received broadcast intent Intent { act=com.google.android.gms.INITIALIZE flg=0x10 pkg=com.google.android.gms cmp=com.google.android.gms/.common.stats.GmsCoreStatsServiceLauncher }
D/LocationInitializer( 1369): Restart initialization of location
E/GmsUtils( 2804): Failed to connect to Google API client: ConnectionResult{statusCode=unknown status code 16, resolution=null}
E/GmsUtils( 2804): Failed to connect to Google API client: ConnectionResult{statusCode=unknown status code 16, resolution=null}
I/ActivityManager(  744): Killing 2392:com.google.android.configupdater/u0a37 (adj 15): empty #17
E/SQLiteLog( 2967): (284) automatic index on assetrefs(dataitems_id)
I/Icing   ( 1369): Indexing AA19A6B48A4778D3E744464EB41139F24AEFB524 from com.google.android.googlequicksearchbox
W/ActivityManager(  744): Unable to start service Intent { act=com.google.android.gms.analytics.service.START cmp=com.google.android.gms/.analytics.service.AnalyticsService (has extras) } U=0: not found
W/GAV2    ( 1268): Thread[Service Reconnect,5,main]: Service unavailable (code=1), using local store.
I/Icing   ( 1369): Indexing done AA19A6B48A4778D3E744464EB41139F24AEFB524
W/ActivityManager(  744): Unable to start service Intent { act=com.google.android.gms.analytics.service.START cmp=com.google.android.gms/.analytics.service.AnalyticsService (has extras) } U=0: not found
W/GAV2    ( 2350): Thread[Service Reconnect,5,main]: Service unavailable (code=1), using local store.
W/ActivityManager(  744): Unable to start service Intent { act=com.google.android.gms.analytics.service.START cmp=com.google.android.gms/.analytics.service.AnalyticsService (has extras) } U=0: not found
W/GAV2    ( 2523): Thread[Service Reconnect,5,main]: Service unavailable (code=1), using local store.
I/ActivityManager(  744): Killing 2425:com.google.android.deskclock/u0a39 (adj 15): empty #17
I/ActivityManager(  744): Killing 2448:com.google.android.apps.fitness/u0a46 (adj 15): empty #17
I/ActivityManager(  744): Waited long enough for: ServiceRecord{21665cab u0 com.google.android.googlequicksearchbox/com.google.android.search.core.service.SearchService}
I/ActivityManager(  744): Waited long enough for: ServiceRecord{15359a0e u0 com.google.android.calendar/com.android.calendar.alerts.InitAlarmsService}
I/ActivityManager(  744): Waited long enough for: ServiceRecord{2301d3ec u0 com.qualcomm.qcrilmsgtunnel/.QcrilMsgTunnelService}
I/CheckinService( 1369): Done disabling old GoogleServicesFramework version
D/Finsky  ( 2127): [1] 5.onFinished: Installation state replication succeeded.
W/ResourcesManager(  744): Asset path '/system/framework/com.google.android.media.effects.jar' does not exist or contains no resources.
D/BackupManagerService(  744): Received broadcast Intent { act=android.intent.action.PACKAGE_CHANGED dat=package:com.google.android.talk flg=0x4000010 (has extras) }
D/PackageBroadcastService( 1369): Received broadcast action=android.intent.action.PACKAGE_CHANGED and uri=com.google.android.talk
I/InputReader(  744): Reconfiguring input devices.  changes=0x00000010
I/PeopleContactsSync( 1369): CP2 sync disabled
I/UpdateIcingCorporaServi( 1268): Updating corpora: APPS=com.google.android.talk, CONTACTS=MAYBE
W/Launcher( 1168): setApplicationContext called twice! old=com.google.android.velvet.VelvetApplication@c211c9e new=com.google.android.velvet.VelvetApplication@c211c9e
I/ApplicationLogger( 1268): canRun() : Opted Out
I/UpdateIcingCorporaServi( 1268): UpdateCorporaTask done [took 32 ms] updated apps [took 32 ms] 
I/ActivityManager(  744): Killing 2489:com.google.android.apps.maps/u0a59 (adj 15): empty #17
I/art     ( 1428): Explicit concurrent mark sweep GC freed 7023(401KB) AllocSpace objects, 0(0B) LOS objects, 40% free, 18MB/30MB, paused 1.188ms total 17.094ms
I/ActivityManager(  744): Start proc 3082:com.google.android.apps.gcs/u0a26 for service com.google.android.apps.gcs/.service.GcmRegistrationService
V/GcmRegService( 3082): [1] GcmRegistrationService.a: Scheduling GCM registration
E/GCM     ( 1428): GCM failed to read backup checkin config, checkin may have failed
W/GCM     ( 1428): GCM FAILED TO INITIALIZE - missing checkin
W/GCM     ( 1428): GCM registration failed: invalid or missing checkin null
E/GCM     ( 1428): GCM failed to read backup checkin config, checkin may have failed
W/GCM     ( 1428): GCM FAILED TO INITIALIZE - missing checkin
W/GCM     ( 1428): GCM registration failed: invalid or missing checkin null
E/GcmRegService( 3082): [310] GcmRegistrationService.a: Unable to register for GCM
E/GcmRegService( 3082): java.io.IOException: AUTHENTICATION_FAILED
E/GcmRegService( 3082): 	at com.google.android.gms.gcm.d.a(Unknown Source)
E/GcmRegService( 3082): 	at com.google.android.apps.gcs.service.GcmRegistrationService.a(SourceFile:41)
E/GcmRegService( 3082): 	at com.google.android.gms.gcm.c.run(Unknown Source)
I/ActivityManager(  744): Killing 2550:com.google.android.gm.exchange/u0a70 (adj 15): empty #17
I/rmt_storage(  182): rmt_storage_connect_cb: clnt_h=0x7 conn_h=0xb6403090
I/rmt_storage(  182): rmt_storage_rw_iovec_cb: /boot/modem_fs2: clnt_h=0x2: req_h=0xb msg_id=3: R/W request received
I/rmt_storage(  182): wakelock acquired: 1, error no: 2
I/rmt_storage(  182): rmt_storage_client_thread: /boot/modem_fs2: clnt_h=0x2 Unblock worker thread (th_id: -1236802816)
I/rmt_storage(  182): rmt_storage_client_thread: /boot/modem_fs2: clnt_h=0x2: req_h=0xb msg_id=3: Bytes written = 1572864
I/rmt_storage(  182): rmt_storage_client_thread: /boot/modem_fs2: clnt_h=0x2: req_h=0xb msg_id=3: Send response: res=0 err=0
I/rmt_storage(  182): rmt_storage_client_thread: /boot/modem_fs2: clnt_h=0x2 About to block rmt_storage client thread (th_id: -1236802816) wakelock released: 1, error no: 0
I/rmt_storage(  182): 
I/rmt_storage(  182): rmt_storage_disconnect_cb: clnt_h=0x0x7 conn_h=0x0xb6403090
E/GCM     ( 1428): GCM failed to read backup checkin config, checkin may have failed
W/GCM     ( 1428): GCM FAILED TO INITIALIZE - missing checkin
W/GCM     ( 1428): GCM registration failed: invalid or missing checkin null
E/GCM     ( 1428): GCM failed to read backup checkin config, checkin may have failed
W/GCM     ( 1428): GCM FAILED TO INITIALIZE - missing checkin
W/GCM     ( 1428): GCM registration failed: invalid or missing checkin null
E/GcmRegService( 3082): [312] GcmRegistrationService.a: Unable to register for GCM
E/GcmRegService( 3082): java.io.IOException: AUTHENTICATION_FAILED
E/GcmRegService( 3082): 	at com.google.android.gms.gcm.d.a(Unknown Source)
E/GcmRegService( 3082): 	at com.google.android.apps.gcs.service.GcmRegistrationService.a(SourceFile:41)
E/GcmRegService( 3082): 	at com.google.android.gms.gcm.c.run(Unknown Source)
D/audio_hw_primary(  188): out_set_parameters: enter: usecase(1: low-latency-playback) kvpairs: routing=2
D/audio_hw_primary(  188): select_devices: out_snd_device(2: speaker) in_snd_device(0: none)
D/msm8974_platform(  188): platform_send_audio_calibration: sending audio calibration for snd_device(2) acdb_id(15)
D/audio_hw_primary(  188): enable_snd_device: snd_device(2: speaker)
D/audio_hw_primary(  188): enable_audio_route: apply and update mixer path: low-latency-playback
D/audio_hw_primary(  188): out_set_parameters: enter: usecase(1: low-latency-playback) kvpairs: routing=2
D/audio_hw_primary(  188): out_set_parameters: enter: usecase(1: low-latency-playback) kvpairs: routing=2
V/KeyguardSimPinView(  892): call supplyPinReportResultForSubscriber(subid=1)
D/PhoneInterfaceManager( 1146): wait for done
D/PhoneStatusBar(  892): disable: < expand ICONS alerts SYSTEM_INFO back* HOME RECENT clock SEARCH >
D/GpsLocationProvider(  744): received SIM realted action: 
D/GpsLocationProvider(  744): SIM MCC/MNC is still not available
V/KeyguardUpdateMonitor(  892): action android.intent.action.SIM_STATE_CHANGED state: UNKNOWN slotId: 0 subid: 1
E/PhoneInterfaceManager( 1146): [PhoneIntfMgr] getIccId: ICC ID is null or empty.
D/KeyguardUpdateMonitor(  892): handleSimStateChange(subId=1, slotId=0, state=UNKNOWN)
D/PhoneInterfaceManager( 1146): SUPPLY_PIN_COMPLETE
D/PhoneInterfaceManager( 1146): done
V/KeyguardSimPinView(  892): supplyPinReportResult returned: 0 -1
V/KeyguardUpdateMonitor(  892): reportSimUnlocked(subId=1)
D/KeyguardUpdateMonitor(  892): handleSimStateChange(subId=1, slotId=0, state=READY)
D/KeyguardViewMediator(  892): onSimStateChanged(subId=1, slotId=0,state=READY)
V/KeyguardSimPinView(  892): onSimStateChanged(subId=1,state=READY)
V/KeyguardSimPinView(  892): Resetting state
D/PhoneStatusBar(  892): disable: < expand ICONS alerts SYSTEM_INFO back HOME RECENT clock SEARCH >
D/PhoneStatusBar(  892): disable: < expand ICONS alerts SYSTEM_INFO back HOME RECENT clock SEARCH >
D/PhoneStatusBar(  892): disable: < expand ICONS alerts SYSTEM_INFO back HOME RECENT clock SEARCH >
V/KeyguardUpdateMonitor(  892): action android.intent.action.SIM_STATE_CHANGED state: READY slotId: 0 subid: 1
D/GpsLocationProvider(  744): received SIM realted action: 
E/PhoneInterfaceManager( 1146): [PhoneIntfMgr] getIccId: ICC ID is null or empty.
D/KeyguardUpdateMonitor(  892): handleSimStateChange(subId=1, slotId=0, state=READY)
D/GpsLocationProvider(  744): SIM MCC/MNC is still not available
V/KeyguardUpdateMonitor(  892): action android.intent.action.SIM_STATE_CHANGED state: IMSI slotId: 0 subid: 1
D/KeyguardUpdateMonitor(  892): handleSimStateChange(subId=1, slotId=0, state=READY)
D/GpsLocationProvider(  744): received SIM realted action: 
D/GpsLocationProvider(  744): SIM MCC/MNC is still not available
E/PhoneInterfaceManager( 1146): [PhoneIntfMgr] getIccId: ICC ID is null or empty.
W/AlarmManagerService(  744): Unable to set rtc to 1447320763: Invalid argument
D/IccSmsInterfaceManager( 1146): [IccSmsInterfaceManager] Failed to add cdma broadcast subscription for MID range 4099 to 4099 from client com.android.cellbroadcastreceiver
D/IccSmsInterfaceManager( 1146): [IccSmsInterfaceManager] enableGsmBroadcastRange
D/IccSmsInterfaceManager( 1146): [IccSmsInterfaceManager] Calling setGsmBroadcastConfig with 4 configurations
I/ActivityManager(  744): Start proc 3243:com.google.android.deskclock/u0a39 for broadcast com.google.android.deskclock/com.android.deskclock.AlarmInitReceiver
D/GpsLocationProvider(  744): received SIM realted action: 
V/KeyguardUpdateMonitor(  892): onSubscriptionInfoChanged()
D/GpsLocationProvider(  744): SIM MCC/MNC is available: 20404
D/GpsLocationProvider(  744): Reset GPS properties, previous size = 16
D/GpsLocationProvider(  744): GpsParamsResource: SUPL_HOST=supl.google.com
D/GpsLocationProvider(  744): GpsParamsResource: SUPL_PORT=7275
D/GpsLocationProvider(  744): GpsParamsResource: NTP_SERVER=north-america.pool.ntp.org
D/GpsLocationProvider(  744): GpsParamsResource: SUPL_VER=0x20000
D/GpsLocationProvider(  744): GpsParamsResource: SUPL_MODE=1
D/GpsLocationProvider(  744): GPS properties reloaded, size = 16
D/GpsLocationProvider(  744): GPS configuration:
D/GpsLocationProvider(  744):  #Thu Nov 12 01:32:43 PST 2015
D/GpsLocationProvider(  744): SUPL_HOST=supl.google.com
D/GpsLocationProvider(  744): XTRA_SERVER_3=http\://xtra3.gpsonextra.net/xtra2.bin
D/GpsLocationProvider(  744): XTRA_SERVER_1=http\://xtra1.gpsonextra.net/xtra2.bin
D/GpsLocationProvider(  744): SUPL_PORT=7275
D/GpsLocationProvider(  744): DEBUG_LEVEL=2
D/GpsLocationProvider(  744): XTRA_SERVER_2=http\://xtra2.gpsonextra.net/xtra2.bin
D/GpsLocationProvider(  744): NMEA_PROVIDER=1
D/GpsLocationProvider(  744): CAPABILITIES=0x33
D/GpsLocationProvider(  744): SUPL_VER=0x20000
D/GpsLocationProvider(  744): ERR_ESTIMATE=0
D/GpsLocationProvider(  744): XTRA_SERVER_QUERY=0
D/GpsLocationProvider(  744): A_GLONASS_POS_PROTOCOL_SELECT=0
D/GpsLocationProvider(  744): INTERMEDIATE_POS=0
D/GpsLocationProvider(  744): LPP_PROFILE=0
D/GpsLocationProvider(  744): NTP_SERVER=time.gpsonextra.net
D/GpsLocationProvider(  744): SUPL_MODE=1
D/GpsLocationProvider(  744): final config = #Thu Nov 12 01:32:43 PST 2015
D/GpsLocationProvider(  744): SUPL_HOST=supl.google.com
D/GpsLocationProvider(  744): XTRA_SERVER_3=http\://xtra3.gpsonextra.net/xtra2.bin
D/GpsLocationProvider(  744): XTRA_SERVER_1=http\://xtra1.gpsonextra.net/xtra2.bin
D/GpsLocationProvider(  744): SUPL_PORT=7275
D/GpsLocationProvider(  744): DEBUG_LEVEL=2
D/GpsLocationProvider(  744): XTRA_SERVER_2=http\://xtra2.gpsonextra.net/xtra2.bin
D/GpsLocationProvider(  744): NMEA_PROVIDER=1
D/GpsLocationProvider(  744): CAPABILITIES=0x33
D/GpsLocationProvider(  744): SUPL_VER=0x20000
D/GpsLocationProvider(  744): ERR_ESTIMATE=0
D/GpsLocationProvider(  744): XTRA_SERVER_QUERY=0
D/GpsLocationProvider(  744): A_GLONASS_POS_PROTOCOL_SELECT=0
D/GpsLocationProvider(  744): INTERMEDIATE_POS=0
D/GpsLocationProvider(  744): LPP_PROFILE=0
D/GpsLocationProvider(  744): NTP_SERVER=time.gpsonextra.net
D/GpsLocationProvider(  744): SUPL_MODE=1
D/AlarmManagerService(  744): Kernel timezone updated to 480 minutes west of GMT
V/KeyguardUpdateMonitor(  892): SubInfo:{id=1, iccId=8931440301424063772 simSlotIndex=0 displayName=CARD 1 carrierName=TEST nameSource=0 iconTint=-16746133 dataRoaming=0 iconBitmap=android.graphics.Bitmap@73cdd13 mcc 204 mnc 4}
I/Telephony( 1146): PstnIncomingCallNotifier: Unregistering: Handler (com.android.internal.telephony.gsm.GSMPhone) {113ed647}
I/Telephony( 1146): PstnIncomingCallNotifier: Registering: Handler (com.android.internal.telephony.gsm.GSMPhone) {113ed647}
I/CheckinService( 1369): Checking schedule, now: 1447320763169 next: 30000
I/CheckinService( 1369): active receiver: enabled
D/IccSmsInterfaceManager( 1146): [IccSmsInterfaceManager] Added GSM cell broadcast subscription for MID range 4370 to 4370 from client com.android.cellbroadcastreceiver
D/IccSmsInterfaceManager( 1146): [IccSmsInterfaceManager] Calling setCellBroadcastActivation(true)
D/IccSmsInterfaceManager( 1146): [IccSmsInterfaceManager] enableCdmaBroadcastRange
D/IccSmsInterfaceManager( 1146): [IccSmsInterfaceManager] Calling setCdmaBroadcastConfig with 1 configurations
D/IccSmsInterfaceManager( 1146): [IccSmsInterfaceManager] Failed to add cdma broadcast subscription for MID range 4096 to 4096 from client com.android.cellbroadcastreceiver
D/IccSmsInterfaceManager( 1146): [IccSmsInterfaceManager] enableGsmBroadcastRange
D/IccSmsInterfaceManager( 1146): [IccSmsInterfaceManager] Calling setGsmBroadcastConfig with 4 configurations
D/MccTable( 1146): updateMccMncConfiguration mccmnc='20404' fromServiceState=false
D/MccTable( 1146): updateMccMncConfiguration defaultMccMnc=
D/MccTable( 1146): updateMccMncConfiguration: mcc=204, mnc=4
D/MccTable( 1146): defaultLanguageForMcc(204): country nl uses nl
D/MccTable( 1146): getLocaleFromMcc to nl_nl mcc=204
D/MccTable( 1146): getLocaleForLanguageCountry: not permitted to update locale
D/MccTable( 1146): updateMccMncConfiguration updateConfig config={1.0 204mcc4mnc ?locale ?layoutDir ?swdp ?wdp ?hdp ?density ?lsize ?long ?orien ?uimode ?night ?touch ?keyb/?/? ?nav/?}
I/ActivityManager(  744): Config changes=3 {1.0 204mcc4mnc en_US ?layoutDir sw360dp w360dp h567dp 480dpi nrml port finger -keyb/v/h -nav/h s.5}
I/ActivityManager(  744): Start proc 3276:com.qualcomm.timeservice/u0a77 for broadcast com.qualcomm.timeservice/.TimeServiceBroadcastReceiver
D/PermissionCache(  181): checking android.permission.READ_FRAME_BUFFER for uid=1000 => granted (185 us)
D/TimeService( 3276): Receivedandroid.intent.action.TIME_SET intent. Current Time is 1447320763248
D/        ( 3276): TimeServiceNative: User Time to be set is 1447320763248
D/QC-time-services( 3276): Lib:time_genoff_operation: pargs->base = 2
D/QC-time-services( 3276): Lib:time_genoff_operation: pargs->operation = 0
D/QC-time-services( 3276): Lib:time_genoff_operation: pargs->ts_val = 1447320763248
D/QC-time-services(  202): Daemon: Connection accepted:time_genoff
D/QC-time-services( 3276): Lib:time_genoff_operation: Send to server  passed!!
D/QC-time-services(  202): Daemon:Received base = 2, unit = 1, operation = 0,value = 1447320763248
D/QC-time-services(  202): Daemon:genoff_opr: Base = 2, val = 1447320763248, operation = 0
D/QC-time-services(  202): Daemon:rtc_get: Time read from RTC -- MM/DD/YY HH:MM:SS11/1/70 18:15:50
D/QC-time-services(  202): Daemon:Value read from RTC seconds = 28923350000
D/QC-time-services(  202): Daemon:new time 1447320763248 
D/QC-time-services(  202): Daemon: delta 1418397413248 genoff 1418397413248 
D/QC-time-services(  202): Daemon:genoff_persistent_update: Writing genoff = 1418397413248 to memory
D/QC-time-services(  202): Daemon:Opening File: /data/system/time/ats_2
D/QC-time-services(  202): Daemon:time_persistent_memory_opr:Genoff write operation 
D/audio_hw_primary(  188): out_set_parameters: enter: usecase(1: low-latency-playback) kvpairs: routing=2
D/QC-time-services(  202): Updating the TOD offset
D/QC-time-services(  202): Daemon:genoff_persistent_update: Writing genoff = 1418397413248 to memory
D/QC-time-services(  202): Daemon:Opening File: /data/system/time/ats_1
D/QC-time-services(  202): Daemon:time_persistent_memory_opr:Genoff write operation 
D/QC-time-services(  202): Daemon:Update to modem bit set
D/QC-time-services(  202): Daemon:genoff_send_modem: Sending data to MODEM !
D/QC-time-services(  202): Daemon: Base = 2, Value being sent to MODEM = 1131355963248
E/QC-time-services( 3276): Receive Passed == base = 2, unit = 1, operation = 0, result = 0
D/QC-time-services(  202): Daemon: Time-services: Waiting to acceptconnection
D/QC-time-services(  202): Daemon:tod_update_ind_cb: Got Update from modem msg_id 40
I/ActivityManager(  744): Killing 2634:com.lge.SprintHiddenMenu/1000 (adj 15): empty #17
D/audio_hw_primary(  188): select_devices: out_snd_device(2: speaker) in_snd_device(0: none)
D/msm8974_platform(  188): platform_send_audio_calibration: sending audio calibration for snd_device(2) acdb_id(15)
D/audio_hw_primary(  188): enable_snd_device: snd_device(2: speaker)
D/audio_hw_primary(  188): enable_audio_route: apply and update mixer path: low-latency-playback
D/BluetoothAdapter(  892): 199613910: getState() :  mService = null. Returning STATE_OFF
D/BluetoothAdapter(  892): 199613910: getState() :  mService = null. Returning STATE_OFF
W/SearchServiceClient( 1168): Attempt to handover from detached client
D/CellBroadcastReceiver( 2782): onReceive Intent { act=android.intent.action.SERVICE_STATE flg=0x10 cmp=com.android.cellbroadcastreceiver/.CellBroadcastReceiver (has extras) }
D/CellBroadcastReceiver( 2782): Intent ACTION_SERVICE_STATE_CHANGED
D/CellBroadcastReceiver( 2782): Service state changed! 0 Full: 0 1 voice International Roaming data roaming TEST TEST 10001 TEST TEST 10001 (manual) GSM Unknown CSS not supported -1 -1 RoamInd=-1 DefRoamInd=-1 EmergOnly=false Current state=-1
W/Launcher( 1168): setApplicationContext called twice! old=com.google.android.velvet.VelvetApplication@c211c9e new=com.google.android.velvet.VelvetApplication@c211c9e
D/IccSmsInterfaceManager( 1146): [IccSmsInterfaceManager] Added GSM cell broadcast subscription for MID range 4383 to 4383 from client com.android.cellbroadcastreceiver
D/IccSmsInterfaceManager( 1146): [IccSmsInterfaceManager] Calling setCellBroadcastActivation(true)
D/GCM     ( 1428): GcmService start Intent { act=com.google.android.checkin.CHECKIN_COMPLETE flg=0x10 cmp=com.google.android.gms/.gcm.GcmService (has extras) } com.google.android.checkin.CHECKIN_COMPLETE
D/CellBroadcastConfigService( 2782): enabled emergency cell broadcast channels
D/CellBroadcastConfigService( 2782): disabling cell broadcast channel 50
W/ResourceType( 1168): Attempt to retrieve bag 0x7f0e0039 which is invalid or in a cycle.
I/art     (  744): Explicit concurrent mark sweep GC freed 15412(1126KB) AllocSpace objects, 13(208KB) LOS objects, 33% free, 25MB/37MB, paused 1.664ms total 75.403ms
D/IccSmsInterfaceManager( 1146): [IccSmsInterfaceManager] disableGsmBroadcastRange
D/IccSmsInterfaceManager( 1146): [IccSmsInterfaceManager] Failed to remove GSM cell broadcast subscription for MID range 50 to 50 from client com.android.cellbroadcastreceiver
D/CellBroadcastConfigService( 2782): disabling channels 919-928
D/IccSmsInterfaceManager( 1146): [IccSmsInterfaceManager] disableGsmBroadcastRange
D/IccSmsInterfaceManager( 1146): [IccSmsInterfaceManager] Failed to remove GSM cell broadcast subscription for MID range 919 to 928 from client com.android.cellbroadcastreceiver
D/CellBroadcastConfigService( 2782): disabling cell broadcast ETWS test messages
D/MccTable( 1146): getLocaleForLanguageCountry: not permitted to update locale
D/MccTable( 1146): setSystemLocale: no locale
D/IccSmsInterfaceManager( 1146): [IccSmsInterfaceManager] disableGsmBroadcastRange
D/IccSmsInterfaceManager( 1146): [IccSmsInterfaceManager] Failed to remove GSM cell broadcast subscription for MID range 4355 to 4355 from client com.android.cellbroadcastreceiver
D/CellBroadcastConfigService( 2782): disabling cell broadcast CMAS test messages
D/IccSmsInterfaceManager( 1146): [IccSmsInterfaceManager] disableGsmBroadcastRange
D/IccSmsInterfaceManager( 1146): [IccSmsInterfaceManager] Failed to remove GSM cell broadcast subscription for MID range 4380 to 4382 from client com.android.cellbroadcastreceiver
D/IccSmsInterfaceManager( 1146): [IccSmsInterfaceManager] disableCdmaBroadcastRange
D/IccSmsInterfaceManager( 1146): [IccSmsInterfaceManager] Failed to remove cdma broadcast subscription for MID range 4100 to 4100 from client com.android.cellbroadcastreceiver
D/CellBroadcastConfigService( 2782): enabling emergency cell broadcast channels
D/IccSmsInterfaceManager( 1146): [IccSmsInterfaceManager] enableGsmBroadcastRange
D/IccSmsInterfaceManager( 1146): [IccSmsInterfaceManager] Added GSM cell broadcast subscription for MID range 4352 to 4354 from client com.android.cellbroadcastreceiver
D/IccSmsInterfaceManager( 1146): [IccSmsInterfaceManager] Calling setCellBroadcastActivation(true)
D/IccSmsInterfaceManager( 1146): [IccSmsInterfaceManager] enableGsmBroadcastRange
D/IccSmsInterfaceManager( 1146): [IccSmsInterfaceManager] Added GSM cell broadcast subscription for MID range 4356 to 4356 from client com.android.cellbroadcastreceiver
D/IccSmsInterfaceManager( 1146): [IccSmsInterfaceManager] Calling setCellBroadcastActivation(true)
D/IccSmsInterfaceManager( 1146): [IccSmsInterfaceManager] enableGsmBroadcastRange
D/IccSmsInterfaceManager( 1146): [IccSmsInterfaceManager] Added GSM cell broadcast subscription for MID range 4371 to 4372 from client com.android.cellbroadcastreceiver
D/IccSmsInterfaceManager( 1146): [IccSmsInterfaceManager] Calling setCellBroadcastActivation(true)
D/IccSmsInterfaceManager( 1146): [IccSmsInterfaceManager] enableCdmaBroadcastRange
D/IccSmsInterfaceManager( 1146): [IccSmsInterfaceManager] Calling setCdmaBroadcastConfig with 1 configurations
D/IccSmsInterfaceManager( 1146): [IccSmsInterfaceManager] Failed to add cdma broadcast subscription for MID range 4097 to 4097 from client com.android.cellbroadcastreceiver
D/IccSmsInterfaceManager( 1146): [IccSmsInterfaceManager] enableGsmBroadcastRange
D/IccSmsInterfaceManager( 1146): [IccSmsInterfaceManager] Added GSM cell broadcast subscription for MID range 4373 to 4378 from client com.android.cellbroadcastreceiver
D/IccSmsInterfaceManager( 1146): [IccSmsInterfaceManager] Calling setCellBroadcastActivation(true)
I/GEL     ( 1168): handleIntent(Intent { act=android.intent.action.MAIN cat=[android.intent.category.HOME] flg=0x10000000 cmp=com.google.android.googlequicksearchbox/com.google.android.launcher.GEL })
D/audio_hw_primary(  188): out_set_parameters: enter: usecase(1: low-latency-playback) kvpairs: routing=2
V/WindowManager(  744): Based on layer: Adding window Window{daac7b u0 com.google.android.googlequicksearchbox/com.google.android.launcher.GEL} at 1 of 6
D/IccSmsInterfaceManager( 1146): [IccSmsInterfaceManager] enableCdmaBroadcastRange
D/IccSmsInterfaceManager( 1146): [IccSmsInterfaceManager] Calling setCdmaBroadcastConfig with 1 configurations
D/IccSmsInterfaceManager( 1146): [IccSmsInterfaceManager] Failed to add cdma broadcast subscription for MID range 4098 to 4098 from client com.android.cellbroadcastreceiver
D/IccSmsInterfaceManager( 1146): [IccSmsInterfaceManager] enableGsmBroadcastRange
D/IccSmsInterfaceManager( 1146): [IccSmsInterfaceManager] Added GSM cell broadcast subscription for MID range 4379 to 4379 from client com.android.cellbroadcastreceiver
D/IccSmsInterfaceManager( 1146): [IccSmsInterfaceManager] Calling setCellBroadcastActivation(true)
D/GpsLocationProvider(  744): received SIM realted action: 
D/GpsLocationProvider(  744): SIM MCC/MNC is available: 20404
D/GpsLocationProvider(  744): Reset GPS properties, previous size = 16
D/GpsLocationProvider(  744): GpsParamsResource: SUPL_HOST=supl.google.com
D/GpsLocationProvider(  744): GpsParamsResource: SUPL_PORT=7275
D/GpsLocationProvider(  744): GpsParamsResource: NTP_SERVER=north-america.pool.ntp.org
D/GpsLocationProvider(  744): GpsParamsResource: SUPL_VER=0x20000
D/GpsLocationProvider(  744): GpsParamsResource: SUPL_MODE=1
D/GpsLocationProvider(  744): GPS properties reloaded, size = 16
D/GpsLocationProvider(  744): GPS configuration:
D/GpsLocationProvider(  744):  #Thu Nov 12 02:32:43 MST 2015
D/GpsLocationProvider(  744): SUPL_HOST=supl.google.com
D/GpsLocationProvider(  744): XTRA_SERVER_3=http\://xtra3.gpsonextra.net/xtra2.bin
D/GpsLocationProvider(  744): XTRA_SERVER_1=http\://xtra1.gpsonextra.net/xtra2.bin
D/GpsLocationProvider(  744): SUPL_PORT=7275
D/GpsLocationProvider(  744): DEBUG_LEVEL=2
D/GpsLocationProvider(  744): XTRA_SERVER_2=http\://xtra2.gpsonextra.net/xtra2.bin
D/GpsLocationProvider(  744): NMEA_PROVIDER=1
D/GpsLocationProvider(  744): CAPABILITIES=0x33
D/GpsLocationProvider(  744): SUPL_VER=0x20000
D/GpsLocationProvider(  744): ERR_ESTIMATE=0
D/GpsLocationProvider(  744): XTRA_SERVER_QUERY=0
D/GpsLocationProvider(  744): A_GLONASS_POS_PROTOCOL_SELECT=0
D/GpsLocationProvider(  744): INTERMEDIATE_POS=0
D/GpsLocationProvider(  744): LPP_PROFILE=0
D/GpsLocationProvider(  744): NTP_SERVER=time.gpsonextra.net
D/GpsLocationProvider(  744): SUPL_MODE=1
D/GpsLocationProvider(  744): final config = #Thu Nov 12 02:32:43 MST 2015
D/GpsLocationProvider(  744): SUPL_HOST=supl.google.com
D/GpsLocationProvider(  744): XTRA_SERVER_3=http\://xtra3.gpsonextra.net/xtra2.bin
D/GpsLocationProvider(  744): XTRA_SERVER_1=http\://xtra1.gpsonextra.net/xtra2.bin
D/GpsLocationProvider(  744): SUPL_PORT=7275
D/GpsLocationProvider(  744): DEBUG_LEVEL=2
D/GpsLocationProvider(  744): XTRA_SERVER_2=http\://xtra2.gpsonextra.net/xtra2.bin
D/GpsLocationProvider(  744): NMEA_PROVIDER=1
D/GpsLocationProvider(  744): CAPABILITIES=0x33
D/GpsLocationProvider(  744): SUPL_VER=0x20000
D/GpsLocationProvider(  744): ERR_ESTIMATE=0
D/GpsLocationProvider(  744): XTRA_SERVER_QUERY=0
D/GpsLocationProvider(  744): A_GLONASS_POS_PROTOCOL_SELECT=0
D/GpsLocationProvider(  744): INTERMEDIATE_POS=0
D/GpsLocationProvider(  744): LPP_PROFILE=0
D/GpsLocationProvider(  744): NTP_SERVER=time.gpsonextra.net
D/GpsLocationProvider(  744): SUPL_MODE=1
V/KeyguardUpdateMonitor(  892): onSubscriptionInfoChanged()
I/Telephony( 1146): PstnIncomingCallNotifier: Unregistering: Handler (com.android.internal.telephony.gsm.GSMPhone) {113ed647}
V/KeyguardUpdateMonitor(  892): SubInfo:{id=1, iccId=8931440301424063772 simSlotIndex=0 displayName=CARD 1 carrierName=Emergency calls only nameSource=0 iconTint=-16746133 dataRoaming=0 iconBitmap=android.graphics.Bitmap@117ba3ec mcc 204 mnc 4}
I/art     ( 1146): Explicit concurrent mark sweep GC freed 75036(4MB) AllocSpace objects, 5(80KB) LOS objects, 40% free, 19MB/32MB, paused 773us total 35.138ms
D/IccSmsInterfaceManager( 1146): [IccSmsInterfaceManager] enableCdmaBroadcastRange
D/IccSmsInterfaceManager( 1146): [IccSmsInterfaceManager] Calling setCdmaBroadcastConfig with 1 configurations
