D/OpenGLRenderer(  892): setting property extraRasterBucket to 0.0
D/OpenGLRenderer(  892):     failed
E/PhoneInterfaceManager( 1146): [PhoneIntfMgr] getIccId: ICC ID is null or empty.
E/PhoneInterfaceManager( 1146): [PhoneIntfMgr] getIccId: ICC ID is null or empty.
V/KeyguardUpdateMonitor(  892): action android.intent.action.SIM_STATE_CHANGED state: LOCKED slotId: 0 subid: 1
E/PhoneInterfaceManager( 1146): [PhoneIntfMgr] getIccId: ICC ID is null or empty.
V/KeyguardServiceDelegate(  744): *** Keyguard connected (yay!)
E/PhoneInterfaceManager( 1146): [PhoneIntfMgr] getIccId: ICC ID is null or empty.
D/VoldCmdListener(  180): cryptfs getpw
D/VoldCmdListener(  180): cryptfs clearpw
D/KeyguardUpdateMonitor(  892): handleSimStateChange(subId=-2, slotId=0, state=UNKNOWN)
W/KeyguardUpdateMonitor(  892): invalid subId in handleSimStateChange()
V/KeyguardUpdateMonitor(  892): onSubscriptionInfoChanged()
E/PhoneInterfaceManager( 1146): [PhoneIntfMgr] getIccId: ICC ID is null or empty.
V/KeyguardUpdateMonitor(  892): SubInfo:{id=1, iccId=8931440301424063772 simSlotIndex=0 displayName=CARD 1 carrierName=No service. nameSource=0 iconTint=-16746133 dataRoaming=0 iconBitmap=android.graphics.Bitmap@3c3c2510 mcc 204 mnc 4}
E/PhoneInterfaceManager( 1146): [PhoneIntfMgr] getIccId: ICC ID is null or empty.
D/KeyguardViewMediator(  892): onSimStateChanged(subId=1, slotId=0,state=PIN_REQUIRED)
V/KeyguardUpdateMonitor(  892): onSubscriptionInfoChanged()
E/PhoneInterfaceManager( 1146): [PhoneIntfMgr] getIccId: ICC ID is null or empty.
V/KeyguardUpdateMonitor(  892): SubInfo:{id=1, iccId=8931440301424063772 simSlotIndex=0 displayName=CARD 1 carrierName=No service. nameSource=0 iconTint=-16746133 dataRoaming=0 iconBitmap=android.graphics.Bitmap@3346d809 mcc 204 mnc 4}
E/PhoneInterfaceManager( 1146): [PhoneIntfMgr] getIccId: ICC ID is null or empty.
V/KeyguardUpdateMonitor(  892): onSubscriptionInfoChanged()
E/PhoneInterfaceManager( 1146): [PhoneIntfMgr] getIccId: ICC ID is null or empty.
V/KeyguardUpdateMonitor(  892): SubInfo:{id=1, iccId=8931440301424063772 simSlotIndex=0 displayName=CARD 1 carrierName=No service. nameSource=0 iconTint=-16746133 dataRoaming=0 iconBitmap=android.graphics.Bitmap@af2ea0e mcc 204 mnc 4}
E/PhoneInterfaceManager( 1146): [PhoneIntfMgr] getIccId: ICC ID is null or empty.
D/KeyguardUpdateMonitor(  892): handleSimStateChange(subId=1, slotId=0, state=PIN_REQUIRED)
V/KeyguardUpdateMonitor(  892): onSubscriptionInfoChanged()
E/PhoneInterfaceManager( 1146): [PhoneIntfMgr] getIccId: ICC ID is null or empty.
V/KeyguardUpdateMonitor(  892): SubInfo:{id=1, iccId=8931440301424063772 simSlotIndex=0 displayName=CARD 1 carrierName=No service. nameSource=0 iconTint=-16746133 dataRoaming=0 iconBitmap=android.graphics.Bitmap@1921c2f mcc 204 mnc 4}
E/PhoneInterfaceManager( 1146): [PhoneIntfMgr] getIccId: ICC ID is null or empty.
D/PhoneStatusBar(  892): disable: < expand icons alerts system_info back HOME* RECENT* clock SEARCH* >
D/PhoneStatusBar(  892): disable: < expand ICONS* alerts SYSTEM_INFO* back HOME RECENT clock SEARCH >
D/BluetoothAdapter(  892): 199613910: getState() :  mService = null. Returning STATE_OFF
D/BluetoothAdapter(  892): 199613910: getState() :  mService = null. Returning STATE_OFF
D/BluetoothAdapter(  892): 199613910: getState() :  mService = null. Returning STATE_OFF
D/BluetoothAdapter(  892): 199613910: getState() :  mService = null. Returning STATE_OFF
I/GCoreNlp( 1576): shouldConfirmNlp, NLP off. Ensuring opt-in disabled
W/ResourcesManager( 1168): Asset path '/system/framework/com.google.android.dialer.support.jar' does not exist or contains no resources.
V/KeyguardSimPinView(  892): Resetting state
V/KeyguardSimPinView(  892): onSimStateChanged(subId=1,state=PIN_REQUIRED)
V/KeyguardSimPinView(  892): Resetting state
D/PhoneStatusBar(  892): disable: < expand ICONS alerts SYSTEM_INFO back HOME RECENT clock SEARCH >
D/BluetoothAdapter(  892): 199613910: getState() :  mService = null. Returning STATE_OFF
D/PhoneStatusBar(  892): disable: < expand ICONS alerts SYSTEM_INFO back HOME RECENT clock SEARCH >
D/BluetoothAdapter(  892): 199613910: getState() :  mService = null. Returning STATE_OFF
W/ResourcesManager( 1168): Asset path '/system/framework/com.google.android.media.effects.jar' does not exist or contains no resources.
W/ResourcesManager( 1168): Asset path '/system/framework/com.google.android.maps.jar' does not exist or contains no resources.
W/WindowManager(  744): Keyguard drawn timeout. Setting mKeyguardDrawComplete
V/KeyguardServiceDelegate(  744): **** SHOWN CALLED ****
V/KeyguardSimPinView(  892): Resetting state
E/GCoreFlp( 1576): Bound FusedProviderService with LocationManager
D/PhoneStatusBar(  892): disable: < expand ICONS alerts SYSTEM_INFO BACK* HOME RECENT clock SEARCH >
D/GeofencerStateMachine( 1576): Creating GeofencerStateMachine
D/WifiService(  744): New client listening to asynchronous messages
D/BluetoothAdapter( 1065): 545032227: getState() :  mService = null. Returning STATE_OFF
I/ActivityManager(  744): Start proc 1711:com.google.android.gms.ui/u0a8 for broadcast com.google.android.gms/com.google.android.location.network.LocationProviderChangeReceiver
W/ResourcesManager( 1711): Asset path '/system/framework/com.android.media.remotedisplay.jar' does not exist or contains no resources.
W/ResourcesManager( 1711): Asset path '/system/framework/com.android.location.provider.jar' does not exist or contains no resources.
I/MultiDex( 1711): VM with version 2.1.0 has multidex support
I/MultiDex( 1711): install
I/MultiDex( 1711): VM has multidex support, MultiDex support library is disabled.
I/art     ( 1428): Explicit concurrent mark sweep GC freed 8365(454KB) AllocSpace objects, 0(0B) LOS objects, 39% free, 17MB/29MB, paused 876us total 65.551ms
I/ProviderInstaller( 1711): Insert disabled by gate 'gms:security:enable_conscrypt_in_gms_application'
I/Icing   ( 1369): updateResources: need to parse e{com.google.android.gms}
I/GCoreNlp( 1711): shouldConfirmNlp, NLP off. Ensuring opt-in disabled
I/ActivityManager(  744): Start proc 1731:com.google.android.gms.wearable/u0a8 for service com.google.android.gms/.wearable.service.WearableService
D/Backup  ( 1576): [BackupTransportMigratorService] Couldn't find backup account, notifying.
W/ResourcesManager( 1731): Asset path '/system/framework/com.android.media.remotedisplay.jar' does not exist or contains no resources.
W/ResourcesManager( 1731): Asset path '/system/framework/com.android.location.provider.jar' does not exist or contains no resources.
I/MultiDex( 1731): VM with version 2.1.0 has multidex support
I/MultiDex( 1731): install
I/MultiDex( 1731): VM has multidex support, MultiDex support library is disabled.
I/ProviderInstaller( 1731): Insert disabled by gate 'gms:security:enable_conscrypt_in_gms_application'
V/GeofencerHelper( 1576): Initializing geofence's system cache.
I/Icing   ( 1369): Internal init done: storage state 0
I/fstrim  (  180): Trimmed 12612968448 bytes on /data
I/fstrim  (  180): Invoking FITRIM ioctl on /cache
D/GeofenceStateCache( 1576): Recovered 0 geofences.
I/GCoreUlr( 1576): Starting service, intent=Intent { act=com.google.android.location.reporting.ACTION_UPDATE_WORLD cmp=com.google.android.gms/com.google.android.location.reporting.service.DispatchingService (has extras) }, extras=Bundle[{receiverAction=android.location.PROVIDERS_CHANGED}]
I/Icing   ( 1369): No maintenance for too long
I/Icing   ( 1369): Performing maintenance.
I/LatinIME:LogUtils(  996): Dictionary info: dictionary = PersonalizationDictionary.en_US ; version = 22604758 ; date = 1447320621
E/SQLiteLog( 1731): (284) automatic index on assetrefs(dataitems_id)
I/ActivityManager(  744): Start proc 1763:com.google.android.apps.maps/u0a59 for broadcast com.google.android.apps.maps/com.google.android.apps.gmm.iamhere.ble.StartBleServiceReceiver
I/GeofencerStateMachine( 1576): Network location disabled.
I/GCoreUlr( 1576): DispatchingService.onCreate()
I/art     (  744): Explicit concurrent mark sweep GC freed 7580(371KB) AllocSpace objects, 4(64KB) LOS objects, 33% free, 24MB/37MB, paused 1ms total 43.933ms
D/GCoreFlp( 1576): Unknown pending intent to remove.
W/Icing   ( 1369): Received bad json for section weights override -- ignoring.
W/Icing   ( 1369): Received bad json for corpus scoring config -- ignoring.
W/Icing   ( 1369): Received bad json for corpus context scoring override -- ignoring.
I/Icing   ( 1369): updateResources: need to parse e{com.google.android.gms}
I/Icing   ( 1369): Performing maintenance usage 1435503 budget 5776622519 free 99.975% index free 99.992% purge? false target 4043635763
I/GCoreUlr( 1576): WorldUpdater received intent Intent { act=com.google.android.location.reporting.ACTION_UPDATE_WORLD cmp=com.google.android.gms/com.google.android.location.reporting.service.DispatchingService (has extras) } with receiverAction android.location.PROVIDERS_CHANGED
W/Settings( 1576): Setting airplane_mode_on has moved from android.provider.Settings.System to android.provider.Settings.Global, returning read-only value.
I/Icing   ( 1369): Starting compaction min disk 99.975% min index 99.992%
W/Settings( 1576): Setting airplane_mode_on has moved from android.provider.Settings.System to android.provider.Settings.Global, returning read-only value.
W/Settings( 1576): Setting airplane_mode_on has moved from android.provider.Settings.System to android.provider.Settings.Global, returning read-only value.
I/GCoreUlr( 1576): No GCM registration ID
I/GCoreUlr( 1576): WorldUpdater: Ensuring that reporting is stopped because of reasons: (no Google accounts)
D/GCoreFlp( 1576): Unknown pending intent to remove.
I/GCoreUlr( 1576): Unbound from all location providers
W/vold    (  843): type=1400 audit(0.0:4): avc: denied { getattr } for path="/persist" dev="mmcblk0p16" ino=2 scontext=u:r:vold:s0 tcontext=u:object_r:persist_file:s0 tclass=dir
I/fstrim  (  180): Trimmed 709832704 bytes on /cache
E/fstrim  (  180): Cannot stat mount point /persist
I/fstrim  (  180): Finished fstrim work.
I/Icing   ( 1369): Usage reports aged/total 1/5
I/Icing   ( 1369): Done compaction min disk 99.975% min index 99.992% num docs 32 old 32 trimmed 0 err 0
I/Icing   ( 1369): Post-init done
D/StrictMode( 1763): StrictMode policy violation; ~duration=369 ms: android.os.StrictMode$StrictModeDiskReadViolation: policy=31 violation=2
D/StrictMode( 1763): 	at android.os.StrictMode$AndroidBlockGuardPolicy.onReadFromDisk(StrictMode.java:1137)
D/StrictMode( 1763): 	at libcore.io.BlockGuardOs.access(BlockGuardOs.java:67)
D/StrictMode( 1763): 	at java.io.File.doAccess(File.java:283)
D/StrictMode( 1763): 	at java.io.File.exists(File.java:363)
D/StrictMode( 1763): 	at android.app.ContextImpl.createFilesDirLocked(ContextImpl.java:995)
D/StrictMode( 1763): 	at android.app.ContextImpl.getFilesDir(ContextImpl.java:1018)
D/StrictMode( 1763): 	at android.content.ContextWrapper.getFilesDir(ContextWrapper.java:202)
D/StrictMode( 1763): 	at com.google.android.libraries.stitch.incompat.missinglibs.a.a(PG:31)
D/StrictMode( 1763): 	at com.google.android.libraries.stitch.incompat.b.a(PG:116)
D/StrictMode( 1763): 	at com.google.android.apps.gmm.base.app.d.<init>(PG:510)
D/StrictMode( 1763): 	at com.google.android.apps.gmm.base.app.GoogleMapsApplication.onCreate(PG:84)
D/StrictMode( 1763): 	at android.app.Instrumentation.callApplicationOnCreate(Instrumentation.java:1012)
D/StrictMode( 1763): 	at android.app.ActivityThread.handleBindApplication(ActivityThread.java:4553)
D/StrictMode( 1763): 	at android.app.ActivityThread.access$1500(ActivityThread.java:151)
D/StrictMode( 1763): 	at android.app.ActivityThread$H.handleMessage(ActivityThread.java:1364)
D/StrictMode( 1763): 	at android.os.Handler.dispatchMessage(Handler.java:102)
D/StrictMode( 1763): 	at android.os.Looper.loop(Looper.java:135)
D/StrictMode( 1763): 	at android.app.ActivityThread.main(ActivityThread.java:5254)
D/StrictMode( 1763): 	at java.lang.reflect.Method.invoke(Native Method)
D/StrictMode( 1763): 	at java.lang.reflect.Method.invoke(Method.java:372)
D/StrictMode( 1763): 	at com.android.internal.os.ZygoteInit$MethodAndArgsCaller.run(ZygoteInit.java:903)
D/StrictMode( 1763): 	at com.android.internal.os.ZygoteInit.main(ZygoteInit.java:698)
D/StrictMode( 1763): StrictMode policy violation; ~duration=368 ms: android.os.StrictMode$StrictModeDiskReadViolation: policy=31 violation=2
D/StrictMode( 1763): 	at android.os.StrictMode$AndroidBlockGuardPolicy.onReadFromDisk(StrictMode.java:1137)
D/StrictMode( 1763): 	at libcore.io.BlockGuardOs.access(BlockGuardOs.java:67)
D/StrictMode( 1763): 	at java.io.File.doAccess(File.java:283)
D/StrictMode( 1763): 	at java.io.File.exists(File.java:363)
D/StrictMode( 1763): 	at com.google.android.libraries.stitch.incompat.b.a(PG:116)
D/StrictMode( 1763): 	at com.google.android.apps.gmm.base.app.d.<init>(PG:510)
D/StrictMode( 1763): 	at com.google.android.apps.gmm.base.app.GoogleMapsApplication.onCreate(PG:84)
D/StrictMode( 1763): 	at android.app.Instrumentation.callApplicationOnCreate(Instrumentation.java:1012)
D/StrictMode( 1763): 	at android.app.ActivityThread.handleBindApplication(ActivityThread.java:4553)
D/StrictMode( 1763): 	at android.app.ActivityThread.access$1500(ActivityThread.java:151)
D/StrictMode( 1763): 	at android.app.ActivityThread$H.handleMessage(ActivityThread.java:1364)
D/StrictMode( 1763): 	at android.os.Handler.dispatchMessage(Handler.java:102)
D/StrictMode( 1763): 	at android.os.Looper.loop(Looper.java:135)
D/StrictMode( 1763): 	at android.app.ActivityThread.main(ActivityThread.java:5254)
D/StrictMode( 1763): 	at java.lang.reflect.Method.invoke(Native Method)
D/StrictMode( 1763): 	at java.lang.reflect.Method.invoke(Method.java:372)
D/StrictMode( 1763): 	at com.android.internal.os.ZygoteInit$MethodAndArgsCaller.run(ZygoteInit.java:903)
D/StrictMode( 1763): 	at com.android.internal.os.ZygoteInit.main(ZygoteInit.java:698)
D/StrictMode( 1763): StrictMode policy violation; ~duration=348 ms: android.os.StrictMode$StrictModeDiskReadViolation: policy=31 violation=2
D/StrictMode( 1763): 	at android.os.StrictMode$AndroidBlockGuardPolicy.onReadFromDisk(StrictMode.java:1137)
D/StrictMode( 1763): 	at libcore.io.BlockGuardOs.open(BlockGuardOs.java:182)
D/StrictMode( 1763): 	at libcore.io.IoUtils.canOpenReadOnly(IoUtils.java:165)
D/StrictMode( 1763): 	at dalvik.system.DexPathList.findLibrary(DexPathList.java:383)
D/StrictMode( 1763): 	at dalvik.system.BaseDexClassLoader.findLibrary(BaseDexClassLoader.java:77)
D/StrictMode( 1763): 	at java.lang.Runtime.loadLibrary(Runtime.java:360)
D/StrictMode( 1763): 	at java.lang.System.loadLibrary(System.java:988)
D/StrictMode( 1763): 	at com.google.android.libraries.social.jni.crashreporter.NativeCrashHandler.a(PG:182)
D/StrictMode( 1763): 	at com.google.android.libraries.social.jni.crashreporter.NativeCrashHandler.a(PG:81)
D/StrictMode( 1763): 	at com.google.android.apps.gmm.base.app.d.<init>(PG:524)
D/StrictMode( 1763): 	at com.google.android.apps.gmm.base.app.GoogleMapsApplication.onCreate(PG:84)
D/StrictMode( 1763): 	at android.app.Instrumentation.callApplicationOnCreate(Instrumentation.java:1012)
D/StrictMode( 1763): 	at android.app.ActivityThread.handleBindApplication(ActivityThread.java:4553)
D/StrictMode( 1763): 	at android.app.ActivityThread.access$1500(ActivityThread.java:151)
D/StrictMode( 1763): 	at android.app.ActivityThread$H.handleMessage(ActivityThread.java:1364)
D/StrictMode( 1763): 	at android.os.Handler.dispatchMessage(Handler.java:102)
D/StrictMode( 1763): 	at android.os.Looper.loop(Looper.java:135)
D/StrictMode( 1763): 	at android.app.ActivityThread.main(ActivityThread.java:5254)
D/StrictMode( 1763): 	at java.lang.reflect.Method.invoke(Native Method)
D/StrictMode( 1763): 	at java.lang.reflect.Method.invoke(Method.java:372)
D/StrictMode( 1763): 	at com.android.internal.os.ZygoteInit$MethodAndArgsCaller.run(ZygoteInit.java:903)
D/StrictMode( 1763): 	at com.android.internal.os.ZygoteInit.main(ZygoteInit.java:698)
D/StrictMode( 1763): StrictMode policy violation; ~duration=286 ms: android.os.StrictMode$StrictModeDiskReadViolation: policy=31 violation=2
D/StrictMode( 1763): 	at android.os.StrictMode$AndroidBlockGuardPolicy.onReadFromDisk(StrictMode.java:1137)
D/StrictMode( 1763): 	at android.app.SharedPreferencesImpl.awaitLoadedLocked(SharedPreferencesImpl.java:202)
D/StrictMode( 1763): 	at android.app.SharedPreferencesImpl.getBoolean(SharedPreferencesImpl.java:259)
D/StrictMode( 1763): 	at android.preference.PreferenceManager.setDefaultValues(PreferenceManager.java:481)
D/StrictMode( 1763): 	at com.google.android.apps.gmm.shared.b.a.a(PG:938)
D/StrictMode( 1763): 	at com.google.android.apps.gmm.base.app.d.<init>(PG:540)
D/StrictMode( 1763): 	at com.google.android.apps.gmm.base.app.GoogleMapsApplication.onCreate(PG:84)
D/StrictMode( 1763): 	at android.app.Instrumentation.callApplicationOnCreate(Instrumentation.java:1012)
D/StrictMode( 1763): 	at android.app.ActivityThread.handleBindApplication(ActivityThread.java:4553)
D/StrictMode( 1763): 	at android.app.ActivityThread.access$1500(ActivityThread.java:151)
D/StrictMode( 1763): 	at android.app.ActivityThread$H.handleMessage(ActivityThread.java:1364)
D/StrictMode( 1763): 	at android.os.Handler.dispatchMessage(Handler.java:102)
D/StrictMode( 1763): 	at android.os.Looper.loop(Looper.java:135)
D/StrictMode( 1763): 	at android.app.ActivityThread.main(ActivityThread.java:5254)
D/StrictMode( 1763): 	at java.lang.reflect.Method.invoke(Native Method)
D/StrictMode( 1763): 	at java.lang.reflect.Method.invoke(Method.java:372)
D/StrictMode( 1763): 	at com.android.internal.os.ZygoteInit$MethodAndArgsCaller.run(ZygoteInit.java:903)
D/StrictMode( 1763): 	at com.android.internal.os.ZygoteInit.main(ZygoteInit.java:698)
D/StrictMode( 1763): StrictMode policy violation; ~duration=268 ms: android.os.StrictMode$StrictModeDiskReadViolation: policy=31 violation=2
D/StrictMode( 1763): 	at android.os.StrictMode$AndroidBlockGuardPolicy.onReadFromDisk(StrictMode.java:1137)
D/StrictMode( 1763): 	at libcore.io.BlockGuardOs.open(BlockGuardOs.java:182)
D/StrictMode( 1763): 	at libcore.io.IoUtils.canOpenReadOnly(IoUtils.java:165)
D/StrictMode( 1763): 	at dalvik.system.DexPathList.findLibrary(DexPathList.java:383)
D/StrictMode( 1763): 	at dalvik.system.BaseDexClassLoader.findLibrary(BaseDexClassLoader.java:77)
D/StrictMode( 1763): 	at java.lang.Runtime.loadLibrary(Runtime.java:360)
D/StrictMode( 1763): 	at java.lang.System.loadLibrary(System.java:988)
D/StrictMode( 1763): 	at com.google.android.apps.gmm.map.util.jni.NativeHelper.initialize(PG:42)
D/StrictMode( 1763): 	at com.google.android.apps.gmm.map.n.f.<clinit>(PG:80)
D/StrictMode( 1763): 	at com.google.android.apps.gmm.base.app.d.<init>(PG:540)
D/StrictMode( 1763): 	at com.google.android.apps.gmm.base.app.GoogleMapsApplication.onCreate(PG:84)
D/StrictMode( 1763): 	at android.app.Instrumentation.callApplicationOnCreate(Instrumentation.java:1012)
D/StrictMode( 1763): 	at android.app.ActivityThread.handleBindApplication(ActivityThread.java:4553)
D/StrictMode( 1763): 	at android.app.ActivityThread.access$1500(ActivityThread.java:151)
D/StrictMode( 1763): 	at android.app.ActivityThread$H.handleMessage(ActivityThread.java:1364)
D/StrictMode( 1763): 	at android.os.Handler.dispatchMessage(Handler.java:102)
D/StrictMode( 1763): 	at android.os.Looper.loop(Looper.java:135)
D/StrictMode( 1763): 	at android.app.ActivityThread.main(ActivityThread.java:5254)
D/StrictMode( 1763): 	at java.lang.reflect.Method.invoke(Native Method)
D/StrictMode( 1763): 	at java.lang.reflect.Method.invoke(Method.java:372)
D/StrictMode( 1763): 	at com.android.internal.os.ZygoteInit$MethodAndArgsCaller.run(ZygoteInit.java:903)
D/StrictMode( 1763): 	at com.android.internal.os.ZygoteInit.main(ZygoteInit.java:698)
D/StrictMode( 1763): StrictMode policy violation; ~duration=79 ms: android.os.StrictMode$StrictModeDiskReadViolation: policy=287 violation=2
D/StrictMode( 1763): 	at android.os.StrictMode$AndroidBlockGuardPolicy.onReadFromDisk(StrictMode.java:1137)
D/StrictMode( 1763): 	at android.database.sqlite.SQLiteConnection.applyBlockGuardPolicy(SQLiteConnection.java:1041)
D/StrictMode( 1763): 	at android.database.sqlite.SQLiteConnection.executeForCursorWindow(SQLiteConnection.java:842)
D/StrictMode( 1763): 	at android.database.sqlite.SQLiteSession.executeForCursorWindow(SQLiteSession.java:836)
D/StrictMode( 1763): 	at android.database.sqlite.SQLiteQuery.fillWindow(SQLiteQuery.java:62)
D/StrictMode( 1763): 	at android.database.sqlite.SQLiteCursor.fillWindow(SQLiteCursor.java:144)
D/StrictMode( 1763): 	at android.database.sqlite.SQLiteCursor.getCount(SQLiteCursor.java:133)
D/StrictMode( 1763): 	at android.database.CursorToBulkCursorAdaptor.getBulkCursorDescriptor(CursorToBulkCursorAdaptor.java:145)
D/StrictMode( 1763): 	at android.content.ContentProviderNative.onTransact(ContentProviderNative.java:122)
D/StrictMode( 1763): 	at android.os.Binder.execTransact(Binder.java:446)
D/StrictMode( 1763): # via Binder call with stack:
D/StrictMode( 1763): android.os.StrictMode$LogStackTrace
D/StrictMode( 1763): 	at android.os.StrictMode.readAndHandleBinderCallViolations(StrictMode.java:1717)
D/StrictMode( 1763): 	at android.os.Parcel.readExceptionCode(Parcel.java:1527)
D/StrictMode( 1763): 	at android.database.DatabaseUtils.readExceptionFromParcel(DatabaseUtils.java:134)
D/StrictMode( 1763): 	at android.content.ContentProviderProxy.query(ContentProviderNative.java:421)
D/StrictMode( 1763): 	at android.content.ContentResolver.query(ContentResolver.java:478)
D/StrictMode( 1763): 	at android.content.ContentResolver.query(ContentResolver.java:422)
D/StrictMode( 1763): 	at com.google.android.c.c.a(PG:87)
D/StrictMode( 1763): 	at com.google.android.c.c.a(PG:107)
D/StrictMode( 1763): 	at com.google.android.apps.gmm.shared.net.s.a(PG:325)
D/StrictMode( 1763): 	at com.google.android.apps.gmm.shared.net.s.a(PG:175)
D/StrictMode( 1763): 	at com.google.android.apps.gmm.map.n.o.a(PG:134)
D/StrictMode( 1763): 	at com.google.b.a.by.a(PG:125)
D/StrictMode( 1763): 	at com.google.android.apps.gmm.map.n.f.a(PG:323)
D/StrictMode( 1763): 	at com.google.android.apps.gmm.base.app.d.<init>(PG:540)
D/StrictMode( 1763): 	at com.google.android.apps.gmm.base.app.GoogleMapsApplication.onCreate(PG:84)
D/StrictMode( 1763): 	at android.app.Instrumentation.callApplicationOnCreate(Instrumentation.java:1012)
D/StrictMode( 1763): 	at android.app.ActivityThread.handleBindApplication(ActivityThread.java:4553)
D/StrictMode( 1763): 	at android.app.ActivityThread.access$1500(ActivityThread.java:151)
D/StrictMode( 1763): 	at android.app.ActivityThread$H.handleMessage(ActivityThread.java:1364)
D/StrictMode( 1763): 	at android.os.Handler.dispatchMessage(Handler.java:102)
D/StrictMode( 1763): 	at android.os.Looper.loop(Looper.java:135)
D/StrictMode( 1763): 	at android.app.ActivityThread.main(ActivityThread.java:5254)
D/StrictMode( 1763): 	at java.lang.reflect.Method.invoke(Native Method)
D/StrictMode( 1763): 	at java.lang.reflect.Method.invoke(Method.java:372)
D/StrictMode( 1763): 	at com.android.internal.os.ZygoteInit$MethodAndArgsCaller.run(ZygoteInit.java:903)
D/StrictMode( 1763): 	at com.android.internal.os.ZygoteInit.main(ZygoteInit.java:698)
D/StrictMode( 1763): StrictMode policy violation; ~duration=39 ms: android.os.StrictMode$StrictModeDiskReadViolation: policy=31 violation=2
D/StrictMode( 1763): 	at android.os.StrictMode$AndroidBlockGuardPolicy.onReadFromDisk(StrictMode.java:1137)
D/StrictMode( 1763): 	at libcore.io.BlockGuardOs.access(BlockGuardOs.java:67)
D/StrictMode( 1763): 	at java.io.File.doAccess(File.java:283)
D/StrictMode( 1763): 	at java.io.File.exists(File.java:363)
D/StrictMode( 1763): 	at android.app.ContextImpl.createFilesDirLocked(ContextImpl.java:995)
D/StrictMode( 1763): 	at android.app.ContextImpl.getFilesDir(ContextImpl.java:1018)
D/StrictMode( 1763): 	at android.app.ContextImpl.openFileInput(ContextImpl.java:960)
D/StrictMode( 1763): 	at android.content.ContextWrapper.openFileInput(ContextWrapper.java:176)
D/StrictMode( 1763): 	at com.google.android.apps.gmm.shared.c.h.a(PG:149)
D/StrictMode( 1763): 	at com.google.android.apps.gmm.shared.net.a.b.a(PG:587)
D/StrictMode( 1763): 	at com.google.android.apps.gmm.map.n.f.a(PG:323)
D/StrictMode( 1763): 	at com.google.android.apps.gmm.base.app.d.<init>(PG:540)
D/StrictMode( 1763): 	at com.google.android.apps.gmm.base.app.GoogleMapsApplication.onCreate(PG:84)
D/StrictMode( 1763): 	at android.app.Instrumentation.callApplicationOnCreate(Instrumentation.java:1012)
D/StrictMode( 1763): 	at android.app.ActivityThread.handleBindApplication(ActivityThread.java:4553)
D/StrictMode( 1763): 	at android.app.ActivityThread.access$1500(ActivityThread.java:151)
D/StrictMode( 1763): 	at android.app.ActivityThread$H.handleMessage(ActivityThread.java:1364)
D/StrictMode( 1763): 	at android.os.Handler.dispatchMessage(Handler.java:102)
D/StrictMode( 1763): 	at android.os.Looper.loop(Looper.java:135)
D/StrictMode( 1763): 	at android.app.ActivityThread.main(ActivityThread.java:5254)
D/StrictMode( 1763): 	at java.lang.reflect.Method.invoke(Native Method)
D/StrictMode( 1763): 	at java.lang.reflect.Method.invoke(Method.java:372)
D/StrictMode( 1763): 	at com.android.internal.os.ZygoteInit$MethodAndArgsCaller.run(ZygoteInit.java:903)
D/StrictMode( 1763): 	at com.android.internal.os.ZygoteInit.main(ZygoteInit.java:698)
D/StrictMode( 1763): StrictMode policy violation; ~duration=39 ms: android.os.StrictMode$StrictModeDiskReadViolation: policy=31 violation=2
D/StrictMode( 1763): 	at android.os.StrictMode$AndroidBlockGuardPolicy.onReadFromDisk(StrictMode.java:1137)
D/StrictMode( 1763): 	at libcore.io.BlockGuardOs.open(BlockGuardOs.java:182)
D/StrictMode( 1763): 	at libcore.io.IoBridge.open(IoBridge.java:442)
D/StrictMode( 1763): 	at java.io.FileInputStream.<init>(FileInputStream.java:76)
D/StrictMode( 1763): 	at android.app.ContextImpl.openFileInput(ContextImpl.java:961)
D/StrictMode( 1763): 	at android.content.ContextWrapper.openFileInput(ContextWrapper.java:176)
D/StrictMode( 1763): 	at com.google.android.apps.gmm.shared.c.h.a(PG:149)
D/StrictMode( 1763): 	at com.google.android.apps.gmm.shared.net.a.b.a(PG:587)
D/StrictMode( 1763): 	at com.google.android.apps.gmm.map.n.f.a(PG:323)
D/StrictMode( 1763): 	at com.google.android.apps.gmm.base.app.d.<init>(PG:540)
D/StrictMode( 1763): 	at com.google.android.apps.gmm.base.app.GoogleMapsApplication.onCreate(PG:84)
D/StrictMode( 1763): 	at android.app.Instrumentation.callApplicationOnCreate(Instrumentation.java:1012)
D/StrictMode( 1763): 	at android.app.ActivityThread.handleBindApplication(ActivityThread.java:4553)
D/StrictMode( 1763): 	at android.app.ActivityThread.access$1500(ActivityThread.java:151)
D/StrictMode( 1763): 	at android.app.ActivityThread$H.handleMessage(ActivityThread.java:1364)
D/StrictMode( 1763): 	at android.os.Handler.dispatchMessage(Handler.java:102)
D/StrictMode( 1763): 	at android.os.Looper.loop(Looper.java:135)
D/StrictMode( 1763): 	at android.app.ActivityThread.main(ActivityThread.java:5254)
D/StrictMode( 1763): 	at java.lang.reflect.Method.invoke(Native Method)
D/StrictMode( 1763): 	at java.lang.reflect.Method.invoke(Method.java:372)
D/StrictMode( 1763): 	at com.android.internal.os.ZygoteInit$MethodAndArgsCaller.run(ZygoteInit.java:903)
D/StrictMode( 1763): 	at com.android.internal.os.ZygoteInit.main(ZygoteInit.java:698)
D/StrictMode( 1763): StrictMode policy violation; ~duration=35 ms: android.os.StrictMode$StrictModeDiskWriteViolation: policy=31 violation=1
D/StrictMode( 1763): 	at android.os.StrictMode$AndroidBlockGuardPolicy.onWriteToDisk(StrictMode.java:1111)
D/StrictMode( 1763): 	at libcore.io.BlockGuardOs.mkdir(BlockGuardOs.java:172)
D/StrictMode( 1763): 	at java.io.File.mkdirErrno(File.java:874)
D/StrictMode( 1763): 	at java.io.File.mkdirs(File.java:898)
D/StrictMode( 1763): 	at java.io.File.mkdirs(File.java:892)
D/StrictMode( 1763): 	at com.google.android.apps.gmm.map.n.f.a(PG:323)
D/StrictMode( 1763): 	at com.google.android.apps.gmm.base.app.d.<init>(PG:540)
D/StrictMode( 1763): 	at com.google.android.apps.gmm.base.app.GoogleMapsApplication.onCreate(PG:84)
D/StrictMode( 1763): 	at android.app.Instrumentation.callApplicationOnCreate(Instrumentation.java:1012)
D/StrictMode( 1763): 	at android.app.ActivityThread.handleBindApplication(ActivityThread.java:4553)
D/StrictMode( 1763): 	at android.app.ActivityThread.access$1500(ActivityThread.java:151)
D/StrictMode( 1763): 	at android.app.ActivityThread$H.handleMessage(ActivityThread.java:1364)
D/StrictMode( 1763): 	at android.os.Handler.dispatchMessage(Handler.java:102)
D/StrictMode( 1763): 	at android.os.Looper.loop(Looper.java:135)
D/StrictMode( 1763): 	at android.app.ActivityThread.main(ActivityThread.java:5254)
D/StrictMode( 1763): 	at java.lang.reflect.Method.invoke(Native Method)
D/StrictMode( 1763): 	at java.lang.reflect.Method.invoke(Method.java:372)
D/StrictMode( 1763): 	at com.android.internal.os.ZygoteInit$MethodAndArgsCaller.run(ZygoteInit.java:903)
D/StrictMode( 1763): 	at com.android.internal.os.ZygoteInit.main(ZygoteInit.java:698)
D/StrictMode( 1763): StrictMode policy violation; ~duration=34 ms: android.os.StrictMode$StrictModeDiskWriteViolation: policy=31 violation=1
D/StrictMode( 1763): 	at android.os.StrictMode$AndroidBlockGuardPolicy.onWriteToDisk(StrictMode.java:1111)
D/StrictMode( 1763): 	at libcore.io.BlockGuardOs.mkdir(BlockGuardOs.java:172)
D/StrictMode( 1763): 	at java.io.File.mkdirErrno(File.java:874)
D/StrictMode( 1763): 	at java.io.File.mkdir(File.java:865)
D/StrictMode( 1763): 	at com.google.android.apps.gmm.map.n.f.a(PG:323)
D/StrictMode( 1763): 	at com.google.android.apps.gmm.base.app.d.<init>(PG:540)
D/StrictMode( 1763): 	at com.google.android.apps.gmm.base.app.GoogleMapsApplication.onCreate(PG:84)
D/StrictMode( 1763): 	at android.app.Instrumentation.callApplicationOnCreate(Instrumentation.java:1012)
D/StrictMode( 1763): 	at android.app.ActivityThread.handleBindApplication(ActivityThread.java:4553)
D/StrictMode( 1763): 	at android.app.ActivityThread.access$1500(ActivityThread.java:151)
D/StrictMode( 1763): 	at android.app.ActivityThread$H.handleMessage(ActivityThread.java:1364)
D/StrictMode( 1763): 	at android.os.Handler.dispatchMessage(Handler.java:102)
D/StrictMode( 1763): 	at android.os.Looper.loop(Looper.java:135)
D/StrictMode( 1763): 	at android.app.ActivityThread.main(ActivityThread.java:5254)
D/StrictMode( 1763): 	at java.lang.reflect.Method.invoke(Native Method)
D/StrictMode( 1763): 	at java.lang.reflect.Method.invoke(Method.java:372)
D/StrictMode( 1763): 	at com.android.internal.os.ZygoteInit$MethodAndArgsCaller.run(ZygoteInit.java:903)
D/StrictMode( 1763): 	at com.android.internal.os.ZygoteInit.main(ZygoteInit.java:698)
W/com.google.a.a.a.b.a( 1763): Application name is not set. Call Builder#setApplicationName.
D/BluetoothManagerService(  744): Message: 20
D/BluetoothManagerService(  744): Added callback: android.bluetooth.IBluetoothManagerCallback$Stub$Proxy@2e1c966a:true
D/BluetoothAdapter( 1065): 545032227: getState() :  mService = null. Returning STATE_OFF
I/iu.Environment( 1369): update battery state; isPlugged? false
D/NetworkLogImpl( 1369): Loaded NetworkSpeedPredictor
I/iu.Environment( 1369): update connectivity state; isNetworkMetered? false, isRoaming? false, isBackgroundDataAllowed? false
I/iu.Environment( 1369): update battery state; isPlugged? false
I/GCoreUlr( 1576): Starting service, intent=Intent { act=com.google.android.location.reporting.ACTION_UPDATE_WORLD cmp=com.google.android.gms/com.google.android.location.reporting.service.DispatchingService (has extras) }, extras=Bundle[{receiverAction=android.intent.action.ACTION_POWER_DISCONNECTED}]
I/ActivityManager(  744): Start proc 1821:com.android.chrome/u0a35 for broadcast com.android.chrome/com.google.android.apps.chrome.precache.PrecacheServiceLauncher
I/GCoreUlr( 1576): WorldUpdater received intent Intent { act=com.google.android.location.reporting.ACTION_UPDATE_WORLD cmp=com.google.android.gms/com.google.android.location.reporting.service.DispatchingService (has extras) } with receiverAction android.intent.action.ACTION_POWER_DISCONNECTED
I/GCoreUlr( 1576): No GCM registration ID
I/GCoreUlr( 1576): WorldUpdater: Ensuring that reporting is stopped because of reasons: (no Google accounts)
D/GCoreFlp( 1576): Unknown pending intent to remove.
I/GCoreUlr( 1576): Unbound from all location providers
I/ActivityManager(  744): Start proc 1839:com.google.android.apps.plus/u0a68 for broadcast com.google.android.apps.plus/com.google.android.libraries.social.autobackup.AutoBackupEnvironment$BatteryReceiver
W/ResourcesManager( 1839): Asset path '/system/framework/com.google.android.maps.jar' does not exist or contains no resources.
I/ActivityManager(  744): Start proc 1862:com.google.android.apps.walletnfcrel/u0a24 for broadcast com.google.android.apps.walletnfcrel/com.google.android.apps.wallet.nfc.NfcAdapterStateReceiver
W/FeatureManager( 1862): isFeatureEnabled(NFC_HCE_PPMS) called before the first sync of ClientConfiguration.
I/ActivityManager(  744): Start proc 1884:com.google.android.apps.magazines/u0a62 for broadcast com.google.android.apps.magazines/com.google.apps.dots.android.newsstand.audio.MediaButtonIntentReceiver
W/ActivityManager(  744): getRunningAppProcesses: caller 10062 does not hold REAL_GET_TASKS; limiting output
I/WebViewFactory( 1884): Loading com.google.android.webview version 39 (2074855-arm) (code 334201)
I/LibraryLoader( 1884): Time to load native libraries: 57 ms (timestamps 4492-4549)
I/LibraryLoader( 1884): Expected native library version number "",actual native library version number ""
V/WebViewChromiumFactoryProvider( 1884): Binding Chromium to main looper Looper (main, tid 1) {545ffba}
I/LibraryLoader( 1884): Expected native library version number "",actual native library version number ""
I/chromium( 1884): [INFO:library_loader_hooks.cc(104)] Chromium logging enabled: level = 0, default verbosity = 0
I/BrowserStartupController( 1884): Initializing chromium process, singleProcess=true
W/art     ( 1884): Attempt to remove local handle scope entry from IRT, ignoring
W/chromium( 1884): [WARNING:dns_config_service_posix.cc(293)] Failed to read DnsConfig.
W/AudioManagerAndroid( 1884): Requires BLUETOOTH permission
W/chromium( 1884): [WARNING:resource_bundle.cc(304)] locale_file_path.empty()
I/chromium( 1884): [INFO:aw_browser_main_parts.cc(65)] Load from apk succesful, fd=33 off=46872 len=3037
I/chromium( 1884): [INFO:aw_browser_main_parts.cc(78)] Loading webviewchromium.pak from, fd:34 off:230172 len:1089587
I/Adreno-EGL( 1884): <qeglDrvAPI_eglInitialize:379>: QUALCOMM Build: 01/14/15, ab0075f, Id3510ff6dc
I/NSApplication( 1884): Starting up...
W/ActivityManager(  744): getRunningAppProcesses: caller 10062 does not hold REAL_GET_TASKS; limiting output
W/ActivityManager(  744): getRunningAppProcesses: caller 10062 does not hold REAL_GET_TASKS; limiting output
I/ActivityManager(  744): Start proc 1940:com.android.cellbroadcastreceiver/u0a3 for broadcast com.android.cellbroadcastreceiver/.CellBroadcastReceiver
E/JavaBinder( 1369): *** Uncaught remote exception!  (Exceptions are not yet supported across processes.)
E/JavaBinder( 1369): java.lang.RuntimeException: android.os.RemoteException
E/JavaBinder( 1369): 	at android.os.Parcel.writeException(Parcel.java:1446)
E/JavaBinder( 1369): 	at android.os.Binder.execTransact(Binder.java:452)
E/JavaBinder( 1369): Caused by: android.os.RemoteException
E/JavaBinder( 1369): 	at com.google.android.gms.ads.identifier.service.a.a(SourceFile:77)
E/JavaBinder( 1369): 	at com.google.android.gms.ads.identifier.a.b.onTransact(SourceFile:63)
E/JavaBinder( 1369): 	at android.os.Binder.execTransact(Binder.java:446)
D/CellBroadcastReceiver( 1940): onReceive Intent { act=android.intent.action.SERVICE_STATE flg=0x10 cmp=com.android.cellbroadcastreceiver/.CellBroadcastReceiver (has extras) }
D/CellBroadcastReceiver( 1940): Intent ACTION_SERVICE_STATE_CHANGED
D/CellBroadcastReceiver( 1940): Service state changed! 3 Full: 3 3 voice home data home null null null null null null  Unknown Unknown CSS not supported -1 -1 RoamInd=-1 DefRoamInd=-1 EmergOnly=false Current state=-1
W/FeatureManager( 1862): isFeatureEnabled(NFC_HCE_PPMS) called before the first sync of ClientConfiguration.
D/CellBroadcastReceiver( 1940): onReceive Intent { act=android.intent.action.SERVICE_STATE flg=0x10 cmp=com.android.cellbroadcastreceiver/.CellBroadcastReceiver (has extras) }
D/CellBroadcastReceiver( 1940): Intent ACTION_SERVICE_STATE_CHANGED
D/CellBroadcastReceiver( 1940): Service state changed! 1 Full: 1 1 voice home data home null null null null null null (manual) Unknown Unknown CSS not supported -1 -1 RoamInd=-1 DefRoamInd=-1 EmergOnly=false Current state=-1
D/SIP     ( 1146): [SipSharedPreferences] isReceivingCallsEnabled, option not set; use default value, exception: android.provider.Settings$SettingNotFoundException: sip_receive_calls
D/GCM     ( 1428): COMPAT: Multi user ser=0 current=0
I/GoogleURLConnFactory( 1428): binding HttpService
I/GoogleHttpClient( 1428): Falling back to old SSLCertificateSocketFactory
E/GCM     ( 1428): GCM failed to read backup checkin config, checkin may have failed
W/GCM     ( 1428): GCM FAILED TO INITIALIZE - missing checkin
D/GCM     ( 1428): GcmService start Intent { act=com.google.android.gms.INITIALIZE flg=0x10 pkg=com.google.android.gms cmp=com.google.android.gms/.gcm.GcmService } com.google.android.gms.INITIALIZE
D/AuthorizationBluetoothService( 1428): Received GmsCore event: Intent { act=com.google.android.gms.INITIALIZE flg=0x10 pkg=com.google.android.gms cmp=com.google.android.gms/.auth.be.proximity.authorization.bt.AuthorizationBluetoothService$AutoStarter }.
E/AuthorizationBluetoothService( 1428): Proximity feature is not enabled.
V/GmsCoreStatsServiceLauncher( 1369): Received broadcast intent Intent { act=com.google.android.gms.INITIALIZE flg=0x10 pkg=com.google.android.gms cmp=com.google.android.gms/.common.stats.GmsCoreStatsServiceLauncher }
D/LocationInitializer( 1369): Restart initialization of location
D/GCM     ( 1428): GcmService start Intent { act=com.google.android.gms.INITIALIZE flg=0x10 pkg=com.google.android.gms cmp=com.google.android.gms/.gcm.GcmService } com.google.android.gms.INITIALIZE
D/AuthorizationBluetoothService( 1428): Received GmsCore event: Intent { act=com.google.android.gms.INITIALIZE flg=0x10 pkg=com.google.android.gms cmp=com.google.android.gms/.auth.be.proximity.authorization.bt.AuthorizationBluetoothService$AutoStarter }.
E/AuthorizationBluetoothService( 1428): Proximity feature is not enabled.
V/GmsCoreStatsServiceLauncher( 1369): Received broadcast intent Intent { act=com.google.android.gms.INITIALIZE flg=0x10 pkg=com.google.android.gms cmp=com.google.android.gms/.common.stats.GmsCoreStatsServiceLauncher }
D/LocationInitializer( 1369): Restart initialization of location
I/RecoverySystem(  744): No recovery log file
I/BootReceiver(  744): Copying audit failures to DropBox
I/BootReceiver(  744): Checking for fsck errors
I/ActivityManager(  744): Start proc 1979:com.google.android.dialer/u0a10 for broadcast com.google.android.dialer/com.android.dialer.calllog.CallLogReceiver
I/ActivityManager(  744): Start proc 1997:com.android.keychain/1000 for service com.android.keychain/.KeyChainService
W/ResourcesManager( 1979): Asset path '/system/framework/com.google.android.dialer.support.jar' does not exist or contains no resources.
V/OtaStartupReceiver( 1146): onOtaspChanged: mOtaspMode=1
I/ActivityManager(  744): Start proc 2022:com.android.providers.calendar/u0a2 for broadcast com.android.providers.calendar/.CalendarReceiver
I/art     (  199): Explicit concurrent mark sweep GC freed 706(30KB) AllocSpace objects, 0(0B) LOS objects, 40% free, 16MB/26MB, paused 202us total 10.046ms
I/ActivityManager(  744): Killing 1406:com.google.android.partnersetup/u0a13 (adj 15): empty #17
I/art     (  199): Explicit concurrent mark sweep GC freed 5(160B) AllocSpace objects, 0(0B) LOS objects, 40% free, 16MB/26MB, paused 483us total 19.375ms
I/art     (  199): Explicit concurrent mark sweep GC freed 5(160B) AllocSpace objects, 0(0B) LOS objects, 40% free, 16MB/26MB, paused 280us total 12.082ms
W/ResourcesManager( 2022): Asset path '/system/framework/android.test.runner.jar' does not exist or contains no resources.
I/CheckinService( 1369): Disabling old GoogleServicesFramework version
I/CheckinService( 1369): Checking schedule, now: 1447320624362 next: 30000
I/CheckinService( 1369): active receiver: enabled
I/CalendarProvider2( 2022): Created com.android.providers.calendar.CalendarAlarmManager@9dc7d52(com.android.providers.calendar.CalendarProvider2@207c8823)
I/ActivityManager(  744): Start proc 2046:com.google.android.onetimeinitializer/u0a12 for broadcast com.google.android.onetimeinitializer/.OneTimeInitializerReceiver
I/art     (  744): Explicit concurrent mark sweep GC freed 14953(812KB) AllocSpace objects, 4(112KB) LOS objects, 33% free, 24MB/37MB, paused 944us total 65.304ms
V/OneTimeInitializerReceiver( 2046): OneTimeInitializerReceiver.onReceive
V/OneTimeService( 2046): OneTimeService.onHandleIntent
I/ActivityManager(  744): Start proc 2068:com.google.android.partnersetup/u0a13 for broadcast com.google.android.partnersetup/.GooglePartnerSetup
I/ActivityManager(  744): Killing 1460:com.google.android.apps.gcs/u0a26 (adj 15): empty #17
D/GpsLocationProvider(  744): received SIM realted action: 
D/GpsLocationProvider(  744): SIM MCC/MNC is still not available
E/PhoneInterfaceManager( 1146): [PhoneIntfMgr] getIccId: ICC ID is null or empty.
E/PhoneInterfaceManager( 1146): [PhoneIntfMgr] getIccId: ICC ID is null or empty.
V/KeyguardUpdateMonitor(  892): onSubscriptionInfoChanged()
I/Telephony( 1146): PstnIncomingCallNotifier: Unregistering: Handler (com.android.internal.telephony.gsm.GSMPhone) {113ed647}
E/PhoneInterfaceManager( 1146): [PhoneIntfMgr] getIccId: ICC ID is null or empty.
E/PhoneInterfaceManager( 1146): [PhoneIntfMgr] getIccId: ICC ID is null or empty.
V/KeyguardUpdateMonitor(  892): SubInfo:{id=1, iccId=8931440301424063772 simSlotIndex=0 displayName=CARD 1 carrierName=Emergency calls only nameSource=0 iconTint=-16746133 dataRoaming=0 iconBitmap=android.graphics.Bitmap@b47d3b8 mcc 204 mnc 4}
E/PhoneInterfaceManager( 1146): [PhoneIntfMgr] getIccId: ICC ID is null or empty.
I/Telephony( 1146): PstnIncomingCallNotifier: Registering: Handler (com.android.internal.telephony.gsm.GSMPhone) {113ed647}
I/ActivityManager(  744): Start proc 2103:com.android.managedprovisioning/u0a14 for broadcast com.android.managedprovisioning/.BootReminder
I/art     ( 1576): Explicit concurrent mark sweep GC freed 19059(1224KB) AllocSpace objects, 12(192KB) LOS objects, 40% free, 18MB/31MB, paused 936us total 50.631ms
I/RlzPingService( 2068): Setting next ping for 1444137973072
I/art     ( 1428): Explicit concurrent mark sweep GC freed 7726(456KB) AllocSpace objects, 4(64KB) LOS objects, 39% free, 18MB/30MB, paused 1.057ms total 17.925ms
I/ActivityManager(  744): Killing 1632:com.google.android.keep/u0a72 (adj 15): empty #17
W/SQLiteConnectionPool( 1428): A SQLiteConnection object for database '/data/user/0/com.google.android.gsf/databases/gservices.db' was leaked!  Please fix your application to end transactions in progress properly and to close the database when it is no longer needed.
I/ActivityManager(  744): Start proc 2127:com.android.vending/u0a16 for broadcast com.android.vending/com.google.android.finsky.receivers.BootCompletedReceiver
E/SQLiteLog(  913): (283) recovered 43 frames from WAL file /data/data/com.android.providers.media/databases/internal.db-wal
W/MediaScanner(  913): Error opening directory '/oem/media/', skipping: No such file or directory.
I/iu.UploadsManager( 1369): #reloadSettings(); account: -1; IU: disabled; IS: disabled; IS account: -1; photoWiFi: true; videoWiFi: true; roam: false; battery: true; size: FULL; maxMobile: 157286400
D/Finsky  ( 2127): [1] FinskyApp.onCreate: Initializing network with DFE https://android.clients.google.com/fdfe/
I/iu.UploadsManager( 1369): End new media; added: 0, uploading: 0, time: 31 ms
W/Finsky  ( 2127): [1] FinskyApp.getCurrentAccount: No account configured on this device.
V/MediaScanner(  913): pruneDeadThumbnailFiles... android.database.sqlite.SQLiteCursor@3883b37c
V/MediaScanner(  913): /pruneDeadThumbnailFiles... android.database.sqlite.SQLiteCursor@3883b37c
W/Finsky  ( 2127): [1] FinskyApp.getCurrentAccount: No account configured on this device.
I/ActivityManager(  744): Killing 1711:com.google.android.gms.ui/u0a8 (adj 15): empty #17
D/Finsky  ( 2127): [1] DailyHygiene.goMakeHygieneIfDirty: Dirty, need more hygiene.
I/ActivityManager(  744): Start proc 2167:com.google.android.gms:car/u0a8 for service com.google.android.gms/.car.CarService
W/Settings( 2127): Setting download_manager_max_bytes_over_mobile has moved from android.provider.Settings.Secure to android.provider.Settings.Global.
W/Settings( 2127): Setting download_manager_recommended_max_bytes_over_mobile has moved from android.provider.Settings.Secure to android.provider.Settings.Global.
W/ResourcesManager( 2167): Asset path '/system/framework/com.android.media.remotedisplay.jar' does not exist or contains no resources.
W/ResourcesManager( 2167): Asset path '/system/framework/com.android.location.provider.jar' does not exist or contains no resources.
W/Finsky  ( 2127): [1] FinskyApp.getCurrentAccount: No account configured on this device.
W/Finsky  ( 2127): [1] FinskyApp.getDfeApi: No account configured on this device.
I/ActivityManager(  744): Killing 1065:com.android.settings/1000 (adj 15): empty #17
D/WifiService(  744): Client connection lost with reason: 4
E/JavaBinder( 1369): *** Uncaught remote exception!  (Exceptions are not yet supported across processes.)
E/JavaBinder( 1369): java.lang.RuntimeException: android.os.RemoteException
E/JavaBinder( 1369): 	at android.os.Parcel.writeException(Parcel.java:1446)
E/JavaBinder( 1369): 	at android.os.Binder.execTransact(Binder.java:452)
E/JavaBinder( 1369): Caused by: android.os.RemoteException
E/JavaBinder( 1369): 	at com.google.android.gms.ads.identifier.service.a.a(SourceFile:77)
E/JavaBinder( 1369): 	at com.google.android.gms.ads.identifier.a.b.onTransact(SourceFile:63)
E/JavaBinder( 1369): 	at android.os.Binder.execTransact(Binder.java:446)
I/MultiDex( 2167): VM with version 2.1.0 has multidex support
I/MultiDex( 2167): install
I/MultiDex( 2167): VM has multidex support, MultiDex support library is disabled.
I/ProviderInstaller( 2167): Insert disabled by gate 'gms:security:enable_conscrypt_in_gms_application'
I/SystemUpdateService( 1369): receiver: Intent { act=android.intent.action.BOOT_COMPLETED flg=0x8000010 cmp=com.google.android.gms/.update.SystemUpdateService$Receiver (has extras) }
D/SystemUpdateService( 1369): onCreate
I/ActivityManager(  744): Killing 1763:com.google.android.apps.maps/u0a59 (adj 15): empty #17
D/SystemUpdateService( 1369): onStartCommand: intent: Intent { cmp=com.google.android.gms/.update.SystemUpdateService (has extras) }
I/ConfigFetchService( 1369): PackageReceiver: Intent { act=android.intent.action.BOOT_COMPLETED flg=0x8000010 cmp=com.google.android.gms/.config.ConfigFetchService$PackageReceiver (has extras) }
D/Finsky  ( 2127): [1] GmsCoreHelper.cleanupNlp: result=false type=4
I/EventLogService( 1369): Opted in for usage reporting
I/EventLogService( 1369): Aggregate from 1443707275292 (log), 1443707275292 (data)
I/ConfigService( 1428): onCreate
I/SystemUpdateService( 1369): cancelUpdate (empty URL)
I/ConfigService( 1428): onBind for Intent { act=com.google.android.gms.config.UPDATE pkg=com.google.android.gms } action com.google.android.gms.config.UPDATE
I/SystemUpdateService( 1369): active receiver: disabled
I/ConfigFetchService( 1369): onStartCommand Intent { act=android.intent.action.BOOT_COMPLETED cmp=com.google.android.gms/.config.ConfigFetchService (has extras) }
I/ConfigFetchService( 1369): launchTask
I/ConfigService( 1428): onBind returning update interface
I/ConfigService( 1428): onBind for Intent { act=com.google.android.gms.config.START pkg=com.google.android.gms } action com.google.android.gms.config.START
I/ConfigService( 1428): onBind returning config service
I/ConfigFetchService( 1369): service connected
I/ConfigClient( 1369): service connected
I/ConfigFetchService( 1369): connected = true
I/ConfigFetchService( 1369): self-hosted config:fetch_interval = 43200
V/GLSUser ( 1428): [LoginAccountsChangedWakefulBroadcastReceiver] recieved broadcast intent with action: android.intent.action.BOOT_COMPLETED
I/CalendarProvider2( 2022): Sending notification intent: Intent { act=android.intent.action.PROVIDER_CHANGED dat=content://com.android.calendar }
W/ContentResolver( 2022): Failed to get type for: content://com.android.calendar (Unknown URL content://com.android.calendar)
D/SystemUpdateService( 1369): onDestroy
W/ConfigFetchTask( 1369): no android id
E/ConfigFetchTask( 1369): failed to build request; aborting config fetch
I/ConfigFetchService( 1369): fetch service done; releasing wakelock
I/ConfigFetchService( 1369): stopping self
V/Finsky  ( 2127): [1] GearheadStateMonitor.onReady: sIsProjecting:false
I/CAR.SERVICE( 2167): listener not found in list
D/Finsky  ( 2127): [1] RestoreTracker.stopServiceIfDone: Restore complete with 0 success and 0 failed.
I/ActivityManager(  744): Killing 1821:com.android.chrome/u0a35 (adj 15): empty #17
I/ConfigService( 1428): onDestroy
V/GmsCoreStatsServiceLauncher( 1369): Received broadcast intent Intent { act=android.intent.action.BOOT_COMPLETED flg=0x8000010 cmp=com.google.android.gms/.common.stats.GmsCoreStatsServiceLauncher (has extras) }
D/PersistentNotificationBroadcastReceiver( 1428): Received intent: Intent { act=android.intent.action.BOOT_COMPLETED flg=0x8000010 cmp=com.google.android.gms/.common.notification.PersistentNotificationBroadcastReceiver (has extras) }
