D/BluetoothAdapter(  892): 199613910: getState() :  mService = null. Returning STATE_OFF
D/BluetoothAdapter(  892): 199613910: getState() :  mService = null. Returning STATE_OFF
D/BluetoothAdapter(  892): 199613910: getState() :  mService = null. Returning STATE_OFF
D/BluetoothAdapter(  892): 199613910: getState() :  mService = null. Returning STATE_OFF
D/audio_hw_primary(  188): out_set_parameters: enter: usecase(1: low-latency-playback) kvpairs: routing=2
D/audio_hw_primary(  188): select_devices: out_snd_device(2: speaker) in_snd_device(0: none)
D/msm8974_platform(  188): platform_send_audio_calibration: sending audio calibration for snd_device(2) acdb_id(15)
D/audio_hw_primary(  188): enable_snd_device: snd_device(2: speaker)
W/Settings( 1102): Setting airplane_mode_on has moved from android.provider.Settings.System to android.provider.Settings.Global, returning read-only value.
W/Settings( 1576): Setting airplane_mode_on has moved from android.provider.Settings.System to android.provider.Settings.Global, returning read-only value.
W/Settings( 1146): Setting airplane_mode_on has moved from android.provider.Settings.System to android.provider.Settings.Global, returning read-only value.
W/Settings( 3313): Setting airplane_mode_on has moved from android.provider.Settings.System to android.provider.Settings.Global, returning read-only value.
D/audio_hw_primary(  188): enable_audio_route: apply and update mixer path: low-latency-playback
D/SoftapController(  184): Softap fwReload - Ok
D/CellBroadcastReceiver( 2782): onReceive Intent { act=android.intent.action.AIRPLANE_MODE flg=0x10 cmp=com.android.cellbroadcastreceiver/.CellBroadcastReceiver (has extras) }
W/CellBroadcastReceiver( 2782): onReceive() unexpected action android.intent.action.AIRPLANE_MODE
D/CommandListener(  184): Setting iface cfg
D/CommandListener(  184): Trying to bring down wlan0
D/CommandListener(  184): Clearing all IP addresses on wlan0
I/NfcService( 1102): Enabling NFC
E/WifiMonitor(  744): killSupplicant p2ptrue init.svc.wpa_supplicant=unknown init.svc.p2p_supplicant=unknown
D/WifiMonitor(  744): startMonitoring(wlan0) with mConnected = false
E/WifiHW  (  744): Unable to open connection to supplicant on "@android:wpa_wlan0": No such file or directory
E/NfcAdaptation( 1102): NfcAdaptation::Initialize: ver=NFCDROID-AOSP_L_00.01 nfa=NFA_PI_1.03.66+
I/BrcmNfcNfa( 1102): NFC_TASK started.
E/NfcAdaptation( 1102): No HAL module specified in config, falling back to BCM2079x
E/NfcNciHal( 1102): HaiInitializeLibrary: ver=NFCDROID-AOSP_L_00.01 nfa=NFA_PI_1.03.66+
I/USERIAL_LINUX( 1102): USERIAL_Init
I/NfcNciHal( 1102): HAL_NfcInitialize (): NFC_HAL_TASK id=0
I/BrcmNfcNfa( 1102): nfa_dm_init ()
I/BrcmNfcNfa( 1102): nfa_sys_register () id=1, enable_cplt_mask=0x0
I/BrcmNfcNfa( 1102): nfa_sys_register () id=3, enable_cplt_mask=0x8
I/BrcmNfcNfa( 1102): nfa_rw_init ()
I/BrcmNfcNfa( 1102): nfa_sys_register () id=6, enable_cplt_mask=0x48
I/BrcmNfcNfa( 1102): nfa_ce_init ()
I/BrcmNfcNfa( 1102): nfa_sys_register () id=7, enable_cplt_mask=0xc8
I/BrcmNfcNfa( 1102): nfa_ee_init ()
I/BrcmNfcNfa( 1102): nfa_sys_register () id=2, enable_cplt_mask=0xcc
I/BrcmNfcNfa( 1102): LLCP - llcp_init ()
I/BrcmNfcNfa( 1102): num_rx_buff = 9, rx_congest_start = 6, rx_congest_end = 4, max_num_ll_rx_buff = 2
I/BrcmNfcNfa( 1102): max_num_tx_buff = 21, max_num_ll_tx_buff = 6
I/BrcmNfcNfa( 1102): LLCP_RegisterServer (): SAP:0x1, link_type:0x2, ServiceName:<urn:nfc:sn:sdp>
I/BrcmNfcNfa( 1102): LLCP_RegisterServer (): Registered SAP = 0x01
I/BrcmNfcNfa( 1102): NFA_Enable ()
I/BrcmNfcNfa( 1102): NFA got event 0x0100
I/BrcmNfcNfa( 1102): nfa_dm_evt_hdlr event: NFA_DM_API_ENABLE_EVT (0x00)
I/BrcmNfcNfa( 1102): nfa_dm_enable ()
I/BrcmNfcNfa( 1102): NFC_Enable ()
I/BrcmNfcNfa( 1102): nfc_set_state 0 (NONE)->1 (W4_HAL_OPEN)
I/BrcmNfcNfa( 1102): NFC_SetTraceLevel () new_level = 1
I/wpa_supplicant( 3945): Successfully initialized wpa_supplicant
I/wpa_supplicant( 3945): rfkill: Cannot open RFKILL control device
I/USERIAL_LINUX( 1102): USERIAL_Open(): enter
I/USERIAL_LINUX( 1102): USERIAL_Open() device: /dev/bcm2079x port=5, uart_port=0 WAKE_DELAY(20) WRITE_DELAY(20) POWER_ON_DELAY(0) PRE_POWER_OFF_DELAY(10) POST_POWER_OFF_DELAY(0)
I/USERIAL_LINUX( 1102): USERIAL_Open(): exit
W/FeatureManager( 3510): isFeatureEnabled(NFC_HCE_PPMS) called before the first sync of ClientConfiguration.
D/BluetoothAdapter( 3488): 545032227: getState() :  mService = null. Returning STATE_OFF
D/GpsLocationProvider(  744): received SIM realted action: 
D/GpsLocationProvider(  744): SIM MCC/MNC is available: 20404
D/GpsLocationProvider(  744): Reset GPS properties, previous size = 16
D/GpsLocationProvider(  744): GpsParamsResource: SUPL_HOST=supl.google.com
D/GpsLocationProvider(  744): GpsParamsResource: SUPL_PORT=7275
D/GpsLocationProvider(  744): GpsParamsResource: NTP_SERVER=north-america.pool.ntp.org
D/GpsLocationProvider(  744): GpsParamsResource: SUPL_VER=0x20000
D/GpsLocationProvider(  744): GpsParamsResource: SUPL_MODE=1
D/GpsLocationProvider(  744): GPS properties reloaded, size = 16
D/GpsLocationProvider(  744): GPS configuration:
D/GpsLocationProvider(  744):  #Thu Nov 12 02:10:17 PST 2015
D/GpsLocationProvider(  744): SUPL_HOST=supl.google.com
D/GpsLocationProvider(  744): XTRA_SERVER_3=http\://xtra3.gpsonextra.net/xtra2.bin
D/GpsLocationProvider(  744): XTRA_SERVER_1=http\://xtra1.gpsonextra.net/xtra2.bin
D/GpsLocationProvider(  744): SUPL_PORT=7275
D/GpsLocationProvider(  744): DEBUG_LEVEL=2
D/GpsLocationProvider(  744): XTRA_SERVER_2=http\://xtra2.gpsonextra.net/xtra2.bin
D/GpsLocationProvider(  744): NMEA_PROVIDER=1
D/GpsLocationProvider(  744): CAPABILITIES=0x33
D/GpsLocationProvider(  744): SUPL_VER=0x20000
D/GpsLocationProvider(  744): ERR_ESTIMATE=0
D/GpsLocationProvider(  744): XTRA_SERVER_QUERY=0
D/GpsLocationProvider(  744): A_GLONASS_POS_PROTOCOL_SELECT=0
D/GpsLocationProvider(  744): INTERMEDIATE_POS=0
D/GpsLocationProvider(  744): LPP_PROFILE=0
D/GpsLocationProvider(  744): NTP_SERVER=time.gpsonextra.net
D/GpsLocationProvider(  744): SUPL_MODE=1
D/GpsLocationProvider(  744): final config = #Thu Nov 12 02:10:17 PST 2015
D/GpsLocationProvider(  744): SUPL_HOST=supl.google.com
D/GpsLocationProvider(  744): XTRA_SERVER_3=http\://xtra3.gpsonextra.net/xtra2.bin
D/GpsLocationProvider(  744): XTRA_SERVER_1=http\://xtra1.gpsonextra.net/xtra2.bin
D/GpsLocationProvider(  744): SUPL_PORT=7275
D/GpsLocationProvider(  744): DEBUG_LEVEL=2
D/GpsLocationProvider(  744): XTRA_SERVER_2=http\://xtra2.gpsonextra.net/xtra2.bin
D/GpsLocationProvider(  744): NMEA_PROVIDER=1
D/GpsLocationProvider(  744): CAPABILITIES=0x33
D/GpsLocationProvider(  744): SUPL_VER=0x20000
D/GpsLocationProvider(  744): ERR_ESTIMATE=0
D/GpsLocationProvider(  744): XTRA_SERVER_QUERY=0
D/GpsLocationProvider(  744): A_GLONASS_POS_PROTOCOL_SELECT=0
D/GpsLocationProvider(  744): INTERMEDIATE_POS=0
D/GpsLocationProvider(  744): LPP_PROFILE=0
D/GpsLocationProvider(  744): NTP_SERVER=time.gpsonextra.net
D/GpsLocationProvider(  744): SUPL_MODE=1
D/CellBroadcastReceiver( 2782): onReceive Intent { act=android.intent.action.SERVICE_STATE flg=0x10 cmp=com.android.cellbroadcastreceiver/.CellBroadcastReceiver (has extras) }
D/CellBroadcastReceiver( 2782): Intent ACTION_SERVICE_STATE_CHANGED
D/CellBroadcastReceiver( 2782): Service state changed! 1 Full: 1 1 voice home data home null null null null null null (manual) Unknown Unknown CSS not supported -1 -1 RoamInd=-1 DefRoamInd=-1 EmergOnly=false Current state=-1
I/Telephony( 1146): PstnIncomingCallNotifier: Unregistering: Handler (com.android.internal.telephony.gsm.GSMPhone) {113ed647}
I/MmsService( 1146): MmsConfigManager.loadInBackground(): mcc/mnc: 204/4
I/MmsService( 1146): MmsConfigManager.load -- mcc/mnc for sub: {id=1, iccId=8931440301424063772 simSlotIndex=0 displayName=CARD 1 carrierName=No service. nameSource=0 iconTint=-16746133 dataRoaming=0 iconBitmap=android.graphics.Bitmap@30f1282d mcc 204 mnc 4}
V/MmsService( 1146): MmsConfig: mUserAgent=Nexus5, mUaProfUrl=http://gsm.lge.com/html/gsm/Nexus5-M10.xml
D/MmsService( 1146): MmsConfig.loadFromResources
V/MmsService( 1146): MmsConfig: all settings -- {smsToMmsTextThreshold=-1, httpParams=, maxImageWidth=2592, enabledMMS=true, maxImageHeight=1944, aliasEnabled=false, maxMessageSize=1048576, enableMMSReadReports=false, recipientLimit=2147483647, enabledNotifyWapMMSC=false, maxSubjectLength=40, smsToMmsTextLengthThreshold=-1, enableMMSDeliveryReports=false, uaProfTagName=x-wap-profile, enableMultipartSMS=true, aliasMinChars=2, supportMmsContentDisposition=true, allowAttachAudio=true, sendMultipartSmsAsSeparateMessages=false, maxMessageTextSize=-1, supportHttpCharsetHeader=false, emailGatewayNumber=, enableGroupMms=true, aliasMaxChars=48, httpSocketTimeout=60000, config_cellBroadcastAppLinks=true, userAgent=, naiSuffix=, uaProfUrl=, enableSMSDeliveryReports=true, enabledTransID=false}
V/KeyguardUpdateMonitor(  892): onSubscriptionInfoChanged()
V/KeyguardUpdateMonitor(  892): SubInfo:{id=1, iccId=8931440301424063772 simSlotIndex=0 displayName=CARD 1 carrierName=No service. nameSource=0 iconTint=-16746133 dataRoaming=0 iconBitmap=android.graphics.Bitmap@387b54db mcc 204 mnc 4}
I/Telephony( 1146): PstnIncomingCallNotifier: Registering: Handler (com.android.internal.telephony.gsm.GSMPhone) {113ed647}
D/BrcmNfcJni( 1102): RoutingManager::initialize(): try ee register
D/BrcmNfcJni( 1102): RoutingManager::nfaEeCallback: NFA_EE_REGISTER_EVT; status=0
D/BrcmNfcJni( 1102): nfaEeCallback: NFA_EE_DISCOVER_REQ_EVT; status=0x0; num ee=0
D/BrcmNfcJni( 1102): RoutingManager::stackCallback: event=0x15
D/BrcmNfcJni( 1102): RoutingManager::stackCallback: NFA_CE_REGISTERED_EVT; status=0x0; h=0x301
D/NdefPushServer( 1102): start, thread = null
D/NdefPushServer( 1102): starting new server thread
W/FeatureManager( 3510): isFeatureEnabled(NFC_HCE_PPMS) called before the first sync of ClientConfiguration.
D/NdefPushServer( 1102): about create LLCP service socket
D/NdefPushServer( 1102): created LLCP service socket
D/NdefPushServer( 1102): about to accept
D/BrcmNfcJni( 1102): RoutingManager::nfaEeCallback: NFA_EE_SET_TECH_CFG_EVT; status=0x0
D/BrcmNfcJni( 1102): RoutingManager::nfaEeCallback: NFA_EE_SET_PROTO_CFG_EVT; status=0x0
D/BrcmNfcJni( 1102): RoutingManager::commitRouting
D/BrcmNfcJni( 1102): RoutingManager::nfaEeCallback: NFA_EE_UPDATED_EVT
D/NuPlayerDriver(  188): start(0xb4c315e0)
I/GenericSource(  188): start
D/Tethering(  744): sendTetherStateChangedBroadcast 1, 0, 0
D/NuPlayerDriver(  188): reset(0xb4c315e0)
D/NuPlayerDriver(  188): notifyResetComplete(0xb4c315e0)
D/NuPlayerDriver(  188): start(0xb4c31640)
I/GenericSource(  188): start
I/wpa_supplicant( 3945): rfkill: Cannot open RFKILL control device
D/NuPlayerDriver(  188): reset(0xb4c31640)
D/NuPlayerDriver(  188): notifyResetComplete(0xb4c31640)
D/WifiConfigStore(  744): Loading config and enabling all networks 
E/WifiConfigStore(  744): Error parsing configuration: java.io.FileNotFoundException: /data/misc/wifi/ipconfig.txt: open failed: ENOENT (No such file or directory)
E/WifiConfigStore(  744): readNetworkHistory: No config file, revert to defaultjava.io.FileNotFoundException: /data/misc/wifi/networkHistory.txt: open failed: ENOENT (No such file or directory)
E/WifiConfigStore(  744): --- Begin wpa_supplicant.conf Contents ---
E/WifiConfigStore(  744): disable_scan_offload=1
E/WifiConfigStore(  744): update_config=1
E/WifiConfigStore(  744): device_name=hammerhead
E/WifiConfigStore(  744): manufacturer=LGE
E/WifiConfigStore(  744): model_name=Nexus 5
E/WifiConfigStore(  744): model_number=Nexus 5
E/WifiConfigStore(  744): serial_number=082af3602132197b
E/WifiConfigStore(  744): device_type=10-0050F204-5
E/WifiConfigStore(  744): config_methods=physical_display virtual_push_button
E/WifiConfigStore(  744): p2p_disabled=1
E/WifiConfigStore(  744): pmf=1
E/WifiConfigStore(  744): external_sim=1
E/WifiConfigStore(  744): wowlan_triggers=any
E/WifiConfigStore(  744): --- End wpa_supplicant.conf Contents ---
D/WifiNative-HAL(  744): Setting external_sim to 1
D/WifiStateMachine(  744): Setting OUI to DA-A1-19
I/WifiNative-HAL(  744): startHal
D/wifi    (  744): setting scan oui 0xaec81688
D/WifiHAL (  744): Sending mac address OUI
E/WifiHAL (  744): failed to set scanning mac OUI; result = -95
W/Settings( 3313): Setting airplane_mode_on has moved from android.provider.Settings.System to android.provider.Settings.Global, returning read-only value.
D/NuPlayerDriver(  188): start(0xb4c31400)
I/GenericSource(  188): start
D/BluetoothAdapter( 3488): 545032227: getState() :  mService = null. Returning STATE_OFF
E/native  (  744): do suspend false
W/Settings( 1576): Setting airplane_mode_on has moved from android.provider.Settings.System to android.provider.Settings.Global, returning read-only value.
D/WifiScanningService(  744): SCAN_AVAILABLE : 3
D/RttService(  744): SCAN_AVAILABLE : 3
D/WifiScanningService(  744): DefaultState got{ when=0 what=160006 target=com.android.internal.util.StateMachine$SmHandler }
I/WifiNative-HAL(  744): startHal
D/wifi    (  744): getting scan capabilities on interface[1] = 0xaec81688
D/WifiHAL (  744): Creating message to get scan capablities; iface = 21
D/wifi    (  744): failed to get capabilities : -95
E/WifiScanningService(  744): could not get scan capabilities
D/RttService(  744): DefaultState got{ when=0 what=160512 target=com.android.internal.util.StateMachine$SmHandler }
D/NuPlayerDriver(  188): reset(0xb4c31400)
D/NuPlayerDriver(  188): notifyResetComplete(0xb4c31400)
D/BluetoothAdapter( 3488): 545032227: getState() :  mService = null. Returning STATE_OFF
I/wpa_supplicant( 3945): wlan0: CTRL-EVENT-REGDOM-CHANGE init=USER type=UNKNOWN
D/PhoneStatusBar(  892): disable: < expand icons* alerts system_info* back home recent clock search >
W/InputMethodManagerService(  744): Window already focused, ignoring focus gain of: com.android.internal.view.IInputMethodClient$Stub$Proxy@36b6f39 attribute=android.view.inputmethod.EditorInfo@2fb7e97e, token = android.os.BinderProxy@df59c0a
I/MicrophoneInputStream( 1268): mic_starting gzi@1c7cfb18
I/HotwordRecognitionRnr( 1268): Starting hotword detection.
W/AlarmManagerService(  744): Unable to set rtc to 1447323019: Invalid argument
I/AudioFlinger(  188): AudioFlinger's thread 0xb447f000 ready to run
I/MicrophoneInputStream( 1268): mic_started gzi@1c7cfb18
D/audio_hw_primary(  188): select_devices: out_snd_device(0: none) in_snd_device(55: voice-rec-mic)
D/msm8974_platform(  188): platform_send_audio_calibration: sending audio calibration for snd_device(55) acdb_id(62)
D/        (  188): Failed to fetch the lookup information of the device 0000003E 
E/ACDB-LOADER(  188): Error: ACDB AudProc vol returned = -19
D/audio_hw_primary(  188): enable_snd_device: snd_device(55: voice-rec-mic)
D/audio_hw_primary(  188): enable_audio_route: apply and update mixer path: audio-record
I/CheckinService( 1369): Checking schedule, now: 1447323019027 next: 30000
I/CheckinService( 1369): active receiver: enabled
D/TimeService( 3276): Receivedandroid.intent.action.TIME_SET intent. Current Time is 1447323019044
D/        ( 3276): TimeServiceNative: User Time to be set is 1447323019044
D/QC-time-services( 3276): Lib:time_genoff_operation: pargs->base = 2
D/QC-time-services( 3276): Lib:time_genoff_operation: pargs->operation = 0
D/QC-time-services( 3276): Lib:time_genoff_operation: pargs->ts_val = 1447323019044
D/QC-time-services(  202): Daemon: Connection accepted:time_genoff
D/QC-time-services( 3276): Lib:time_genoff_operation: Send to server  passed!!
D/QC-time-services(  202): Daemon:Received base = 2, unit = 1, operation = 0,value = 1447323019044
D/QC-time-services(  202): Daemon:genoff_opr: Base = 2, val = 1447323019044, operation = 0
D/QC-time-services(  202): Daemon:rtc_get: Time read from RTC -- MM/DD/YY HH:MM:SS11/1/70 18:53:28
D/QC-time-services(  202): Daemon:Value read from RTC seconds = 28925608000
D/QC-time-services(  202): Daemon:new time 1447323019044 
D/QC-time-services(  202): Daemon: delta 1418397411044 genoff 1418397411044 
D/QC-time-services(  202): Daemon:genoff_persistent_update: Writing genoff = 1418397411044 to memory
D/QC-time-services(  202): Daemon:Opening File: /data/system/time/ats_2
D/QC-time-services(  202): Daemon:time_persistent_memory_opr:Genoff write operation 
D/QC-time-services(  202): Updating the TOD offset
D/QC-time-services(  202): Daemon:genoff_persistent_update: Writing genoff = 1418397411044 to memory
D/QC-time-services(  202): Daemon:Opening File: /data/system/time/ats_1
D/QC-time-services(  202): Daemon:time_persistent_memory_opr:Genoff write operation 
D/QC-time-services(  202): Daemon:Update to modem bit set
D/QC-time-services(  202): Daemon:genoff_send_modem: Sending data to MODEM !
D/QC-time-services(  202): Daemon: Base = 2, Value being sent to MODEM = 1131358219044
E/QC-time-services( 3276): Receive Passed == base = 2, unit = 1, operation = 0, result = 0
D/QC-time-services(  202): Daemon: Time-services: Waiting to acceptconnection
D/QC-time-services(  202): Daemon:tod_update_ind_cb: Got Update from modem msg_id 40
D/GCM     ( 1428): GcmService start Intent { act=com.google.android.checkin.CHECKIN_COMPLETE flg=0x10 cmp=com.google.android.gms/.gcm.GcmService (has extras) } com.google.android.checkin.CHECKIN_COMPLETE
I/HotwordWorker( 1268): onReady
D/GpsLocationProvider(  744): received SIM realted action: 
D/GpsLocationProvider(  744): SIM MCC/MNC is available: 20404
D/GpsLocationProvider(  744): Reset GPS properties, previous size = 16
D/GpsLocationProvider(  744): GpsParamsResource: SUPL_HOST=supl.google.com
D/GpsLocationProvider(  744): GpsParamsResource: SUPL_PORT=7275
D/GpsLocationProvider(  744): GpsParamsResource: NTP_SERVER=north-america.pool.ntp.org
D/GpsLocationProvider(  744): GpsParamsResource: SUPL_VER=0x20000
D/GpsLocationProvider(  744): GpsParamsResource: SUPL_MODE=1
D/GpsLocationProvider(  744): GPS properties reloaded, size = 16
D/GpsLocationProvider(  744): GPS configuration:
D/GpsLocationProvider(  744):  #Thu Nov 12 02:10:19 PST 2015
D/GpsLocationProvider(  744): SUPL_HOST=supl.google.com
D/GpsLocationProvider(  744): XTRA_SERVER_3=http\://xtra3.gpsonextra.net/xtra2.bin
D/GpsLocationProvider(  744): XTRA_SERVER_1=http\://xtra1.gpsonextra.net/xtra2.bin
D/GpsLocationProvider(  744): SUPL_PORT=7275
D/GpsLocationProvider(  744): DEBUG_LEVEL=2
D/GpsLocationProvider(  744): XTRA_SERVER_2=http\://xtra2.gpsonextra.net/xtra2.bin
D/GpsLocationProvider(  744): NMEA_PROVIDER=1
D/GpsLocationProvider(  744): CAPABILITIES=0x33
D/GpsLocationProvider(  744): SUPL_VER=0x20000
D/GpsLocationProvider(  744): ERR_ESTIMATE=0
D/GpsLocationProvider(  744): XTRA_SERVER_QUERY=0
D/GpsLocationProvider(  744): A_GLONASS_POS_PROTOCOL_SELECT=0
D/GpsLocationProvider(  744): INTERMEDIATE_POS=0
D/GpsLocationProvider(  744): LPP_PROFILE=0
D/GpsLocationProvider(  744): NTP_SERVER=time.gpsonextra.net
D/GpsLocationProvider(  744): SUPL_MODE=1
D/GpsLocationProvider(  744): final config = #Thu Nov 12 02:10:19 PST 2015
D/GpsLocationProvider(  744): SUPL_HOST=supl.google.com
D/GpsLocationProvider(  744): XTRA_SERVER_3=http\://xtra3.gpsonextra.net/xtra2.bin
D/GpsLocationProvider(  744): XTRA_SERVER_1=http\://xtra1.gpsonextra.net/xtra2.bin
D/GpsLocationProvider(  744): SUPL_PORT=7275
D/GpsLocationProvider(  744): DEBUG_LEVEL=2
D/GpsLocationProvider(  744): XTRA_SERVER_2=http\://xtra2.gpsonextra.net/xtra2.bin
D/GpsLocationProvider(  744): NMEA_PROVIDER=1
D/GpsLocationProvider(  744): CAPABILITIES=0x33
D/GpsLocationProvider(  744): SUPL_VER=0x20000
D/GpsLocationProvider(  744): ERR_ESTIMATE=0
D/GpsLocationProvider(  744): XTRA_SERVER_QUERY=0
D/GpsLocationProvider(  744): A_GLONASS_POS_PROTOCOL_SELECT=0
D/GpsLocationProvider(  744): INTERMEDIATE_POS=0
D/GpsLocationProvider(  744): LPP_PROFILE=0
D/GpsLocationProvider(  744): NTP_SERVER=time.gpsonextra.net
D/GpsLocationProvider(  744): SUPL_MODE=1
D/MccTable( 1146): updateMccMncConfiguration mccmnc='10001' fromServiceState=true
D/MccTable( 1146): updateMccMncConfiguration defaultMccMnc=20404
D/MccTable( 1146): updateMccMncConfiguration: mcc=100, mnc=1
D/MccTable( 1146): defaultLanguageForMcc(100): no country for mcc
D/MccTable( 1146): getLocaleFromMcc to null_ mcc=100
D/MccTable( 1146): getLocaleForLanguageCountry: skipping no language
D/MccTable( 1146): WIFI_COUNTRY_CODE set to 
I/WifiService(  744): WifiService trying to set country code to  with persist set to true
E/WifiStateMachine(  744): Ignoring resetting of country code
V/KeyguardUpdateMonitor(  892): onSubscriptionInfoChanged()
V/KeyguardUpdateMonitor(  892): SubInfo:{id=1, iccId=8931440301424063772 simSlotIndex=0 displayName=CARD 1 carrierName=TEST nameSource=0 iconTint=-16746133 dataRoaming=0 iconBitmap=android.graphics.Bitmap@22930b25 mcc 204 mnc 4}
D/CellBroadcastReceiver( 2782): onReceive Intent { act=android.intent.action.SERVICE_STATE flg=0x10 cmp=com.android.cellbroadcastreceiver/.CellBroadcastReceiver (has extras) }
D/CellBroadcastReceiver( 2782): Intent ACTION_SERVICE_STATE_CHANGED
D/CellBroadcastReceiver( 2782): Service state changed! 0 Full: 0 1 voice International Roaming data roaming TEST TEST 10001 TEST TEST 10001 (manual) GSM Unknown CSS not supported -1 -1 RoamInd=-1 DefRoamInd=-1 EmergOnly=false Current state=-1
D/CellBroadcastConfigService( 2782): enabling emergency cell broadcast channels
I/art     (  744): Explicit concurrent mark sweep GC freed 44913(2MB) AllocSpace objects, 14(309KB) LOS objects, 33% free, 26MB/40MB, paused 1.260ms total 57.775ms
I/Telephony( 1146): PstnIncomingCallNotifier: Unregistering: Handler (com.android.internal.telephony.gsm.GSMPhone) {113ed647}
D/IccSmsInterfaceManager( 1146): [IccSmsInterfaceManager] enableGsmBroadcastRange
D/IccSmsInterfaceManager( 1146): [IccSmsInterfaceManager] Added GSM cell broadcast subscription for MID range 4352 to 4354 from client com.android.cellbroadcastreceiver
D/IccSmsInterfaceManager( 1146): [IccSmsInterfaceManager] Calling setCellBroadcastActivation(true)
I/Telephony( 1146): PstnIncomingCallNotifier: Registering: Handler (com.android.internal.telephony.gsm.GSMPhone) {113ed647}
I/Telephony( 1146): PstnIncomingCallNotifier: Unregistering: Handler (com.android.internal.telephony.gsm.GSMPhone) {113ed647}
I/MmsService( 1146): MmsConfigManager.loadInBackground(): mcc/mnc: 204/4
I/Telephony( 1146): PstnIncomingCallNotifier: Registering: Handler (com.android.internal.telephony.gsm.GSMPhone) {113ed647}
I/MmsService( 1146): MmsConfigManager.load -- mcc/mnc for sub: {id=1, iccId=8931440301424063772 simSlotIndex=0 displayName=CARD 1 carrierName=TEST nameSource=0 iconTint=-16746133 dataRoaming=0 iconBitmap=android.graphics.Bitmap@26eae66a mcc 204 mnc 4}
V/MmsService( 1146): MmsConfig: mUserAgent=Nexus5, mUaProfUrl=http://gsm.lge.com/html/gsm/Nexus5-M10.xml
D/MmsService( 1146): MmsConfig.loadFromResources
V/MmsService( 1146): MmsConfig: all settings -- {smsToMmsTextThreshold=-1, httpParams=, maxImageWidth=2592, enabledMMS=true, maxImageHeight=1944, aliasEnabled=false, maxMessageSize=1048576, enableMMSReadReports=false, recipientLimit=2147483647, enabledNotifyWapMMSC=false, maxSubjectLength=40, smsToMmsTextLengthThreshold=-1, enableMMSDeliveryReports=false, uaProfTagName=x-wap-profile, enableMultipartSMS=true, aliasMinChars=2, supportMmsContentDisposition=true, allowAttachAudio=true, sendMultipartSmsAsSeparateMessages=false, maxMessageTextSize=-1, supportHttpCharsetHeader=false, emailGatewayNumber=, enableGroupMms=true, aliasMaxChars=48, httpSocketTimeout=60000, config_cellBroadcastAppLinks=true, userAgent=, naiSuffix=, uaProfUrl=, enableSMSDeliveryReports=true, enabledTransID=false}
D/IccSmsInterfaceManager( 1146): [IccSmsInterfaceManager] enableGsmBroadcastRange
D/IccSmsInterfaceManager( 1146): [IccSmsInterfaceManager] Added GSM cell broadcast subscription for MID range 4356 to 4356 from client com.android.cellbroadcastreceiver
D/IccSmsInterfaceManager( 1146): [IccSmsInterfaceManager] Calling setCellBroadcastActivation(true)
D/IccSmsInterfaceManager( 1146): [IccSmsInterfaceManager] enableGsmBroadcastRange
D/IccSmsInterfaceManager( 1146): [IccSmsInterfaceManager] Added GSM cell broadcast subscription for MID range 4371 to 4372 from client com.android.cellbroadcastreceiver
D/IccSmsInterfaceManager( 1146): [IccSmsInterfaceManager] Calling setCellBroadcastActivation(true)
D/IccSmsInterfaceManager( 1146): [IccSmsInterfaceManager] enableCdmaBroadcastRange
D/IccSmsInterfaceManager( 1146): [IccSmsInterfaceManager] Calling setCdmaBroadcastConfig with 1 configurations
D/IccSmsInterfaceManager( 1146): [IccSmsInterfaceManager] Failed to add cdma broadcast subscription for MID range 4097 to 4097 from client com.android.cellbroadcastreceiver
D/IccSmsInterfaceManager( 1146): [IccSmsInterfaceManager] enableGsmBroadcastRange
D/IccSmsInterfaceManager( 1146): [IccSmsInterfaceManager] Added GSM cell broadcast subscription for MID range 4373 to 4378 from client com.android.cellbroadcastreceiver
D/IccSmsInterfaceManager( 1146): [IccSmsInterfaceManager] Calling setCellBroadcastActivation(true)
D/IccSmsInterfaceManager( 1146): [IccSmsInterfaceManager] enableCdmaBroadcastRange
D/IccSmsInterfaceManager( 1146): [IccSmsInterfaceManager] Calling setCdmaBroadcastConfig with 1 configurations
D/IccSmsInterfaceManager( 1146): [IccSmsInterfaceManager] Failed to add cdma broadcast subscription for MID range 4098 to 4098 from client com.android.cellbroadcastreceiver
D/IccSmsInterfaceManager( 1146): [IccSmsInterfaceManager] enableGsmBroadcastRange
D/IccSmsInterfaceManager( 1146): [IccSmsInterfaceManager] Added GSM cell broadcast subscription for MID range 4379 to 4379 from client com.android.cellbroadcastreceiver
D/IccSmsInterfaceManager( 1146): [IccSmsInterfaceManager] Calling setCellBroadcastActivation(true)
D/IccSmsInterfaceManager( 1146): [IccSmsInterfaceManager] enableCdmaBroadcastRange
D/IccSmsInterfaceManager( 1146): [IccSmsInterfaceManager] Calling setCdmaBroadcastConfig with 1 configurations
V/GsmInboundSmsHandler( 1146): Unable to find carrier package: [], nor systemPackages: []
D/IccSmsInterfaceManager( 1146): [IccSmsInterfaceManager] Failed to add cdma broadcast subscription for MID range 4099 to 4099 from client com.android.cellbroadcastreceiver
D/IccSmsInterfaceManager( 1146): [IccSmsInterfaceManager] enableGsmBroadcastRange
D/IccSmsInterfaceManager( 1146): [IccSmsInterfaceManager] Added GSM cell broadcast subscription for MID range 4370 to 4370 from client com.android.cellbroadcastreceiver
D/IccSmsInterfaceManager( 1146): [IccSmsInterfaceManager] Calling setCellBroadcastActivation(true)
D/MmsService( 1146): getAutoPersisting
D/IccSmsInterfaceManager( 1146): [IccSmsInterfaceManager] enableCdmaBroadcastRange
D/IccSmsInterfaceManager( 1146): [IccSmsInterfaceManager] Calling setCdmaBroadcastConfig with 1 configurations
D/IccSmsInterfaceManager( 1146): [IccSmsInterfaceManager] Failed to add cdma broadcast subscription for MID range 4096 to 4096 from client com.android.cellbroadcastreceiver
D/IccSmsInterfaceManager( 1146): [IccSmsInterfaceManager] enableGsmBroadcastRange
D/IccSmsInterfaceManager( 1146): [IccSmsInterfaceManager] Added GSM cell broadcast subscription for MID range 4383 to 4383 from client com.android.cellbroadcastreceiver
D/IccSmsInterfaceManager( 1146): [IccSmsInterfaceManager] Calling setCellBroadcastActivation(true)
D/CellBroadcastConfigService( 2782): enabled emergency cell broadcast channels
D/CellBroadcastConfigService( 2782): disabling cell broadcast channel 50
D/IccSmsInterfaceManager( 1146): [IccSmsInterfaceManager] disableGsmBroadcastRange
D/IccSmsInterfaceManager( 1146): [IccSmsInterfaceManager] Failed to remove GSM cell broadcast subscription for MID range 50 to 50 from client com.android.cellbroadcastreceiver
D/CellBroadcastConfigService( 2782): disabling channels 919-928
D/IccSmsInterfaceManager( 1146): [IccSmsInterfaceManager] disableGsmBroadcastRange
D/IccSmsInterfaceManager( 1146): [IccSmsInterfaceManager] Failed to remove GSM cell broadcast subscription for MID range 919 to 928 from client com.android.cellbroadcastreceiver
D/CellBroadcastConfigService( 2782): disabling cell broadcast ETWS test messages
D/IccSmsInterfaceManager( 1146): [IccSmsInterfaceManager] disableGsmBroadcastRange
D/IccSmsInterfaceManager( 1146): [IccSmsInterfaceManager] Failed to remove GSM cell broadcast subscription for MID range 4355 to 4355 from client com.android.cellbroadcastreceiver
D/CellBroadcastConfigService( 2782): disabling cell broadcast CMAS test messages
D/IccSmsInterfaceManager( 1146): [IccSmsInterfaceManager] disableGsmBroadcastRange
D/IccSmsInterfaceManager( 1146): [IccSmsInterfaceManager] Failed to remove GSM cell broadcast subscription for MID range 4380 to 4382 from client com.android.cellbroadcastreceiver
D/IccSmsInterfaceManager( 1146): [IccSmsInterfaceManager] disableCdmaBroadcastRange
D/IccSmsInterfaceManager( 1146): [IccSmsInterfaceManager] Failed to remove cdma broadcast subscription for MID range 4100 to 4100 from client com.android.cellbroadcastreceiver
D/NuPlayerDriver(  188): reset(0xb4c31400)
D/NuPlayerDriver(  188): notifyResetComplete(0xb4c31400)
I/ValidateNoPeople(  744): Validating: 0|com.google.android.talk|0|com.google.android.talk0:client_generated:sms:6128163301173294449|10027
I/ValidateNoPeople(  744): final affinity: 0.0
E/MediaPlayer(  892): Should have subtitle controller already set
I/MediaFocusControl(  744):  AudioFocus  requestAudioFocus() from android.media.AudioManager@1ef0944d req=3flags=0x0
D/NuPlayerDriver(  188): start(0xb5966a60)
I/GenericSource(  188): start
E/MediaPlayer(  892): Should have subtitle controller already set
D/audio_hw_primary(  188): out_set_parameters: enter: usecase(1: low-latency-playback) kvpairs: routing=2
D/audio_hw_primary(  188): select_devices: out_snd_device(2: speaker) in_snd_device(0: none)
D/msm8974_platform(  188): platform_send_audio_calibration: sending audio calibration for snd_device(2) acdb_id(15)
D/audio_hw_primary(  188): enable_snd_device: snd_device(2: speaker)
D/audio_hw_primary(  188): enable_audio_route: apply and update mixer path: low-latency-playback
D/audio_hw_primary(  188): disable_audio_route: reset and update mixer path: low-latency-playback
D/audio_hw_primary(  188): disable_snd_device: snd_device(2: speaker)
D/AlarmManagerService(  744): Kernel timezone updated to 480 minutes west of GMT
D/AlarmManagerService(  744): Setting time of day to sec=1447323019
I/MediaFocusControl(  744):  AudioFocus  abandonAudioFocus() from android.media.AudioManager@1ef0944d
D/audio_hw_primary(  188): disable_audio_route: reset and update mixer path: low-latency-playback
D/audio_hw_primary(  188): disable_snd_device: snd_device(2: speaker)
I/PowerManagerService(  744): Going to sleep due to power button (uid 1000)...
I/PowerManagerService(  744): Sleeping (uid 1000)...
E/WifiStateMachine(  744): cancelDelayedScan -> 10
E/native  (  744): do suspend true
D/LightsService(  744): Excessive delay setting light: 94ms
D/audio_hw_primary(  188): adev_set_parameters: enter: screen_state=off
I/DisplayManagerService(  744): Display device changed: DisplayDeviceInfo{"Built-in Screen": uniqueId="local:0", 1080 x 1920, 60.0 fps, supportedRefreshRates [60.0], density 480, 442.451 x 443.345 dpi, appVsyncOff 7500000, presDeadline 12666667, touch INTERNAL, rotation 0, type BUILT_IN, state OFF, FLAG_DEFAULT_DISPLAY, FLAG_ROTATES_WITH_CONTENT, FLAG_SECURE, FLAG_SUPPORTS_PROTECTED_BUFFERS}
V/ActivityManager(  744): Display changed displayId=0
D/SurfaceFlinger(  181): Set power mode=0, type=0 flinger=0xb6082000
D/qdhwcomposer(  181): hwc_blank: Blanking display: 0
D/CellBroadcastReceiver( 2782): onReceive Intent { act=android.intent.action.SERVICE_STATE flg=0x10 cmp=com.android.cellbroadcastreceiver/.CellBroadcastReceiver (has extras) }
D/CellBroadcastReceiver( 2782): Intent ACTION_SERVICE_STATE_CHANGED
D/CellBroadcastReceiver( 2782): Service state changed! 0 Full: 0 1 voice International Roaming data roaming TEST TEST 10001 TEST TEST 10001 (manual) GSM Unknown CSS not supported -1 -1 RoamInd=-1 DefRoamInd=-1 EmergOnly=false Current state=-1
D/CellBroadcastConfigService( 2782): enabling emergency cell broadcast channels
D/IccSmsInterfaceManager( 1146): [IccSmsInterfaceManager] enableGsmBroadcastRange
D/IccSmsInterfaceManager( 1146): [IccSmsInterfaceManager] Added GSM cell broadcast subscription for MID range 4352 to 4354 from client com.android.cellbroadcastreceiver
D/IccSmsInterfaceManager( 1146): [IccSmsInterfaceManager] Calling setCellBroadcastActivation(true)
D/IccSmsInterfaceManager( 1146): [IccSmsInterfaceManager] enableGsmBroadcastRange
D/IccSmsInterfaceManager( 1146): [IccSmsInterfaceManager] Added GSM cell broadcast subscription for MID range 4356 to 4356 from client com.android.cellbroadcastreceiver
D/IccSmsInterfaceManager( 1146): [IccSmsInterfaceManager] Calling setCellBroadcastActivation(true)
D/IccSmsInterfaceManager( 1146): [IccSmsInterfaceManager] enableGsmBroadcastRange
D/IccSmsInterfaceManager( 1146): [IccSmsInterfaceManager] Added GSM cell broadcast subscription for MID range 4371 to 4372 from client com.android.cellbroadcastreceiver
D/IccSmsInterfaceManager( 1146): [IccSmsInterfaceManager] Calling setCellBroadcastActivation(true)
D/IccSmsInterfaceManager( 1146): [IccSmsInterfaceManager] enableCdmaBroadcastRange
D/IccSmsInterfaceManager( 1146): [IccSmsInterfaceManager] Calling setCdmaBroadcastConfig with 1 configurations
D/IccSmsInterfaceManager( 1146): [IccSmsInterfaceManager] Failed to add cdma broadcast subscription for MID range 4097 to 4097 from client com.android.cellbroadcastreceiver
D/IccSmsInterfaceManager( 1146): [IccSmsInterfaceManager] enableGsmBroadcastRange
D/IccSmsInterfaceManager( 1146): [IccSmsInterfaceManager] Added GSM cell broadcast subscription for MID range 4373 to 4378 from client com.android.cellbroadcastreceiver
D/IccSmsInterfaceManager( 1146): [IccSmsInterfaceManager] Calling setCellBroadcastActivation(true)
D/IccSmsInterfaceManager( 1146): [IccSmsInterfaceManager] enableCdmaBroadcastRange
D/IccSmsInterfaceManager( 1146): [IccSmsInterfaceManager] Calling setCdmaBroadcastConfig with 1 configurations
D/IccSmsInterfaceManager( 1146): [IccSmsInterfaceManager] Failed to add cdma broadcast subscription for MID range 4098 to 4098 from client com.android.cellbroadcastreceiver
D/IccSmsInterfaceManager( 1146): [IccSmsInterfaceManager] enableGsmBroadcastRange
D/IccSmsInterfaceManager( 1146): [IccSmsInterfaceManager] Added GSM cell broadcast subscription for MID range 4379 to 4379 from client com.android.cellbroadcastreceiver
D/IccSmsInterfaceManager( 1146): [IccSmsInterfaceManager] Calling setCellBroadcastActivation(true)
D/IccSmsInterfaceManager( 1146): [IccSmsInterfaceManager] enableCdmaBroadcastRange
D/IccSmsInterfaceManager( 1146): [IccSmsInterfaceManager] Calling setCdmaBroadcastConfig with 1 configurations
D/IccSmsInterfaceManager( 1146): [IccSmsInterfaceManager] Failed to add cdma broadcast subscription for MID range 4099 to 4099 from client com.android.cellbroadcastreceiver
D/IccSmsInterfaceManager( 1146): [IccSmsInterfaceManager] enableGsmBroadcastRange
D/IccSmsInterfaceManager( 1146): [IccSmsInterfaceManager] Added GSM cell broadcast subscription for MID range 4370 to 4370 from client com.android.cellbroadcastreceiver
D/IccSmsInterfaceManager( 1146): [IccSmsInterfaceManager] Calling setCellBroadcastActivation(true)
D/IccSmsInterfaceManager( 1146): [IccSmsInterfaceManager] enableCdmaBroadcastRange
D/IccSmsInterfaceManager( 1146): [IccSmsInterfaceManager] Calling setCdmaBroadcastConfig with 1 configurations
D/IccSmsInterfaceManager( 1146): [IccSmsInterfaceManager] Failed to add cdma broadcast subscription for MID range 4096 to 4096 from client com.android.cellbroadcastreceiver
D/IccSmsInterfaceManager( 1146): [IccSmsInterfaceManager] enableGsmBroadcastRange
D/IccSmsInterfaceManager( 1146): [IccSmsInterfaceManager] Added GSM cell broadcast subscription for MID range 4383 to 4383 from client com.android.cellbroadcastreceiver
D/IccSmsInterfaceManager( 1146): [IccSmsInterfaceManager] Calling setCellBroadcastActivation(true)
D/CellBroadcastConfigService( 2782): enabled emergency cell broadcast channels
D/CellBroadcastConfigService( 2782): disabling cell broadcast channel 50
D/IccSmsInterfaceManager( 1146): [IccSmsInterfaceManager] disableGsmBroadcastRange
D/IccSmsInterfaceManager( 1146): [IccSmsInterfaceManager] Failed to remove GSM cell broadcast subscription for MID range 50 to 50 from client com.android.cellbroadcastreceiver
D/CellBroadcastConfigService( 2782): disabling channels 919-928
D/IccSmsInterfaceManager( 1146): [IccSmsInterfaceManager] disableGsmBroadcastRange
D/IccSmsInterfaceManager( 1146): [IccSmsInterfaceManager] Failed to remove GSM cell broadcast subscription for MID range 919 to 928 from client com.android.cellbroadcastreceiver
D/CellBroadcastConfigService( 2782): disabling cell broadcast ETWS test messages
D/IccSmsInterfaceManager( 1146): [IccSmsInterfaceManager] disableGsmBroadcastRange
D/IccSmsInterfaceManager( 1146): [IccSmsInterfaceManager] Failed to remove GSM cell broadcast subscription for MID range 4355 to 4355 from client com.android.cellbroadcastreceiver
D/CellBroadcastConfigService( 2782): disabling cell broadcast CMAS test messages
D/IccSmsInterfaceManager( 1146): [IccSmsInterfaceManager] disableGsmBroadcastRange
D/IccSmsInterfaceManager( 1146): [IccSmsInterfaceManager] Failed to remove GSM cell broadcast subscription for MID range 4380 to 4382 from client com.android.cellbroadcastreceiver
D/IccSmsInterfaceManager( 1146): [IccSmsInterfaceManager] disableCdmaBroadcastRange
D/IccSmsInterfaceManager( 1146): [IccSmsInterfaceManager] Failed to remove cdma broadcast subscription for MID range 4100 to 4100 from client com.android.cellbroadcastreceiver
D/qdhwcomposer(  181): hwc_blank: Done blanking display: 0
D/SurfaceControl(  744): Excessive delay in setPowerMode(): 287ms
I/UsageStatsService(  744): User[0] Flushing usage stats to disk
E/ANDR-PERF-LOCK( 1590): Failed to apply optimization for resource: 4 level: 0
I/MicrophoneInputStream( 1268): mic_close gzi@1c7cfb18
D/audio_hw_primary(  188): disable_audio_route: reset and update mixer path: audio-record
D/audio_hw_primary(  188): disable_snd_device: snd_device(55: voice-rec-mic)
I/HotwordRecognitionRnr( 1268): Hotword detection finished
I/HotwordRecognitionRnr( 1268): Stopping hotword detection.
I/UsageStatsDatabase(  744): Moving file /data/system/usagestats/0/daily/1447286396643 to /data/system/usagestats/0/daily/1447286394468
I/UsageStatsDatabase(  744): Moving file /data/system/usagestats/0/daily/1447286400000 to /data/system/usagestats/0/daily/1447286397825
I/UsageStatsDatabase(  744): Moving file /data/system/usagestats/0/weekly/1447286396643 to /data/system/usagestats/0/weekly/1447286394468
I/UsageStatsDatabase(  744): Moving file /data/system/usagestats/0/weekly/1447286400000 to /data/system/usagestats/0/weekly/1447286397825
I/UsageStatsDatabase(  744): Moving file /data/system/usagestats/0/monthly/1439129810789 to /data/system/usagestats/0/monthly/1439129808614
I/UsageStatsDatabase(  744): Moving file /data/system/usagestats/0/monthly/1441721810789 to /data/system/usagestats/0/monthly/1441721808614
I/UsageStatsDatabase(  744): Moving file /data/system/usagestats/0/monthly/1446335996643 to /data/system/usagestats/0/monthly/1446335994468
I/UsageStatsDatabase(  744): Moving file /data/system/usagestats/0/monthly/1446336000000 to /data/system/usagestats/0/monthly/1446335997825
I/UsageStatsDatabase(  744): Moving file /data/system/usagestats/0/yearly/1418393810789 to /data/system/usagestats/0/yearly/1418393808614
I/UsageStatsDatabase(  744): Moving file /data/system/usagestats/0/yearly/1419119995348 to /data/system/usagestats/0/yearly/1419119993173
I/UsageStatsDatabase(  744): Moving file /data/system/usagestats/0/yearly/1419119996643 to /data/system/usagestats/0/yearly/1419119994468
I/UsageStatsDatabase(  744): Moving file /data/system/usagestats/0/yearly/1419120000000 to /data/system/usagestats/0/yearly/1419119997825
I/UsageStatsService(  744): User[0] Rollover scheduled @ 2015-11-12 17:00:00(1447372800000)
E/libsuspend(  744): Error writing to /sys/power/state: Device or resource busy
I/rmt_storage(  182): rmt_storage_connect_cb: clnt_h=0x9 conn_h=0xb6403090
I/rmt_storage(  182): rmt_storage_rw_iovec_cb: /boot/modem_fs2: clnt_h=0x2: req_h=0xd msg_id=3: R/W request received
I/rmt_storage(  182): wakelock acquired: 1, error no: 2
I/rmt_storage(  182): rmt_storage_client_thread: /boot/modem_fs2: clnt_h=0x2 Unblock worker thread (th_id: -1236802816)
I/rmt_storage(  182): rmt_storage_client_thread: /boot/modem_fs2: clnt_h=0x2: req_h=0xd msg_id=3: Bytes written = 1572864
I/rmt_storage(  182): rmt_storage_client_thread: /boot/modem_fs2: clnt_h=0x2: req_h=0xd msg_id=3: Send response: res=0 err=0
I/rmt_storage(  182): rmt_storage_client_thread: /boot/modem_fs2: clnt_h=0x2 About to block rmt_storage client thread (th_id: -1236802816) wakelock released: 1, error no: 0
I/rmt_storage(  182): 
I/rmt_storage(  182): rmt_storage_disconnect_cb: clnt_h=0x0x9 conn_h=0x0xb6403090
E/libsuspend(  744): Error writing to /sys/power/state: Device or resource busy
W/EventLoggerService( 1268): Unable to send logs Error code: 262160 | The connection was not attempted due to lack of network connectivity.
E/GCM     ( 1428): GCM failed to read backup checkin config, checkin may have failed
W/GCM     ( 1428): GCM FAILED TO INITIALIZE - missing checkin
W/GCM     ( 1428): GCM registration failed: invalid or missing checkin null
E/GCM     ( 1428): GCM failed to read backup checkin config, checkin may have failed
W/GCM     ( 1428): GCM FAILED TO INITIALIZE - missing checkin
W/GCM     ( 1428): GCM registration failed: invalid or missing checkin null
E/GcmRegService( 3082): [318] GcmRegistrationService.a: Unable to register for GCM
E/GcmRegService( 3082): java.io.IOException: AUTHENTICATION_FAILED
E/GcmRegService( 3082): 	at com.google.android.gms.gcm.d.a(Unknown Source)
E/GcmRegService( 3082): 	at com.google.android.apps.gcs.service.GcmRegistrationService.a(SourceFile:41)
E/GcmRegService( 3082): 	at com.google.android.gms.gcm.c.run(Unknown Source)
E/libsuspend(  744): Error writing to /sys/power/state: Device or resource busy
E/libsuspend(  744): Error writing to /sys/power/state: Device or resource busy
E/libsuspend(  744): Error writing to /sys/power/state: Device or resource busy
I/ThermalEngine(  198): TM Id 'SKIN_THERMAL_management_1' Sensor 'xo_therm_pu2' - alarm raised 1 at 40.0 degC
I/ThermalEngine(  198): ACTION: CPU - Setting CPU[0] to 1958400
I/ThermalEngine(  198): ACTION: CPU - Setting CPU[1] to 1958400
I/ThermalEngine(  198): ACTION: CPU - Setting CPU[2] to 1958400
I/ThermalEngine(  198): ACTION: CPU - Setting CPU[3] to 1958400
I/ThermalEngine(  198): ACTION: LCD - Setting max LCD brightness to 229
I/ThermalEngine(  198): TM Id 'battery_LCD_monitor' Sensor 'batt_therm' - alarm raised 2 at 340.0 degC
E/ThermalEngine(  198): override action 7500
E/ThermalEngine(  198): Thermal-Server: Thermal received msg override 7500
E/ThermalEngine(  198): override_notify : SS mode 1 override 7500
I/PowerManagerService(  744): Waking up from sleep (uid 1000)...
I/DisplayPowerController(  744): Blocking screen on until initial contents have been drawn.
E/ANDR-PERF-LOCK( 1590): Failed to reset optimization for resource: 4 level: 0
D/SurfaceFlinger(  181): Set power mode=2, type=0 flinger=0xb6082000
D/qdhwcomposer(  181): hwc_blank: Unblanking display: 0
I/DisplayManagerService(  744): Display device changed: DisplayDeviceInfo{"Built-in Screen": uniqueId="local:0", 1080 x 1920, 60.0 fps, supportedRefreshRates [60.0], density 480, 442.451 x 443.345 dpi, appVsyncOff 7500000, presDeadline 12666667, touch INTERNAL, rotation 0, type BUILT_IN, state ON, FLAG_DEFAULT_DISPLAY, FLAG_ROTATES_WITH_CONTENT, FLAG_SECURE, FLAG_SUPPORTS_PROTECTED_BUFFERS}
V/KeyguardServiceDelegate(  744): onScreenTurnedOn(showListener = com.android.internal.policy.impl.PhoneWindowManager$2@2672e3e9)
V/ActivityManager(  744): Display changed displayId=0
V/KeyguardServiceDelegate(  744): **** SHOWN CALLED ****
E/WifiStateMachine(  744): cancelDelayedScan -> 11
D/CellBroadcastReceiver( 2782): onReceive Intent { act=android.intent.action.SERVICE_STATE flg=0x10 cmp=com.android.cellbroadcastreceiver/.CellBroadcastReceiver (has extras) }
D/CellBroadcastReceiver( 2782): Intent ACTION_SERVICE_STATE_CHANGED
D/CellBroadcastReceiver( 2782): Service state changed! 0 Full: 0 1 voice International Roaming data roaming TEST TEST 10001 TEST TEST 10001 (manual) GSM Unknown CSS not supported -1 -1 RoamInd=-1 DefRoamInd=-1 EmergOnly=false Current state=-1
E/native  (  744): do suspend false
D/audio_hw_primary(  188): adev_set_parameters: enter: screen_state=on
E/BrcmNfcJni( 1102): nfaConnectionCallback: unknown event ????
D/BrcmNfcJni( 1102): RoutingManager::nfaEeCallback: NFA_EE_SET_TECH_CFG_EVT; status=0x0
D/BrcmNfcJni( 1102): RoutingManager::nfaEeCallback: NFA_EE_SET_PROTO_CFG_EVT; status=0x0
D/BrcmNfcJni( 1102): RoutingManager::commitRouting
I/DisplayPowerController(  744): Unblocked screen on after 108 ms
D/CellBroadcastConfigService( 2782): enabling emergency cell broadcast channels
D/BrcmNfcJni( 1102): RoutingManager::nfaEeCallback: NFA_EE_UPDATED_EVT
I/HotwordRecognitionRnr( 1268): Starting hotword detection.
I/MicrophoneInputStream( 1268): mic_starting gzi@31794aa7
I/AudioFlinger(  188): AudioFlinger's thread 0xb447f000 ready to run
I/MicrophoneInputStream( 1268): mic_started gzi@31794aa7
D/IccSmsInterfaceManager( 1146): [IccSmsInterfaceManager] enableGsmBroadcastRange
D/IccSmsInterfaceManager( 1146): [IccSmsInterfaceManager] Added GSM cell broadcast subscription for MID range 4352 to 4354 from client com.android.cellbroadcastreceiver
D/IccSmsInterfaceManager( 1146): [IccSmsInterfaceManager] Calling setCellBroadcastActivation(true)
D/audio_hw_primary(  188): select_devices: out_snd_device(0: none) in_snd_device(55: voice-rec-mic)
D/msm8974_platform(  188): platform_send_audio_calibration: sending audio calibration for snd_device(55) acdb_id(62)
D/        (  188): Failed to fetch the lookup information of the device 0000003E 
E/ACDB-LOADER(  188): Error: ACDB AudProc vol returned = -19
D/audio_hw_primary(  188): enable_snd_device: snd_device(55: voice-rec-mic)
D/IccSmsInterfaceManager( 1146): [IccSmsInterfaceManager] enableGsmBroadcastRange
D/IccSmsInterfaceManager( 1146): [IccSmsInterfaceManager] Added GSM cell broadcast subscription for MID range 4356 to 4356 from client com.android.cellbroadcastreceiver
D/IccSmsInterfaceManager( 1146): [IccSmsInterfaceManager] Calling setCellBroadcastActivation(true)
D/audio_hw_primary(  188): enable_audio_route: apply and update mixer path: audio-record
D/IccSmsInterfaceManager( 1146): [IccSmsInterfaceManager] enableGsmBroadcastRange
D/IccSmsInterfaceManager( 1146): [IccSmsInterfaceManager] Added GSM cell broadcast subscription for MID range 4371 to 4372 from client com.android.cellbroadcastreceiver
D/IccSmsInterfaceManager( 1146): [IccSmsInterfaceManager] Calling setCellBroadcastActivation(true)
D/IccSmsInterfaceManager( 1146): [IccSmsInterfaceManager] enableCdmaBroadcastRange
D/IccSmsInterfaceManager( 1146): [IccSmsInterfaceManager] Calling setCdmaBroadcastConfig with 1 configurations
D/IccSmsInterfaceManager( 1146): [IccSmsInterfaceManager] Failed to add cdma broadcast subscription for MID range 4097 to 4097 from client com.android.cellbroadcastreceiver
D/IccSmsInterfaceManager( 1146): [IccSmsInterfaceManager] enableGsmBroadcastRange
D/IccSmsInterfaceManager( 1146): [IccSmsInterfaceManager] Added GSM cell broadcast subscription for MID range 4373 to 4378 from client com.android.cellbroadcastreceiver
D/IccSmsInterfaceManager( 1146): [IccSmsInterfaceManager] Calling setCellBroadcastActivation(true)
D/IccSmsInterfaceManager( 1146): [IccSmsInterfaceManager] enableCdmaBroadcastRange
D/IccSmsInterfaceManager( 1146): [IccSmsInterfaceManager] Calling setCdmaBroadcastConfig with 1 configurations
D/IccSmsInterfaceManager( 1146): [IccSmsInterfaceManager] Failed to add cdma broadcast subscription for MID range 4098 to 4098 from client com.android.cellbroadcastreceiver
D/IccSmsInterfaceManager( 1146): [IccSmsInterfaceManager] enableGsmBroadcastRange
D/IccSmsInterfaceManager( 1146): [IccSmsInterfaceManager] Added GSM cell broadcast subscription for MID range 4379 to 4379 from client com.android.cellbroadcastreceiver
D/IccSmsInterfaceManager( 1146): [IccSmsInterfaceManager] Calling setCellBroadcastActivation(true)
D/IccSmsInterfaceManager( 1146): [IccSmsInterfaceManager] enableCdmaBroadcastRange
D/IccSmsInterfaceManager( 1146): [IccSmsInterfaceManager] Calling setCdmaBroadcastConfig with 1 configurations
D/IccSmsInterfaceManager( 1146): [IccSmsInterfaceManager] Failed to add cdma broadcast subscription for MID range 4099 to 4099 from client com.android.cellbroadcastreceiver
D/IccSmsInterfaceManager( 1146): [IccSmsInterfaceManager] enableGsmBroadcastRange
D/IccSmsInterfaceManager( 1146): [IccSmsInterfaceManager] Added GSM cell broadcast subscription for MID range 4370 to 4370 from client com.android.cellbroadcastreceiver
D/IccSmsInterfaceManager( 1146): [IccSmsInterfaceManager] Calling setCellBroadcastActivation(true)
D/IccSmsInterfaceManager( 1146): [IccSmsInterfaceManager] enableCdmaBroadcastRange
D/IccSmsInterfaceManager( 1146): [IccSmsInterfaceManager] Calling setCdmaBroadcastConfig with 1 configurations
D/IccSmsInterfaceManager( 1146): [IccSmsInterfaceManager] Failed to add cdma broadcast subscription for MID range 4096 to 4096 from client com.android.cellbroadcastreceiver
I/HotwordWorker( 1268): onReady
D/IccSmsInterfaceManager( 1146): [IccSmsInterfaceManager] enableGsmBroadcastRange
D/IccSmsInterfaceManager( 1146): [IccSmsInterfaceManager] Added GSM cell broadcast subscription for MID range 4383 to 4383 from client com.android.cellbroadcastreceiver
