D/GCM     ( 1369): COMPAT: Multi user ser=0 current=0
D/GCM     ( 1428): GcmService start Intent { act=android.intent.action.BOOT_COMPLETED flg=0x8000010 cmp=com.google.android.gms/.gcm.GcmService (has extras) } android.intent.action.BOOT_COMPLETED
I/ActivityManager(  744): Start proc 2221:com.android.settings/1000 for broadcast com.android.settings/.sim.SimBootReceiver
W/art     ( 1369): No such thread id for suspend: 25
V/AuthZen ( 1369): Handling intent: android.intent.action.BOOT_COMPLETED
W/GmsApplication( 1369): Using Auth Proxy for data requests.
I/GoogleURLConnFactory( 1369): binding HttpService
I/GoogleHttpClient( 1369): Falling back to old SSLCertificateSocketFactory
I/GLSUser ( 1369): [ ChannelManager ] Attempting to channel bind connection HttpClient.
V/AuthZen ( 1369): [DefaultAuthzenGcmReceiverDelegateService] Handling delegate intent.
I/GLSUser ( 1369): [ ChannelManager ] Skip channel binding on pre-KLP devices.
V/AuthZen ( 1369): Authzen is disabled
W/GmsApplication( 1369): Using Auth Proxy for data requests.
I/GCoreUlr( 1369): Starting service, intent=Intent { act=com.google.android.location.reporting.ACTION_UPDATE_WORLD cmp=com.google.android.gms/com.google.android.location.reporting.service.DispatchingService (has extras) }, extras=Bundle[{receiverAction=android.intent.action.BOOT_COMPLETED}]
I/GCoreUlr( 1576): WorldUpdater received intent Intent { act=com.google.android.location.reporting.ACTION_UPDATE_WORLD cmp=com.google.android.gms/com.google.android.location.reporting.service.DispatchingService (has extras) } with receiverAction android.intent.action.BOOT_COMPLETED
I/art     (  744): Explicit concurrent mark sweep GC freed 9437(550KB) AllocSpace objects, 2(32KB) LOS objects, 33% free, 24MB/37MB, paused 1.061ms total 64.853ms
D/BluetoothManagerService(  744): Message: 20
D/BluetoothManagerService(  744): Added callback: android.bluetooth.IBluetoothManagerCallback$Stub$Proxy@127e2efa:true
I/GCoreUlr( 1576): No GCM registration ID
I/SearchServiceFactory( 1268): refreshing internal icing corpora
I/SearchServiceFactory( 1268): checking for language pack updates
I/GCoreUlr( 1576): WorldUpdater: Ensuring that reporting is stopped because of reasons: (no Google accounts)
D/GCoreFlp( 1576): Unknown pending intent to remove.
I/GCoreUlr( 1576): Unbound from all location providers
W/ConcurrentUtils( 1268): Queue length for executor Background Non-Blocking with 2 threads is now 10. Perhaps some tasks are too long, or the pool is too small.
I/SearchServiceFactory( 1268): refreshing search history.
I/ContactLogger( 1268): call()
I/ActivityManager(  744): Start proc 2265:com.google.android.apps.gcs/u0a26 for broadcast com.google.android.apps.gcs/.receiver.BootCompletedReceiver
I/Icing   ( 1369): Query from com.google.android.googlequicksearchbox start 0 num 1000
E/Icing   ( 1369): No scoring data for corpus [3]
E/copresGcore( 1576): ObfuscatedGaiaIdLookup: Could not load ObfuscatedGaiaIds: /data/data/com.google.android.gms/files/copresence_gaia_id: open failed: ENOENT (No such file or directory)
W/copresGcore( 1576): CopresenceAccountManager: No copresence accounts found after init.
E/copresGcore( 1576): Couldn't load settings: /data/data/com.google.android.gms/files/copresence_settings: open failed: ENOENT (No such file or directory)
I/Search.GservicesUpdateTask( 1268): Updating Gservices keys
V/GcmRegService( 2265): [1] GcmRegistrationService.a: Scheduling GCM registration
I/WebViewFactory( 1268): Loading com.google.android.webview version 39 (2074855-arm) (code 334201)
I/LibraryLoader( 1268): Time to load native libraries: 2 ms (timestamps 6808-6810)
I/LibraryLoader( 1268): Expected native library version number "",actual native library version number ""
W/art     ( 1268): Attempt to remove local handle scope entry from IRT, ignoring
W/Search.SearchUrlHelper( 1268): Auth token not ready, no auth header set.
I/ApplicationLogger( 1268): call()
I/UpdateIcingCorporaServi( 1268): Updating corpora: APPS=MAYBE, CONTACTS=MAYBE
I/Icing   ( 1369): Query from com.google.android.googlequicksearchbox start 0 num 1000
W/GStaticConfiguration( 1268): No valid gstatic url found.
W/IcingApplicationLookup( 1268): Failed to parse last update time of an app
W/IcingApplicationLookup( 1268): Failed to parse last update time of an app
W/IcingApplicationLookup( 1268): Failed to parse last update time of an app
W/IcingApplicationLookup( 1268): Failed to parse last update time of an app
W/IcingApplicationLookup( 1268): Failed to parse last update time of an app
W/IcingApplicationLookup( 1268): Failed to parse last update time of an app
W/IcingApplicationLookup( 1268): Failed to parse last update time of an app
W/IcingApplicationLookup( 1268): Failed to parse last update time of an app
W/IcingApplicationLookup( 1268): Failed to parse last update time of an app
W/IcingApplicationLookup( 1268): Failed to parse last update time of an app
W/IcingApplicationLookup( 1268): Failed to parse last update time of an app
W/IcingApplicationLookup( 1268): Failed to parse last update time of an app
W/IcingApplicationLookup( 1268): Failed to parse last update time of an app
W/IcingApplicationLookup( 1268): Failed to parse last update time of an app
W/IcingApplicationLookup( 1268): Failed to parse last update time of an app
W/IcingApplicationLookup( 1268): Failed to parse last update time of an app
W/IcingApplicationLookup( 1268): Failed to parse last update time of an app
W/IcingApplicationLookup( 1268): Failed to parse last update time of an app
W/IcingApplicationLookup( 1268): Failed to parse last update time of an app
W/IcingApplicationLookup( 1268): Failed to parse last update time of an app
W/IcingApplicationLookup( 1268): Failed to parse last update time of an app
W/IcingApplicationLookup( 1268): Failed to parse last update time of an app
W/IcingApplicationLookup( 1268): Failed to parse last update time of an app
W/IcingApplicationLookup( 1268): Failed to parse last update time of an app
W/IcingApplicationLookup( 1268): Failed to parse last update time of an app
W/IcingApplicationLookup( 1268): Failed to parse last update time of an app
W/IcingApplicationLookup( 1268): Failed to parse last update time of an app
W/IcingApplicationLookup( 1268): Failed to parse last update time of an app
W/IcingApplicationLookup( 1268): Failed to parse last update time of an app
W/IcingApplicationLookup( 1268): Failed to parse last update time of an app
W/IcingApplicationLookup( 1268): Failed to parse last update time of an app
W/IcingApplicationLookup( 1268): Failed to parse last update time of an app
I/Search.RefreshSearchDom( 1268): refreshing search domain
W/Search.SearchUrlHelper( 1268): Auth token not ready, no auth header set.
W/Search.RefreshSearchDom( 1268): Search parameters fetch failed: evq: Error code: 262160 | The connection was not attempted due to lack of network connectivity.
W/Search.RefreshSearchDom( 1268): Search parameters fetch failed
I/ActivityManager(  744): Start proc 2312:com.google.android.talk/u0a27 for broadcast com.google.android.talk/com.google.android.apps.hangouts.service.BootReceiver
I/ActivityManager(  744): Killing 1839:com.google.android.apps.plus/u0a68 (adj 15): empty #17
W/GAV2    ( 1268): Thread[Background Non-Blocking-0,5,main]: Need to call initialize() and be in fallback mode to start dispatch.
W/GAV2    ( 1268): Thread[Background Non-Blocking-0,5,main]: dispatch call queued.  Need to call GAServiceManager.getInstance().initialize().
W/ResourcesManager( 2312): Asset path '/system/framework/com.google.android.media.effects.jar' does not exist or contains no resources.
W/JavaNetConnection( 1268): Failed to get connection status.
W/JavaNetConnection( 1268): java.io.FileNotFoundException: https://www.gstatic.com/android/voicesearch/help/help_action_1369153348_en_us
W/JavaNetConnection( 1268): 	at kxc.getInputStream(PG:228)
W/JavaNetConnection( 1268): 	at kxb.getInputStream(PG:210)
W/JavaNetConnection( 1268): 	at kxd.getInputStream(PG:25)
W/JavaNetConnection( 1268): 	at cla.Gj(PG:256)
W/JavaNetConnection( 1268): 	at dzz.Gj(PG:26)
W/JavaNetConnection( 1268): 	at cla.Gi(PG:240)
W/JavaNetConnection( 1268): 	at cla.disconnect(PG:132)
W/JavaNetConnection( 1268): 	at clb.b(PG:110)
W/JavaNetConnection( 1268): 	at clb.b(PG:58)
W/JavaNetConnection( 1268): 	at dzb.b(PG:187)
W/JavaNetConnection( 1268): 	at dzb.g(PG:131)
W/JavaNetConnection( 1268): 	at dzy.G(PG:37)
W/JavaNetConnection( 1268): 	at dzy.B(PG:15)
W/JavaNetConnection( 1268): 	at fhp.E(PG:14)
W/JavaNetConnection( 1268): 	at dyp.run(PG:124)
W/JavaNetConnection( 1268): 	at java.util.concurrent.Executors$RunnableAdapter.call(Executors.java:422)
W/JavaNetConnection( 1268): 	at java.util.concurrent.FutureTask.run(FutureTask.java:237)
W/JavaNetConnection( 1268): 	at java.util.concurrent.ScheduledThreadPoolExecutor$ScheduledFutureTask.access$201(ScheduledThreadPoolExecutor.java:152)
W/JavaNetConnection( 1268): 	at java.util.concurrent.ScheduledThreadPoolExecutor$ScheduledFutureTask.run(ScheduledThreadPoolExecutor.java:265)
W/JavaNetConnection( 1268): 	at java.util.concurrent.ThreadPoolExecutor.runWorker(ThreadPoolExecutor.java:1112)
W/JavaNetConnection( 1268): 	at java.util.concurrent.ThreadPoolExecutor$Worker.run(ThreadPoolExecutor.java:587)
W/JavaNetConnection( 1268): 	at java.lang.Thread.run(Thread.java:818)
W/JavaNetConnection( 1268): 	at feg.run(PG:80)
E/Search.NetworkLoader( 1268): Failed to load https://www.gstatic.com/android/voicesearch/help/help_action_1369153348_en_us: cki: 504 Unsatisfiable Request (only-if-cached)
W/ResourcesManager( 1268): Asset path '/system/framework/com.google.android.dialer.support.jar' does not exist or contains no resources.
W/ResourcesManager( 1268): Asset path '/system/framework/com.google.android.media.effects.jar' does not exist or contains no resources.
I/Babel   ( 2312): MmsConfig: mnc/mcc: 0/0
I/Babel   ( 2312): MmsConfig.loadMmsSettings
I/Babel   ( 2312): MmsConfig.loadDeviceMmsSettings from API: mUserAgent=Nexus5, mUaProfUrl=http://gsm.lge.com/html/gsm/Nexus5-M3.xml
I/Babel   ( 2312): MmsConfig.loadFromDatabase
E/GCM     ( 1428): GCM failed to read backup checkin config, checkin may have failed
W/GCM     ( 1428): GCM FAILED TO INITIALIZE - missing checkin
W/GCM     ( 1428): GCM registration failed: invalid or missing checkin null
E/GCM     ( 1428): GCM failed to read backup checkin config, checkin may have failed
W/GCM     ( 1428): GCM FAILED TO INITIALIZE - missing checkin
W/GCM     ( 1428): GCM registration failed: invalid or missing checkin null
W/Settings( 2312): Setting airplane_mode_on has moved from android.provider.Settings.System to android.provider.Settings.Global, returning read-only value.
I/Babel   ( 2312): ApnsOta: OTA version -1
I/Babel_StickerModule( 2312): App launched.
I/Babel_StickerModule( 2312): Sticker update initiated. last:-1 empty:false
E/Babel   ( 2312): canonicalizeMccMnc: invalid mccmnc 
I/Babel   ( 2312): MmsConfig.loadFromResources
E/Babel   ( 2312): canonicalizeMccMnc: invalid mccmnc nullnull
I/Babel   ( 2312): MmsConfig.loadMmsSettings: mUserAgent=Nexus5, mUaProfUrl=http://gsm.lge.com/html/gsm/Nexus5-M3.xml
V/Babel   ( 2312): babel boot account: SMS
I/ActivityManager(  744): Start proc 2350:com.google.android.calendar/u0a32 for broadcast com.google.android.calendar/com.android.calendar.alerts.AlertReceiver
W/Babel   ( 2312): Error registering for GCM
W/Babel   ( 2312): java.io.IOException: AUTHENTICATION_FAILED
W/Babel   ( 2312): 	at csm.a(Unknown Source)
W/Babel   ( 2312): 	at buq.a(SourceFile:305)
W/Babel   ( 2312): 	at buq.doInBackground(SourceFile:298)
W/Babel   ( 2312): 	at android.os.AsyncTask$2.call(AsyncTask.java:292)
W/Babel   ( 2312): 	at java.util.concurrent.FutureTask.run(FutureTask.java:237)
W/Babel   ( 2312): 	at android.os.AsyncTask$SerialExecutor$1.run(AsyncTask.java:231)
W/Babel   ( 2312): 	at java.util.concurrent.ThreadPoolExecutor.runWorker(ThreadPoolExecutor.java:1112)
W/Babel   ( 2312): 	at java.util.concurrent.ThreadPoolExecutor$Worker.run(ThreadPoolExecutor.java:587)
W/Babel   ( 2312): 	at java.lang.Thread.run(Thread.java:818)
W/VideoCapabilities( 2312): Unrecognized profile 2130706433 for video/avc
I/ApplicationLogger( 1268): canRun() : Opted Out
I/VideoCapabilities( 2312): Unsupported profile 4 for video/mp4v-es
I/ContactLogger( 1268): canRun() : Opted Out
I/UpdateIcingCorporaServi( 1268): UpdateCorporaTask done [took 549 ms] updated apps [took 518 ms] updated contacts [took 31 ms]
E/SQLiteLog( 2350): (283) recovered 17 frames from WAL file /data/data/com.google.android.calendar/databases/timelydata.db-wal
W/ResourcesManager( 2312): Asset path '/system/framework/com.android.media.remotedisplay.jar' does not exist or contains no resources.
W/ResourcesManager( 2312): Asset path '/system/framework/com.android.location.provider.jar' does not exist or contains no resources.
I/art     ( 1428): Explicit concurrent mark sweep GC freed 7321(471KB) AllocSpace objects, 7(112KB) LOS objects, 40% free, 18MB/30MB, paused 742us total 16.075ms
V/JNIHelp ( 2312): Registering com/google/android/gms/org/conscrypt/NativeCrypto's 235 native methods...
E/TimelyPrefService( 2350): Primary account is null
I/ProviderInstaller( 2312): Installed default security provider GmsCore_OpenSSL
I/ActivityManager(  744): Start proc 2392:com.google.android.configupdater/u0a37 for broadcast com.google.android.configupdater/.CertPin.CertPinUpdateRequestReceiver
I/AnalyticsLogBase( 2350): PlayLogger.onLoggerConnected
I/Babel_RequestWriter( 2312): error sending REQ[fc:0; creat:1447320626552; type:bme-894251891: userphotoalbums
I/Babel_RequestWriter( 2312): ProtoBuf:
I/Babel_RequestWriter( 2312): null
I/Babel_RequestWriter( 2312): Creation stack:
I/Babel_RequestWriter( 2312): java.lang.Throwable
I/Babel_RequestWriter( 2312): 	at bng.<init>(SourceFile:300)
I/Babel_RequestWriter( 2312): 	at bnw.<init>(SourceFile:443)
I/Babel_RequestWriter( 2312): 	at bma.<init>(SourceFile:50)
I/Babel_RequestWriter( 2312): 	at bme.<init>(SourceFile:344)
I/Babel_RequestWriter( 2312): 	at bvf.a(SourceFile:26)
I/Babel_RequestWriter( 2312): 	at com.google.android.apps.hangouts.realtimechat.RealTimeChatService.a(SourceFile:5093)
I/Babel_RequestWriter( 2312): 	at com.google.android.apps.hangouts.realtimechat.RealTimeChatService.g(SourceFile:4568)
I/Babel_RequestWriter( 2312): 	at com.google.android.apps.hangouts.realtimechat.RealTimeChatService.a(SourceFile:887)
I/Babel_RequestWriter( 2312): 	at com.google.android.apps.hangouts.realtimechat.RealTimeChatService.onHandleIntent(SourceFile:766)
I/Babel_RequestWriter( 2312): 	at android.app.IntentService$ServiceHandler.handleMessage(IntentService.java:65)
I/Babel_RequestWriter( 2312): 	at android.os.Handler.dispatchMessage(Handler.java:102)
I/Babel_RequestWriter( 2312): 	at android.os.Looper.loop(Looper.java:135)
I/Babel_RequestWriter( 2312): 	at android.os.HandlerThread.run(HandlerThread.java:61)
I/Babel_RequestWriter( 2312): 
I/Babel_RequestWriter( 2312): Origin stack:
I/Babel_RequestWriter( 2312): java.lang.Throwable
I/Babel_RequestWriter( 2312): 	at com.google.android.apps.hangouts.realtimechat.RealTimeChatService.e(SourceFile:1157)
I/Babel_RequestWriter( 2312): 	at com.google.android.apps.hangouts.realtimechat.RealTimeChatService.f(SourceFile:3214)
I/Babel_RequestWriter( 2312): 	at com.google.android.apps.hangouts.realtimechat.RealTimeChatService.s(SourceFile:2980)
I/Babel_RequestWriter( 2312): 	at com.google.android.apps.hangouts.stickers.StickersModule.a(SourceFile:132)
I/Babel_RequestWriter( 2312): 	at com.google.android.apps.hangouts.stickers.StickersModule.v_(SourceFile:105)
I/Babel_RequestWriter( 2312): 	at com.google.android.apps.hangouts.phone.EsApplication.onCreate(SourceFile:566)
I/Babel_RequestWriter( 2312): 	at android.app.Instrumentation.callApplicationOnCreate(Instrumentation.java:1012)
I/Babel_RequestWriter( 2312): 	at android.app.ActivityThread.handleBindApplication(ActivityThread.java:4553)
I/Babel_RequestWriter( 2312): 	at android.app.ActivityThread.access$1500(ActivityThread.java:151)
I/Babel_RequestWriter( 2312): 	at android.app.ActivityThread$H.handleMessage(ActivityThread.java:1364)
I/Babel_RequestWriter( 2312): 	at android.os.Handler.dispatchMessage(Handler.java:102)
I/Babel_RequestWriter( 2312): 	at android.os.Looper.loop(Looper.java:135)
I/Babel_RequestWriter( 2312): 	at android.app.ActivityThread.main(ActivityThread.java:5254)
I/Babel_RequestWriter( 2312): 	at java.lang.reflect.Method.invoke(Native Method)
I/Babel_RequestWriter( 2312): 	at java.lang.reflect.Method.invoke(Method.java:372)
I/Babel_RequestWriter( 2312): 	at com.android.internal.os.ZygoteInit$MethodAndArgsCaller.run(ZygoteInit.java:903)
I/Babel_RequestWriter( 2312): 	at com.android.internal.os.ZygoteInit.main(ZygoteInit.java:698)
I/Babel_RequestWriter( 2312): ]; took 1 ms (error code == 101)
E/UpdateRequestReceiver( 2392): ignoring update request
E/UpdateRequestReceiver( 2392): ignoring update request
E/UpdateRequestReceiver( 2392): ignoring update request
E/UpdateRequestReceiver( 2392): ignoring update request
E/UpdateRequestReceiver( 2392): ignoring update request
E/UpdateRequestReceiver( 2392): ignoring update request
I/ActivityManager(  744): Start proc 2425:com.google.android.deskclock/u0a39 for broadcast com.google.android.deskclock/com.android.deskclock.AlarmInitReceiver
I/ActivityManager(  744): Killing 1186:com.android.printspooler/u0a73 (adj 15): empty #17
I/art     (  199): Explicit concurrent mark sweep GC freed 706(30KB) AllocSpace objects, 0(0B) LOS objects, 40% free, 16MB/26MB, paused 248us total 12.146ms
I/art     (  199): Explicit concurrent mark sweep GC freed 5(160B) AllocSpace objects, 0(0B) LOS objects, 40% free, 16MB/26MB, paused 249us total 11.287ms
I/art     (  199): Explicit concurrent mark sweep GC freed 5(160B) AllocSpace objects, 0(0B) LOS objects, 40% free, 16MB/26MB, paused 248us total 10.490ms
I/ActivityManager(  744): Killing 1232:android.process.acore/u0a4 (adj 15): empty #17
I/ActivityManager(  744): Start proc 2448:com.google.android.apps.fitness/u0a46 for broadcast com.google.android.apps.fitness/.FitnessBootReceiver
I/ActivityManager(  744): Killing 1884:com.google.android.apps.magazines/u0a62 (adj 15): empty #17
I/FitnessApp( 2448): Validating ObjectGraph
I/FitnessApp( 2448): Initializers took 30 milliseconds
I/ActivityManager(  744): Killing 1940:com.android.cellbroadcastreceiver/u0a3 (adj 15): empty #17
I/SystemBroadcastReceiver(  996): Boot has been completed
I/LauncherIconVisibilityManager(  996): Activity has already been disabled: ComponentInfo{com.google.android.inputmethod.latin/com.android.inputmethod.latin.setup.SetupActivity}
I/ActivityManager(  744): Start proc 2472:android.process.acore/u0a4 for content provider com.android.providers.contacts/.ContactsProvider2
I/ActivityManager(  744): Start proc 2489:com.google.android.apps.maps/u0a59 for broadcast com.google.android.apps.maps/com.google.android.apps.gmm.iamhere.ble.StartBleServiceReceiver
I/ContactLocale( 2472): AddressBook Labels [en-US]: [, A, B, C, D, E, F, G, H, I, J, K, L, M, N, O, P, Q, R, S, T, U, V, W, X, Y, Z, Α, Β, Γ, Δ, Ε, Ζ, Η, Θ, Ι, Κ, Λ, Μ, Ν, Ξ, Ο, Π, Ρ, Σ, Τ, Υ, Φ, Χ, Ψ, Ω, , А, Б, В, Г, Д, Ђ, Е, Є, Ж, З, И, І, Ї, Й, Ј, К, Л, Љ, М, Н, Њ, О, П, Р, С, Т, Ћ, У, Ф, Х, Ц, Ч, Џ, Ш, Щ, Ю, Я, , א, ב, ג, ד, ה, ו, ז, ח, ט, י, כ, ל, מ, נ, ס, ע, פ, צ, ק, ר, ש, ת, , ا, ب, ت, ث, ج, ح, خ, د, ذ, ر, ز, س, ش, ص, ض, ط, ظ, ع, غ, ف, ق, ك, ل, م, ن, ه, و, ي, , ก, ข, ฃ, ค, ฅ, ฆ, ง, จ, ฉ, ช, ซ, ฌ, ญ, ฎ, ฏ, ฐ, ฑ, ฒ, ณ, ด, ต, ถ, ท, ธ, น, บ, ป, ผ, ฝ, พ, ฟ, ภ, ม, ย, ร, ฤ, ล, ฦ, ว, ศ, ษ, ส, ห, ฬ, อ, ฮ, , ㄱ, ㄴ, ㄷ, ㄹ, ㅁ, ㅂ, ㅅ, ㅇ, ㅈ, ㅊ, ㅋ, ㅌ, ㅍ, ㅎ, , あ, か, さ, た, な, は, ま, や, ら, わ, #, ]
I/ActivityManager(  744): Killing 1997:com.android.keychain/1000 (adj 15): empty #17
D/StrictMode( 2489): StrictMode policy violation; ~duration=134 ms: android.os.StrictMode$StrictModeDiskReadViolation: policy=31 violation=2
D/StrictMode( 2489): 	at android.os.StrictMode$AndroidBlockGuardPolicy.onReadFromDisk(StrictMode.java:1137)
D/StrictMode( 2489): 	at libcore.io.BlockGuardOs.access(BlockGuardOs.java:67)
D/StrictMode( 2489): 	at java.io.File.doAccess(File.java:283)
D/StrictMode( 2489): 	at java.io.File.exists(File.java:363)
D/StrictMode( 2489): 	at android.app.ContextImpl.createFilesDirLocked(ContextImpl.java:995)
D/StrictMode( 2489): 	at android.app.ContextImpl.getFilesDir(ContextImpl.java:1018)
D/StrictMode( 2489): 	at android.content.ContextWrapper.getFilesDir(ContextWrapper.java:202)
D/StrictMode( 2489): 	at com.google.android.libraries.stitch.incompat.missinglibs.a.a(PG:31)
D/StrictMode( 2489): 	at com.google.android.libraries.stitch.incompat.b.a(PG:116)
D/StrictMode( 2489): 	at com.google.android.apps.gmm.base.app.d.<init>(PG:510)
D/StrictMode( 2489): 	at com.google.android.apps.gmm.base.app.GoogleMapsApplication.onCreate(PG:84)
D/StrictMode( 2489): 	at android.app.Instrumentation.callApplicationOnCreate(Instrumentation.java:1012)
D/StrictMode( 2489): 	at android.app.ActivityThread.handleBindApplication(ActivityThread.java:4553)
D/StrictMode( 2489): 	at android.app.ActivityThread.access$1500(ActivityThread.java:151)
D/StrictMode( 2489): 	at android.app.ActivityThread$H.handleMessage(ActivityThread.java:1364)
D/StrictMode( 2489): 	at android.os.Handler.dispatchMessage(Handler.java:102)
D/StrictMode( 2489): 	at android.os.Looper.loop(Looper.java:135)
D/StrictMode( 2489): 	at android.app.ActivityThread.main(ActivityThread.java:5254)
D/StrictMode( 2489): 	at java.lang.reflect.Method.invoke(Native Method)
D/StrictMode( 2489): 	at java.lang.reflect.Method.invoke(Method.java:372)
D/StrictMode( 2489): 	at com.android.internal.os.ZygoteInit$MethodAndArgsCaller.run(ZygoteInit.java:903)
D/StrictMode( 2489): 	at com.android.internal.os.ZygoteInit.main(ZygoteInit.java:698)
D/StrictMode( 2489): StrictMode policy violation; ~duration=133 ms: android.os.StrictMode$StrictModeDiskReadViolation: policy=31 violation=2
D/StrictMode( 2489): 	at android.os.StrictMode$AndroidBlockGuardPolicy.onReadFromDisk(StrictMode.java:1137)
D/StrictMode( 2489): 	at libcore.io.BlockGuardOs.access(BlockGuardOs.java:67)
D/StrictMode( 2489): 	at java.io.File.doAccess(File.java:283)
D/StrictMode( 2489): 	at java.io.File.exists(File.java:363)
D/StrictMode( 2489): 	at com.google.android.libraries.stitch.incompat.b.a(PG:116)
D/StrictMode( 2489): 	at com.google.android.apps.gmm.base.app.d.<init>(PG:510)
D/StrictMode( 2489): 	at com.google.android.apps.gmm.base.app.GoogleMapsApplication.onCreate(PG:84)
D/StrictMode( 2489): 	at android.app.Instrumentation.callApplicationOnCreate(Instrumentation.java:1012)
D/StrictMode( 2489): 	at android.app.ActivityThread.handleBindApplication(ActivityThread.java:4553)
D/StrictMode( 2489): 	at android.app.ActivityThread.access$1500(ActivityThread.java:151)
D/StrictMode( 2489): 	at android.app.ActivityThread$H.handleMessage(ActivityThread.java:1364)
D/StrictMode( 2489): 	at android.os.Handler.dispatchMessage(Handler.java:102)
D/StrictMode( 2489): 	at android.os.Looper.loop(Looper.java:135)
D/StrictMode( 2489): 	at android.app.ActivityThread.main(ActivityThread.java:5254)
D/StrictMode( 2489): 	at java.lang.reflect.Method.invoke(Native Method)
D/StrictMode( 2489): 	at java.lang.reflect.Method.invoke(Method.java:372)
D/StrictMode( 2489): 	at com.android.internal.os.ZygoteInit$MethodAndArgsCaller.run(ZygoteInit.java:903)
D/StrictMode( 2489): 	at com.android.internal.os.ZygoteInit.main(ZygoteInit.java:698)
D/StrictMode( 2489): StrictMode policy violation; ~duration=130 ms: android.os.StrictMode$StrictModeDiskReadViolation: policy=31 violation=2
D/StrictMode( 2489): 	at android.os.StrictMode$AndroidBlockGuardPolicy.onReadFromDisk(StrictMode.java:1137)
D/StrictMode( 2489): 	at libcore.io.BlockGuardOs.open(BlockGuardOs.java:182)
D/StrictMode( 2489): 	at libcore.io.IoUtils.canOpenReadOnly(IoUtils.java:165)
D/StrictMode( 2489): 	at dalvik.system.DexPathList.findLibrary(DexPathList.java:383)
D/StrictMode( 2489): 	at dalvik.system.BaseDexClassLoader.findLibrary(BaseDexClassLoader.java:77)
D/StrictMode( 2489): 	at java.lang.Runtime.loadLibrary(Runtime.java:360)
D/StrictMode( 2489): 	at java.lang.System.loadLibrary(System.java:988)
D/StrictMode( 2489): 	at com.google.android.libraries.social.jni.crashreporter.NativeCrashHandler.a(PG:182)
D/StrictMode( 2489): 	at com.google.android.libraries.social.jni.crashreporter.NativeCrashHandler.a(PG:81)
D/StrictMode( 2489): 	at com.google.android.apps.gmm.base.app.d.<init>(PG:524)
D/StrictMode( 2489): 	at com.google.android.apps.gmm.base.app.GoogleMapsApplication.onCreate(PG:84)
D/StrictMode( 2489): 	at android.app.Instrumentation.callApplicationOnCreate(Instrumentation.java:1012)
D/StrictMode( 2489): 	at android.app.ActivityThread.handleBindApplication(ActivityThread.java:4553)
D/StrictMode( 2489): 	at android.app.ActivityThread.access$1500(ActivityThread.java:151)
D/StrictMode( 2489): 	at android.app.ActivityThread$H.handleMessage(ActivityThread.java:1364)
D/StrictMode( 2489): 	at android.os.Handler.dispatchMessage(Handler.java:102)
D/StrictMode( 2489): 	at android.os.Looper.loop(Looper.java:135)
D/StrictMode( 2489): 	at android.app.ActivityThread.main(ActivityThread.java:5254)
D/StrictMode( 2489): 	at java.lang.reflect.Method.invoke(Native Method)
D/StrictMode( 2489): 	at java.lang.reflect.Method.invoke(Method.java:372)
D/StrictMode( 2489): 	at com.android.internal.os.ZygoteInit$MethodAndArgsCaller.run(ZygoteInit.java:903)
D/StrictMode( 2489): 	at com.android.internal.os.ZygoteInit.main(ZygoteInit.java:698)
D/StrictMode( 2489): StrictMode policy violation; ~duration=126 ms: android.os.StrictMode$StrictModeDiskReadViolation: policy=31 violation=2
D/StrictMode( 2489): 	at android.os.StrictMode$AndroidBlockGuardPolicy.onReadFromDisk(StrictMode.java:1137)
D/StrictMode( 2489): 	at android.app.SharedPreferencesImpl.awaitLoadedLocked(SharedPreferencesImpl.java:202)
D/StrictMode( 2489): 	at android.app.SharedPreferencesImpl.getBoolean(SharedPreferencesImpl.java:259)
D/StrictMode( 2489): 	at android.preference.PreferenceManager.setDefaultValues(PreferenceManager.java:481)
D/StrictMode( 2489): 	at com.google.android.apps.gmm.shared.b.a.a(PG:938)
D/StrictMode( 2489): 	at com.google.android.apps.gmm.base.app.d.<init>(PG:540)
D/StrictMode( 2489): 	at com.google.android.apps.gmm.base.app.GoogleMapsApplication.onCreate(PG:84)
D/StrictMode( 2489): 	at android.app.Instrumentation.callApplicationOnCreate(Instrumentation.java:1012)
D/StrictMode( 2489): 	at android.app.ActivityThread.handleBindApplication(ActivityThread.java:4553)
D/StrictMode( 2489): 	at android.app.ActivityThread.access$1500(ActivityThread.java:151)
D/StrictMode( 2489): 	at android.app.ActivityThread$H.handleMessage(ActivityThread.java:1364)
D/StrictMode( 2489): 	at android.os.Handler.dispatchMessage(Handler.java:102)
D/StrictMode( 2489): 	at android.os.Looper.loop(Looper.java:135)
D/StrictMode( 2489): 	at android.app.ActivityThread.main(ActivityThread.java:5254)
D/StrictMode( 2489): 	at java.lang.reflect.Method.invoke(Native Method)
D/StrictMode( 2489): 	at java.lang.reflect.Method.invoke(Method.java:372)
D/StrictMode( 2489): 	at com.android.internal.os.ZygoteInit$MethodAndArgsCaller.run(ZygoteInit.java:903)
D/StrictMode( 2489): 	at com.android.internal.os.ZygoteInit.main(ZygoteInit.java:698)
D/StrictMode( 2489): StrictMode policy violation; ~duration=121 ms: android.os.StrictMode$StrictModeDiskReadViolation: policy=31 violation=2
D/StrictMode( 2489): 	at android.os.StrictMode$AndroidBlockGuardPolicy.onReadFromDisk(StrictMode.java:1137)
D/StrictMode( 2489): 	at libcore.io.BlockGuardOs.open(BlockGuardOs.java:182)
D/StrictMode( 2489): 	at libcore.io.IoUtils.canOpenReadOnly(IoUtils.java:165)
D/StrictMode( 2489): 	at dalvik.system.DexPathList.findLibrary(DexPathList.java:383)
D/StrictMode( 2489): 	at dalvik.system.BaseDexClassLoader.findLibrary(BaseDexClassLoader.java:77)
D/StrictMode( 2489): 	at java.lang.Runtime.loadLibrary(Runtime.java:360)
D/StrictMode( 2489): 	at java.lang.System.loadLibrary(System.java:988)
D/StrictMode( 2489): 	at com.google.android.apps.gmm.map.util.jni.NativeHelper.initialize(PG:42)
D/StrictMode( 2489): 	at com.google.android.apps.gmm.map.n.f.<clinit>(PG:80)
D/StrictMode( 2489): 	at com.google.android.apps.gmm.base.app.d.<init>(PG:540)
D/StrictMode( 2489): 	at com.google.android.apps.gmm.base.app.GoogleMapsApplication.onCreate(PG:84)
D/StrictMode( 2489): 	at android.app.Instrumentation.callApplicationOnCreate(Instrumentation.java:1012)
D/StrictMode( 2489): 	at android.app.ActivityThread.handleBindApplication(ActivityThread.java:4553)
D/StrictMode( 2489): 	at android.app.ActivityThread.access$1500(ActivityThread.java:151)
D/StrictMode( 2489): 	at android.app.ActivityThread$H.handleMessage(ActivityThread.java:1364)
D/StrictMode( 2489): 	at android.os.Handler.dispatchMessage(Handler.java:102)
D/StrictMode( 2489): 	at android.os.Looper.loop(Looper.java:135)
D/StrictMode( 2489): 	at android.app.ActivityThread.main(ActivityThread.java:5254)
D/StrictMode( 2489): 	at java.lang.reflect.Method.invoke(Native Method)
D/StrictMode( 2489): 	at java.lang.reflect.Method.invoke(Method.java:372)
D/StrictMode( 2489): 	at com.android.internal.os.ZygoteInit$MethodAndArgsCaller.run(ZygoteInit.java:903)
D/StrictMode( 2489): 	at com.android.internal.os.ZygoteInit.main(ZygoteInit.java:698)
D/StrictMode( 2489): StrictMode policy violation; ~duration=62 ms: android.os.StrictMode$StrictModeDiskReadViolation: policy=287 violation=2
D/StrictMode( 2489): 	at android.os.StrictMode$AndroidBlockGuardPolicy.onReadFromDisk(StrictMode.java:1137)
D/StrictMode( 2489): 	at android.database.sqlite.SQLiteConnection.applyBlockGuardPolicy(SQLiteConnection.java:1041)
D/StrictMode( 2489): 	at android.database.sqlite.SQLiteConnection.executeForCursorWindow(SQLiteConnection.java:842)
D/StrictMode( 2489): 	at android.database.sqlite.SQLiteSession.executeForCursorWindow(SQLiteSession.java:836)
D/StrictMode( 2489): 	at android.database.sqlite.SQLiteQuery.fillWindow(SQLiteQuery.java:62)
D/StrictMode( 2489): 	at android.database.sqlite.SQLiteCursor.fillWindow(SQLiteCursor.java:144)
D/StrictMode( 2489): 	at android.database.sqlite.SQLiteCursor.getCount(SQLiteCursor.java:133)
D/StrictMode( 2489): 	at android.database.CursorToBulkCursorAdaptor.getBulkCursorDescriptor(CursorToBulkCursorAdaptor.java:145)
D/StrictMode( 2489): 	at android.content.ContentProviderNative.onTransact(ContentProviderNative.java:122)
D/StrictMode( 2489): 	at android.os.Binder.execTransact(Binder.java:446)
D/StrictMode( 2489): # via Binder call with stack:
D/StrictMode( 2489): android.os.StrictMode$LogStackTrace
D/StrictMode( 2489): 	at android.os.StrictMode.readAndHandleBinderCallViolations(StrictMode.java:1717)
D/StrictMode( 2489): 	at android.os.Parcel.readExceptionCode(Parcel.java:1527)
D/StrictMode( 2489): 	at android.database.DatabaseUtils.readExceptionFromParcel(DatabaseUtils.java:134)
D/StrictMode( 2489): 	at android.content.ContentProviderProxy.query(ContentProviderNative.java:421)
D/StrictMode( 2489): 	at android.content.ContentResolver.query(ContentResolver.java:478)
D/StrictMode( 2489): 	at android.content.ContentResolver.query(ContentResolver.java:422)
D/StrictMode( 2489): 	at com.google.android.c.c.a(PG:87)
D/StrictMode( 2489): 	at com.google.android.c.c.a(PG:107)
D/StrictMode( 2489): 	at com.google.android.apps.gmm.shared.net.s.a(PG:325)
D/StrictMode( 2489): 	at com.google.android.apps.gmm.shared.net.s.a(PG:175)
D/StrictMode( 2489): 	at com.google.android.apps.gmm.map.n.o.a(PG:134)
D/StrictMode( 2489): 	at com.google.b.a.by.a(PG:125)
D/StrictMode( 2489): 	at com.google.android.apps.gmm.map.n.f.a(PG:323)
D/StrictMode( 2489): 	at com.google.android.apps.gmm.base.app.d.<init>(PG:540)
D/StrictMode( 2489): 	at com.google.android.apps.gmm.base.app.GoogleMapsApplication.onCreate(PG:84)
D/StrictMode( 2489): 	at android.app.Instrumentation.callApplicationOnCreate(Instrumentation.java:1012)
D/StrictMode( 2489): 	at android.app.ActivityThread.handleBindApplication(ActivityThread.java:4553)
D/StrictMode( 2489): 	at android.app.ActivityThread.access$1500(ActivityThread.java:151)
D/StrictMode( 2489): 	at android.app.ActivityThread$H.handleMessage(ActivityThread.java:1364)
D/StrictMode( 2489): 	at android.os.Handler.dispatchMessage(Handler.java:102)
D/StrictMode( 2489): 	at android.os.Looper.loop(Looper.java:135)
D/StrictMode( 2489): 	at android.app.ActivityThread.main(ActivityThread.java:5254)
D/StrictMode( 2489): 	at java.lang.reflect.Method.invoke(Native Method)
D/StrictMode( 2489): 	at java.lang.reflect.Method.invoke(Method.java:372)
D/StrictMode( 2489): 	at com.android.internal.os.ZygoteInit$MethodAndArgsCaller.run(ZygoteInit.java:903)
D/StrictMode( 2489): 	at com.android.internal.os.ZygoteInit.main(ZygoteInit.java:698)
D/StrictMode( 2489): StrictMode policy violation; ~duration=30 ms: android.os.StrictMode$StrictModeDiskReadViolation: policy=31 violation=2
D/StrictMode( 2489): 	at android.os.StrictMode$AndroidBlockGuardPolicy.onReadFromDisk(StrictMode.java:1137)
D/StrictMode( 2489): 	at libcore.io.BlockGuardOs.access(BlockGuardOs.java:67)
D/StrictMode( 2489): 	at java.io.File.doAccess(File.java:283)
D/StrictMode( 2489): 	at java.io.File.exists(File.java:363)
D/StrictMode( 2489): 	at android.app.ContextImpl.createFilesDirLocked(ContextImpl.java:995)
D/StrictMode( 2489): 	at android.app.ContextImpl.getFilesDir(ContextImpl.java:1018)
D/StrictMode( 2489): 	at android.app.ContextImpl.openFileInput(ContextImpl.java:960)
D/StrictMode( 2489): 	at android.content.ContextWrapper.openFileInput(ContextWrapper.java:176)
D/StrictMode( 2489): 	at com.google.android.apps.gmm.shared.c.h.a(PG:149)
D/StrictMode( 2489): 	at com.google.android.apps.gmm.shared.net.a.b.a(PG:587)
D/StrictMode( 2489): 	at com.google.android.apps.gmm.map.n.f.a(PG:323)
D/StrictMode( 2489): 	at com.google.android.apps.gmm.base.app.d.<init>(PG:540)
D/StrictMode( 2489): 	at com.google.android.apps.gmm.base.app.GoogleMapsApplication.onCreate(PG:84)
D/StrictMode( 2489): 	at android.app.Instrumentation.callApplicationOnCreate(Instrumentation.java:1012)
D/StrictMode( 2489): 	at android.app.ActivityThread.handleBindApplication(ActivityThread.java:4553)
D/StrictMode( 2489): 	at android.app.ActivityThread.access$1500(ActivityThread.java:151)
D/StrictMode( 2489): 	at android.app.ActivityThread$H.handleMessage(ActivityThread.java:1364)
D/StrictMode( 2489): 	at android.os.Handler.dispatchMessage(Handler.java:102)
D/StrictMode( 2489): 	at android.os.Looper.loop(Looper.java:135)
D/StrictMode( 2489): 	at android.app.ActivityThread.main(ActivityThread.java:5254)
D/StrictMode( 2489): 	at java.lang.reflect.Method.invoke(Native Method)
D/StrictMode( 2489): 	at java.lang.reflect.Method.invoke(Method.java:372)
D/StrictMode( 2489): 	at com.android.internal.os.ZygoteInit$MethodAndArgsCaller.run(ZygoteInit.java:903)
D/StrictMode( 2489): 	at com.android.internal.os.ZygoteInit.main(ZygoteInit.java:698)
D/StrictMode( 2489): StrictMode policy violation; ~duration=29 ms: android.os.StrictMode$StrictModeDiskReadViolation: policy=31 violation=2
D/StrictMode( 2489): 	at android.os.StrictMode$AndroidBlockGuardPolicy.onReadFromDisk(StrictMode.java:1137)
D/StrictMode( 2489): 	at libcore.io.BlockGuardOs.open(BlockGuardOs.java:182)
D/StrictMode( 2489): 	at libcore.io.IoBridge.open(IoBridge.java:442)
D/StrictMode( 2489): 	at java.io.FileInputStream.<init>(FileInputStream.java:76)
D/StrictMode( 2489): 	at android.app.ContextImpl.openFileInput(ContextImpl.java:961)
D/StrictMode( 2489): 	at android.content.ContextWrapper.openFileInput(ContextWrapper.java:176)
D/StrictMode( 2489): 	at com.google.android.apps.gmm.shared.c.h.a(PG:149)
D/StrictMode( 2489): 	at com.google.android.apps.gmm.shared.net.a.b.a(PG:587)
D/StrictMode( 2489): 	at com.google.android.apps.gmm.map.n.f.a(PG:323)
D/StrictMode( 2489): 	at com.google.android.apps.gmm.base.app.d.<init>(PG:540)
D/StrictMode( 2489): 	at com.google.android.apps.gmm.base.app.GoogleMapsApplication.onCreate(PG:84)
D/StrictMode( 2489): 	at android.app.Instrumentation.callApplicationOnCreate(Instrumentation.java:1012)
D/StrictMode( 2489): 	at android.app.ActivityThread.handleBindApplication(ActivityThread.java:4553)
D/StrictMode( 2489): 	at android.app.ActivityThread.access$1500(ActivityThread.java:151)
D/StrictMode( 2489): 	at android.app.ActivityThread$H.handleMessage(ActivityThread.java:1364)
D/StrictMode( 2489): 	at android.os.Handler.dispatchMessage(Handler.java:102)
D/StrictMode( 2489): 	at android.os.Looper.loop(Looper.java:135)
D/StrictMode( 2489): 	at android.app.ActivityThread.main(ActivityThread.java:5254)
D/StrictMode( 2489): 	at java.lang.reflect.Method.invoke(Native Method)
D/StrictMode( 2489): 	at java.lang.reflect.Method.invoke(Method.java:372)
D/StrictMode( 2489): 	at com.android.internal.os.ZygoteInit$MethodAndArgsCaller.run(ZygoteInit.java:903)
D/StrictMode( 2489): 	at com.android.internal.os.ZygoteInit.main(ZygoteInit.java:698)
D/StrictMode( 2489): StrictMode policy violation; ~duration=23 ms: android.os.StrictMode$StrictModeDiskWriteViolation: policy=31 violation=1
D/StrictMode( 2489): 	at android.os.StrictMode$AndroidBlockGuardPolicy.onWriteToDisk(StrictMode.java:1111)
D/StrictMode( 2489): 	at libcore.io.BlockGuardOs.mkdir(BlockGuardOs.java:172)
D/StrictMode( 2489): 	at java.io.File.mkdirErrno(File.java:874)
D/StrictMode( 2489): 	at java.io.File.mkdirs(File.java:898)
D/StrictMode( 2489): 	at java.io.File.mkdirs(File.java:892)
D/StrictMode( 2489): 	at com.google.android.apps.gmm.map.n.f.a(PG:323)
D/StrictMode( 2489): 	at com.google.android.apps.gmm.base.app.d.<init>(PG:540)
D/StrictMode( 2489): 	at com.google.android.apps.gmm.base.app.GoogleMapsApplication.onCreate(PG:84)
D/StrictMode( 2489): 	at android.app.Instrumentation.callApplicationOnCreate(Instrumentation.java:1012)
D/StrictMode( 2489): 	at android.app.ActivityThread.handleBindApplication(ActivityThread.java:4553)
D/StrictMode( 2489): 	at android.app.ActivityThread.access$1500(ActivityThread.java:151)
D/StrictMode( 2489): 	at android.app.ActivityThread$H.handleMessage(ActivityThread.java:1364)
D/StrictMode( 2489): 	at android.os.Handler.dispatchMessage(Handler.java:102)
D/StrictMode( 2489): 	at android.os.Looper.loop(Looper.java:135)
D/StrictMode( 2489): 	at android.app.ActivityThread.main(ActivityThread.java:5254)
D/StrictMode( 2489): 	at java.lang.reflect.Method.invoke(Native Method)
D/StrictMode( 2489): 	at java.lang.reflect.Method.invoke(Method.java:372)
D/StrictMode( 2489): 	at com.android.internal.os.ZygoteInit$MethodAndArgsCaller.run(ZygoteInit.java:903)
D/StrictMode( 2489): 	at com.android.internal.os.ZygoteInit.main(ZygoteInit.java:698)
D/StrictMode( 2489): StrictMode policy violation; ~duration=22 ms: android.os.StrictMode$StrictModeDiskWriteViolation: policy=31 violation=1
D/StrictMode( 2489): 	at android.os.StrictMode$AndroidBlockGuardPolicy.onWriteToDisk(StrictMode.java:1111)
D/StrictMode( 2489): 	at libcore.io.BlockGuardOs.mkdir(BlockGuardOs.java:172)
D/StrictMode( 2489): 	at java.io.File.mkdirErrno(File.java:874)
D/StrictMode( 2489): 	at java.io.File.mkdir(File.java:865)
D/StrictMode( 2489): 	at com.google.android.apps.gmm.map.n.f.a(PG:323)
D/StrictMode( 2489): 	at com.google.android.apps.gmm.base.app.d.<init>(PG:540)
D/StrictMode( 2489): 	at com.google.android.apps.gmm.base.app.GoogleMapsApplication.onCreate(PG:84)
D/StrictMode( 2489): 	at android.app.Instrumentation.callApplicationOnCreate(Instrumentation.java:1012)
D/StrictMode( 2489): 	at android.app.ActivityThread.handleBindApplication(ActivityThread.java:4553)
D/StrictMode( 2489): 	at android.app.ActivityThread.access$1500(ActivityThread.java:151)
D/StrictMode( 2489): 	at android.app.ActivityThread$H.handleMessage(ActivityThread.java:1364)
D/StrictMode( 2489): 	at android.os.Handler.dispatchMessage(Handler.java:102)
D/StrictMode( 2489): 	at android.os.Looper.loop(Looper.java:135)
D/StrictMode( 2489): 	at android.app.ActivityThread.main(ActivityThread.java:5254)
D/StrictMode( 2489): 	at java.lang.reflect.Method.invoke(Native Method)
D/StrictMode( 2489): 	at java.lang.reflect.Method.invoke(Method.java:372)
D/StrictMode( 2489): 	at com.android.internal.os.ZygoteInit$MethodAndArgsCaller.run(ZygoteInit.java:903)
D/StrictMode( 2489): 	at com.android.internal.os.ZygoteInit.main(ZygoteInit.java:698)
W/com.google.a.a.a.b.a( 2489): Application name is not set. Call Builder#setApplicationName.
I/Icing   ( 1369): Indexing AA19A6B48A4778D3E744464EB41139F24AEFB524 from com.google.android.googlequicksearchbox
D/BluetoothManagerService(  744): Message: 20
D/BluetoothManagerService(  744): Added callback: android.bluetooth.IBluetoothManagerCallback$Stub$Proxy@269be172:true
W/BroadcastQueue(  744): Permission Denial: receiving Intent { act=android.intent.action.BOOT_COMPLETED flg=0x8000010 (has extras) } to com.google.android.gallery3d/com.android.camera.DisableCameraReceiver requires android.permission.RECEIVE_BOOT_COMPLETED due to sender null (uid 1000)
I/ActivityManager(  744): Killing 1979:com.google.android.dialer/u0a10 (adj 15): empty #17
I/art     (  744): Explicit concurrent mark sweep GC freed 10541(527KB) AllocSpace objects, 4(65KB) LOS objects, 33% free, 24MB/37MB, paused 1.337ms total 43.465ms
I/ActivityManager(  744): Start proc 2523:com.google.android.gm/u0a71 for broadcast com.google.android.gm/.GoogleMailDeviceStartupReceiver
I/Icing   ( 1369): Indexing done AA19A6B48A4778D3E744464EB41139F24AEFB524
I/Babel_RequestWriter( 2312): error sending REQ[fc:1; creat:1447320626552; type:bme-894251891: userphotoalbums
I/Babel_RequestWriter( 2312): ProtoBuf:
I/Babel_RequestWriter( 2312): null
I/Babel_RequestWriter( 2312): Creation stack:
I/Babel_RequestWriter( 2312): java.lang.Throwable
I/Babel_RequestWriter( 2312): 	at bng.<init>(SourceFile:300)
I/Babel_RequestWriter( 2312): 	at bnw.<init>(SourceFile:443)
I/Babel_RequestWriter( 2312): 	at bma.<init>(SourceFile:50)
I/Babel_RequestWriter( 2312): 	at bme.<init>(SourceFile:344)
I/Babel_RequestWriter( 2312): 	at bvf.a(SourceFile:26)
I/Babel_RequestWriter( 2312): 	at com.google.android.apps.hangouts.realtimechat.RealTimeChatService.a(SourceFile:5093)
I/Babel_RequestWriter( 2312): 	at com.google.android.apps.hangouts.realtimechat.RealTimeChatService.g(SourceFile:4568)
I/Babel_RequestWriter( 2312): 	at com.google.android.apps.hangouts.realtimechat.RealTimeChatService.a(SourceFile:887)
I/Babel_RequestWriter( 2312): 	at com.google.android.apps.hangouts.realtimechat.RealTimeChatService.onHandleIntent(SourceFile:766)
I/Babel_RequestWriter( 2312): 	at android.app.IntentService$ServiceHandler.handleMessage(IntentService.java:65)
I/Babel_RequestWriter( 2312): 	at android.os.Handler.dispatchMessage(Handler.java:102)
I/Babel_RequestWriter( 2312): 	at android.os.Looper.loop(Looper.java:135)
I/Babel_RequestWriter( 2312): 	at android.os.HandlerThread.run(HandlerThread.java:61)
I/Babel_RequestWriter( 2312): 
I/Babel_RequestWriter( 2312): Origin stack:
I/Babel_RequestWriter( 2312): java.lang.Throwable
I/Babel_RequestWriter( 2312): 	at com.google.android.apps.hangouts.realtimechat.RealTimeChatService.e(SourceFile:1157)
I/Babel_RequestWriter( 2312): 	at com.google.android.apps.hangouts.realtimechat.RealTimeChatService.f(SourceFile:3214)
I/Babel_RequestWriter( 2312): 	at com.google.android.apps.hangouts.realtimechat.RealTimeChatService.s(SourceFile:2980)
I/Babel_RequestWriter( 2312): 	at com.google.android.apps.hangouts.stickers.StickersModule.a(SourceFile:132)
I/Babel_RequestWriter( 2312): 	at com.google.android.apps.hangouts.stickers.StickersModule.v_(SourceFile:105)
I/Babel_RequestWriter( 2312): 	at com.google.android.apps.hangouts.phone.EsApplication.onCreate(SourceFile:566)
I/Babel_RequestWriter( 2312): 	at android.app.Instrumentation.callApplicationOnCreate(Instrumentation.java:1012)
I/Babel_RequestWriter( 2312): 	at android.app.ActivityThread.handleBindApplication(ActivityThread.java:4553)
I/Babel_RequestWriter( 2312): 	at android.app.ActivityThread.access$1500(ActivityThread.java:151)
I/Babel_RequestWriter( 2312): 	at android.app.ActivityThread$H.handleMessage(ActivityThread.java:1364)
I/Babel_RequestWriter( 2312): 	at android.os.Handler.dispatchMessage(Handler.java:102)
I/Babel_RequestWriter( 2312): 	at android.os.Looper.loop(Looper.java:135)
I/Babel_RequestWriter( 2312): 	at android.app.ActivityThread.main(ActivityThread.java:5254)
I/Babel_RequestWriter( 2312): 	at java.lang.reflect.Method.invoke(Native Method)
I/Babel_RequestWriter( 2312): 	at java.lang.reflect.Method.invoke(Method.java:372)
I/Babel_RequestWriter( 2312): 	at com.android.internal.os.ZygoteInit$MethodAndArgsCaller.run(ZygoteInit.java:903)
I/Babel_RequestWriter( 2312): 	at com.android.internal.os.ZygoteInit.main(ZygoteInit.java:698)
I/Babel_RequestWriter( 2312): ]; took 0 ms (error code == 101)
D/ActivityThread( 2523): Loading provider com.google.android.gmail.provider;com.android.mail.notifier;com.google.android.gm.email.provider;com.google.android.gm.email.notifier: com.android.email.provider.EmailProvider
I/Gmail   ( 2523): getAccountsCursor
I/ActivityManager(  744): Start proc 2550:com.google.android.gm.exchange/u0a70 for service com.google.android.gm.exchange/com.android.exchange.service.EasService
D/ActivityThread( 2523): Loading provider com.google.android.gmail.provider;com.android.mail.notifier;com.google.android.gm.email.provider;com.google.android.gm.email.notifier: com.android.email.provider.EmailProvider
W/GAV2    ( 2523): Thread[main,5,main]: Need to call initialize() and be in fallback mode to start dispatch.
W/ActivityManager(  744): Unable to start service Intent { cmp=com.google.android.gm/com.android.email.service.AttachmentService } U=0: not found
W/ActivityManager(  744): Unable to start service Intent { cmp=com.google.android.gm/com.android.email.service.AttachmentService } U=0: not found
W/ActivityManager(  744): Unable to start service Intent { cmp=com.google.android.gm/com.android.email.service.AttachmentService } U=0: not found
I/Exchange( 2550): EasService.onCreate
I/Exchange( 2550): RestartPingTask
I/Exchange( 2550): RestartPingsTask did not start any pings.
I/Exchange( 2550): PSS stopIfIdle
I/Exchange( 2550): PSS has no active accounts; stopping service.
I/Gmail   ( 2523): Observing account changes for notifications
W/ActivityManager(  744): Unable to start service Intent { cmp=com.google.android.gm/com.android.email.service.AttachmentService } U=0: not found
I/Gmail   ( 2523): getAccountsCursor
I/Gmail   ( 2523): getAccountsCursor
I/ActivityManager(  744): Start proc 2599:com.google.android.keep/u0a72 for broadcast com.google.android.keep/.notification.AlertReceiver
I/Exchange( 2550): onDestroy
I/Exchange( 2550): EasService.onCreate
I/Gmail   ( 2523): getAccountsCursor
I/Exchange( 2550): RestartPingTask
I/Gmail   ( 2523): getAccountsCursor
I/ActivityManager(  744): Killing 2046:com.google.android.onetimeinitializer/u0a12 (adj 15): empty #17
I/Exchange( 2550): RestartPingsTask did not start any pings.
I/Exchange( 2550): PSS stopIfIdle
I/Exchange( 2550): PSS has no active accounts; stopping service.
I/Exchange( 2550): onDestroy
I/ActivityManager(  744): Killing 2068:com.google.android.partnersetup/u0a13 (adj 15): empty #17
I/ActivityManager(  744): Start proc 2634:com.lge.SprintHiddenMenu/1000 for broadcast com.lge.SprintHiddenMenu/.sprintspec.data.UaproflieSettingReceiver
W/ResourcesManager( 2634): Asset path '/system/framework/serviceitems.jar' does not exist or contains no resources.
W/ResourcesManager( 2634): Asset path '/system/framework/qcrilhook.jar' does not exist or contains no resources.
I/art     ( 1369): Explicit concurrent mark sweep GC freed 21545(1737KB) AllocSpace objects, 35(560KB) LOS objects, 24% free, 18MB/25MB, paused 358us total 27.097ms
I/ActivityManager(  744): Start proc 2652:com.google.android.youtube/u0a81 for broadcast com.google.android.youtube/com.google.android.libraries.youtube.upload.service.UploadService$BootReceiver
I/ActivityManager(  744): Killing 2103:com.android.managedprovisioning/u0a14 (adj 15): empty #17
I/ActivityManager(  744): Killing 913:android.process.media/u0a6 (adj 15): empty #17
W/ActivityManager(  744): getRunningAppProcesses: caller 10081 does not hold REAL_GET_TASKS; limiting output
W/ResourcesManager( 2652): Asset path '/system/framework/com.android.media.remotedisplay.jar' does not exist or contains no resources.
W/ResourcesManager( 2652): Asset path '/system/framework/com.android.location.provider.jar' does not exist or contains no resources.
V/JNIHelp ( 2652): Registering com/google/android/gms/org/conscrypt/NativeCrypto's 235 native methods...
I/ProviderInstaller( 2652): Installed default security provider GmsCore_OpenSSL
I/art     ( 1428): Explicit concurrent mark sweep GC freed 3956(199KB) AllocSpace objects, 0(0B) LOS objects, 39% free, 18MB/30MB, paused 877us total 14.688ms
I/art     ( 2652): Explicit concurrent mark sweep GC freed 50869(2MB) AllocSpace objects, 4(64KB) LOS objects, 24% free, 19MB/25MB, paused 392us total 30.709ms
I/art     ( 1428): Explicit concurrent mark sweep GC freed 2667(103KB) AllocSpace objects, 0(0B) LOS objects, 40% free, 18MB/30MB, paused 965us total 14.835ms
I/art     (  744): Explicit concurrent mark sweep GC freed 7521(377KB) AllocSpace objects, 0(0B) LOS objects, 33% free, 25MB/37MB, paused 1.296ms total 40.569ms
W/System.err( 2652): YouTube MDX: Bogus value in shared preferences for key MdxServerSelection value , returning default value.
I/System.out( 2652): YouTube MDX: MDX video stage moved to NEW
I/System.out( 2652): YouTube MDX: MDX video player state moved to UNSTARTED
I/System.out( 2652): YouTube MDX: MDX ad player state moved to UNSTARTED
E/JavaBinder( 1369): *** Uncaught remote exception!  (Exceptions are not yet supported across processes.)
E/JavaBinder( 1369): java.lang.RuntimeException: android.os.RemoteException
E/JavaBinder( 1369): 	at android.os.Parcel.writeException(Parcel.java:1446)
E/JavaBinder( 1369): 	at android.os.Binder.execTransact(Binder.java:452)
